/s/chopin/e/proj/hyperspec/masfiq/biomass_estimation_test/hls_download/hls_download_version_2.py:37: DeprecationWarning: GeoPandas is set to use PyGEOS over Shapely. PyGEOS support is deprecatedand will be removed in GeoPandas 1.0, released in the Q1 of 2024. Please migrate to Shapely 2.0 (https://geopandas.org/en/stable/docs/user_guide/pygeos_to_shapely.html).
  import geopandas as gp
Traceback (most recent call last):
  File "/s/chopin/e/proj/hyperspec/masfiq/projenv/lib/python3.10/site-packages/GDAL-3.5.0-py3.10-linux-x86_64.egg/osgeo/__init__.py", line 30, in swig_import_helper
    return importlib.import_module(mname)
  File "/s/chopin/e/proj/hyperspec/masfiq/projenv/lib/python3.10/importlib/__init__.py", line 126, in import_module
    return _bootstrap._gcd_import(name[level:], package, level)
  File "<frozen importlib._bootstrap>", line 1050, in _gcd_import
  File "<frozen importlib._bootstrap>", line 1027, in _find_and_load
  File "<frozen importlib._bootstrap>", line 1006, in _find_and_load_unlocked
  File "<frozen importlib._bootstrap>", line 674, in _load_unlocked
  File "<frozen importlib._bootstrap>", line 571, in module_from_spec
  File "<frozen importlib._bootstrap_external>", line 1176, in create_module
  File "<frozen importlib._bootstrap>", line 241, in _call_with_frames_removed
ImportError: /lib64/libstdc++.so.6: version `GLIBCXX_3.4.30' not found (required by /s/chopin/e/proj/hyperspec/masfiq/projenv/lib/python3.10/site-packages/GDAL-3.5.0-py3.10-linux-x86_64.egg/osgeo/../../../../libgdal.so.31)

During handling of the above exception, another exception occurred:

Traceback (most recent call last):
  File "/s/chopin/e/proj/hyperspec/masfiq/biomass_estimation_test/hls_download/hls_download_version_2.py", line 38, in <module>
    from osgeo import gdal
  File "/s/chopin/e/proj/hyperspec/masfiq/projenv/lib/python3.10/site-packages/GDAL-3.5.0-py3.10-linux-x86_64.egg/osgeo/__init__.py", line 46, in <module>
    _gdal = swig_import_helper()
  File "/s/chopin/e/proj/hyperspec/masfiq/projenv/lib/python3.10/site-packages/GDAL-3.5.0-py3.10-linux-x86_64.egg/osgeo/__init__.py", line 43, in swig_import_helper
    return importlib.import_module('_gdal')
  File "/s/chopin/e/proj/hyperspec/masfiq/projenv/lib/python3.10/importlib/__init__.py", line 126, in import_module
    return _bootstrap._gcd_import(name[level:], package, level)
ModuleNotFoundError: No module named '_gdal'
srun: error: peregrine0: task 0: Exited with exit code 1
