Using workers=8 (SLURM_CPUS_PER_TASK=18)
Total granules found: 3634
Submitting 3634 granules to the pool...
[1/3634] [1] HLS.L30.T11SMD.2021091T182630.v2.0: SKIP NoDataInBounds (field does not intersect FMASK)
[2/3634] [5] HLS.L30.T11SMC.2021091T182654.v2.0: SKIP NoDataInBounds (field does not intersect FMASK)
[3/3634] [3] HLS.L30.T11SLD.2021091T182654.v2.0: SKIP NoDataInBounds (field does not intersect FMASK)
[4/3634] [2] HLS.L30.T11TME.2021091T182630.v2.0: SKIP NoDataInBounds (field does not intersect FMASK)
[5/3634] [0] HLS.L30.T11TMF.2021091T182606.v2.0: SKIP NoDataInBounds (field does not intersect FMASK)
[6/3634] [12] HLS.S30.T11TMF.2021091T183919.v2.0: SKIP NoDataInBounds (field does not intersect FMASK)
[7/3634] [8] HLS.S30.T11TMG.2021091T183919.v2.0: SKIP NoDataInBounds (field does not intersect FMASK)
[8/3634] [9] HLS.S30.T11TLG.2021091T183919.v2.0: SKIP NoDataInBounds (field does not intersect FMASK)
[9/3634] [13] HLS.S30.T11TLF.2021091T183919.v2.0: SKIP NoDataInBounds (field does not intersect FMASK)
[10/3634] [16] HLS.S30.T11TME.2021091T183919.v2.0: SKIP NoDataInBounds (field does not intersect FMASK)
[11/3634] [17] HLS.S30.T11TLE.2021091T183919.v2.0: SKIP NoDataInBounds (field does not intersect FMASK)
[12/3634] [6] HLS.L30.T11SMB.2021091T182718.v2.0: wrote 8 files
[13/3634] [10] HLS.S30.T10TGM.2021091T183919.v2.0: wrote 8 files
[14/3634] [20] HLS.S30.T11SMD.2021091T183919.v2.0: SKIP NoDataInBounds (field does not intersect FMASK)
[15/3634] [11] HLS.S30.T11TKG.2021091T183919.v2.0: wrote 8 files
[16/3634] [21] HLS.S30.T11SLD.2021091T183919.v2.0: SKIP NoDataInBounds (field does not intersect FMASK)
[17/3634] [4] HLS.L30.T11SLC.2021091T182654.v2.0: wrote 8 files
[18/3634] [14] HLS.S30.T11TKF.2021091T183919.v2.0: wrote 8 files
[19/3634] [24] HLS.S30.T11SMC.2021091T183919.v2.0: SKIP NoDataInBounds (field does not intersect FMASK)
[20/3634] [15] HLS.S30.T10TGL.2021091T183919.v2.0: wrote 8 files
[21/3634] [18] HLS.S30.T11TKE.2021091T183919.v2.0: wrote 8 files
[22/3634] [7] HLS.L30.T11SLB.2021091T182718.v2.0: wrote 8 files
[23/3634] [19] HLS.S30.T10TGK.2021091T183919.v2.0: wrote 8 files
[24/3634] [22] HLS.S30.T11SKD.2021091T183919.v2.0: wrote 8 files
[25/3634] [26] HLS.S30.T11SLC.2021091T183919.v2.0: wrote 8 files
[26/3634] [30] HLS.S30.T11SMB.2021091T183919.v2.0: wrote 8 files
[27/3634] [23] HLS.S30.T10SGJ.2021091T183919.v2.0: wrote 8 files
[28/3634] [25] HLS.S30.T10SFJ.2021091T183919.v2.0: wrote 8 files
[29/3634] [27] HLS.S30.T11SKC.2021091T183919.v2.0: wrote 8 files
[30/3634] [29] HLS.S30.T10SFH.2021091T183919.v2.0: wrote 8 files
[31/3634] [28] HLS.S30.T10SGH.2021091T183919.v2.0: wrote 8 files
[32/3634] [31] HLS.S30.T11SLB.2021091T183919.v2.0: wrote 8 files
[33/3634] [32] HLS.S30.T11SKB.2021091T183919.v2.0: wrote 8 files
[34/3634] [34] HLS.S30.T10SFG.2021091T183919.v2.0: wrote 8 files
[35/3634] [38] HLS.S30.T10TCM.2021092T185921.v2.0: wrote 8 files
[36/3634] [33] HLS.S30.T10SGG.2021091T183919.v2.0: wrote 8 files
[37/3634] [35] HLS.S30.T10TFM.2021092T185921.v2.0: wrote 8 files
[38/3634] [36] HLS.S30.T10TEM.2021092T185921.v2.0: wrote 8 files
[39/3634] [37] HLS.S30.T10TDM.2021092T185921.v2.0: wrote 8 files
[40/3634] [43] HLS.S30.T10TCL.2021092T185921.v2.0: wrote 8 files
[41/3634] [46] HLS.S30.T10TCK.2021092T185921.v2.0: wrote 8 files
[42/3634] [39] HLS.S30.T10TFL.2021092T185921.v2.0: wrote 8 files
[43/3634] [42] HLS.S30.T10TFK.2021092T185921.v2.0: wrote 8 files
[44/3634] [40] HLS.S30.T10TEL.2021092T185921.v2.0: wrote 8 files
[45/3634] [41] HLS.S30.T10TDL.2021092T185921.v2.0: wrote 8 files
[46/3634] [52] HLS.S30.T10SDG.2021092T185921.v2.0: SKIP NoDataInBounds (field does not intersect FMASK)
[47/3634] [53] HLS.S30.T11TMF.2021093T182911.v2.0: SKIP NoDataInBounds (field does not intersect FMASK)
[48/3634] [54] HLS.S30.T11TME.2021093T182911.v2.0: SKIP NoDataInBounds (field does not intersect FMASK)
[49/3634] [55] HLS.S30.T11SMD.2021093T182911.v2.0: SKIP NoDataInBounds (field does not intersect FMASK)
[50/3634] [56] HLS.S30.T11SLD.2021093T182911.v2.0: SKIP NoDataInBounds (field does not intersect FMASK)
[51/3634] [57] HLS.S30.T11SMC.2021093T182911.v2.0: SKIP NoDataInBounds (field does not intersect FMASK)
[52/3634] [44] HLS.S30.T10TEK.2021092T185921.v2.0: wrote 8 files
[53/3634] [45] HLS.S30.T10TDK.2021092T185921.v2.0: wrote 8 files
[54/3634] [47] HLS.S30.T10SEJ.2021092T185921.v2.0: wrote 8 files
[55/3634] [59] HLS.S30.T11SMB.2021093T182911.v2.0: wrote 8 files
[56/3634] [51] HLS.S30.T10SEG.2021092T185921.v2.0: wrote 8 files
[57/3634] [48] HLS.S30.T10SDJ.2021092T185921.v2.0: wrote 8 files
[58/3634] [50] HLS.S30.T10SDH.2021092T185921.v2.0: wrote 8 files
[59/3634] [58] HLS.S30.T11SLC.2021093T182911.v2.0: wrote 8 files
[60/3634] [49] HLS.S30.T10SEH.2021092T185921.v2.0: wrote 8 files
[61/3634] [66] HLS.L30.T10TCM.2021094T185700.v2.0: wrote 8 files
[62/3634] [63] HLS.L30.T10TCL.2021094T185700.v2.0: wrote 8 files
[63/3634] [60] HLS.S30.T11SLB.2021093T182911.v2.0: wrote 8 files
[64/3634] [61] HLS.L30.T10TDM.2021094T185636.v2.0: wrote 8 files
[65/3634] [71] HLS.S30.T11TLG.2021094T184919.v2.0: SKIP NoDataInBounds (field does not intersect FMASK)
[66/3634] [62] HLS.L30.T10TEM.2021094T185636.v2.0: wrote 8 files
[67/3634] [69] HLS.L30.T10TCK.2021094T185724.v2.0: wrote 8 files
[68/3634] [65] HLS.L30.T10TEL.2021094T185700.v2.0: wrote 8 files
[69/3634] [72] HLS.S30.T10TGM.2021094T184919.v2.0: wrote 8 files
[70/3634] [64] HLS.L30.T10TDL.2021094T185700.v2.0: wrote 8 files
[71/3634] [76] HLS.S30.T11TLF.2021094T184919.v2.0: SKIP NoDataInBounds (field does not intersect FMASK)
[72/3634] [73] HLS.S30.T11TKG.2021094T184919.v2.0: wrote 8 files
[73/3634] [67] HLS.L30.T10SDJ.2021094T185724.v2.0: wrote 8 files
[74/3634] [80] HLS.S30.T11TLE.2021094T184919.v2.0: SKIP NoDataInBounds (field does not intersect FMASK)
[75/3634] [70] HLS.L30.T10SDH.2021094T185747.v2.0: wrote 8 files
[76/3634] [68] HLS.L30.T10TDK.2021094T185724.v2.0: wrote 8 files
[77/3634] [74] HLS.S30.T10TFM.2021094T184919.v2.0: wrote 8 files
[78/3634] [75] HLS.S30.T10TEM.2021094T184919.v2.0: wrote 8 files
[79/3634] [78] HLS.S30.T10TGL.2021094T184919.v2.0: wrote 8 files
[80/3634] [77] HLS.S30.T11TKF.2021094T184919.v2.0: wrote 8 files
[81/3634] [82] HLS.S30.T11TKE.2021094T184919.v2.0: wrote 8 files
[82/3634] [83] HLS.S30.T10TGK.2021094T184919.v2.0: wrote 8 files
[83/3634] [81] HLS.S30.T10TEL.2021094T184919.v2.0: wrote 8 files
[84/3634] [79] HLS.S30.T10TFL.2021094T184919.v2.0: wrote 8 files
[85/3634] [86] HLS.S30.T11SKD.2021094T184919.v2.0: wrote 8 files
[86/3634] [84] HLS.S30.T10TFK.2021094T184919.v2.0: wrote 8 files
[87/3634] [85] HLS.S30.T10TEK.2021094T184919.v2.0: wrote 8 files
[88/3634] [87] HLS.S30.T10SGJ.2021094T184919.v2.0: wrote 8 files
[89/3634] [88] HLS.S30.T10SFJ.2021094T184919.v2.0: wrote 8 files
[90/3634] [90] HLS.S30.T10SDJ.2021094T184919.v2.0: wrote 8 files
[91/3634] [89] HLS.S30.T10SEJ.2021094T184919.v2.0: wrote 8 files
[92/3634] [91] HLS.S30.T11SKC.2021094T184919.v2.0: wrote 8 files
[93/3634] [95] HLS.S30.T10SDH.2021094T184919.v2.0: wrote 8 files
[94/3634] [100] HLS.S30.T10SDG.2021094T184919.v2.0: SKIP NoDataInBounds (field does not intersect FMASK)
[95/3634] [92] HLS.S30.T10SGH.2021094T184919.v2.0: wrote 8 files
[96/3634] [96] HLS.S30.T11SKB.2021094T184919.v2.0: wrote 8 files
[97/3634] [93] HLS.S30.T10SFH.2021094T184919.v2.0: wrote 8 files
[98/3634] [102] HLS.S30.T10TCM.2021095T190911.v2.0: wrote 8 files
[99/3634] [94] HLS.S30.T10SEH.2021094T184919.v2.0: wrote 8 files
[100/3634] [97] HLS.S30.T10SGG.2021094T184919.v2.0: wrote 8 files
[101/3634] [99] HLS.S30.T10SEG.2021094T184919.v2.0: wrote 8 files
[102/3634] [98] HLS.S30.T10SFG.2021094T184919.v2.0: wrote 8 files
[103/3634] [106] HLS.S30.T10TCK.2021095T190911.v2.0: wrote 8 files
[104/3634] [101] HLS.S30.T10TDM.2021095T190911.v2.0: wrote 8 files
[105/3634] [104] HLS.S30.T10TCL.2021095T190911.v2.0: wrote 8 files
[106/3634] [107] HLS.L30.T10TGM.2021096T184413.v2.0: wrote 8 files
[107/3634] [108] HLS.L30.T11TKG.2021096T184413.v2.0: wrote 8 files
[108/3634] [105] HLS.S30.T10TDK.2021095T190911.v2.0: wrote 8 files
[109/3634] [103] HLS.S30.T10TDL.2021095T190911.v2.0: wrote 8 files
[110/3634] [111] HLS.L30.T11TKF.2021096T184437.v2.0: wrote 8 files
[111/3634] [110] HLS.L30.T10TFM.2021096T184437.v2.0: wrote 8 files
[112/3634] [113] HLS.L30.T10TGL.2021096T184437.v2.0: wrote 8 files
[113/3634] [109] HLS.L30.T10TFL.2021096T184437.v2.0: wrote 8 files
[114/3634] [114] HLS.L30.T10TEM.2021096T184437.v2.0: wrote 8 files
[115/3634] [115] HLS.L30.T11TKE.2021096T184501.v2.0: wrote 8 files
[116/3634] [116] HLS.L30.T10TGK.2021096T184501.v2.0: wrote 8 files
[117/3634] [112] HLS.L30.T10TEL.2021096T184437.v2.0: wrote 8 files
[118/3634] [119] HLS.L30.T11SKD.2021096T184501.v2.0: wrote 8 files
[119/3634] [118] HLS.L30.T10SGJ.2021096T184501.v2.0: wrote 8 files
[120/3634] [117] HLS.L30.T10SEJ.2021096T184501.v2.0: wrote 8 files
[121/3634] [123] HLS.L30.T10SGH.2021096T184525.v2.0: wrote 8 files
[122/3634] [120] HLS.L30.T10SFJ.2021096T184501.v2.0: wrote 8 files
[123/3634] [129] HLS.L30.T10SDG.2021096T184549.v2.0: SKIP NoDataInBounds (field does not intersect FMASK)
[124/3634] [121] HLS.L30.T10TFK.2021096T184501.v2.0: wrote 8 files
[125/3634] [130] HLS.S30.T11TMG.2021096T183911.v2.0: SKIP NoDataInBounds (field does not intersect FMASK)
[126/3634] [131] HLS.S30.T11TLG.2021096T183911.v2.0: SKIP NoDataInBounds (field does not intersect FMASK)
[127/3634] [122] HLS.L30.T10TEK.2021096T184501.v2.0: wrote 8 files
[128/3634] [134] HLS.S30.T11TMF.2021096T183911.v2.0: SKIP NoDataInBounds (field does not intersect FMASK)
[129/3634] [135] HLS.S30.T11TLF.2021096T183911.v2.0: SKIP NoDataInBounds (field does not intersect FMASK)
[130/3634] [124] HLS.L30.T10SFH.2021096T184525.v2.0: wrote 8 files
[131/3634] [126] HLS.L30.T10SDH.2021096T184525.v2.0: wrote 8 files
[132/3634] [138] HLS.S30.T11TME.2021096T183911.v2.0: SKIP NoDataInBounds (field does not intersect FMASK)
[133/3634] [139] HLS.S30.T11TLE.2021096T183911.v2.0: SKIP NoDataInBounds (field does not intersect FMASK)
[134/3634] [132] HLS.S30.T10TGM.2021096T183911.v2.0: wrote 8 files
[135/3634] [125] HLS.L30.T10SEH.2021096T184525.v2.0: wrote 8 files
[136/3634] [142] HLS.S30.T11SMD.2021096T183911.v2.0: SKIP NoDataInBounds (field does not intersect FMASK)
[137/3634] [133] HLS.S30.T11TKG.2021096T183911.v2.0: wrote 8 files
[138/3634] [127] HLS.L30.T10SFG.2021096T184549.v2.0: wrote 8 files
[139/3634] [143] HLS.S30.T11SLD.2021096T183911.v2.0: SKIP NoDataInBounds (field does not intersect FMASK)
[140/3634] [146] HLS.S30.T11SMC.2021096T183911.v2.0: SKIP NoDataInBounds (field does not intersect FMASK)
[141/3634] [128] HLS.L30.T10SEG.2021096T184549.v2.0: wrote 8 files
[142/3634] [136] HLS.S30.T11TKF.2021096T183911.v2.0: wrote 8 files
[143/3634] [137] HLS.S30.T10TGL.2021096T183911.v2.0: wrote 8 files
[144/3634] [140] HLS.S30.T11TKE.2021096T183911.v2.0: wrote 8 files
[145/3634] [141] HLS.S30.T10TGK.2021096T183911.v2.0: wrote 8 files
[146/3634] [144] HLS.S30.T11SKD.2021096T183911.v2.0: wrote 8 files
[147/3634] [148] HLS.S30.T11SLC.2021096T183911.v2.0: wrote 8 files
[148/3634] [152] HLS.S30.T11SMB.2021096T183911.v2.0: wrote 8 files
[149/3634] [147] HLS.S30.T10SFJ.2021096T183911.v2.0: wrote 8 files
[150/3634] [145] HLS.S30.T10SGJ.2021096T183911.v2.0: wrote 8 files
[151/3634] [149] HLS.S30.T11SKC.2021096T183911.v2.0: wrote 8 files
[152/3634] [150] HLS.S30.T10SGH.2021096T183911.v2.0: wrote 8 files
[153/3634] [151] HLS.S30.T10SFH.2021096T183911.v2.0: wrote 8 files
[154/3634] [153] HLS.S30.T11SLB.2021096T183911.v2.0: wrote 8 files
[155/3634] [154] HLS.S30.T11SKB.2021096T183911.v2.0: wrote 8 files
[156/3634] [157] HLS.S30.T10TFM.2021097T185919.v2.0: wrote 8 files
[157/3634] [156] HLS.S30.T10SFG.2021096T183911.v2.0: wrote 8 files
[158/3634] [155] HLS.S30.T10SGG.2021096T183911.v2.0: wrote 8 files
[159/3634] [158] HLS.S30.T10TEM.2021097T185919.v2.0: wrote 8 files
[160/3634] [159] HLS.S30.T10TDM.2021097T185919.v2.0: wrote 8 files
[161/3634] [166] HLS.S30.T10TCK.2021097T185919.v2.0: wrote 8 files
[162/3634] [160] HLS.S30.T10TFL.2021097T185919.v2.0: wrote 8 files
[163/3634] [163] HLS.S30.T10TFK.2021097T185919.v2.0: wrote 8 files
[164/3634] [161] HLS.S30.T10TEL.2021097T185919.v2.0: wrote 8 files
[165/3634] [162] HLS.S30.T10TDL.2021097T185919.v2.0: wrote 8 files
[166/3634] [172] HLS.S30.T10SDG.2021097T185919.v2.0: SKIP NoDataInBounds (field does not intersect FMASK)
[167/3634] [173] HLS.L30.T11TMG.2021098T183151.v2.0: SKIP NoDataInBounds (field does not intersect FMASK)
[168/3634] [174] HLS.L30.T11TLG.2021098T183215.v2.0: SKIP NoDataInBounds (field does not intersect FMASK)
[169/3634] [175] HLS.L30.T11TLF.2021098T183215.v2.0: SKIP NoDataInBounds (field does not intersect FMASK)
[170/3634] [176] HLS.L30.T11TMF.2021098T183215.v2.0: SKIP NoDataInBounds (field does not intersect FMASK)
[171/3634] [177] HLS.L30.T11SMD.2021098T183239.v2.0: SKIP NoDataInBounds (field does not intersect FMASK)
[172/3634] [178] HLS.L30.T11TLE.2021098T183239.v2.0: SKIP NoDataInBounds (field does not intersect FMASK)
[173/3634] [164] HLS.S30.T10TEK.2021097T185919.v2.0: wrote 8 files
[174/3634] [165] HLS.S30.T10TDK.2021097T185919.v2.0: wrote 8 files
[175/3634] [180] HLS.L30.T11SLD.2021098T183239.v2.0: SKIP NoDataInBounds (field does not intersect FMASK)
[176/3634] [181] HLS.L30.T11TME.2021098T183239.v2.0: SKIP NoDataInBounds (field does not intersect FMASK)
[177/3634] [167] HLS.S30.T10SEJ.2021097T185919.v2.0: wrote 8 files
[178/3634] [171] HLS.S30.T10SEG.2021097T185919.v2.0: wrote 8 files
[179/3634] [170] HLS.S30.T10SDH.2021097T185919.v2.0: wrote 8 files
[180/3634] [168] HLS.S30.T10SDJ.2021097T185919.v2.0: wrote 8 files
[181/3634] [186] HLS.L30.T11SMC.2021098T183303.v2.0: SKIP NoDataInBounds (field does not intersect FMASK)
[182/3634] [179] HLS.L30.T11TKE.2021098T183239.v2.0: wrote 8 files
[183/3634] [182] HLS.L30.T10TGK.2021098T183239.v2.0: wrote 8 files
[184/3634] [169] HLS.S30.T10SEH.2021097T185919.v2.0: wrote 8 files
[185/3634] [183] HLS.L30.T11SKD.2021098T183239.v2.0: wrote 8 files
[186/3634] [190] HLS.L30.T11SMB.2021098T183327.v2.0: wrote 8 files
[187/3634] [193] HLS.S30.T11TMF.2021098T182919.v2.0: SKIP NoDataInBounds (field does not intersect FMASK)
[188/3634] [194] HLS.S30.T11TME.2021098T182919.v2.0: SKIP NoDataInBounds (field does not intersect FMASK)
[189/3634] [195] HLS.S30.T11SMD.2021098T182919.v2.0: SKIP NoDataInBounds (field does not intersect FMASK)
[190/3634] [184] HLS.L30.T11SLC.2021098T183303.v2.0: wrote 8 files
[191/3634] [196] HLS.S30.T11SLD.2021098T182919.v2.0: SKIP NoDataInBounds (field does not intersect FMASK)
[192/3634] [197] HLS.S30.T11SMC.2021098T182919.v2.0: SKIP NoDataInBounds (field does not intersect FMASK)
[193/3634] [189] HLS.L30.T11SLB.2021098T183327.v2.0: wrote 8 files
[194/3634] [199] HLS.S30.T11SMB.2021098T182919.v2.0: wrote 8 files
[195/3634] [201] HLS.S30.T11TLG.2021099T184911.v2.0: SKIP NoDataInBounds (field does not intersect FMASK)
[196/3634] [192] HLS.L30.T11SKB.2021098T183327.v2.0: wrote 8 files
[197/3634] [187] HLS.L30.T10SGJ.2021098T183303.v2.0: wrote 8 files
[198/3634] [191] HLS.L30.T10SGG.2021098T183327.v2.0: wrote 8 files
[199/3634] [185] HLS.L30.T10SGH.2021098T183303.v2.0: wrote 8 files
[200/3634] [206] HLS.S30.T11TLF.2021099T184911.v2.0: SKIP NoDataInBounds (field does not intersect FMASK)
[201/3634] [188] HLS.L30.T11SKC.2021098T183303.v2.0: wrote 8 files
[202/3634] [198] HLS.S30.T11SLC.2021098T182919.v2.0: wrote 8 files
[203/3634] [202] HLS.S30.T10TGM.2021099T184911.v2.0: wrote 8 files
[204/3634] [210] HLS.S30.T11TLE.2021099T184911.v2.0: SKIP NoDataInBounds (field does not intersect FMASK)
[205/3634] [203] HLS.S30.T11TKG.2021099T184911.v2.0: wrote 8 files
[206/3634] [200] HLS.S30.T11SLB.2021098T182919.v2.0: wrote 8 files
[207/3634] [207] HLS.S30.T11TKF.2021099T184911.v2.0: wrote 8 files
[208/3634] [205] HLS.S30.T10TEM.2021099T184911.v2.0: wrote 8 files
[209/3634] [204] HLS.S30.T10TFM.2021099T184911.v2.0: wrote 8 files
[210/3634] [208] HLS.S30.T10TGL.2021099T184911.v2.0: wrote 8 files
[211/3634] [212] HLS.S30.T11TKE.2021099T184911.v2.0: wrote 8 files
[212/3634] [213] HLS.S30.T10TGK.2021099T184911.v2.0: wrote 8 files
[213/3634] [209] HLS.S30.T10TFL.2021099T184911.v2.0: wrote 8 files
[214/3634] [216] HLS.S30.T11SKD.2021099T184911.v2.0: wrote 8 files
[215/3634] [211] HLS.S30.T10TEL.2021099T184911.v2.0: wrote 8 files
[216/3634] [217] HLS.S30.T10SGJ.2021099T184911.v2.0: wrote 8 files
[217/3634] [214] HLS.S30.T10TFK.2021099T184911.v2.0: wrote 8 files
[218/3634] [215] HLS.S30.T10TEK.2021099T184911.v2.0: wrote 8 files
[219/3634] [220] HLS.S30.T10SDJ.2021099T184911.v2.0: wrote 8 files
[220/3634] [218] HLS.S30.T10SFJ.2021099T184911.v2.0: wrote 8 files
[221/3634] [219] HLS.S30.T10SEJ.2021099T184911.v2.0: wrote 8 files
[222/3634] [221] HLS.S30.T11SKC.2021099T184911.v2.0: wrote 8 files
[223/3634] [229] HLS.S30.T10SDG.2021099T184911.v2.0: SKIP NoDataInBounds (field does not intersect FMASK)
[224/3634] [225] HLS.S30.T10SDH.2021099T184911.v2.0: wrote 8 files
[225/3634] [222] HLS.S30.T10SGH.2021099T184911.v2.0: wrote 8 files
[226/3634] [231] HLS.S30.T10TCM.2021100T190909.v2.0: wrote 8 files
[227/3634] [223] HLS.S30.T10SFH.2021099T184911.v2.0: wrote 8 files
[228/3634] [224] HLS.S30.T10SEH.2021099T184911.v2.0: wrote 8 files
[229/3634] [226] HLS.S30.T11SKB.2021099T184911.v2.0: wrote 8 files
[230/3634] [236] HLS.S30.T11TMG.2021101T183919.v2.0: SKIP NoDataInBounds (field does not intersect FMASK)
[231/3634] [237] HLS.S30.T11TLG.2021101T183919.v2.0: SKIP NoDataInBounds (field does not intersect FMASK)
[232/3634] [227] HLS.S30.T10SGG.2021099T184911.v2.0: wrote 8 files
[233/3634] [228] HLS.S30.T10SFG.2021099T184911.v2.0: wrote 8 files
[234/3634] [240] HLS.S30.T11TMF.2021101T183919.v2.0: SKIP NoDataInBounds (field does not intersect FMASK)
[235/3634] [241] HLS.S30.T11TLF.2021101T183919.v2.0: SKIP NoDataInBounds (field does not intersect FMASK)
[236/3634] [230] HLS.S30.T10TDM.2021100T190909.v2.0: wrote 8 files
[237/3634] [235] HLS.S30.T10TCK.2021100T190909.v2.0: wrote 8 files
[238/3634] [244] HLS.S30.T11TME.2021101T183919.v2.0: SKIP NoDataInBounds (field does not intersect FMASK)
[239/3634] [245] HLS.S30.T11TLE.2021101T183919.v2.0: SKIP NoDataInBounds (field does not intersect FMASK)
[240/3634] [233] HLS.S30.T10TCL.2021100T190909.v2.0: wrote 8 files
[241/3634] [238] HLS.S30.T10TGM.2021101T183919.v2.0: wrote 8 files
[242/3634] [248] HLS.S30.T11SMD.2021101T183919.v2.0: SKIP NoDataInBounds (field does not intersect FMASK)
[243/3634] [249] HLS.S30.T11SLD.2021101T183919.v2.0: SKIP NoDataInBounds (field does not intersect FMASK)
[244/3634] [239] HLS.S30.T11TKG.2021101T183919.v2.0: wrote 8 files
[245/3634] [232] HLS.S30.T10TDL.2021100T190909.v2.0: wrote 8 files
[246/3634] [252] HLS.S30.T11SMC.2021101T183919.v2.0: SKIP NoDataInBounds (field does not intersect FMASK)
[247/3634] [234] HLS.S30.T10TDK.2021100T190909.v2.0: wrote 8 files
[248/3634] [242] HLS.S30.T11TKF.2021101T183919.v2.0: wrote 8 files
[249/3634] [243] HLS.S30.T10TGL.2021101T183919.v2.0: wrote 8 files
[250/3634] [247] HLS.S30.T10TGK.2021101T183919.v2.0: wrote 8 files
[251/3634] [246] HLS.S30.T11TKE.2021101T183919.v2.0: wrote 8 files
[252/3634] [250] HLS.S30.T11SKD.2021101T183919.v2.0: wrote 8 files
[253/3634] [258] HLS.S30.T11SMB.2021101T183919.v2.0: wrote 8 files
[254/3634] [254] HLS.S30.T11SLC.2021101T183919.v2.0: wrote 8 files
[255/3634] [253] HLS.S30.T10SFJ.2021101T183919.v2.0: wrote 8 files
[256/3634] [251] HLS.S30.T10SGJ.2021101T183919.v2.0: wrote 8 files
[257/3634] [255] HLS.S30.T11SKC.2021101T183919.v2.0: wrote 8 files
[258/3634] [256] HLS.S30.T10SGH.2021101T183919.v2.0: wrote 8 files
[259/3634] [259] HLS.S30.T11SLB.2021101T183919.v2.0: wrote 8 files
[260/3634] [257] HLS.S30.T10SFH.2021101T183919.v2.0: wrote 8 files
[261/3634] [260] HLS.S30.T11SKB.2021101T183919.v2.0: wrote 8 files
[262/3634] [264] HLS.L30.T10TCM.2021101T190244.v2.0: wrote 8 files
[263/3634] [261] HLS.S30.T10SGG.2021101T183919.v2.0: wrote 8 files
[264/3634] [263] HLS.L30.T10TDM.2021101T190244.v2.0: wrote 8 files
[265/3634] [262] HLS.S30.T10SFG.2021101T183919.v2.0: wrote 8 files
[266/3634] [265] HLS.L30.T10TCL.2021101T190308.v2.0: wrote 8 files
[267/3634] [269] HLS.S30.T10TCM.2021102T185911.v2.0: wrote 8 files
[268/3634] [266] HLS.S30.T10TFM.2021102T185911.v2.0: wrote 8 files
[269/3634] [267] HLS.S30.T10TEM.2021102T185911.v2.0: wrote 8 files
[270/3634] [268] HLS.S30.T10TDM.2021102T185911.v2.0: wrote 8 files
[271/3634] [274] HLS.S30.T10TCL.2021102T185911.v2.0: wrote 8 files
[272/3634] [270] HLS.S30.T10TFL.2021102T185911.v2.0: wrote 8 files
[273/3634] [277] HLS.S30.T10TCK.2021102T185911.v2.0: wrote 8 files
[274/3634] [273] HLS.S30.T10TFK.2021102T185911.v2.0: wrote 8 files
[275/3634] [271] HLS.S30.T10TEL.2021102T185911.v2.0: wrote 8 files
[276/3634] [272] HLS.S30.T10TDL.2021102T185911.v2.0: wrote 8 files
[277/3634] [283] HLS.S30.T10SDG.2021102T185911.v2.0: SKIP NoDataInBounds (field does not intersect FMASK)
[278/3634] [284] HLS.S30.T11TME.2021103T182911.v2.0: SKIP NoDataInBounds (field does not intersect FMASK)
[279/3634] [285] HLS.S30.T11SMD.2021103T182911.v2.0: SKIP NoDataInBounds (field does not intersect FMASK)
[280/3634] [286] HLS.S30.T11SLD.2021103T182911.v2.0: SKIP NoDataInBounds (field does not intersect FMASK)
[281/3634] [287] HLS.S30.T11SMC.2021103T182911.v2.0: SKIP NoDataInBounds (field does not intersect FMASK)
[282/3634] [275] HLS.S30.T10TEK.2021102T185911.v2.0: wrote 8 files
[283/3634] [276] HLS.S30.T10TDK.2021102T185911.v2.0: wrote 8 files
[284/3634] [282] HLS.S30.T10SEG.2021102T185911.v2.0: wrote 8 files
[285/3634] [278] HLS.S30.T10SEJ.2021102T185911.v2.0: wrote 8 files
[286/3634] [281] HLS.S30.T10SDH.2021102T185911.v2.0: wrote 8 files
[287/3634] [289] HLS.S30.T11SMB.2021103T182911.v2.0: wrote 8 files
[288/3634] [279] HLS.S30.T10SDJ.2021102T185911.v2.0: wrote 8 files
[289/3634] [288] HLS.S30.T11SLC.2021103T182911.v2.0: wrote 8 files
[290/3634] [280] HLS.S30.T10SEH.2021102T185911.v2.0: wrote 8 files
[291/3634] [290] HLS.S30.T11SLB.2021103T182911.v2.0: wrote 8 files
[292/3634] [291] HLS.L30.T10TFM.2021103T185022.v2.0: wrote 8 files
[293/3634] [292] HLS.L30.T10TEM.2021103T185022.v2.0: wrote 8 files
[294/3634] [293] HLS.L30.T10TDM.2021103T185045.v2.0: wrote 8 files
[295/3634] [299] HLS.L30.T10TCK.2021103T185109.v2.0: wrote 8 files
[296/3634] [297] HLS.L30.T10TFK.2021103T185109.v2.0: wrote 8 files
[297/3634] [294] HLS.L30.T10TDL.2021103T185045.v2.0: wrote 8 files
[298/3634] [296] HLS.L30.T10TFL.2021103T185045.v2.0: wrote 8 files
[299/3634] [305] HLS.L30.T10SDG.2021103T185157.v2.0: SKIP NoDataInBounds (field does not intersect FMASK)
[300/3634] [295] HLS.L30.T10TEL.2021103T185045.v2.0: wrote 8 files
[301/3634] [307] HLS.S30.T11TLG.2021104T184919.v2.0: SKIP NoDataInBounds (field does not intersect FMASK)
[302/3634] [298] HLS.L30.T10SEJ.2021103T185109.v2.0: wrote 8 files
[303/3634] [308] HLS.S30.T10TGM.2021104T184919.v2.0: wrote 8 files
[304/3634] [301] HLS.L30.T10SDJ.2021103T185109.v2.0: wrote 8 files
[305/3634] [300] HLS.L30.T10TDK.2021103T185109.v2.0: wrote 8 files
[306/3634] [312] HLS.S30.T11TLF.2021104T184919.v2.0: SKIP NoDataInBounds (field does not intersect FMASK)
[307/3634] [306] HLS.L30.T10SEG.2021103T185157.v2.0: wrote 8 files
[308/3634] [304] HLS.L30.T10SDH.2021103T185133.v2.0: wrote 8 files
[309/3634] [302] HLS.L30.T10TEK.2021103T185109.v2.0: wrote 8 files
[310/3634] [316] HLS.S30.T11TLE.2021104T184919.v2.0: SKIP NoDataInBounds (field does not intersect FMASK)
[311/3634] [309] HLS.S30.T11TKG.2021104T184919.v2.0: wrote 8 files
[312/3634] [303] HLS.L30.T10SEH.2021103T185133.v2.0: wrote 8 files
[313/3634] [313] HLS.S30.T11TKF.2021104T184919.v2.0: wrote 8 files
[314/3634] [314] HLS.S30.T10TGL.2021104T184919.v2.0: wrote 8 files
[315/3634] [311] HLS.S30.T10TEM.2021104T184919.v2.0: wrote 8 files
[316/3634] [310] HLS.S30.T10TFM.2021104T184919.v2.0: wrote 8 files
[317/3634] [318] HLS.S30.T11TKE.2021104T184919.v2.0: wrote 8 files
[318/3634] [319] HLS.S30.T10TGK.2021104T184919.v2.0: wrote 8 files
[319/3634] [317] HLS.S30.T10TEL.2021104T184919.v2.0: wrote 8 files
[320/3634] [315] HLS.S30.T10TFL.2021104T184919.v2.0: wrote 8 files
[321/3634] [322] HLS.S30.T11SKD.2021104T184919.v2.0: wrote 8 files
[322/3634] [323] HLS.S30.T10SGJ.2021104T184919.v2.0: wrote 8 files
[323/3634] [320] HLS.S30.T10TFK.2021104T184919.v2.0: wrote 8 files
[324/3634] [321] HLS.S30.T10TEK.2021104T184919.v2.0: wrote 8 files
[325/3634] [324] HLS.S30.T10SFJ.2021104T184919.v2.0: wrote 8 files
[326/3634] [325] HLS.S30.T10SEJ.2021104T184919.v2.0: wrote 8 files
[327/3634] [326] HLS.S30.T10SDJ.2021104T184919.v2.0: wrote 8 files
[328/3634] [327] HLS.S30.T11SKC.2021104T184919.v2.0: wrote 8 files
[329/3634] [328] HLS.S30.T10SGH.2021104T184919.v2.0: wrote 8 files
[330/3634] [336] HLS.S30.T10SDG.2021104T184919.v2.0: SKIP NoDataInBounds (field does not intersect FMASK)
[331/3634] [337] HLS.L30.T11TMG.2021105T183759.v2.0: SKIP NoDataInBounds (field does not intersect FMASK)
[332/3634] [338] HLS.L30.T11TLG.2021105T183759.v2.0: SKIP NoDataInBounds (field does not intersect FMASK)
[333/3634] [331] HLS.S30.T10SDH.2021104T184919.v2.0: wrote 8 files
[334/3634] [332] HLS.S30.T11SKB.2021104T184919.v2.0: wrote 8 files
[335/3634] [329] HLS.S30.T10SFH.2021104T184919.v2.0: wrote 8 files
[336/3634] [330] HLS.S30.T10SEH.2021104T184919.v2.0: wrote 8 files
[337/3634] [343] HLS.L30.T11TLF.2021105T183823.v2.0: SKIP NoDataInBounds (field does not intersect FMASK)
[338/3634] [333] HLS.S30.T10SGG.2021104T184919.v2.0: wrote 8 files
[339/3634] [345] HLS.L30.T11TLE.2021105T183847.v2.0: SKIP NoDataInBounds (field does not intersect FMASK)
[340/3634] [334] HLS.S30.T10SFG.2021104T184919.v2.0: wrote 8 files
[341/3634] [339] HLS.L30.T11TKG.2021105T183823.v2.0: wrote 8 files
[342/3634] [335] HLS.S30.T10SEG.2021104T184919.v2.0: wrote 8 files
[343/3634] [349] HLS.L30.T11SLD.2021105T183847.v2.0: SKIP NoDataInBounds (field does not intersect FMASK)
[344/3634] [341] HLS.L30.T10TGM.2021105T183823.v2.0: wrote 8 files
[345/3634] [340] HLS.L30.T11TKF.2021105T183823.v2.0: wrote 8 files
[346/3634] [344] HLS.L30.T10TGL.2021105T183823.v2.0: wrote 8 files
[347/3634] [350] HLS.L30.T11TKE.2021105T183847.v2.0: wrote 8 files
[348/3634] [348] HLS.L30.T11SKD.2021105T183847.v2.0: wrote 8 files
[349/3634] [342] HLS.L30.T10TFL.2021105T183823.v2.0: wrote 8 files
[350/3634] [352] HLS.L30.T10TGK.2021105T183847.v2.0: wrote 8 files
[351/3634] [346] HLS.L30.T10TFK.2021105T183847.v2.0: wrote 8 files
[352/3634] [347] HLS.L30.T10SGJ.2021105T183847.v2.0: wrote 8 files
[353/3634] [353] HLS.L30.T11SLC.2021105T183911.v2.0: wrote 8 files
[354/3634] [351] HLS.L30.T10SFJ.2021105T183847.v2.0: wrote 8 files
[355/3634] [361] HLS.S30.T10TCM.2021105T190911.v2.0: wrote 8 files
[356/3634] [357] HLS.L30.T11SKB.2021105T183935.v2.0: wrote 8 files
[357/3634] [358] HLS.L30.T10SGG.2021105T183935.v2.0: wrote 8 files
[358/3634] [359] HLS.L30.T10SFG.2021105T183935.v2.0: wrote 8 files
[359/3634] [354] HLS.L30.T11SKC.2021105T183911.v2.0: wrote 8 files
[360/3634] [360] HLS.S30.T10TDM.2021105T190911.v2.0: wrote 8 files
[361/3634] [366] HLS.S30.T11TMG.2021106T183911.v2.0: SKIP NoDataInBounds (field does not intersect FMASK)
[362/3634] [367] HLS.S30.T11TLG.2021106T183911.v2.0: SKIP NoDataInBounds (field does not intersect FMASK)
[363/3634] [355] HLS.L30.T10SFH.2021105T183911.v2.0: wrote 8 files
[364/3634] [356] HLS.L30.T10SGH.2021105T183911.v2.0: wrote 8 files
[365/3634] [370] HLS.S30.T11TMF.2021106T183911.v2.0: SKIP NoDataInBounds (field does not intersect FMASK)
[366/3634] [371] HLS.S30.T11TLF.2021106T183911.v2.0: SKIP NoDataInBounds (field does not intersect FMASK)
[367/3634] [363] HLS.S30.T10TCL.2021105T190911.v2.0: wrote 8 files
[368/3634] [374] HLS.S30.T11TME.2021106T183911.v2.0: SKIP NoDataInBounds (field does not intersect FMASK)
[369/3634] [375] HLS.S30.T11TLE.2021106T183911.v2.0: SKIP NoDataInBounds (field does not intersect FMASK)
[370/3634] [365] HLS.S30.T10TCK.2021105T190911.v2.0: wrote 8 files
[371/3634] [368] HLS.S30.T10TGM.2021106T183911.v2.0: wrote 8 files
[372/3634] [378] HLS.S30.T11SMD.2021106T183911.v2.0: SKIP NoDataInBounds (field does not intersect FMASK)
[373/3634] [379] HLS.S30.T11SLD.2021106T183911.v2.0: SKIP NoDataInBounds (field does not intersect FMASK)
[374/3634] [369] HLS.S30.T11TKG.2021106T183911.v2.0: wrote 8 files
[375/3634] [372] HLS.S30.T11TKF.2021106T183911.v2.0: wrote 8 files
[376/3634] [373] HLS.S30.T10TGL.2021106T183911.v2.0: wrote 8 files
[377/3634] [382] HLS.S30.T11SMC.2021106T183911.v2.0: SKIP NoDataInBounds (field does not intersect FMASK)
[378/3634] [362] HLS.S30.T10TDL.2021105T190911.v2.0: wrote 8 files
[379/3634] [364] HLS.S30.T10TDK.2021105T190911.v2.0: wrote 8 files
[380/3634] [376] HLS.S30.T11TKE.2021106T183911.v2.0: wrote 8 files
[381/3634] [377] HLS.S30.T10TGK.2021106T183911.v2.0: wrote 8 files
[382/3634] [380] HLS.S30.T11SKD.2021106T183911.v2.0: wrote 8 files
[383/3634] [388] HLS.S30.T11SMB.2021106T183911.v2.0: wrote 8 files
[384/3634] [384] HLS.S30.T11SLC.2021106T183911.v2.0: wrote 8 files
[385/3634] [381] HLS.S30.T10SGJ.2021106T183911.v2.0: wrote 8 files
[386/3634] [383] HLS.S30.T10SFJ.2021106T183911.v2.0: wrote 8 files
[387/3634] [393] HLS.L30.T11TMF.2021107T182600.v2.0: SKIP NoDataInBounds (field does not intersect FMASK)
[388/3634] [394] HLS.L30.T11SMD.2021107T182624.v2.0: SKIP NoDataInBounds (field does not intersect FMASK)
[389/3634] [395] HLS.L30.T11TME.2021107T182624.v2.0: SKIP NoDataInBounds (field does not intersect FMASK)
[390/3634] [396] HLS.L30.T11SLD.2021107T182648.v2.0: SKIP NoDataInBounds (field does not intersect FMASK)
[391/3634] [397] HLS.L30.T11SMC.2021107T182648.v2.0: SKIP NoDataInBounds (field does not intersect FMASK)
[392/3634] [385] HLS.S30.T11SKC.2021106T183911.v2.0: wrote 8 files
[393/3634] [386] HLS.S30.T10SGH.2021106T183911.v2.0: wrote 8 files
[394/3634] [387] HLS.S30.T10SFH.2021106T183911.v2.0: wrote 8 files
[395/3634] [389] HLS.S30.T11SLB.2021106T183911.v2.0: wrote 8 files
[396/3634] [390] HLS.S30.T11SKB.2021106T183911.v2.0: wrote 8 files
[397/3634] [391] HLS.S30.T10SGG.2021106T183911.v2.0: wrote 8 files
[398/3634] [392] HLS.S30.T10SFG.2021106T183911.v2.0: wrote 8 files
[399/3634] [400] HLS.L30.T11SMB.2021107T182712.v2.0: wrote 8 files
[400/3634] [398] HLS.L30.T11SLC.2021107T182648.v2.0: wrote 8 files
[401/3634] [404] HLS.S30.T10TCM.2021107T185909.v2.0: wrote 8 files
[402/3634] [399] HLS.L30.T11SLB.2021107T182712.v2.0: wrote 8 files
[403/3634] [401] HLS.S30.T10TFM.2021107T185909.v2.0: wrote 8 files
[404/3634] [402] HLS.S30.T10TEM.2021107T185909.v2.0: wrote 8 files
[405/3634] [403] HLS.S30.T10TDM.2021107T185909.v2.0: wrote 8 files
[406/3634] [409] HLS.S30.T10TCL.2021107T185909.v2.0: wrote 8 files
[407/3634] [405] HLS.S30.T10TFL.2021107T185909.v2.0: wrote 8 files
[408/3634] [412] HLS.S30.T10TCK.2021107T185909.v2.0: wrote 8 files
[409/3634] [408] HLS.S30.T10TFK.2021107T185909.v2.0: wrote 8 files
[410/3634] [406] HLS.S30.T10TEL.2021107T185909.v2.0: wrote 8 files
[411/3634] [407] HLS.S30.T10TDL.2021107T185909.v2.0: wrote 8 files
[412/3634] [418] HLS.S30.T11TMF.2021108T182909.v2.0: SKIP NoDataInBounds (field does not intersect FMASK)
[413/3634] [419] HLS.S30.T11TME.2021108T182909.v2.0: SKIP NoDataInBounds (field does not intersect FMASK)
[414/3634] [420] HLS.S30.T11SMD.2021108T182909.v2.0: SKIP NoDataInBounds (field does not intersect FMASK)
[415/3634] [421] HLS.S30.T11SLD.2021108T182909.v2.0: SKIP NoDataInBounds (field does not intersect FMASK)
[416/3634] [422] HLS.S30.T11SMC.2021108T182909.v2.0: SKIP NoDataInBounds (field does not intersect FMASK)
[417/3634] [410] HLS.S30.T10TEK.2021107T185909.v2.0: wrote 8 files
[418/3634] [411] HLS.S30.T10TDK.2021107T185909.v2.0: wrote 8 files
[419/3634] [417] HLS.S30.T10SEG.2021107T185909.v2.0: wrote 8 files
[420/3634] [416] HLS.S30.T10SDH.2021107T185909.v2.0: wrote 8 files
[421/3634] [426] HLS.S30.T11TLG.2021109T184911.v2.0: SKIP NoDataInBounds (field does not intersect FMASK)
[422/3634] [424] HLS.S30.T11SMB.2021108T182909.v2.0: wrote 8 files
[423/3634] [414] HLS.S30.T10SDJ.2021107T185909.v2.0: wrote 8 files
[424/3634] [413] HLS.S30.T10SEJ.2021107T185909.v2.0: wrote 8 files
[425/3634] [431] HLS.S30.T11TLF.2021109T184911.v2.0: SKIP NoDataInBounds (field does not intersect FMASK)
[426/3634] [423] HLS.S30.T11SLC.2021108T182909.v2.0: wrote 8 files
[427/3634] [415] HLS.S30.T10SEH.2021107T185909.v2.0: wrote 8 files
[428/3634] [425] HLS.S30.T11SLB.2021108T182909.v2.0: wrote 8 files
[429/3634] [427] HLS.S30.T10TGM.2021109T184911.v2.0: wrote 8 files
[430/3634] [435] HLS.S30.T11TLE.2021109T184911.v2.0: SKIP NoDataInBounds (field does not intersect FMASK)
[431/3634] [428] HLS.S30.T11TKG.2021109T184911.v2.0: wrote 8 files
[432/3634] [432] HLS.S30.T11TKF.2021109T184911.v2.0: wrote 8 files
[433/3634] [433] HLS.S30.T10TGL.2021109T184911.v2.0: wrote 8 files
[434/3634] [430] HLS.S30.T10TEM.2021109T184911.v2.0: wrote 8 files
[435/3634] [429] HLS.S30.T10TFM.2021109T184911.v2.0: wrote 8 files
[436/3634] [437] HLS.S30.T11TKE.2021109T184911.v2.0: wrote 8 files
[437/3634] [438] HLS.S30.T10TGK.2021109T184911.v2.0: wrote 8 files
[438/3634] [434] HLS.S30.T10TFL.2021109T184911.v2.0: wrote 8 files
[439/3634] [441] HLS.S30.T11SKD.2021109T184911.v2.0: wrote 8 files
[440/3634] [436] HLS.S30.T10TEL.2021109T184911.v2.0: wrote 8 files
[441/3634] [442] HLS.S30.T10SGJ.2021109T184911.v2.0: wrote 8 files
[442/3634] [439] HLS.S30.T10TFK.2021109T184911.v2.0: wrote 8 files
[443/3634] [440] HLS.S30.T10TEK.2021109T184911.v2.0: wrote 8 files
[444/3634] [445] HLS.S30.T10SDJ.2021109T184911.v2.0: wrote 8 files
[445/3634] [443] HLS.S30.T10SFJ.2021109T184911.v2.0: wrote 8 files
[446/3634] [444] HLS.S30.T10SEJ.2021109T184911.v2.0: wrote 8 files
[447/3634] [446] HLS.S30.T11SKC.2021109T184911.v2.0: wrote 8 files
[448/3634] [447] HLS.S30.T10SGH.2021109T184911.v2.0: wrote 8 files
[449/3634] [455] HLS.S30.T10SDG.2021109T184911.v2.0: SKIP NoDataInBounds (field does not intersect FMASK)
[450/3634] [450] HLS.S30.T10SDH.2021109T184911.v2.0: wrote 8 files
[451/3634] [448] HLS.S30.T10SFH.2021109T184911.v2.0: wrote 8 files
[452/3634] [451] HLS.S30.T11SKB.2021109T184911.v2.0: wrote 8 files
[453/3634] [449] HLS.S30.T10SEH.2021109T184911.v2.0: wrote 8 files
[454/3634] [452] HLS.S30.T10SGG.2021109T184911.v2.0: wrote 8 files
[455/3634] [453] HLS.S30.T10SFG.2021109T184911.v2.0: wrote 8 files
[456/3634] [454] HLS.S30.T10SEG.2021109T184911.v2.0: wrote 8 files
[457/3634] [460] HLS.L30.T10TCM.2021110T185653.v2.0: wrote 8 files
[458/3634] [457] HLS.L30.T10TEM.2021110T185629.v2.0: wrote 8 files
[459/3634] [456] HLS.L30.T10TDM.2021110T185629.v2.0: wrote 8 files
[460/3634] [459] HLS.L30.T10TCL.2021110T185653.v2.0: wrote 8 files
[461/3634] [464] HLS.L30.T10TCK.2021110T185717.v2.0: wrote 8 files
[462/3634] [467] HLS.S30.T10TCM.2021110T190909.v2.0: wrote 8 files
[463/3634] [458] HLS.L30.T10TEL.2021110T185653.v2.0: wrote 8 files
[464/3634] [466] HLS.S30.T10TDM.2021110T190909.v2.0: wrote 8 files
[465/3634] [471] HLS.S30.T11TMG.2021111T183909.v2.0: SKIP NoDataInBounds (field does not intersect FMASK)
[466/3634] [472] HLS.S30.T11TLG.2021111T183909.v2.0: SKIP NoDataInBounds (field does not intersect FMASK)
[467/3634] [465] HLS.L30.T10SDH.2021110T185741.v2.0: wrote 8 files
[468/3634] [461] HLS.L30.T10TDL.2021110T185653.v2.0: wrote 8 files
[469/3634] [475] HLS.S30.T11TMF.2021111T183909.v2.0: SKIP NoDataInBounds (field does not intersect FMASK)
[470/3634] [463] HLS.L30.T10SDJ.2021110T185717.v2.0: wrote 8 files
[471/3634] [476] HLS.S30.T11TLF.2021111T183909.v2.0: SKIP NoDataInBounds (field does not intersect FMASK)
[472/3634] [469] HLS.S30.T10TCL.2021110T190909.v2.0: wrote 8 files
[473/3634] [479] HLS.S30.T11TME.2021111T183909.v2.0: SKIP NoDataInBounds (field does not intersect FMASK)
[474/3634] [462] HLS.L30.T10TDK.2021110T185717.v2.0: wrote 8 files
[475/3634] [480] HLS.S30.T11TLE.2021111T183909.v2.0: SKIP NoDataInBounds (field does not intersect FMASK)
[476/3634] [470] HLS.S30.T10TCK.2021110T190909.v2.0: wrote 8 files
[477/3634] [483] HLS.S30.T11SMD.2021111T183909.v2.0: SKIP NoDataInBounds (field does not intersect FMASK)
[478/3634] [484] HLS.S30.T11SLD.2021111T183909.v2.0: SKIP NoDataInBounds (field does not intersect FMASK)
[479/3634] [473] HLS.S30.T10TGM.2021111T183909.v2.0: wrote 8 files
[480/3634] [474] HLS.S30.T11TKG.2021111T183909.v2.0: wrote 8 files
[481/3634] [487] HLS.S30.T11SMC.2021111T183909.v2.0: SKIP NoDataInBounds (field does not intersect FMASK)
[482/3634] [468] HLS.S30.T10TDL.2021110T190909.v2.0: wrote 8 files
[483/3634] [477] HLS.S30.T11TKF.2021111T183909.v2.0: wrote 8 files
[484/3634] [478] HLS.S30.T10TGL.2021111T183909.v2.0: wrote 8 files
[485/3634] [481] HLS.S30.T11TKE.2021111T183909.v2.0: wrote 8 files
[486/3634] [482] HLS.S30.T10TGK.2021111T183909.v2.0: wrote 8 files
[487/3634] [485] HLS.S30.T11SKD.2021111T183909.v2.0: wrote 8 files
[488/3634] [493] HLS.S30.T11SMB.2021111T183909.v2.0: wrote 8 files
[489/3634] [489] HLS.S30.T11SLC.2021111T183909.v2.0: wrote 8 files
[490/3634] [486] HLS.S30.T10SGJ.2021111T183909.v2.0: wrote 8 files
[491/3634] [488] HLS.S30.T10SFJ.2021111T183909.v2.0: wrote 8 files
[492/3634] [494] HLS.S30.T11SLB.2021111T183909.v2.0: wrote 8 files
[493/3634] [492] HLS.S30.T10SFH.2021111T183909.v2.0: wrote 8 files
[494/3634] [490] HLS.S30.T11SKC.2021111T183909.v2.0: wrote 8 files
[495/3634] [491] HLS.S30.T10SGH.2021111T183909.v2.0: wrote 8 files
[496/3634] [495] HLS.S30.T11SKB.2021111T183909.v2.0: wrote 8 files
[497/3634] [498] HLS.L30.T10TGM.2021112T184406.v2.0: wrote 8 files
[498/3634] [496] HLS.S30.T10SGG.2021111T183909.v2.0: wrote 8 files
[499/3634] [497] HLS.S30.T10SFG.2021111T183909.v2.0: wrote 8 files
[500/3634] [499] HLS.L30.T11TKG.2021112T184406.v2.0: wrote 8 files
[501/3634] [500] HLS.L30.T10TFM.2021112T184430.v2.0: wrote 8 files
[502/3634] [503] HLS.L30.T11TKF.2021112T184430.v2.0: wrote 8 files
[503/3634] [504] HLS.L30.T10TGL.2021112T184430.v2.0: wrote 8 files
[504/3634] [505] HLS.L30.T10TEM.2021112T184430.v2.0: wrote 8 files
[505/3634] [501] HLS.L30.T10TEL.2021112T184430.v2.0: wrote 8 files
[506/3634] [502] HLS.L30.T10TFL.2021112T184430.v2.0: wrote 8 files
[507/3634] [510] HLS.L30.T10TGK.2021112T184454.v2.0: wrote 8 files
[508/3634] [506] HLS.L30.T10SFJ.2021112T184454.v2.0: wrote 8 files
[509/3634] [511] HLS.L30.T11SKD.2021112T184454.v2.0: wrote 8 files
[510/3634] [507] HLS.L30.T10SEJ.2021112T184454.v2.0: wrote 8 files
[511/3634] [508] HLS.L30.T10SGJ.2021112T184454.v2.0: wrote 8 files
[512/3634] [513] HLS.L30.T11TKE.2021112T184454.v2.0: wrote 8 files
[513/3634] [509] HLS.L30.T10TEK.2021112T184454.v2.0: wrote 8 files
[514/3634] [512] HLS.L30.T10TFK.2021112T184454.v2.0: wrote 8 files
[515/3634] [515] HLS.L30.T10SDH.2021112T184518.v2.0: wrote 8 files
[516/3634] [514] HLS.L30.T10SGH.2021112T184518.v2.0: wrote 8 files
[517/3634] [516] HLS.L30.T10SEH.2021112T184518.v2.0: wrote 8 files
[518/3634] [518] HLS.L30.T10TEK.2021112T184518.v2.0: wrote 8 files
[519/3634] [517] HLS.L30.T10SFH.2021112T184518.v2.0: wrote 8 files
[520/3634] [525] HLS.L30.T10SDG.2021112T184542.v2.0: SKIP NoDataInBounds (field does not intersect FMASK)
[521/3634] [519] HLS.L30.T10TFK.2021112T184518.v2.0: wrote 8 files
[522/3634] [520] HLS.L30.T10SEJ.2021112T184518.v2.0: wrote 8 files
[523/3634] [523] HLS.L30.T11SKD.2021112T184518.v2.0: wrote 8 files
[524/3634] [522] HLS.L30.T10SGJ.2021112T184518.v2.0: wrote 8 files
[525/3634] [530] HLS.S30.T10TCM.2021112T185911.v2.0: wrote 8 files
[526/3634] [524] HLS.L30.T10SEG.2021112T184542.v2.0: wrote 8 files
[527/3634] [521] HLS.L30.T10SFJ.2021112T184518.v2.0: wrote 8 files
[528/3634] [527] HLS.S30.T10TFM.2021112T185911.v2.0: wrote 8 files
[529/3634] [526] HLS.L30.T10SFG.2021112T184542.v2.0: wrote 8 files
[530/3634] [528] HLS.S30.T10TEM.2021112T185911.v2.0: wrote 8 files
[531/3634] [529] HLS.S30.T10TDM.2021112T185911.v2.0: wrote 8 files
[532/3634] [535] HLS.S30.T10TCL.2021112T185911.v2.0: wrote 8 files
[533/3634] [538] HLS.S30.T10TCK.2021112T185911.v2.0: wrote 8 files
[534/3634] [531] HLS.S30.T10TFL.2021112T185911.v2.0: wrote 8 files
[535/3634] [534] HLS.S30.T10TFK.2021112T185911.v2.0: wrote 8 files
[536/3634] [532] HLS.S30.T10TEL.2021112T185911.v2.0: wrote 8 files
[537/3634] [543] HLS.S30.T11TMF.2021113T182911.v2.0: SKIP NoDataInBounds (field does not intersect FMASK)
[538/3634] [544] HLS.S30.T11TME.2021113T182911.v2.0: SKIP NoDataInBounds (field does not intersect FMASK)
[539/3634] [533] HLS.S30.T10TDL.2021112T185911.v2.0: wrote 8 files
[540/3634] [545] HLS.S30.T11SMD.2021113T182911.v2.0: SKIP NoDataInBounds (field does not intersect FMASK)
[541/3634] [546] HLS.S30.T11SLD.2021113T182911.v2.0: SKIP NoDataInBounds (field does not intersect FMASK)
[542/3634] [547] HLS.S30.T11SMC.2021113T182911.v2.0: SKIP NoDataInBounds (field does not intersect FMASK)
[543/3634] [536] HLS.S30.T10TEK.2021112T185911.v2.0: wrote 8 files
[544/3634] [537] HLS.S30.T10TDK.2021112T185911.v2.0: wrote 8 files
[545/3634] [551] HLS.L30.T11TMG.2021114T183144.v2.0: SKIP NoDataInBounds (field does not intersect FMASK)
[546/3634] [552] HLS.L30.T11TLG.2021114T183208.v2.0: SKIP NoDataInBounds (field does not intersect FMASK)
[547/3634] [553] HLS.L30.T11TMF.2021114T183208.v2.0: SKIP NoDataInBounds (field does not intersect FMASK)
[548/3634] [554] HLS.L30.T11TLF.2021114T183208.v2.0: SKIP NoDataInBounds (field does not intersect FMASK)
[549/3634] [549] HLS.S30.T11SMB.2021113T182911.v2.0: wrote 8 files
[550/3634] [539] HLS.S30.T10SEJ.2021112T185911.v2.0: wrote 8 files
[551/3634] [557] HLS.L30.T11SLD.2021114T183231.v2.0: SKIP NoDataInBounds (field does not intersect FMASK)
[552/3634] [542] HLS.S30.T10SDH.2021112T185911.v2.0: wrote 8 files
[553/3634] [558] HLS.L30.T11TME.2021114T183231.v2.0: SKIP NoDataInBounds (field does not intersect FMASK)
[554/3634] [559] HLS.L30.T11SMD.2021114T183231.v2.0: SKIP NoDataInBounds (field does not intersect FMASK)
[555/3634] [560] HLS.L30.T11TLE.2021114T183231.v2.0: SKIP NoDataInBounds (field does not intersect FMASK)
[556/3634] [548] HLS.S30.T11SLC.2021113T182911.v2.0: wrote 8 files
[557/3634] [540] HLS.S30.T10SDJ.2021112T185911.v2.0: wrote 8 files
[558/3634] [541] HLS.S30.T10SEH.2021112T185911.v2.0: wrote 8 files
[559/3634] [565] HLS.L30.T11SMC.2021114T183255.v2.0: SKIP NoDataInBounds (field does not intersect FMASK)
[560/3634] [555] HLS.L30.T10TGK.2021114T183231.v2.0: wrote 8 files
[561/3634] [550] HLS.S30.T11SLB.2021113T182911.v2.0: wrote 8 files
[562/3634] [556] HLS.L30.T11TKE.2021114T183231.v2.0: wrote 8 files
[563/3634] [567] HLS.L30.T11SMB.2021114T183319.v2.0: wrote 8 files
[564/3634] [561] HLS.L30.T11SKD.2021114T183231.v2.0: wrote 8 files
[565/3634] [571] HLS.S30.T11TLG.2021114T184909.v2.0: SKIP NoDataInBounds (field does not intersect FMASK)
[566/3634] [564] HLS.L30.T11SLC.2021114T183255.v2.0: wrote 8 files
[567/3634] [562] HLS.L30.T10SGJ.2021114T183255.v2.0: wrote 8 files
[568/3634] [568] HLS.L30.T11SLB.2021114T183319.v2.0: wrote 8 files
[569/3634] [563] HLS.L30.T10SGH.2021114T183255.v2.0: wrote 8 files
[570/3634] [569] HLS.L30.T10SGG.2021114T183319.v2.0: wrote 8 files
[571/3634] [576] HLS.S30.T11TLF.2021114T184909.v2.0: SKIP NoDataInBounds (field does not intersect FMASK)
[572/3634] [572] HLS.S30.T10TGM.2021114T184909.v2.0: wrote 8 files
[573/3634] [566] HLS.L30.T11SKC.2021114T183255.v2.0: wrote 8 files
[574/3634] [580] HLS.S30.T11TLE.2021114T184909.v2.0: SKIP NoDataInBounds (field does not intersect FMASK)
[575/3634] [573] HLS.S30.T11TKG.2021114T184909.v2.0: wrote 8 files
[576/3634] [570] HLS.L30.T11SKB.2021114T183319.v2.0: wrote 8 files
[577/3634] [574] HLS.S30.T10TFM.2021114T184909.v2.0: wrote 8 files
[578/3634] [575] HLS.S30.T10TEM.2021114T184909.v2.0: wrote 8 files
[579/3634] [578] HLS.S30.T10TGL.2021114T184909.v2.0: wrote 8 files
[580/3634] [577] HLS.S30.T11TKF.2021114T184909.v2.0: wrote 8 files
[581/3634] [582] HLS.S30.T11TKE.2021114T184909.v2.0: wrote 8 files
[582/3634] [583] HLS.S30.T10TGK.2021114T184909.v2.0: wrote 8 files
[583/3634] [579] HLS.S30.T10TFL.2021114T184909.v2.0: wrote 8 files
[584/3634] [581] HLS.S30.T10TEL.2021114T184909.v2.0: wrote 8 files
[585/3634] [586] HLS.S30.T11SKD.2021114T184909.v2.0: wrote 8 files
[586/3634] [587] HLS.S30.T10SGJ.2021114T184909.v2.0: wrote 8 files
[587/3634] [584] HLS.S30.T10TFK.2021114T184909.v2.0: wrote 8 files
[588/3634] [585] HLS.S30.T10TEK.2021114T184909.v2.0: wrote 8 files
[589/3634] [588] HLS.S30.T10SFJ.2021114T184909.v2.0: wrote 8 files
[590/3634] [589] HLS.S30.T10SEJ.2021114T184909.v2.0: wrote 8 files
[591/3634] [590] HLS.S30.T10SDJ.2021114T184909.v2.0: wrote 8 files
[592/3634] [591] HLS.S30.T11SKC.2021114T184909.v2.0: wrote 8 files
[593/3634] [592] HLS.S30.T10SGH.2021114T184909.v2.0: wrote 8 files
[594/3634] [595] HLS.S30.T10SDH.2021114T184909.v2.0: wrote 8 files
[595/3634] [600] HLS.S30.T10SDG.2021114T184909.v2.0: SKIP NoDataInBounds (field does not intersect FMASK)
[596/3634] [596] HLS.S30.T11SKB.2021114T184909.v2.0: wrote 8 files
[597/3634] [593] HLS.S30.T10SFH.2021114T184909.v2.0: wrote 8 files
[598/3634] [602] HLS.S30.T10TCM.2021115T190911.v2.0: wrote 8 files
[599/3634] [597] HLS.S30.T10SGG.2021114T184909.v2.0: wrote 8 files
[600/3634] [594] HLS.S30.T10SEH.2021114T184909.v2.0: wrote 8 files
[601/3634] [607] HLS.S30.T11TMG.2021116T183921.v2.0: SKIP NoDataInBounds (field does not intersect FMASK)
[602/3634] [608] HLS.S30.T11TLG.2021116T183921.v2.0: SKIP NoDataInBounds (field does not intersect FMASK)
[603/3634] [598] HLS.S30.T10SFG.2021114T184909.v2.0: wrote 8 files
[604/3634] [599] HLS.S30.T10SEG.2021114T184909.v2.0: wrote 8 files
[605/3634] [611] HLS.S30.T11TMF.2021116T183921.v2.0: SKIP NoDataInBounds (field does not intersect FMASK)
[606/3634] [612] HLS.S30.T11TLF.2021116T183921.v2.0: SKIP NoDataInBounds (field does not intersect FMASK)
[607/3634] [606] HLS.S30.T10TCK.2021115T190911.v2.0: wrote 8 files
[608/3634] [601] HLS.S30.T10TDM.2021115T190911.v2.0: wrote 8 files
[609/3634] [615] HLS.S30.T11TME.2021116T183921.v2.0: SKIP NoDataInBounds (field does not intersect FMASK)
[610/3634] [616] HLS.S30.T11TLE.2021116T183921.v2.0: SKIP NoDataInBounds (field does not intersect FMASK)
[611/3634] [604] HLS.S30.T10TCL.2021115T190911.v2.0: wrote 8 files
[612/3634] [609] HLS.S30.T10TGM.2021116T183921.v2.0: wrote 8 files
[613/3634] [619] HLS.S30.T11SMD.2021116T183921.v2.0: SKIP NoDataInBounds (field does not intersect FMASK)
[614/3634] [620] HLS.S30.T11SLD.2021116T183921.v2.0: SKIP NoDataInBounds (field does not intersect FMASK)
[615/3634] [610] HLS.S30.T11TKG.2021116T183921.v2.0: wrote 8 files
[616/3634] [613] HLS.S30.T11TKF.2021116T183921.v2.0: wrote 8 files
[617/3634] [623] HLS.S30.T11SMC.2021116T183921.v2.0: SKIP NoDataInBounds (field does not intersect FMASK)
[618/3634] [605] HLS.S30.T10TDK.2021115T190911.v2.0: wrote 8 files
[619/3634] [603] HLS.S30.T10TDL.2021115T190911.v2.0: wrote 8 files
[620/3634] [614] HLS.S30.T10TGL.2021116T183921.v2.0: wrote 8 files
[621/3634] [618] HLS.S30.T10TGK.2021116T183921.v2.0: wrote 8 files
[622/3634] [617] HLS.S30.T11TKE.2021116T183921.v2.0: wrote 8 files
[623/3634] [621] HLS.S30.T11SKD.2021116T183921.v2.0: wrote 8 files
[624/3634] [629] HLS.S30.T11SMB.2021116T183921.v2.0: wrote 8 files
[625/3634] [622] HLS.S30.T10SGJ.2021116T183921.v2.0: wrote 8 files
[626/3634] [625] HLS.S30.T11SLC.2021116T183921.v2.0: wrote 8 files
[627/3634] [624] HLS.S30.T10SFJ.2021116T183921.v2.0: wrote 8 files
[628/3634] [630] HLS.S30.T11SLB.2021116T183921.v2.0: wrote 8 files
[629/3634] [626] HLS.S30.T11SKC.2021116T183921.v2.0: wrote 8 files
[630/3634] [628] HLS.S30.T10SFH.2021116T183921.v2.0: wrote 8 files
[631/3634] [627] HLS.S30.T10SGH.2021116T183921.v2.0: wrote 8 files
[632/3634] [631] HLS.S30.T11SKB.2021116T183921.v2.0: wrote 8 files
[633/3634] [632] HLS.S30.T10SGG.2021116T183921.v2.0: wrote 8 files
[634/3634] [635] HLS.L30.T10TCM.2021117T190236.v2.0: wrote 8 files
[635/3634] [633] HLS.S30.T10SFG.2021116T183921.v2.0: wrote 8 files
[636/3634] [634] HLS.L30.T10TDM.2021117T190236.v2.0: wrote 8 files
[637/3634] [636] HLS.L30.T10TCL.2021117T190300.v2.0: wrote 8 files
[638/3634] [640] HLS.S30.T10TCM.2021117T185909.v2.0: wrote 8 files
[639/3634] [637] HLS.S30.T10TFM.2021117T185909.v2.0: wrote 8 files
[640/3634] [638] HLS.S30.T10TEM.2021117T185909.v2.0: wrote 8 files
[641/3634] [639] HLS.S30.T10TDM.2021117T185909.v2.0: wrote 8 files
[642/3634] [645] HLS.S30.T10TCL.2021117T185909.v2.0: wrote 8 files
[643/3634] [641] HLS.S30.T10TFL.2021117T185909.v2.0: wrote 8 files
[644/3634] [648] HLS.S30.T10TCK.2021117T185909.v2.0: wrote 8 files
[645/3634] [644] HLS.S30.T10TFK.2021117T185909.v2.0: wrote 8 files
[646/3634] [642] HLS.S30.T10TEL.2021117T185909.v2.0: wrote 8 files
[647/3634] [643] HLS.S30.T10TDL.2021117T185909.v2.0: wrote 8 files
[648/3634] [654] HLS.S30.T10SDG.2021117T185909.v2.0: SKIP NoDataInBounds (field does not intersect FMASK)
[649/3634] [655] HLS.S30.T11TMF.2021118T182909.v2.0: SKIP NoDataInBounds (field does not intersect FMASK)
[650/3634] [656] HLS.S30.T11TME.2021118T182909.v2.0: SKIP NoDataInBounds (field does not intersect FMASK)
[651/3634] [657] HLS.S30.T11SMD.2021118T182909.v2.0: SKIP NoDataInBounds (field does not intersect FMASK)
[652/3634] [658] HLS.S30.T11SLD.2021118T182909.v2.0: SKIP NoDataInBounds (field does not intersect FMASK)
[653/3634] [659] HLS.S30.T11SMC.2021118T182909.v2.0: SKIP NoDataInBounds (field does not intersect FMASK)
[654/3634] [646] HLS.S30.T10TEK.2021117T185909.v2.0: wrote 8 files
[655/3634] [647] HLS.S30.T10TDK.2021117T185909.v2.0: wrote 8 files
[656/3634] [653] HLS.S30.T10SEG.2021117T185909.v2.0: wrote 8 files
[657/3634] [649] HLS.S30.T10SEJ.2021117T185909.v2.0: wrote 8 files
[658/3634] [652] HLS.S30.T10SDH.2021117T185909.v2.0: wrote 8 files
[659/3634] [660] HLS.S30.T11SLC.2021118T182909.v2.0: wrote 8 files
[660/3634] [661] HLS.S30.T11SMB.2021118T182909.v2.0: wrote 8 files
[661/3634] [650] HLS.S30.T10SDJ.2021117T185909.v2.0: wrote 8 files
[662/3634] [651] HLS.S30.T10SEH.2021117T185909.v2.0: wrote 8 files
[663/3634] [662] HLS.S30.T11SLB.2021118T182909.v2.0: wrote 8 files
[664/3634] [663] HLS.L30.T10TFM.2021119T185013.v2.0: wrote 8 files
[665/3634] [664] HLS.L30.T10TEM.2021119T185013.v2.0: wrote 8 files
[666/3634] [668] HLS.L30.T10TDM.2021119T185037.v2.0: wrote 8 files
[667/3634] [670] HLS.L30.T10TCK.2021119T185101.v2.0: wrote 8 files
[668/3634] [665] HLS.L30.T10TDL.2021119T185037.v2.0: wrote 8 files
[669/3634] [666] HLS.L30.T10TFL.2021119T185037.v2.0: wrote 8 files
[670/3634] [669] HLS.L30.T10TFK.2021119T185101.v2.0: wrote 8 files
[671/3634] [677] HLS.L30.T10SDG.2021119T185149.v2.0: SKIP NoDataInBounds (field does not intersect FMASK)
[672/3634] [667] HLS.L30.T10TEL.2021119T185037.v2.0: wrote 8 files
[673/3634] [679] HLS.S30.T11TLG.2021119T184921.v2.0: SKIP NoDataInBounds (field does not intersect FMASK)
[674/3634] [671] HLS.L30.T10SDJ.2021119T185101.v2.0: wrote 8 files
[675/3634] [680] HLS.S30.T10TGM.2021119T184921.v2.0: wrote 8 files
[676/3634] [672] HLS.L30.T10SEJ.2021119T185101.v2.0: wrote 8 files
[677/3634] [678] HLS.L30.T10SEG.2021119T185149.v2.0: wrote 8 files
[678/3634] [684] HLS.S30.T11TLF.2021119T184921.v2.0: SKIP NoDataInBounds (field does not intersect FMASK)
[679/3634] [673] HLS.L30.T10TDK.2021119T185101.v2.0: wrote 8 files
[680/3634] [676] HLS.L30.T10SDH.2021119T185125.v2.0: wrote 8 files
[681/3634] [674] HLS.L30.T10TEK.2021119T185101.v2.0: wrote 8 files
[682/3634] [688] HLS.S30.T11TLE.2021119T184921.v2.0: SKIP NoDataInBounds (field does not intersect FMASK)
[683/3634] [681] HLS.S30.T11TKG.2021119T184921.v2.0: wrote 8 files
[684/3634] [675] HLS.L30.T10SEH.2021119T185125.v2.0: wrote 8 files
[685/3634] [683] HLS.S30.T10TEM.2021119T184921.v2.0: wrote 8 files
[686/3634] [682] HLS.S30.T10TFM.2021119T184921.v2.0: wrote 8 files
[687/3634] [685] HLS.S30.T11TKF.2021119T184921.v2.0: wrote 8 files
[688/3634] [686] HLS.S30.T10TGL.2021119T184921.v2.0: wrote 8 files
[689/3634] [690] HLS.S30.T11TKE.2021119T184921.v2.0: wrote 8 files
[690/3634] [691] HLS.S30.T10TGK.2021119T184921.v2.0: wrote 8 files
[691/3634] [687] HLS.S30.T10TFL.2021119T184921.v2.0: wrote 8 files
[692/3634] [689] HLS.S30.T10TEL.2021119T184921.v2.0: wrote 8 files
[693/3634] [694] HLS.S30.T11SKD.2021119T184921.v2.0: wrote 8 files
[694/3634] [695] HLS.S30.T10SGJ.2021119T184921.v2.0: wrote 8 files
[695/3634] [692] HLS.S30.T10TFK.2021119T184921.v2.0: wrote 8 files
[696/3634] [693] HLS.S30.T10TEK.2021119T184921.v2.0: wrote 8 files
[697/3634] [696] HLS.S30.T10SFJ.2021119T184921.v2.0: wrote 8 files
[698/3634] [697] HLS.S30.T10SEJ.2021119T184921.v2.0: wrote 8 files
[699/3634] [698] HLS.S30.T10SDJ.2021119T184921.v2.0: wrote 8 files
[700/3634] [699] HLS.S30.T11SKC.2021119T184921.v2.0: wrote 8 files
[701/3634] [700] HLS.S30.T10SGH.2021119T184921.v2.0: wrote 8 files
[702/3634] [708] HLS.S30.T10SDG.2021119T184921.v2.0: SKIP NoDataInBounds (field does not intersect FMASK)
[703/3634] [703] HLS.S30.T10SDH.2021119T184921.v2.0: wrote 8 files
[704/3634] [704] HLS.S30.T11SKB.2021119T184921.v2.0: wrote 8 files
[705/3634] [710] HLS.S30.T10TCM.2021120T190909.v2.0: wrote 8 files
[706/3634] [705] HLS.S30.T10SGG.2021119T184921.v2.0: wrote 8 files
[707/3634] [702] HLS.S30.T10SEH.2021119T184921.v2.0: wrote 8 files
[708/3634] [701] HLS.S30.T10SFH.2021119T184921.v2.0: wrote 8 files
[709/3634] [713] HLS.L30.T11TMG.2021121T183750.v2.0: SKIP NoDataInBounds (field does not intersect FMASK)
[710/3634] [714] HLS.L30.T11TLG.2021121T183750.v2.0: SKIP NoDataInBounds (field does not intersect FMASK)
[711/3634] [706] HLS.S30.T10SFG.2021119T184921.v2.0: wrote 8 files
[712/3634] [707] HLS.S30.T10SEG.2021119T184921.v2.0: wrote 8 files
[713/3634] [719] HLS.L30.T11TLF.2021121T183814.v2.0: SKIP NoDataInBounds (field does not intersect FMASK)
[714/3634] [709] HLS.S30.T10TDM.2021120T190909.v2.0: wrote 8 files
[715/3634] [721] HLS.L30.T11SLD.2021121T183838.v2.0: SKIP NoDataInBounds (field does not intersect FMASK)
[716/3634] [712] HLS.S30.T10TCL.2021120T190909.v2.0: wrote 8 files
[717/3634] [717] HLS.L30.T11TKG.2021121T183814.v2.0: wrote 8 files
[718/3634] [724] HLS.L30.T11TLE.2021121T183838.v2.0: SKIP NoDataInBounds (field does not intersect FMASK)
[719/3634] [720] HLS.L30.T10TGM.2021121T183814.v2.0: wrote 8 files
[720/3634] [715] HLS.L30.T11TKF.2021121T183814.v2.0: wrote 8 files
[721/3634] [718] HLS.L30.T10TGL.2021121T183814.v2.0: wrote 8 files
[722/3634] [711] HLS.S30.T10TDL.2021120T190909.v2.0: wrote 8 files
[723/3634] [716] HLS.L30.T10TFL.2021121T183814.v2.0: wrote 8 files
[724/3634] [723] HLS.L30.T11TKE.2021121T183838.v2.0: wrote 8 files
[725/3634] [722] HLS.L30.T11SKD.2021121T183838.v2.0: wrote 8 files
[726/3634] [726] HLS.L30.T10TGK.2021121T183838.v2.0: wrote 8 files
[727/3634] [729] HLS.L30.T11SLC.2021121T183902.v2.0: wrote 8 files
[728/3634] [725] HLS.L30.T10SFJ.2021121T183838.v2.0: wrote 8 files
[729/3634] [727] HLS.L30.T10SGJ.2021121T183838.v2.0: wrote 8 files
[730/3634] [736] HLS.S30.T11TMG.2021121T183919.v2.0: SKIP NoDataInBounds (field does not intersect FMASK)
[731/3634] [737] HLS.S30.T11TLG.2021121T183919.v2.0: SKIP NoDataInBounds (field does not intersect FMASK)
[732/3634] [728] HLS.L30.T10TFK.2021121T183838.v2.0: wrote 8 files
[733/3634] [733] HLS.L30.T11SKB.2021121T183926.v2.0: wrote 8 files
[734/3634] [738] HLS.S30.T10TGM.2021121T183919.v2.0: wrote 8 files
[735/3634] [740] HLS.S30.T11TMF.2021121T183919.v2.0: SKIP NoDataInBounds (field does not intersect FMASK)
[736/3634] [741] HLS.S30.T11TLF.2021121T183919.v2.0: SKIP NoDataInBounds (field does not intersect FMASK)
[737/3634] [730] HLS.L30.T10SFH.2021121T183902.v2.0: wrote 8 files
[738/3634] [744] HLS.S30.T11TME.2021121T183919.v2.0: SKIP NoDataInBounds (field does not intersect FMASK)
[739/3634] [745] HLS.S30.T11TLE.2021121T183919.v2.0: SKIP NoDataInBounds (field does not intersect FMASK)
[740/3634] [731] HLS.L30.T10SGH.2021121T183902.v2.0: wrote 8 files
[741/3634] [732] HLS.L30.T11SKC.2021121T183902.v2.0: wrote 8 files
[742/3634] [748] HLS.S30.T11SMD.2021121T183919.v2.0: SKIP NoDataInBounds (field does not intersect FMASK)
[743/3634] [749] HLS.S30.T11SLD.2021121T183919.v2.0: SKIP NoDataInBounds (field does not intersect FMASK)
[744/3634] [739] HLS.S30.T11TKG.2021121T183919.v2.0: wrote 8 files
[745/3634] [734] HLS.L30.T10SFG.2021121T183926.v2.0: wrote 8 files
[746/3634] [752] HLS.S30.T11SMC.2021121T183919.v2.0: SKIP NoDataInBounds (field does not intersect FMASK)
[747/3634] [735] HLS.L30.T10SGG.2021121T183926.v2.0: wrote 8 files
[748/3634] [743] HLS.S30.T10TGL.2021121T183919.v2.0: wrote 8 files
[749/3634] [742] HLS.S30.T11TKF.2021121T183919.v2.0: wrote 8 files
[750/3634] [747] HLS.S30.T10TGK.2021121T183919.v2.0: wrote 8 files
[751/3634] [746] HLS.S30.T11TKE.2021121T183919.v2.0: wrote 8 files
[752/3634] [750] HLS.S30.T11SKD.2021121T183919.v2.0: wrote 8 files
[753/3634] [754] HLS.S30.T11SLC.2021121T183919.v2.0: wrote 8 files
[754/3634] [751] HLS.S30.T10SGJ.2021121T183919.v2.0: wrote 8 files
[755/3634] [753] HLS.S30.T10SFJ.2021121T183919.v2.0: wrote 8 files
[756/3634] [758] HLS.S30.T11SMB.2021121T183919.v2.0: wrote 8 files
[757/3634] [759] HLS.S30.T11SLB.2021121T183919.v2.0: wrote 8 files
[758/3634] [756] HLS.S30.T10SGH.2021121T183919.v2.0: wrote 8 files
[759/3634] [755] HLS.S30.T11SKC.2021121T183919.v2.0: wrote 8 files
[760/3634] [757] HLS.S30.T10SFH.2021121T183919.v2.0: wrote 8 files
[761/3634] [760] HLS.S30.T11SKB.2021121T183919.v2.0: wrote 8 files
[762/3634] [763] HLS.S30.T10TFM.2021122T185911.v2.0: wrote 8 files
[763/3634] [762] HLS.S30.T10SFG.2021121T183919.v2.0: wrote 8 files
[764/3634] [761] HLS.S30.T10SGG.2021121T183919.v2.0: wrote 8 files
[765/3634] [766] HLS.S30.T10TCM.2021122T185911.v2.0: wrote 8 files
[766/3634] [764] HLS.S30.T10TEM.2021122T185911.v2.0: wrote 8 files
[767/3634] [771] HLS.S30.T10TCL.2021122T185911.v2.0: wrote 8 files
[768/3634] [765] HLS.S30.T10TDM.2021122T185911.v2.0: wrote 8 files
[769/3634] [767] HLS.S30.T10TFL.2021122T185911.v2.0: wrote 8 files
[770/3634] [774] HLS.S30.T10TCK.2021122T185911.v2.0: wrote 8 files
[771/3634] [770] HLS.S30.T10TFK.2021122T185911.v2.0: wrote 8 files
[772/3634] [768] HLS.S30.T10TEL.2021122T185911.v2.0: wrote 8 files
[773/3634] [769] HLS.S30.T10TDL.2021122T185911.v2.0: wrote 8 files
[774/3634] [780] HLS.S30.T10SDG.2021122T185911.v2.0: SKIP NoDataInBounds (field does not intersect FMASK)
[775/3634] [781] HLS.L30.T11TMF.2021123T182551.v2.0: SKIP NoDataInBounds (field does not intersect FMASK)
[776/3634] [782] HLS.L30.T11SMD.2021123T182615.v2.0: SKIP NoDataInBounds (field does not intersect FMASK)
[777/3634] [783] HLS.L30.T11TME.2021123T182615.v2.0: SKIP NoDataInBounds (field does not intersect FMASK)
[778/3634] [784] HLS.L30.T11SLD.2021123T182639.v2.0: SKIP NoDataInBounds (field does not intersect FMASK)
[779/3634] [772] HLS.S30.T10TEK.2021122T185911.v2.0: wrote 8 files
[780/3634] [786] HLS.L30.T11SMC.2021123T182639.v2.0: SKIP NoDataInBounds (field does not intersect FMASK)
[781/3634] [779] HLS.S30.T10SEG.2021122T185911.v2.0: wrote 8 files
[782/3634] [773] HLS.S30.T10TDK.2021122T185911.v2.0: wrote 8 files
[783/3634] [775] HLS.S30.T10SEJ.2021122T185911.v2.0: wrote 8 files
[784/3634] [789] HLS.S30.T11TMF.2021123T182921.v2.0: SKIP NoDataInBounds (field does not intersect FMASK)
[785/3634] [790] HLS.S30.T11TME.2021123T182921.v2.0: SKIP NoDataInBounds (field does not intersect FMASK)
[786/3634] [791] HLS.S30.T11SMD.2021123T182921.v2.0: SKIP NoDataInBounds (field does not intersect FMASK)
[787/3634] [792] HLS.S30.T11SLD.2021123T182921.v2.0: SKIP NoDataInBounds (field does not intersect FMASK)
[788/3634] [778] HLS.S30.T10SDH.2021122T185911.v2.0: wrote 8 files
[789/3634] [793] HLS.S30.T11SMC.2021123T182921.v2.0: SKIP NoDataInBounds (field does not intersect FMASK)
[790/3634] [785] HLS.L30.T11SLC.2021123T182639.v2.0: wrote 8 files
[791/3634] [797] HLS.S30.T11TLG.2021124T184919.v2.0: SKIP NoDataInBounds (field does not intersect FMASK)
[792/3634] [776] HLS.S30.T10SDJ.2021122T185911.v2.0: wrote 8 files
[793/3634] [777] HLS.S30.T10SEH.2021122T185911.v2.0: wrote 8 files
[794/3634] [787] HLS.L30.T11SLB.2021123T182703.v2.0: wrote 8 files
[795/3634] [788] HLS.L30.T11SMB.2021123T182703.v2.0: wrote 8 files
[796/3634] [802] HLS.S30.T11TLF.2021124T184919.v2.0: SKIP NoDataInBounds (field does not intersect FMASK)
[797/3634] [795] HLS.S30.T11SMB.2021123T182921.v2.0: wrote 8 files
[798/3634] [798] HLS.S30.T10TGM.2021124T184919.v2.0: wrote 8 files
[799/3634] [794] HLS.S30.T11SLC.2021123T182921.v2.0: wrote 8 files
[800/3634] [806] HLS.S30.T11TLE.2021124T184919.v2.0: SKIP NoDataInBounds (field does not intersect FMASK)
[801/3634] [799] HLS.S30.T11TKG.2021124T184919.v2.0: wrote 8 files
[802/3634] [796] HLS.S30.T11SLB.2021123T182921.v2.0: wrote 8 files
[803/3634] [800] HLS.S30.T10TFM.2021124T184919.v2.0: wrote 8 files
[804/3634] [803] HLS.S30.T11TKF.2021124T184919.v2.0: wrote 8 files
[805/3634] [801] HLS.S30.T10TEM.2021124T184919.v2.0: wrote 8 files
[806/3634] [804] HLS.S30.T10TGL.2021124T184919.v2.0: wrote 8 files
[807/3634] [808] HLS.S30.T11TKE.2021124T184919.v2.0: wrote 8 files
[808/3634] [809] HLS.S30.T10TGK.2021124T184919.v2.0: wrote 8 files
[809/3634] [805] HLS.S30.T10TFL.2021124T184919.v2.0: wrote 8 files
[810/3634] [812] HLS.S30.T11SKD.2021124T184919.v2.0: wrote 8 files
[811/3634] [807] HLS.S30.T10TEL.2021124T184919.v2.0: wrote 8 files
[812/3634] [813] HLS.S30.T10SGJ.2021124T184919.v2.0: wrote 8 files
[813/3634] [811] HLS.S30.T10TEK.2021124T184919.v2.0: wrote 8 files
[814/3634] [810] HLS.S30.T10TFK.2021124T184919.v2.0: wrote 8 files
[815/3634] [814] HLS.S30.T10SFJ.2021124T184919.v2.0: wrote 8 files
[816/3634] [815] HLS.S30.T10SEJ.2021124T184919.v2.0: wrote 8 files
[817/3634] [816] HLS.S30.T10SDJ.2021124T184919.v2.0: wrote 8 files
[818/3634] [817] HLS.S30.T11SKC.2021124T184919.v2.0: wrote 8 files
[819/3634] [818] HLS.S30.T10SGH.2021124T184919.v2.0: wrote 8 files
[820/3634] [826] HLS.S30.T10SDG.2021124T184919.v2.0: SKIP NoDataInBounds (field does not intersect FMASK)
[821/3634] [821] HLS.S30.T10SDH.2021124T184919.v2.0: wrote 8 files
[822/3634] [827] HLS.S30.T10TCM.2021125T190911.v2.0: wrote 8 files
[823/3634] [822] HLS.S30.T11SKB.2021124T184919.v2.0: wrote 8 files
[824/3634] [819] HLS.S30.T10SFH.2021124T184919.v2.0: wrote 8 files
[825/3634] [820] HLS.S30.T10SEH.2021124T184919.v2.0: wrote 8 files
[826/3634] [823] HLS.S30.T10SGG.2021124T184919.v2.0: wrote 8 files
[827/3634] [833] HLS.S30.T11TMG.2021126T183921.v2.0: SKIP NoDataInBounds (field does not intersect FMASK)
[828/3634] [834] HLS.S30.T11TLG.2021126T183921.v2.0: SKIP NoDataInBounds (field does not intersect FMASK)
[829/3634] [824] HLS.S30.T10SFG.2021124T184919.v2.0: wrote 8 files
[830/3634] [825] HLS.S30.T10SEG.2021124T184919.v2.0: wrote 8 files
[831/3634] [837] HLS.S30.T11TMF.2021126T183921.v2.0: SKIP NoDataInBounds (field does not intersect FMASK)
[832/3634] [838] HLS.S30.T11TLF.2021126T183921.v2.0: SKIP NoDataInBounds (field does not intersect FMASK)
[833/3634] [828] HLS.S30.T10TDM.2021125T190911.v2.0: wrote 8 files
[834/3634] [832] HLS.S30.T10TCK.2021125T190911.v2.0: wrote 8 files
[835/3634] [841] HLS.S30.T11TME.2021126T183921.v2.0: SKIP NoDataInBounds (field does not intersect FMASK)
[836/3634] [842] HLS.S30.T11TLE.2021126T183921.v2.0: SKIP NoDataInBounds (field does not intersect FMASK)
[837/3634] [830] HLS.S30.T10TCL.2021125T190911.v2.0: wrote 8 files
[838/3634] [835] HLS.S30.T10TGM.2021126T183921.v2.0: wrote 8 files
[839/3634] [845] HLS.S30.T11SMD.2021126T183921.v2.0: SKIP NoDataInBounds (field does not intersect FMASK)
[840/3634] [846] HLS.S30.T11SLD.2021126T183921.v2.0: SKIP NoDataInBounds (field does not intersect FMASK)
[841/3634] [836] HLS.S30.T11TKG.2021126T183921.v2.0: wrote 8 files
[842/3634] [839] HLS.S30.T11TKF.2021126T183921.v2.0: wrote 8 files
[843/3634] [849] HLS.S30.T11SMC.2021126T183921.v2.0: SKIP NoDataInBounds (field does not intersect FMASK)
[844/3634] [840] HLS.S30.T10TGL.2021126T183921.v2.0: wrote 8 files
[845/3634] [831] HLS.S30.T10TDK.2021125T190911.v2.0: wrote 8 files
[846/3634] [829] HLS.S30.T10TDL.2021125T190911.v2.0: wrote 8 files
[847/3634] [843] HLS.S30.T11TKE.2021126T183921.v2.0: wrote 8 files
[848/3634] [844] HLS.S30.T10TGK.2021126T183921.v2.0: wrote 8 files
[849/3634] [847] HLS.S30.T11SKD.2021126T183921.v2.0: wrote 8 files
[850/3634] [855] HLS.S30.T11SMB.2021126T183921.v2.0: wrote 8 files
[851/3634] [851] HLS.S30.T11SLC.2021126T183921.v2.0: wrote 8 files
[852/3634] [848] HLS.S30.T10SGJ.2021126T183921.v2.0: wrote 8 files
[853/3634] [850] HLS.S30.T10SFJ.2021126T183921.v2.0: wrote 8 files
[854/3634] [852] HLS.S30.T11SKC.2021126T183921.v2.0: wrote 8 files
[855/3634] [853] HLS.S30.T10SGH.2021126T183921.v2.0: wrote 8 files
[856/3634] [856] HLS.S30.T11SLB.2021126T183921.v2.0: wrote 8 files
[857/3634] [854] HLS.S30.T10SFH.2021126T183921.v2.0: wrote 8 files
[858/3634] [857] HLS.S30.T11SKB.2021126T183921.v2.0: wrote 8 files
[859/3634] [863] HLS.L30.T10TCM.2021126T185643.v2.0: wrote 8 files
[860/3634] [858] HLS.S30.T10SGG.2021126T183921.v2.0: wrote 8 files
[861/3634] [859] HLS.S30.T10SFG.2021126T183921.v2.0: wrote 8 files
[862/3634] [864] HLS.L30.T10TCL.2021126T185643.v2.0: wrote 8 files
[863/3634] [860] HLS.L30.T10TDM.2021126T185619.v2.0: wrote 8 files
[864/3634] [861] HLS.L30.T10TEM.2021126T185619.v2.0: wrote 8 files
[865/3634] [868] HLS.L30.T10TCK.2021126T185707.v2.0: wrote 8 files
[866/3634] [862] HLS.L30.T10TEL.2021126T185643.v2.0: wrote 8 files
[867/3634] [873] HLS.S30.T10TCM.2021127T185919.v2.0: wrote 8 files
[868/3634] [870] HLS.S30.T10TFM.2021127T185919.v2.0: wrote 8 files
[869/3634] [869] HLS.L30.T10SDH.2021126T185731.v2.0: wrote 8 files
[870/3634] [865] HLS.L30.T10TDL.2021126T185643.v2.0: wrote 8 files
[871/3634] [867] HLS.L30.T10SDJ.2021126T185707.v2.0: wrote 8 files
[872/3634] [866] HLS.L30.T10TDK.2021126T185707.v2.0: wrote 8 files
[873/3634] [871] HLS.S30.T10TEM.2021127T185919.v2.0: wrote 8 files
[874/3634] [872] HLS.S30.T10TDM.2021127T185919.v2.0: wrote 8 files
[875/3634] [878] HLS.S30.T10TCL.2021127T185919.v2.0: wrote 8 files
[876/3634] [881] HLS.S30.T10TCK.2021127T185919.v2.0: wrote 8 files
[877/3634] [877] HLS.S30.T10TFK.2021127T185919.v2.0: wrote 8 files
[878/3634] [874] HLS.S30.T10TFL.2021127T185919.v2.0: wrote 8 files
[879/3634] [875] HLS.S30.T10TEL.2021127T185919.v2.0: wrote 8 files
[880/3634] [876] HLS.S30.T10TDL.2021127T185919.v2.0: wrote 8 files
[881/3634] [887] HLS.S30.T10SDG.2021127T185919.v2.0: SKIP NoDataInBounds (field does not intersect FMASK)
[882/3634] [888] HLS.S30.T11TMF.2021128T182919.v2.0: SKIP NoDataInBounds (field does not intersect FMASK)
[883/3634] [889] HLS.S30.T11TME.2021128T182919.v2.0: SKIP NoDataInBounds (field does not intersect FMASK)
[884/3634] [890] HLS.S30.T11SMD.2021128T182919.v2.0: SKIP NoDataInBounds (field does not intersect FMASK)
[885/3634] [891] HLS.S30.T11SLD.2021128T182919.v2.0: SKIP NoDataInBounds (field does not intersect FMASK)
[886/3634] [879] HLS.S30.T10TEK.2021127T185919.v2.0: wrote 8 files
[887/3634] [892] HLS.S30.T11SMC.2021128T182919.v2.0: SKIP NoDataInBounds (field does not intersect FMASK)
[888/3634] [880] HLS.S30.T10TDK.2021127T185919.v2.0: wrote 8 files
[889/3634] [882] HLS.S30.T10SEJ.2021127T185919.v2.0: wrote 8 files
[890/3634] [883] HLS.S30.T10SDJ.2021127T185919.v2.0: wrote 8 files
[891/3634] [894] HLS.S30.T11SMB.2021128T182919.v2.0: wrote 8 files
[892/3634] [886] HLS.S30.T10SEG.2021127T185919.v2.0: wrote 8 files
[893/3634] [885] HLS.S30.T10SDH.2021127T185919.v2.0: wrote 8 files
[894/3634] [895] HLS.L30.T11TKG.2021128T184359.v2.0: wrote 8 files
[895/3634] [893] HLS.S30.T11SLC.2021128T182919.v2.0: wrote 8 files
[896/3634] [884] HLS.S30.T10SEH.2021127T185919.v2.0: wrote 8 files
[897/3634] [896] HLS.L30.T10TGM.2021128T184359.v2.0: wrote 8 files
[898/3634] [898] HLS.L30.T11TKF.2021128T184423.v2.0: wrote 8 files
[899/3634] [897] HLS.S30.T11SLB.2021128T182919.v2.0: wrote 8 files
[900/3634] [899] HLS.L30.T10TGL.2021128T184423.v2.0: wrote 8 files
[901/3634] [900] HLS.L30.T10TFM.2021128T184423.v2.0: wrote 8 files
[902/3634] [904] HLS.L30.T11TKE.2021128T184447.v2.0: wrote 8 files
[903/3634] [903] HLS.L30.T10TEM.2021128T184423.v2.0: wrote 8 files
[904/3634] [905] HLS.L30.T10TGK.2021128T184447.v2.0: wrote 8 files
[905/3634] [902] HLS.L30.T10TEL.2021128T184423.v2.0: wrote 8 files
[906/3634] [906] HLS.L30.T11SKD.2021128T184447.v2.0: wrote 8 files
[907/3634] [901] HLS.L30.T10TFL.2021128T184423.v2.0: wrote 8 files
[908/3634] [907] HLS.L30.T10SEJ.2021128T184447.v2.0: wrote 8 files
[909/3634] [908] HLS.L30.T10TEK.2021128T184447.v2.0: wrote 8 files
[910/3634] [909] HLS.L30.T10SGJ.2021128T184447.v2.0: wrote 8 files
[911/3634] [917] HLS.L30.T10SDG.2021128T184535.v2.0: SKIP NoDataInBounds (field does not intersect FMASK)
[912/3634] [913] HLS.L30.T10SDH.2021128T184511.v2.0: wrote 8 files
[913/3634] [919] HLS.S30.T11TLG.2021129T184921.v2.0: SKIP NoDataInBounds (field does not intersect FMASK)
[914/3634] [910] HLS.L30.T10TFK.2021128T184447.v2.0: wrote 8 files
[915/3634] [912] HLS.L30.T10SGH.2021128T184511.v2.0: wrote 8 files
[916/3634] [911] HLS.L30.T10SFJ.2021128T184447.v2.0: wrote 8 files
[917/3634] [914] HLS.L30.T10SFH.2021128T184511.v2.0: wrote 8 files
[918/3634] [924] HLS.S30.T11TLF.2021129T184921.v2.0: SKIP NoDataInBounds (field does not intersect FMASK)
[919/3634] [920] HLS.S30.T10TGM.2021129T184921.v2.0: wrote 8 files
[920/3634] [918] HLS.L30.T10SEG.2021128T184535.v2.0: wrote 8 files
[921/3634] [916] HLS.L30.T10SFG.2021128T184535.v2.0: wrote 8 files
[922/3634] [928] HLS.S30.T11TLE.2021129T184921.v2.0: SKIP NoDataInBounds (field does not intersect FMASK)
[923/3634] [921] HLS.S30.T11TKG.2021129T184921.v2.0: wrote 8 files
[924/3634] [915] HLS.L30.T10SEH.2021128T184511.v2.0: wrote 8 files
[925/3634] [922] HLS.S30.T10TFM.2021129T184921.v2.0: wrote 8 files
[926/3634] [923] HLS.S30.T10TEM.2021129T184921.v2.0: wrote 8 files
[927/3634] [925] HLS.S30.T11TKF.2021129T184921.v2.0: wrote 8 files
[928/3634] [926] HLS.S30.T10TGL.2021129T184921.v2.0: wrote 8 files
[929/3634] [930] HLS.S30.T11TKE.2021129T184921.v2.0: wrote 8 files
[930/3634] [931] HLS.S30.T10TGK.2021129T184921.v2.0: wrote 8 files
[931/3634] [927] HLS.S30.T10TFL.2021129T184921.v2.0: wrote 8 files
[932/3634] [929] HLS.S30.T10TEL.2021129T184921.v2.0: wrote 8 files
[933/3634] [934] HLS.S30.T11SKD.2021129T184921.v2.0: wrote 8 files
[934/3634] [932] HLS.S30.T10TFK.2021129T184921.v2.0: wrote 8 files
[935/3634] [935] HLS.S30.T10SGJ.2021129T184921.v2.0: wrote 8 files
[936/3634] [933] HLS.S30.T10TEK.2021129T184921.v2.0: wrote 8 files
[937/3634] [936] HLS.S30.T10SFJ.2021129T184921.v2.0: wrote 8 files
[938/3634] [938] HLS.S30.T10SDJ.2021129T184921.v2.0: wrote 8 files
[939/3634] [937] HLS.S30.T10SEJ.2021129T184921.v2.0: wrote 8 files
[940/3634] [939] HLS.S30.T11SKC.2021129T184921.v2.0: wrote 8 files
[941/3634] [943] HLS.S30.T10SDH.2021129T184921.v2.0: wrote 8 files
[942/3634] [940] HLS.S30.T10SGH.2021129T184921.v2.0: wrote 8 files
[943/3634] [948] HLS.S30.T10SDG.2021129T184921.v2.0: SKIP NoDataInBounds (field does not intersect FMASK)
[944/3634] [949] HLS.L30.T11TMG.2021130T183139.v2.0: SKIP NoDataInBounds (field does not intersect FMASK)
[945/3634] [950] HLS.L30.T11TMF.2021130T183203.v2.0: SKIP NoDataInBounds (field does not intersect FMASK)
[946/3634] [951] HLS.L30.T11TLF.2021130T183203.v2.0: SKIP NoDataInBounds (field does not intersect FMASK)
[947/3634] [952] HLS.L30.T11TLG.2021130T183203.v2.0: SKIP NoDataInBounds (field does not intersect FMASK)
[948/3634] [941] HLS.S30.T10SFH.2021129T184921.v2.0: wrote 8 files
[949/3634] [955] HLS.L30.T11SMD.2021130T183227.v2.0: SKIP NoDataInBounds (field does not intersect FMASK)
[950/3634] [944] HLS.S30.T11SKB.2021129T184921.v2.0: wrote 8 files
[951/3634] [957] HLS.L30.T11TME.2021130T183227.v2.0: SKIP NoDataInBounds (field does not intersect FMASK)
[952/3634] [942] HLS.S30.T10SEH.2021129T184921.v2.0: wrote 8 files
[953/3634] [958] HLS.L30.T11TLE.2021130T183227.v2.0: SKIP NoDataInBounds (field does not intersect FMASK)
[954/3634] [959] HLS.L30.T11SLD.2021130T183227.v2.0: SKIP NoDataInBounds (field does not intersect FMASK)
[955/3634] [961] HLS.L30.T11SMC.2021130T183251.v2.0: SKIP NoDataInBounds (field does not intersect FMASK)
[956/3634] [945] HLS.S30.T10SGG.2021129T184921.v2.0: wrote 8 files
[957/3634] [947] HLS.S30.T10SEG.2021129T184921.v2.0: wrote 8 files
[958/3634] [946] HLS.S30.T10SFG.2021129T184921.v2.0: wrote 8 files
[959/3634] [953] HLS.L30.T11TKE.2021130T183227.v2.0: wrote 8 files
[960/3634] [954] HLS.L30.T11SKD.2021130T183227.v2.0: wrote 8 files
[961/3634] [956] HLS.L30.T10TGK.2021130T183227.v2.0: wrote 8 files
[962/3634] [962] HLS.L30.T11SLC.2021130T183251.v2.0: wrote 8 files
[963/3634] [967] HLS.L30.T11SMB.2021130T183315.v2.0: wrote 8 files
[964/3634] [960] HLS.L30.T10SGJ.2021130T183251.v2.0: wrote 8 files
[965/3634] [965] HLS.L30.T10SGG.2021130T183315.v2.0: wrote 8 files
[966/3634] [970] HLS.S30.T10TCM.2021130T190909.v2.0: wrote 8 files
[967/3634] [966] HLS.L30.T11SLB.2021130T183315.v2.0: wrote 8 files
[968/3634] [963] HLS.L30.T11SKC.2021130T183251.v2.0: wrote 8 files
[969/3634] [968] HLS.L30.T11SKB.2021130T183315.v2.0: wrote 8 files
[970/3634] [975] HLS.S30.T11TMG.2021131T183919.v2.0: SKIP NoDataInBounds (field does not intersect FMASK)
[971/3634] [976] HLS.S30.T11TLG.2021131T183919.v2.0: SKIP NoDataInBounds (field does not intersect FMASK)
[972/3634] [964] HLS.L30.T10SGH.2021130T183251.v2.0: wrote 8 files
[973/3634] [979] HLS.S30.T11TMF.2021131T183919.v2.0: SKIP NoDataInBounds (field does not intersect FMASK)
[974/3634] [980] HLS.S30.T11TLF.2021131T183919.v2.0: SKIP NoDataInBounds (field does not intersect FMASK)
[975/3634] [969] HLS.S30.T10TDM.2021130T190909.v2.0: wrote 8 files
[976/3634] [974] HLS.S30.T10TCK.2021130T190909.v2.0: wrote 8 files
[977/3634] [983] HLS.S30.T11TME.2021131T183919.v2.0: SKIP NoDataInBounds (field does not intersect FMASK)
[978/3634] [972] HLS.S30.T10TCL.2021130T190909.v2.0: wrote 8 files
[979/3634] [984] HLS.S30.T11TLE.2021131T183919.v2.0: SKIP NoDataInBounds (field does not intersect FMASK)
[980/3634] [977] HLS.S30.T10TGM.2021131T183919.v2.0: wrote 8 files
[981/3634] [987] HLS.S30.T11SMD.2021131T183919.v2.0: SKIP NoDataInBounds (field does not intersect FMASK)
[982/3634] [988] HLS.S30.T11SLD.2021131T183919.v2.0: SKIP NoDataInBounds (field does not intersect FMASK)
[983/3634] [978] HLS.S30.T11TKG.2021131T183919.v2.0: wrote 8 files
[984/3634] [981] HLS.S30.T11TKF.2021131T183919.v2.0: wrote 8 files
[985/3634] [971] HLS.S30.T10TDL.2021130T190909.v2.0: wrote 8 files
[986/3634] [991] HLS.S30.T11SMC.2021131T183919.v2.0: SKIP NoDataInBounds (field does not intersect FMASK)
[987/3634] [973] HLS.S30.T10TDK.2021130T190909.v2.0: wrote 8 files
[988/3634] [982] HLS.S30.T10TGL.2021131T183919.v2.0: wrote 8 files
[989/3634] [985] HLS.S30.T11TKE.2021131T183919.v2.0: wrote 8 files
[990/3634] [986] HLS.S30.T10TGK.2021131T183919.v2.0: wrote 8 files
[991/3634] [989] HLS.S30.T11SKD.2021131T183919.v2.0: wrote 8 files
[992/3634] [997] HLS.S30.T11SMB.2021131T183919.v2.0: wrote 8 files
[993/3634] [993] HLS.S30.T11SLC.2021131T183919.v2.0: wrote 8 files
[994/3634] [990] HLS.S30.T10SGJ.2021131T183919.v2.0: wrote 8 files
[995/3634] [992] HLS.S30.T10SFJ.2021131T183919.v2.0: wrote 8 files
[996/3634] [994] HLS.S30.T11SKC.2021131T183919.v2.0: wrote 8 files
[997/3634] [996] HLS.S30.T10SFH.2021131T183919.v2.0: wrote 8 files
[998/3634] [995] HLS.S30.T10SGH.2021131T183919.v2.0: wrote 8 files
[999/3634] [998] HLS.S30.T11SLB.2021131T183919.v2.0: wrote 8 files
[1000/3634] [999] HLS.S30.T11SKB.2021131T183919.v2.0: wrote 8 files
[1001/3634] [1000] HLS.S30.T10SGG.2021131T183919.v2.0: wrote 8 files
[1002/3634] [1005] HLS.S30.T10TCM.2021132T185921.v2.0: wrote 8 files
[1003/3634] [1001] HLS.S30.T10SFG.2021131T183919.v2.0: wrote 8 files
[1004/3634] [1002] HLS.S30.T10TFM.2021132T185921.v2.0: wrote 8 files
[1005/3634] [1003] HLS.S30.T10TEM.2021132T185921.v2.0: wrote 8 files
[1006/3634] [1004] HLS.S30.T10TDM.2021132T185921.v2.0: wrote 8 files
[1007/3634] [1010] HLS.S30.T10TCL.2021132T185921.v2.0: wrote 8 files
[1008/3634] [1013] HLS.S30.T10TCK.2021132T185921.v2.0: wrote 8 files
[1009/3634] [1006] HLS.S30.T10TFL.2021132T185921.v2.0: wrote 8 files
[1010/3634] [1009] HLS.S30.T10TFK.2021132T185921.v2.0: wrote 8 files
[1011/3634] [1007] HLS.S30.T10TEL.2021132T185921.v2.0: wrote 8 files
[1012/3634] [1018] HLS.S30.T11TMF.2021133T182921.v2.0: SKIP NoDataInBounds (field does not intersect FMASK)
[1013/3634] [1019] HLS.S30.T11TME.2021133T182921.v2.0: SKIP NoDataInBounds (field does not intersect FMASK)
[1014/3634] [1020] HLS.S30.T11SMD.2021133T182921.v2.0: SKIP NoDataInBounds (field does not intersect FMASK)
[1015/3634] [1021] HLS.S30.T11SLD.2021133T182921.v2.0: SKIP NoDataInBounds (field does not intersect FMASK)
[1016/3634] [1008] HLS.S30.T10TDL.2021132T185921.v2.0: wrote 8 files
[1017/3634] [1022] HLS.S30.T11SMC.2021133T182921.v2.0: SKIP NoDataInBounds (field does not intersect FMASK)
[1018/3634] [1011] HLS.S30.T10TEK.2021132T185921.v2.0: wrote 8 files
[1019/3634] [1024] HLS.S30.T11SMB.2021133T182921.v2.0: wrote 8 files
[1020/3634] [1012] HLS.S30.T10TDK.2021132T185921.v2.0: wrote 8 files
[1021/3634] [1014] HLS.S30.T10SEJ.2021132T185921.v2.0: wrote 8 files
[1022/3634] [1017] HLS.S30.T10SDH.2021132T185921.v2.0: wrote 8 files
[1023/3634] [1029] HLS.S30.T11TLG.2021134T184919.v2.0: SKIP NoDataInBounds (field does not intersect FMASK)
[1024/3634] [1023] HLS.S30.T11SLC.2021133T182921.v2.0: wrote 8 files
[1025/3634] [1027] HLS.L30.T10TCM.2021133T190235.v2.0: wrote 8 files
[1026/3634] [1015] HLS.S30.T10SDJ.2021132T185921.v2.0: wrote 8 files
[1027/3634] [1016] HLS.S30.T10SEH.2021132T185921.v2.0: wrote 8 files
[1028/3634] [1034] HLS.S30.T11TLF.2021134T184919.v2.0: SKIP NoDataInBounds (field does not intersect FMASK)
[1029/3634] [1025] HLS.S30.T11SLB.2021133T182921.v2.0: wrote 8 files
[1030/3634] [1028] HLS.L30.T10TCL.2021133T190259.v2.0: wrote 8 files
[1031/3634] [1026] HLS.L30.T10TDM.2021133T190235.v2.0: wrote 8 files
[1032/3634] [1038] HLS.S30.T11TLE.2021134T184919.v2.0: SKIP NoDataInBounds (field does not intersect FMASK)
[1033/3634] [1030] HLS.S30.T10TGM.2021134T184919.v2.0: wrote 8 files
[1034/3634] [1031] HLS.S30.T11TKG.2021134T184919.v2.0: wrote 8 files
[1035/3634] [1032] HLS.S30.T10TFM.2021134T184919.v2.0: wrote 8 files
[1036/3634] [1033] HLS.S30.T10TEM.2021134T184919.v2.0: wrote 8 files
[1037/3634] [1035] HLS.S30.T11TKF.2021134T184919.v2.0: wrote 8 files
[1038/3634] [1036] HLS.S30.T10TGL.2021134T184919.v2.0: wrote 8 files
[1039/3634] [1040] HLS.S30.T11TKE.2021134T184919.v2.0: wrote 8 files
[1040/3634] [1041] HLS.S30.T10TGK.2021134T184919.v2.0: wrote 8 files
[1041/3634] [1039] HLS.S30.T10TEL.2021134T184919.v2.0: wrote 8 files
[1042/3634] [1037] HLS.S30.T10TFL.2021134T184919.v2.0: wrote 8 files
[1043/3634] [1044] HLS.S30.T11SKD.2021134T184919.v2.0: wrote 8 files
[1044/3634] [1045] HLS.S30.T10SGJ.2021134T184919.v2.0: wrote 8 files
[1045/3634] [1043] HLS.S30.T10TEK.2021134T184919.v2.0: wrote 8 files
[1046/3634] [1042] HLS.S30.T10TFK.2021134T184919.v2.0: wrote 8 files
[1047/3634] [1046] HLS.S30.T10SFJ.2021134T184919.v2.0: wrote 8 files
[1048/3634] [1047] HLS.S30.T10SEJ.2021134T184919.v2.0: wrote 8 files
[1049/3634] [1048] HLS.S30.T10SDJ.2021134T184919.v2.0: wrote 8 files
[1050/3634] [1049] HLS.S30.T11SKC.2021134T184919.v2.0: wrote 8 files
[1051/3634] [1053] HLS.S30.T10SDH.2021134T184919.v2.0: wrote 8 files
[1052/3634] [1050] HLS.S30.T10SGH.2021134T184919.v2.0: wrote 8 files
[1053/3634] [1054] HLS.S30.T11SKB.2021134T184919.v2.0: wrote 8 files
[1054/3634] [1052] HLS.S30.T10SEH.2021134T184919.v2.0: wrote 8 files
[1055/3634] [1055] HLS.S30.T10SGG.2021134T184919.v2.0: wrote 8 files
[1056/3634] [1051] HLS.S30.T10SFH.2021134T184919.v2.0: wrote 8 files
[1057/3634] [1056] HLS.S30.T10SFG.2021134T184919.v2.0: wrote 8 files
[1058/3634] [1057] HLS.S30.T10SEG.2021134T184919.v2.0: wrote 8 files
[1059/3634] [1058] HLS.L30.T10TFM.2021135T185015.v2.0: wrote 8 files
[1060/3634] [1064] HLS.L30.T10TCK.2021135T185103.v2.0: wrote 8 files
[1061/3634] [1059] HLS.L30.T10TEM.2021135T185015.v2.0: wrote 8 files
[1062/3634] [1063] HLS.L30.T10TDM.2021135T185039.v2.0: wrote 8 files
[1063/3634] [1060] HLS.L30.T10TFL.2021135T185039.v2.0: wrote 8 files
[1064/3634] [1061] HLS.L30.T10TDL.2021135T185039.v2.0: wrote 8 files
[1065/3634] [1062] HLS.L30.T10TEL.2021135T185039.v2.0: wrote 8 files
[1066/3634] [1066] HLS.L30.T10TFK.2021135T185103.v2.0: wrote 8 files
[1067/3634] [1065] HLS.L30.T10TEK.2021135T185103.v2.0: wrote 8 files
[1068/3634] [1073] HLS.L30.T10SDG.2021135T185150.v2.0: SKIP NoDataInBounds (field does not intersect FMASK)
[1069/3634] [1067] HLS.L30.T10SEJ.2021135T185103.v2.0: wrote 8 files
[1070/3634] [1075] HLS.S30.T10TCM.2021135T190911.v2.0: wrote 8 files
[1071/3634] [1068] HLS.L30.T10TDK.2021135T185103.v2.0: wrote 8 files
[1072/3634] [1069] HLS.L30.T10SDJ.2021135T185103.v2.0: wrote 8 files
[1073/3634] [1072] HLS.L30.T10SEG.2021135T185150.v2.0: wrote 8 files
[1074/3634] [1080] HLS.S30.T11TMG.2021136T183921.v2.0: SKIP NoDataInBounds (field does not intersect FMASK)
[1075/3634] [1081] HLS.S30.T11TLG.2021136T183921.v2.0: SKIP NoDataInBounds (field does not intersect FMASK)
[1076/3634] [1071] HLS.L30.T10SDH.2021135T185127.v2.0: wrote 8 files
[1077/3634] [1074] HLS.S30.T10TDM.2021135T190911.v2.0: wrote 8 files
[1078/3634] [1070] HLS.L30.T10SEH.2021135T185127.v2.0: wrote 8 files
[1079/3634] [1084] HLS.S30.T11TMF.2021136T183921.v2.0: SKIP NoDataInBounds (field does not intersect FMASK)
[1080/3634] [1085] HLS.S30.T11TLF.2021136T183921.v2.0: SKIP NoDataInBounds (field does not intersect FMASK)
[1081/3634] [1077] HLS.S30.T10TCL.2021135T190911.v2.0: wrote 8 files
[1082/3634] [1088] HLS.S30.T11TME.2021136T183921.v2.0: SKIP NoDataInBounds (field does not intersect FMASK)
[1083/3634] [1089] HLS.S30.T11TLE.2021136T183921.v2.0: SKIP NoDataInBounds (field does not intersect FMASK)
[1084/3634] [1079] HLS.S30.T10TCK.2021135T190911.v2.0: wrote 8 files
[1085/3634] [1082] HLS.S30.T10TGM.2021136T183921.v2.0: wrote 8 files
[1086/3634] [1092] HLS.S30.T11SMD.2021136T183921.v2.0: SKIP NoDataInBounds (field does not intersect FMASK)
[1087/3634] [1093] HLS.S30.T11SLD.2021136T183921.v2.0: SKIP NoDataInBounds (field does not intersect FMASK)
[1088/3634] [1083] HLS.S30.T11TKG.2021136T183921.v2.0: wrote 8 files
[1089/3634] [1078] HLS.S30.T10TDK.2021135T190911.v2.0: wrote 8 files
[1090/3634] [1076] HLS.S30.T10TDL.2021135T190911.v2.0: wrote 8 files
[1091/3634] [1096] HLS.S30.T11SMC.2021136T183921.v2.0: SKIP NoDataInBounds (field does not intersect FMASK)
[1092/3634] [1086] HLS.S30.T11TKF.2021136T183921.v2.0: wrote 8 files
[1093/3634] [1087] HLS.S30.T10TGL.2021136T183921.v2.0: wrote 8 files
[1094/3634] [1090] HLS.S30.T11TKE.2021136T183921.v2.0: wrote 8 files
[1095/3634] [1091] HLS.S30.T10TGK.2021136T183921.v2.0: wrote 8 files
[1096/3634] [1094] HLS.S30.T11SKD.2021136T183921.v2.0: wrote 8 files
[1097/3634] [1102] HLS.S30.T11SMB.2021136T183921.v2.0: wrote 8 files
[1098/3634] [1098] HLS.S30.T11SLC.2021136T183921.v2.0: wrote 8 files
[1099/3634] [1095] HLS.S30.T10SGJ.2021136T183921.v2.0: wrote 8 files
[1100/3634] [1097] HLS.S30.T10SFJ.2021136T183921.v2.0: wrote 8 files
[1101/3634] [1107] HLS.L30.T11TMG.2021137T183755.v2.0: SKIP NoDataInBounds (field does not intersect FMASK)
[1102/3634] [1108] HLS.L30.T11TLG.2021137T183755.v2.0: SKIP NoDataInBounds (field does not intersect FMASK)
[1103/3634] [1109] HLS.L30.T11TLF.2021137T183818.v2.0: SKIP NoDataInBounds (field does not intersect FMASK)
[1104/3634] [1099] HLS.S30.T11SKC.2021136T183921.v2.0: wrote 8 files
[1105/3634] [1101] HLS.S30.T10SFH.2021136T183921.v2.0: wrote 8 files
[1106/3634] [1100] HLS.S30.T10SGH.2021136T183921.v2.0: wrote 8 files
[1107/3634] [1103] HLS.S30.T11SLB.2021136T183921.v2.0: wrote 8 files
[1108/3634] [1104] HLS.S30.T11SKB.2021136T183921.v2.0: wrote 8 files
[1109/3634] [1115] HLS.L30.T11TLE.2021137T183842.v2.0: SKIP NoDataInBounds (field does not intersect FMASK)
[1110/3634] [1105] HLS.S30.T10SGG.2021136T183921.v2.0: wrote 8 files
[1111/3634] [1106] HLS.S30.T10SFG.2021136T183921.v2.0: wrote 8 files
[1112/3634] [1112] HLS.L30.T10TGM.2021137T183818.v2.0: wrote 8 files
[1113/3634] [1113] HLS.L30.T11TKG.2021137T183818.v2.0: wrote 8 files
[1114/3634] [1111] HLS.L30.T10TGL.2021137T183818.v2.0: wrote 8 files
[1115/3634] [1121] HLS.L30.T11SLD.2021137T183842.v2.0: SKIP NoDataInBounds (field does not intersect FMASK)
[1116/3634] [1114] HLS.L30.T11TKF.2021137T183818.v2.0: wrote 8 files
[1117/3634] [1110] HLS.L30.T10TFL.2021137T183818.v2.0: wrote 8 files
[1118/3634] [1116] HLS.L30.T11SKD.2021137T183842.v2.0: wrote 8 files
[1119/3634] [1119] HLS.L30.T11TKE.2021137T183842.v2.0: wrote 8 files
[1120/3634] [1120] HLS.L30.T10TGK.2021137T183842.v2.0: wrote 8 files
[1121/3634] [1117] HLS.L30.T10TFK.2021137T183842.v2.0: wrote 8 files
[1122/3634] [1118] HLS.L30.T10SGJ.2021137T183842.v2.0: wrote 8 files
[1123/3634] [1125] HLS.L30.T11SLC.2021137T183906.v2.0: wrote 8 files
[1124/3634] [1122] HLS.L30.T10SFJ.2021137T183842.v2.0: wrote 8 files
[1125/3634] [1123] HLS.L30.T10SGH.2021137T183906.v2.0: wrote 8 files
[1126/3634] [1127] HLS.L30.T11SKB.2021137T183930.v2.0: wrote 8 files
[1127/3634] [1124] HLS.L30.T10SFH.2021137T183906.v2.0: wrote 8 files
[1128/3634] [1128] HLS.L30.T10SFG.2021137T183930.v2.0: wrote 8 files
[1129/3634] [1129] HLS.L30.T10SGG.2021137T183930.v2.0: wrote 8 files
[1130/3634] [1130] HLS.S30.T10TFM.2021137T185919.v2.0: wrote 8 files
[1131/3634] [1126] HLS.L30.T11SKC.2021137T183906.v2.0: wrote 8 files
[1132/3634] [1133] HLS.S30.T10TCM.2021137T185919.v2.0: wrote 8 files
[1133/3634] [1131] HLS.S30.T10TEM.2021137T185919.v2.0: wrote 8 files
[1134/3634] [1132] HLS.S30.T10TDM.2021137T185919.v2.0: wrote 8 files
[1135/3634] [1138] HLS.S30.T10TCL.2021137T185919.v2.0: wrote 8 files
[1136/3634] [1141] HLS.S30.T10TCK.2021137T185919.v2.0: wrote 8 files
[1137/3634] [1134] HLS.S30.T10TFL.2021137T185919.v2.0: wrote 8 files
[1138/3634] [1137] HLS.S30.T10TFK.2021137T185919.v2.0: wrote 8 files
[1139/3634] [1135] HLS.S30.T10TEL.2021137T185919.v2.0: wrote 8 files
[1140/3634] [1136] HLS.S30.T10TDL.2021137T185919.v2.0: wrote 8 files
[1141/3634] [1139] HLS.S30.T10TEK.2021137T185919.v2.0: wrote 8 files
[1142/3634] [1148] HLS.S30.T11TMF.2021138T182919.v2.0: SKIP NoDataInBounds (field does not intersect FMASK)
[1143/3634] [1149] HLS.S30.T11TME.2021138T182919.v2.0: SKIP NoDataInBounds (field does not intersect FMASK)
[1144/3634] [1147] HLS.S30.T10SDG.2021137T185919.v2.0: SKIP NoDataInBounds (field does not intersect FMASK)
[1145/3634] [1150] HLS.S30.T11SMD.2021138T182919.v2.0: SKIP NoDataInBounds (field does not intersect FMASK)
[1146/3634] [1151] HLS.S30.T11SLD.2021138T182919.v2.0: SKIP NoDataInBounds (field does not intersect FMASK)
[1147/3634] [1152] HLS.S30.T11SMC.2021138T182919.v2.0: SKIP NoDataInBounds (field does not intersect FMASK)
[1148/3634] [1140] HLS.S30.T10TDK.2021137T185919.v2.0: wrote 8 files
[1149/3634] [1142] HLS.S30.T10SEJ.2021137T185919.v2.0: wrote 8 files
[1150/3634] [1156] HLS.L30.T11TMF.2021139T182558.v2.0: SKIP NoDataInBounds (field does not intersect FMASK)
[1151/3634] [1157] HLS.L30.T11TME.2021139T182622.v2.0: SKIP NoDataInBounds (field does not intersect FMASK)
[1152/3634] [1154] HLS.S30.T11SMB.2021138T182919.v2.0: wrote 8 files
[1153/3634] [1159] HLS.L30.T11SMC.2021139T182646.v2.0: SKIP NoDataInBounds (field does not intersect FMASK)
[1154/3634] [1158] HLS.L30.T11SMD.2021139T182622.v2.0: SKIP NoDataInBounds (field does not intersect FMASK)
[1155/3634] [1161] HLS.L30.T11SLD.2021139T182646.v2.0: SKIP NoDataInBounds (field does not intersect FMASK)
[1156/3634] [1146] HLS.S30.T10SEG.2021137T185919.v2.0: wrote 8 files
[1157/3634] [1145] HLS.S30.T10SDH.2021137T185919.v2.0: wrote 8 files
[1158/3634] [1164] HLS.S30.T11TLG.2021139T184921.v2.0: SKIP NoDataInBounds (field does not intersect FMASK)
[1159/3634] [1143] HLS.S30.T10SDJ.2021137T185919.v2.0: wrote 8 files
[1160/3634] [1153] HLS.S30.T11SLC.2021138T182919.v2.0: wrote 8 files
[1161/3634] [1144] HLS.S30.T10SEH.2021137T185919.v2.0: wrote 8 files
[1162/3634] [1162] HLS.L30.T11SMB.2021139T182710.v2.0: wrote 8 files
[1163/3634] [1169] HLS.S30.T11TLF.2021139T184921.v2.0: SKIP NoDataInBounds (field does not intersect FMASK)
[1164/3634] [1165] HLS.S30.T10TGM.2021139T184921.v2.0: wrote 8 files
[1165/3634] [1155] HLS.S30.T11SLB.2021138T182919.v2.0: wrote 8 files
[1166/3634] [1160] HLS.L30.T11SLC.2021139T182646.v2.0: wrote 8 files
[1167/3634] [1166] HLS.S30.T11TKG.2021139T184921.v2.0: wrote 8 files
[1168/3634] [1173] HLS.S30.T11TLE.2021139T184921.v2.0: SKIP NoDataInBounds (field does not intersect FMASK)
[1169/3634] [1163] HLS.L30.T11SLB.2021139T182710.v2.0: wrote 8 files
[1170/3634] [1168] HLS.S30.T10TEM.2021139T184921.v2.0: wrote 8 files
[1171/3634] [1167] HLS.S30.T10TFM.2021139T184921.v2.0: wrote 8 files
[1172/3634] [1170] HLS.S30.T11TKF.2021139T184921.v2.0: wrote 8 files
[1173/3634] [1171] HLS.S30.T10TGL.2021139T184921.v2.0: wrote 8 files
[1174/3634] [1175] HLS.S30.T11TKE.2021139T184921.v2.0: wrote 8 files
[1175/3634] [1176] HLS.S30.T10TGK.2021139T184921.v2.0: wrote 8 files
[1176/3634] [1172] HLS.S30.T10TFL.2021139T184921.v2.0: wrote 8 files
[1177/3634] [1174] HLS.S30.T10TEL.2021139T184921.v2.0: wrote 8 files
[1178/3634] [1179] HLS.S30.T11SKD.2021139T184921.v2.0: wrote 8 files
[1179/3634] [1178] HLS.S30.T10TEK.2021139T184921.v2.0: wrote 8 files
[1180/3634] [1177] HLS.S30.T10TFK.2021139T184921.v2.0: wrote 8 files
[1181/3634] [1180] HLS.S30.T10SGJ.2021139T184921.v2.0: wrote 8 files
[1182/3634] [1181] HLS.S30.T10SFJ.2021139T184921.v2.0: wrote 8 files
[1183/3634] [1182] HLS.S30.T10SEJ.2021139T184921.v2.0: wrote 8 files
[1184/3634] [1183] HLS.S30.T10SDJ.2021139T184921.v2.0: wrote 8 files
[1185/3634] [1184] HLS.S30.T11SKC.2021139T184921.v2.0: wrote 8 files
[1186/3634] [1188] HLS.S30.T10SDH.2021139T184921.v2.0: wrote 8 files
[1187/3634] [1193] HLS.S30.T10SDG.2021139T184921.v2.0: SKIP NoDataInBounds (field does not intersect FMASK)
[1188/3634] [1185] HLS.S30.T10SGH.2021139T184921.v2.0: wrote 8 files
[1189/3634] [1189] HLS.S30.T11SKB.2021139T184921.v2.0: wrote 8 files
[1190/3634] [1195] HLS.S30.T10TCM.2021140T190919.v2.0: wrote 8 files
[1191/3634] [1186] HLS.S30.T10SFH.2021139T184921.v2.0: wrote 8 files
[1192/3634] [1187] HLS.S30.T10SEH.2021139T184921.v2.0: wrote 8 files
[1193/3634] [1190] HLS.S30.T10SGG.2021139T184921.v2.0: wrote 8 files
[1194/3634] [1191] HLS.S30.T10SFG.2021139T184921.v2.0: wrote 8 files
[1195/3634] [1192] HLS.S30.T10SEG.2021139T184921.v2.0: wrote 8 files
[1196/3634] [1202] HLS.S30.T11TMF.2021141T183919.v2.0: SKIP NoDataInBounds (field does not intersect FMASK)
[1197/3634] [1199] HLS.S30.T10TCK.2021140T190919.v2.0: wrote 8 files
[1198/3634] [1194] HLS.S30.T10TDM.2021140T190919.v2.0: wrote 8 files
[1199/3634] [1205] HLS.S30.T11TLE.2021141T183919.v2.0: SKIP NoDataInBounds (field does not intersect FMASK)
[1200/3634] [1197] HLS.S30.T10TCL.2021140T190919.v2.0: wrote 8 files
[1201/3634] [1200] HLS.S30.T10TGM.2021141T183919.v2.0: wrote 8 files
[1202/3634] [1208] HLS.S30.T11SMD.2021141T183919.v2.0: SKIP NoDataInBounds (field does not intersect FMASK)
[1203/3634] [1209] HLS.S30.T11SLD.2021141T183919.v2.0: SKIP NoDataInBounds (field does not intersect FMASK)
[1204/3634] [1201] HLS.S30.T11TKG.2021141T183919.v2.0: wrote 8 files
[1205/3634] [1203] HLS.S30.T11TKF.2021141T183919.v2.0: wrote 8 files
[1206/3634] [1212] HLS.S30.T11SMC.2021141T183919.v2.0: SKIP NoDataInBounds (field does not intersect FMASK)
[1207/3634] [1198] HLS.S30.T10TDK.2021140T190919.v2.0: wrote 8 files
[1208/3634] [1204] HLS.S30.T10TGL.2021141T183919.v2.0: wrote 8 files
[1209/3634] [1196] HLS.S30.T10TDL.2021140T190919.v2.0: wrote 8 files
[1210/3634] [1206] HLS.S30.T11TKE.2021141T183919.v2.0: wrote 8 files
[1211/3634] [1207] HLS.S30.T10TGK.2021141T183919.v2.0: wrote 8 files
[1212/3634] [1210] HLS.S30.T11SKD.2021141T183919.v2.0: wrote 8 files
[1213/3634] [1214] HLS.S30.T11SLC.2021141T183919.v2.0: wrote 8 files
[1214/3634] [1211] HLS.S30.T10SGJ.2021141T183919.v2.0: wrote 8 files
[1215/3634] [1218] HLS.S30.T11SLB.2021141T183919.v2.0: wrote 8 files
[1216/3634] [1213] HLS.S30.T10SFJ.2021141T183919.v2.0: wrote 8 files
[1217/3634] [1215] HLS.S30.T11SKC.2021141T183919.v2.0: wrote 8 files
[1218/3634] [1217] HLS.S30.T10SFH.2021141T183919.v2.0: wrote 8 files
[1219/3634] [1219] HLS.S30.T11SKB.2021141T183919.v2.0: wrote 8 files
[1220/3634] [1216] HLS.S30.T10SGH.2021141T183919.v2.0: wrote 8 files
[1221/3634] [1227] HLS.L30.T10TCM.2021142T185654.v2.0: wrote 8 files
[1222/3634] [1220] HLS.S30.T10SGG.2021141T183919.v2.0: wrote 8 files
[1223/3634] [1221] HLS.S30.T10SFG.2021141T183919.v2.0: wrote 8 files
[1224/3634] [1225] HLS.L30.T10TCL.2021142T185654.v2.0: wrote 8 files
[1225/3634] [1223] HLS.L30.T10TEM.2021142T185630.v2.0: wrote 8 files
[1226/3634] [1222] HLS.L30.T10TDM.2021142T185630.v2.0: wrote 8 files
[1227/3634] [1230] HLS.L30.T10TCK.2021142T185718.v2.0: wrote 8 files
[1228/3634] [1224] HLS.L30.T10TEL.2021142T185654.v2.0: wrote 8 files
[1229/3634] [1234] HLS.S30.T10TCM.2021142T185921.v2.0: wrote 8 files
[1230/3634] [1226] HLS.L30.T10TDL.2021142T185654.v2.0: wrote 8 files
[1231/3634] [1231] HLS.L30.T10SDH.2021142T185742.v2.0: wrote 8 files
[1232/3634] [1229] HLS.L30.T10SDJ.2021142T185718.v2.0: wrote 8 files
[1233/3634] [1232] HLS.S30.T10TEM.2021142T185921.v2.0: wrote 8 files
[1234/3634] [1233] HLS.S30.T10TDM.2021142T185921.v2.0: wrote 8 files
[1235/3634] [1228] HLS.L30.T10TDK.2021142T185718.v2.0: wrote 8 files
[1236/3634] [1239] HLS.S30.T10TCL.2021142T185921.v2.0: wrote 8 files
[1237/3634] [1242] HLS.S30.T10TCK.2021142T185921.v2.0: wrote 8 files
[1238/3634] [1235] HLS.S30.T10TFL.2021142T185921.v2.0: wrote 8 files
[1239/3634] [1236] HLS.S30.T10TEL.2021142T185921.v2.0: wrote 8 files
[1240/3634] [1238] HLS.S30.T10TFK.2021142T185921.v2.0: wrote 8 files
[1241/3634] [1237] HLS.S30.T10TDL.2021142T185921.v2.0: wrote 8 files
[1242/3634] [1248] HLS.S30.T11TMF.2021143T182921.v2.0: SKIP NoDataInBounds (field does not intersect FMASK)
[1243/3634] [1249] HLS.S30.T11TME.2021143T182921.v2.0: SKIP NoDataInBounds (field does not intersect FMASK)
[1244/3634] [1250] HLS.S30.T11SMD.2021143T182921.v2.0: SKIP NoDataInBounds (field does not intersect FMASK)
[1245/3634] [1251] HLS.S30.T11SLD.2021143T182921.v2.0: SKIP NoDataInBounds (field does not intersect FMASK)
[1246/3634] [1252] HLS.S30.T11SMC.2021143T182921.v2.0: SKIP NoDataInBounds (field does not intersect FMASK)
[1247/3634] [1241] HLS.S30.T10TDK.2021142T185921.v2.0: wrote 8 files
[1248/3634] [1240] HLS.S30.T10TEK.2021142T185921.v2.0: wrote 8 files
[1249/3634] [1247] HLS.S30.T10SEG.2021142T185921.v2.0: wrote 8 files
[1250/3634] [1244] HLS.S30.T10SDJ.2021142T185921.v2.0: wrote 8 files
[1251/3634] [1254] HLS.S30.T11SMB.2021143T182921.v2.0: wrote 8 files
[1252/3634] [1243] HLS.S30.T10SEJ.2021142T185921.v2.0: wrote 8 files
[1253/3634] [1253] HLS.S30.T11SLC.2021143T182921.v2.0: wrote 8 files
[1254/3634] [1245] HLS.S30.T10SEH.2021142T185921.v2.0: wrote 8 files
