Using workers=8 (SLURM_CPUS_PER_TASK=18)
Total granules found: 617
Submitting 617 granules to the pool...
[1/617] [6] HLS.L30.T10TCL.2021094T185700.v2.0: wrote 8 files
[2/617] [5] HLS.S30.T10TCL.2021092T185921.v2.0: wrote 8 files
[3/617] [1] HLS.S30.T10TGL.2021091T183919.v2.0: wrote 8 files
[4/617] [0] HLS.S30.T11TKF.2021091T183919.v2.0: wrote 8 files
[5/617] [9] HLS.S30.T10TGM.2021094T184919.v2.0: wrote 8 files
[6/617] [10] HLS.S30.T11TKG.2021094T184919.v2.0: wrote 8 files
[7/617] [7] HLS.L30.T10TDL.2021094T185700.v2.0: wrote 8 files
[8/617] [3] HLS.S30.T10TEL.2021092T185921.v2.0: wrote 8 files
[9/617] [2] HLS.S30.T10TFL.2021092T185921.v2.0: wrote 8 files
[10/617] [4] HLS.S30.T10TDL.2021092T185921.v2.0: wrote 8 files
[11/617] [11] HLS.S30.T10TFM.2021094T184919.v2.0: wrote 8 files
[12/617] [8] HLS.L30.T10TEL.2021094T185700.v2.0: wrote 8 files
[13/617] [17] HLS.S30.T10TCL.2021095T190911.v2.0: wrote 8 files
[14/617] [12] HLS.S30.T11TKF.2021094T184919.v2.0: wrote 8 files
[15/617] [18] HLS.L30.T10TGM.2021096T184413.v2.0: wrote 8 files
[16/617] [13] HLS.S30.T10TGL.2021094T184919.v2.0: wrote 8 files
[17/617] [19] HLS.L30.T11TKG.2021096T184413.v2.0: wrote 8 files
[18/617] [21] HLS.L30.T10TFM.2021096T184437.v2.0: wrote 8 files
[19/617] [16] HLS.S30.T10TDL.2021095T190911.v2.0: wrote 8 files
[20/617] [15] HLS.S30.T10TEL.2021094T184919.v2.0: wrote 8 files
[21/617] [22] HLS.L30.T11TKF.2021096T184437.v2.0: wrote 8 files
[22/617] [14] HLS.S30.T10TFL.2021094T184919.v2.0: wrote 8 files
[23/617] [24] HLS.L30.T10TGL.2021096T184437.v2.0: wrote 8 files
[24/617] [20] HLS.L30.T10TFL.2021096T184437.v2.0: wrote 8 files
[25/617] [25] HLS.S30.T11TKF.2021096T183911.v2.0: wrote 8 files
[26/617] [23] HLS.L30.T10TEL.2021096T184437.v2.0: wrote 8 files
[27/617] [26] HLS.S30.T10TGL.2021096T183911.v2.0: wrote 8 files
[28/617] [30] HLS.S30.T10TGM.2021099T184911.v2.0: wrote 8 files
[29/617] [31] HLS.S30.T11TKG.2021099T184911.v2.0: wrote 8 files
[30/617] [32] HLS.S30.T10TFM.2021099T184911.v2.0: wrote 8 files
[31/617] [27] HLS.S30.T10TFL.2021097T185919.v2.0: wrote 8 files
[32/617] [28] HLS.S30.T10TEL.2021097T185919.v2.0: wrote 8 files
[33/617] [29] HLS.S30.T10TDL.2021097T185919.v2.0: wrote 8 files
[34/617] [33] HLS.S30.T11TKF.2021099T184911.v2.0: wrote 8 files
[35/617] [34] HLS.S30.T10TGL.2021099T184911.v2.0: wrote 8 files
[36/617] [38] HLS.S30.T10TCL.2021100T190909.v2.0: wrote 8 files
[37/617] [39] HLS.S30.T11TKF.2021101T183919.v2.0: wrote 8 files
[38/617] [40] HLS.S30.T10TGL.2021101T183919.v2.0: wrote 8 files
[39/617] [35] HLS.S30.T10TFL.2021099T184911.v2.0: wrote 8 files
[40/617] [36] HLS.S30.T10TEL.2021099T184911.v2.0: wrote 8 files
[41/617] [37] HLS.S30.T10TDL.2021100T190909.v2.0: wrote 8 files
[42/617] [44] HLS.S30.T10TCL.2021102T185911.v2.0: wrote 8 files
[43/617] [41] HLS.S30.T10TFL.2021102T185911.v2.0: wrote 8 files
[44/617] [48] HLS.S30.T10TGM.2021104T184919.v2.0: wrote 8 files
[45/617] [42] HLS.S30.T10TEL.2021102T185911.v2.0: wrote 8 files
[46/617] [49] HLS.S30.T11TKG.2021104T184919.v2.0: wrote 8 files
[47/617] [43] HLS.S30.T10TDL.2021102T185911.v2.0: wrote 8 files
[48/617] [50] HLS.S30.T10TFM.2021104T184919.v2.0: wrote 8 files
[49/617] [45] HLS.L30.T10TDL.2021103T185045.v2.0: wrote 8 files
[50/617] [47] HLS.L30.T10TFL.2021103T185045.v2.0: wrote 8 files
[51/617] [46] HLS.L30.T10TEL.2021103T185045.v2.0: wrote 8 files
[52/617] [51] HLS.S30.T11TKF.2021104T184919.v2.0: wrote 8 files
[53/617] [52] HLS.S30.T10TGL.2021104T184919.v2.0: wrote 8 files
[54/617] [55] HLS.L30.T11TKG.2021105T183823.v2.0: wrote 8 files
[55/617] [57] HLS.L30.T10TGM.2021105T183823.v2.0: wrote 8 files
[56/617] [61] HLS.S30.T10TCL.2021105T190911.v2.0: wrote 8 files
[57/617] [56] HLS.L30.T11TKF.2021105T183823.v2.0: wrote 8 files
[58/617] [54] HLS.S30.T10TEL.2021104T184919.v2.0: wrote 8 files
[59/617] [53] HLS.S30.T10TFL.2021104T184919.v2.0: wrote 8 files
[60/617] [59] HLS.L30.T10TGL.2021105T183823.v2.0: wrote 8 files
[61/617] [62] HLS.S30.T11TKF.2021106T183911.v2.0: wrote 8 files
[62/617] [58] HLS.L30.T10TFL.2021105T183823.v2.0: wrote 8 files
[63/617] [60] HLS.S30.T10TDL.2021105T190911.v2.0: wrote 8 files
[64/617] [67] HLS.S30.T10TCL.2021107T185909.v2.0: wrote 8 files
[65/617] [63] HLS.S30.T10TGL.2021106T183911.v2.0: wrote 8 files
[66/617] [68] HLS.S30.T10TGM.2021109T184911.v2.0: wrote 8 files
[67/617] [69] HLS.S30.T11TKG.2021109T184911.v2.0: wrote 8 files
[68/617] [70] HLS.S30.T10TFM.2021109T184911.v2.0: wrote 8 files
[69/617] [64] HLS.S30.T10TFL.2021107T185909.v2.0: wrote 8 files
[70/617] [65] HLS.S30.T10TEL.2021107T185909.v2.0: wrote 8 files
[71/617] [71] HLS.S30.T11TKF.2021109T184911.v2.0: wrote 8 files
[72/617] [66] HLS.S30.T10TDL.2021107T185909.v2.0: wrote 8 files
[73/617] [72] HLS.S30.T10TGL.2021109T184911.v2.0: wrote 8 files
[74/617] [76] HLS.L30.T10TCL.2021110T185653.v2.0: wrote 8 files
[75/617] [79] HLS.S30.T10TCL.2021110T190909.v2.0: wrote 8 files
[76/617] [73] HLS.S30.T10TFL.2021109T184911.v2.0: wrote 8 files
[77/617] [74] HLS.S30.T10TEL.2021109T184911.v2.0: wrote 8 files
[78/617] [80] HLS.S30.T11TKF.2021111T183909.v2.0: wrote 8 files
[79/617] [82] HLS.L30.T10TGM.2021112T184406.v2.0: wrote 8 files
[80/617] [75] HLS.L30.T10TEL.2021110T185653.v2.0: wrote 8 files
[81/617] [81] HLS.S30.T10TGL.2021111T183909.v2.0: wrote 8 files
[82/617] [83] HLS.L30.T11TKG.2021112T184406.v2.0: wrote 8 files
[83/617] [78] HLS.S30.T10TDL.2021110T190909.v2.0: wrote 8 files
[84/617] [77] HLS.L30.T10TDL.2021110T185653.v2.0: wrote 8 files
[85/617] [84] HLS.L30.T10TFM.2021112T184430.v2.0: wrote 8 files
[86/617] [87] HLS.L30.T11TKF.2021112T184430.v2.0: wrote 8 files
[87/617] [92] HLS.S30.T10TCL.2021112T185911.v2.0: wrote 8 files
[88/617] [88] HLS.L30.T10TGL.2021112T184430.v2.0: wrote 8 files
[89/617] [85] HLS.L30.T10TEL.2021112T184430.v2.0: wrote 8 files
[90/617] [93] HLS.S30.T10TGM.2021114T184909.v2.0: wrote 8 files
[91/617] [86] HLS.L30.T10TFL.2021112T184430.v2.0: wrote 8 files
[92/617] [94] HLS.S30.T11TKG.2021114T184909.v2.0: wrote 8 files
[93/617] [89] HLS.S30.T10TFL.2021112T185911.v2.0: wrote 8 files
[94/617] [95] HLS.S30.T10TFM.2021114T184909.v2.0: wrote 8 files
[95/617] [90] HLS.S30.T10TEL.2021112T185911.v2.0: wrote 8 files
[96/617] [91] HLS.S30.T10TDL.2021112T185911.v2.0: wrote 8 files
[97/617] [96] HLS.S30.T11TKF.2021114T184909.v2.0: wrote 8 files
[98/617] [97] HLS.S30.T10TGL.2021114T184909.v2.0: wrote 8 files
[99/617] [101] HLS.S30.T10TCL.2021115T190911.v2.0: wrote 8 files
[100/617] [103] HLS.S30.T10TGL.2021116T183921.v2.0: wrote 8 files
[101/617] [102] HLS.S30.T11TKF.2021116T183921.v2.0: wrote 8 files
[102/617] [98] HLS.S30.T10TFL.2021114T184909.v2.0: wrote 8 files
[103/617] [99] HLS.S30.T10TEL.2021114T184909.v2.0: wrote 8 files
[104/617] [107] HLS.S30.T10TCL.2021117T185909.v2.0: wrote 8 files
[105/617] [100] HLS.S30.T10TDL.2021115T190911.v2.0: wrote 8 files
[106/617] [111] HLS.S30.T10TGM.2021119T184921.v2.0: wrote 8 files
[107/617] [104] HLS.S30.T10TFL.2021117T185909.v2.0: wrote 8 files
[108/617] [112] HLS.S30.T11TKG.2021119T184921.v2.0: wrote 8 files
[109/617] [105] HLS.S30.T10TEL.2021117T185909.v2.0: wrote 8 files
[110/617] [106] HLS.S30.T10TDL.2021117T185909.v2.0: wrote 8 files
[111/617] [108] HLS.L30.T10TDL.2021119T185037.v2.0: wrote 8 files
[112/617] [109] HLS.L30.T10TFL.2021119T185037.v2.0: wrote 8 files
[113/617] [113] HLS.S30.T10TFM.2021119T184921.v2.0: wrote 8 files
[114/617] [110] HLS.L30.T10TEL.2021119T185037.v2.0: wrote 8 files
[115/617] [115] HLS.S30.T10TGL.2021119T184921.v2.0: wrote 8 files
[116/617] [114] HLS.S30.T11TKF.2021119T184921.v2.0: wrote 8 files
[117/617] [119] HLS.S30.T10TCL.2021120T190909.v2.0: wrote 8 files
[118/617] [122] HLS.L30.T11TKG.2021121T183814.v2.0: wrote 8 files
[119/617] [120] HLS.L30.T11TKF.2021121T183814.v2.0: wrote 8 files
[120/617] [124] HLS.L30.T10TGM.2021121T183814.v2.0: wrote 8 files
[121/617] [116] HLS.S30.T10TFL.2021119T184921.v2.0: wrote 8 files
[122/617] [118] HLS.S30.T10TDL.2021120T190909.v2.0: wrote 8 files
[123/617] [123] HLS.L30.T10TGL.2021121T183814.v2.0: wrote 8 files
[124/617] [117] HLS.S30.T10TEL.2021119T184921.v2.0: wrote 8 files
[125/617] [121] HLS.L30.T10TFL.2021121T183814.v2.0: wrote 8 files
[126/617] [125] HLS.S30.T11TKF.2021121T183919.v2.0: wrote 8 files
[127/617] [130] HLS.S30.T10TCL.2021122T185911.v2.0: wrote 8 files
[128/617] [131] HLS.S30.T10TGM.2021124T184919.v2.0: wrote 8 files
[129/617] [126] HLS.S30.T10TGL.2021121T183919.v2.0: wrote 8 files
[130/617] [132] HLS.S30.T11TKG.2021124T184919.v2.0: wrote 8 files
[131/617] [133] HLS.S30.T10TFM.2021124T184919.v2.0: wrote 8 files
[132/617] [127] HLS.S30.T10TFL.2021122T185911.v2.0: wrote 8 files
[133/617] [128] HLS.S30.T10TEL.2021122T185911.v2.0: wrote 8 files
[134/617] [134] HLS.S30.T11TKF.2021124T184919.v2.0: wrote 8 files
[135/617] [135] HLS.S30.T10TGL.2021124T184919.v2.0: wrote 8 files
[136/617] [129] HLS.S30.T10TDL.2021122T185911.v2.0: wrote 8 files
[137/617] [139] HLS.S30.T10TCL.2021125T190911.v2.0: wrote 8 files
[138/617] [143] HLS.L30.T10TCL.2021126T185643.v2.0: wrote 8 files
[139/617] [136] HLS.S30.T10TFL.2021124T184919.v2.0: wrote 8 files
[140/617] [140] HLS.S30.T11TKF.2021126T183921.v2.0: wrote 8 files
[141/617] [141] HLS.S30.T10TGL.2021126T183921.v2.0: wrote 8 files
[142/617] [137] HLS.S30.T10TEL.2021124T184919.v2.0: wrote 8 files
[143/617] [138] HLS.S30.T10TDL.2021125T190911.v2.0: wrote 8 files
[144/617] [148] HLS.S30.T10TCL.2021127T185919.v2.0: wrote 8 files
[145/617] [149] HLS.L30.T11TKG.2021128T184359.v2.0: wrote 8 files
[146/617] [142] HLS.L30.T10TEL.2021126T185643.v2.0: wrote 8 files
[147/617] [150] HLS.L30.T10TGM.2021128T184359.v2.0: wrote 8 files
[148/617] [144] HLS.L30.T10TDL.2021126T185643.v2.0: wrote 8 files
[149/617] [145] HLS.S30.T10TFL.2021127T185919.v2.0: wrote 8 files
[150/617] [153] HLS.L30.T10TFM.2021128T184423.v2.0: wrote 8 files
[151/617] [151] HLS.L30.T11TKF.2021128T184423.v2.0: wrote 8 files
[152/617] [152] HLS.L30.T10TGL.2021128T184423.v2.0: wrote 8 files
[153/617] [146] HLS.S30.T10TEL.2021127T185919.v2.0: wrote 8 files
[154/617] [147] HLS.S30.T10TDL.2021127T185919.v2.0: wrote 8 files
[155/617] [156] HLS.S30.T10TGM.2021129T184921.v2.0: wrote 8 files
[156/617] [157] HLS.S30.T11TKG.2021129T184921.v2.0: wrote 8 files
[157/617] [158] HLS.S30.T10TFM.2021129T184921.v2.0: wrote 8 files
[158/617] [154] HLS.L30.T10TFL.2021128T184423.v2.0: wrote 8 files
[159/617] [159] HLS.S30.T11TKF.2021129T184921.v2.0: wrote 8 files
[160/617] [160] HLS.S30.T10TGL.2021129T184921.v2.0: wrote 8 files
[161/617] [155] HLS.L30.T10TEL.2021128T184423.v2.0: wrote 8 files
[162/617] [164] HLS.S30.T10TCL.2021130T190909.v2.0: wrote 8 files
[163/617] [165] HLS.S30.T11TKF.2021131T183919.v2.0: wrote 8 files
[164/617] [161] HLS.S30.T10TFL.2021129T184921.v2.0: wrote 8 files
[165/617] [166] HLS.S30.T10TGL.2021131T183919.v2.0: wrote 8 files
[166/617] [162] HLS.S30.T10TEL.2021129T184921.v2.0: wrote 8 files
[167/617] [163] HLS.S30.T10TDL.2021130T190909.v2.0: wrote 8 files
[168/617] [170] HLS.S30.T10TCL.2021132T185921.v2.0: wrote 8 files
[169/617] [171] HLS.S30.T10TGM.2021134T184919.v2.0: wrote 8 files
[170/617] [172] HLS.S30.T11TKG.2021134T184919.v2.0: wrote 8 files
[171/617] [167] HLS.S30.T10TFL.2021132T185921.v2.0: wrote 8 files
[172/617] [173] HLS.S30.T10TFM.2021134T184919.v2.0: wrote 8 files
[173/617] [168] HLS.S30.T10TEL.2021132T185921.v2.0: wrote 8 files
[174/617] [169] HLS.S30.T10TDL.2021132T185921.v2.0: wrote 8 files
[175/617] [174] HLS.S30.T11TKF.2021134T184919.v2.0: wrote 8 files
[176/617] [175] HLS.S30.T10TGL.2021134T184919.v2.0: wrote 8 files
[177/617] [182] HLS.S30.T10TCL.2021135T190911.v2.0: wrote 8 files
[178/617] [176] HLS.S30.T10TFL.2021134T184919.v2.0: wrote 8 files
[179/617] [177] HLS.S30.T10TEL.2021134T184919.v2.0: wrote 8 files
[180/617] [178] HLS.L30.T10TFL.2021135T185039.v2.0: wrote 8 files
[181/617] [183] HLS.S30.T11TKF.2021136T183921.v2.0: wrote 8 files
[182/617] [179] HLS.L30.T10TDL.2021135T185039.v2.0: wrote 8 files
[183/617] [181] HLS.S30.T10TDL.2021135T190911.v2.0: wrote 8 files
[184/617] [184] HLS.S30.T10TGL.2021136T183921.v2.0: wrote 8 files
[185/617] [180] HLS.L30.T10TEL.2021135T185039.v2.0: wrote 8 files
[186/617] [187] HLS.L30.T10TGM.2021137T183818.v2.0: wrote 8 files
[187/617] [188] HLS.L30.T11TKG.2021137T183818.v2.0: wrote 8 files
[188/617] [186] HLS.L30.T10TGL.2021137T183818.v2.0: wrote 8 files
[189/617] [193] HLS.S30.T10TCL.2021137T185919.v2.0: wrote 8 files
[190/617] [194] HLS.S30.T10TGM.2021139T184921.v2.0: wrote 8 files
[191/617] [189] HLS.L30.T11TKF.2021137T183818.v2.0: wrote 8 files
[192/617] [185] HLS.L30.T10TFL.2021137T183818.v2.0: wrote 8 files
[193/617] [195] HLS.S30.T11TKG.2021139T184921.v2.0: wrote 8 files
[194/617] [196] HLS.S30.T10TFM.2021139T184921.v2.0: wrote 8 files
[195/617] [190] HLS.S30.T10TFL.2021137T185919.v2.0: wrote 8 files
[196/617] [192] HLS.S30.T10TDL.2021137T185919.v2.0: wrote 8 files
[197/617] [191] HLS.S30.T10TEL.2021137T185919.v2.0: wrote 8 files
[198/617] [197] HLS.S30.T11TKF.2021139T184921.v2.0: wrote 8 files
[199/617] [198] HLS.S30.T10TGL.2021139T184921.v2.0: wrote 8 files
[200/617] [202] HLS.S30.T10TCL.2021140T190919.v2.0: wrote 8 files
[201/617] [206] HLS.L30.T10TCL.2021142T185654.v2.0: wrote 8 files
[202/617] [203] HLS.S30.T11TKF.2021141T183919.v2.0: wrote 8 files
[203/617] [204] HLS.S30.T10TGL.2021141T183919.v2.0: wrote 8 files
[204/617] [199] HLS.S30.T10TFL.2021139T184921.v2.0: wrote 8 files
[205/617] [200] HLS.S30.T10TEL.2021139T184921.v2.0: wrote 8 files
[206/617] [201] HLS.S30.T10TDL.2021140T190919.v2.0: wrote 8 files
[207/617] [211] HLS.S30.T10TCL.2021142T185921.v2.0: wrote 8 files
[208/617] [212] HLS.L30.T11TKG.2021144T184410.v2.0: wrote 8 files
[209/617] [205] HLS.L30.T10TEL.2021142T185654.v2.0: wrote 8 files
[210/617] [213] HLS.L30.T10TGM.2021144T184410.v2.0: wrote 8 files
[211/617] [207] HLS.L30.T10TDL.2021142T185654.v2.0: wrote 8 files
[212/617] [208] HLS.S30.T10TFL.2021142T185921.v2.0: wrote 8 files
[213/617] [214] HLS.L30.T11TKF.2021144T184433.v2.0: wrote 8 files
[214/617] [209] HLS.S30.T10TEL.2021142T185921.v2.0: wrote 8 files
[215/617] [210] HLS.S30.T10TDL.2021142T185921.v2.0: wrote 8 files
[216/617] [216] HLS.L30.T10TGL.2021144T184433.v2.0: wrote 8 files
[217/617] [219] HLS.S30.T10TGM.2021144T184919.v2.0: wrote 8 files
[218/617] [218] HLS.L30.T10TFM.2021144T184433.v2.0: wrote 8 files
[219/617] [220] HLS.S30.T11TKG.2021144T184919.v2.0: wrote 8 files
[220/617] [215] HLS.L30.T10TEL.2021144T184433.v2.0: wrote 8 files
[221/617] [221] HLS.S30.T10TFM.2021144T184919.v2.0: wrote 8 files
[222/617] [217] HLS.L30.T10TFL.2021144T184433.v2.0: wrote 8 files
[223/617] [223] HLS.S30.T10TGL.2021144T184919.v2.0: wrote 8 files
[224/617] [222] HLS.S30.T11TKF.2021144T184919.v2.0: wrote 8 files
[225/617] [227] HLS.S30.T10TCL.2021145T190911.v2.0: wrote 8 files
[226/617] [228] HLS.S30.T11TKF.2021146T183921.v2.0: wrote 8 files
[227/617] [224] HLS.S30.T10TFL.2021144T184919.v2.0: wrote 8 files
[228/617] [225] HLS.S30.T10TEL.2021144T184919.v2.0: wrote 8 files
[229/617] [229] HLS.S30.T10TGL.2021146T183921.v2.0: wrote 8 files
[230/617] [226] HLS.S30.T10TDL.2021145T190911.v2.0: wrote 8 files
[231/617] [233] HLS.S30.T10TCL.2021147T185919.v2.0: wrote 8 files
[232/617] [234] HLS.S30.T10TGM.2021149T184921.v2.0: wrote 8 files
[233/617] [235] HLS.S30.T11TKG.2021149T184921.v2.0: wrote 8 files
[234/617] [230] HLS.S30.T10TFL.2021147T185919.v2.0: wrote 8 files
[235/617] [236] HLS.S30.T10TFM.2021149T184921.v2.0: wrote 8 files
[236/617] [231] HLS.S30.T10TEL.2021147T185919.v2.0: wrote 8 files
[237/617] [232] HLS.S30.T10TDL.2021147T185919.v2.0: wrote 8 files
[238/617] [237] HLS.S30.T11TKF.2021149T184921.v2.0: wrote 8 files
[239/617] [238] HLS.S30.T10TGL.2021149T184921.v2.0: wrote 8 files
[240/617] [242] HLS.S30.T10TCL.2021150T190919.v2.0: wrote 8 files
[241/617] [246] HLS.S30.T11TKF.2021151T183919.v2.0: wrote 8 files
[242/617] [240] HLS.S30.T10TEL.2021149T184921.v2.0: wrote 8 files
[243/617] [241] HLS.S30.T10TDL.2021150T190919.v2.0: wrote 8 files
[244/617] [247] HLS.S30.T10TGL.2021151T183919.v2.0: wrote 8 files
[245/617] [239] HLS.S30.T10TFL.2021149T184921.v2.0: wrote 8 files
[246/617] [243] HLS.L30.T10TFL.2021151T185048.v2.0: wrote 8 files
[247/617] [244] HLS.L30.T10TEL.2021151T185048.v2.0: wrote 8 files
[248/617] [252] HLS.L30.T11TKG.2021153T183827.v2.0: wrote 8 files
[249/617] [251] HLS.S30.T10TCL.2021152T185921.v2.0: wrote 8 files
[250/617] [245] HLS.L30.T10TDL.2021151T185048.v2.0: wrote 8 files
[251/617] [255] HLS.L30.T10TGM.2021153T183827.v2.0: wrote 8 files
[252/617] [257] HLS.S30.T10TGM.2021154T184919.v2.0: wrote 8 files
[253/617] [254] HLS.L30.T11TKF.2021153T183827.v2.0: wrote 8 files
[254/617] [248] HLS.S30.T10TFL.2021152T185921.v2.0: wrote 8 files
[255/617] [256] HLS.L30.T10TGL.2021153T183827.v2.0: wrote 8 files
[256/617] [258] HLS.S30.T11TKG.2021154T184919.v2.0: wrote 8 files
[257/617] [249] HLS.S30.T10TEL.2021152T185921.v2.0: wrote 8 files
[258/617] [253] HLS.L30.T10TFL.2021153T183827.v2.0: wrote 8 files
[259/617] [250] HLS.S30.T10TDL.2021152T185921.v2.0: wrote 8 files
[260/617] [259] HLS.S30.T10TFM.2021154T184919.v2.0: wrote 8 files
[261/617] [265] HLS.S30.T10TCL.2021155T190911.v2.0: wrote 8 files
[262/617] [260] HLS.S30.T11TKF.2021154T184919.v2.0: wrote 8 files
[263/617] [261] HLS.S30.T10TGL.2021154T184919.v2.0: wrote 8 files
[264/617] [266] HLS.S30.T11TKF.2021156T183921.v2.0: wrote 8 files
[265/617] [267] HLS.S30.T10TGL.2021156T183921.v2.0: wrote 8 files
[266/617] [264] HLS.S30.T10TDL.2021155T190911.v2.0: wrote 8 files
[267/617] [263] HLS.S30.T10TEL.2021154T184919.v2.0: wrote 8 files
[268/617] [262] HLS.S30.T10TFL.2021154T184919.v2.0: wrote 8 files
[269/617] [271] HLS.S30.T10TCL.2021157T185919.v2.0: wrote 8 files
[270/617] [275] HLS.S30.T10TGM.2021159T184921.v2.0: wrote 8 files
[271/617] [274] HLS.L30.T10TCL.2021158T185702.v2.0: wrote 8 files
[272/617] [276] HLS.S30.T11TKG.2021159T184921.v2.0: wrote 8 files
[273/617] [268] HLS.S30.T10TFL.2021157T185919.v2.0: wrote 8 files
[274/617] [269] HLS.S30.T10TEL.2021157T185919.v2.0: wrote 8 files
[275/617] [272] HLS.L30.T10TEL.2021158T185702.v2.0: wrote 8 files
[276/617] [270] HLS.S30.T10TDL.2021157T185919.v2.0: wrote 8 files
[277/617] [277] HLS.S30.T10TFM.2021159T184921.v2.0: wrote 8 files
[278/617] [273] HLS.L30.T10TDL.2021158T185702.v2.0: wrote 8 files
[279/617] [278] HLS.S30.T11TKF.2021159T184921.v2.0: wrote 8 files
[280/617] [282] HLS.L30.T11TKG.2021160T184417.v2.0: wrote 8 files
[281/617] [283] HLS.L30.T10TGM.2021160T184417.v2.0: wrote 8 files
[282/617] [279] HLS.S30.T10TGL.2021159T184921.v2.0: wrote 8 files
[283/617] [285] HLS.L30.T10TFM.2021160T184441.v2.0: wrote 8 files
[284/617] [280] HLS.S30.T10TFL.2021159T184921.v2.0: wrote 8 files
[285/617] [281] HLS.S30.T10TEL.2021159T184921.v2.0: wrote 8 files
[286/617] [286] HLS.L30.T10TGL.2021160T184441.v2.0: wrote 8 files
[287/617] [287] HLS.L30.T11TKF.2021160T184441.v2.0: wrote 8 files
[288/617] [284] HLS.L30.T10TFL.2021160T184441.v2.0: wrote 8 files
[289/617] [288] HLS.L30.T10TEL.2021160T184441.v2.0: wrote 8 files
[290/617] [289] HLS.S30.T10TDL.2021160T190919.v2.0: wrote 8 files
[291/617] [290] HLS.S30.T11TKF.2021161T183919.v2.0: wrote 8 files
[292/617] [291] HLS.S30.T10TGL.2021161T183919.v2.0: wrote 8 files
[293/617] [295] HLS.S30.T10TGM.2021164T184919.v2.0: wrote 8 files
[294/617] [296] HLS.S30.T11TKG.2021164T184919.v2.0: wrote 8 files
[295/617] [292] HLS.S30.T10TFL.2021162T185921.v2.0: wrote 8 files
[296/617] [297] HLS.S30.T10TFM.2021164T184919.v2.0: wrote 8 files
[297/617] [293] HLS.S30.T10TEL.2021162T185921.v2.0: wrote 8 files
[298/617] [298] HLS.S30.T11TKF.2021164T184919.v2.0: wrote 8 files
[299/617] [299] HLS.S30.T10TGL.2021164T184919.v2.0: wrote 8 files
[300/617] [294] HLS.S30.T10TDL.2021162T185921.v2.0: wrote 8 files
[301/617] [303] HLS.S30.T10TCL.2021165T190911.v2.0: wrote 8 files
[302/617] [304] HLS.S30.T11TKF.2021166T183921.v2.0: wrote 8 files
[303/617] [300] HLS.S30.T10TFL.2021164T184919.v2.0: wrote 8 files
[304/617] [305] HLS.S30.T10TGL.2021166T183921.v2.0: wrote 8 files
[305/617] [301] HLS.S30.T10TEL.2021164T184919.v2.0: wrote 8 files
[306/617] [302] HLS.S30.T10TDL.2021165T190911.v2.0: wrote 8 files
[307/617] [306] HLS.L30.T10TFL.2021167T185054.v2.0: wrote 8 files
[308/617] [307] HLS.L30.T10TDL.2021167T185054.v2.0: wrote 8 files
[309/617] [312] HLS.S30.T10TCL.2021167T185919.v2.0: wrote 8 files
[310/617] [308] HLS.L30.T10TEL.2021167T185054.v2.0: wrote 8 files
[311/617] [315] HLS.L30.T11TKG.2021169T183833.v2.0: wrote 8 files
[312/617] [313] HLS.L30.T11TKF.2021169T183833.v2.0: wrote 8 files
[313/617] [309] HLS.S30.T10TFL.2021167T185919.v2.0: wrote 8 files
[314/617] [317] HLS.L30.T10TGM.2021169T183833.v2.0: wrote 8 files
[315/617] [314] HLS.L30.T10TGL.2021169T183833.v2.0: wrote 8 files
[316/617] [311] HLS.S30.T10TDL.2021167T185919.v2.0: wrote 8 files
[317/617] [310] HLS.S30.T10TEL.2021167T185919.v2.0: wrote 8 files
[318/617] [318] HLS.S30.T10TGM.2021169T184921.v2.0: wrote 8 files
[319/617] [319] HLS.S30.T11TKG.2021169T184921.v2.0: wrote 8 files
[320/617] [320] HLS.S30.T10TFM.2021169T184921.v2.0: wrote 8 files
[321/617] [316] HLS.L30.T10TFL.2021169T183833.v2.0: wrote 8 files
[322/617] [326] HLS.S30.T10TCL.2021170T190919.v2.0: wrote 8 files
[323/617] [321] HLS.S30.T11TKF.2021169T184921.v2.0: wrote 8 files
[324/617] [322] HLS.S30.T10TGL.2021169T184921.v2.0: wrote 8 files
[325/617] [327] HLS.S30.T11TKF.2021171T183919.v2.0: wrote 8 files
[326/617] [328] HLS.S30.T10TGL.2021171T183919.v2.0: wrote 8 files
[327/617] [323] HLS.S30.T10TFL.2021169T184921.v2.0: wrote 8 files
[328/617] [324] HLS.S30.T10TEL.2021169T184921.v2.0: wrote 8 files
[329/617] [325] HLS.S30.T10TDL.2021170T190919.v2.0: wrote 8 files
[330/617] [332] HLS.S30.T10TCL.2021172T185921.v2.0: wrote 8 files
[331/617] [335] HLS.L30.T10TCL.2021174T185707.v2.0: wrote 8 files
[332/617] [336] HLS.S30.T10TGM.2021174T184919.v2.0: wrote 8 files
[333/617] [329] HLS.S30.T10TFL.2021172T185921.v2.0: wrote 8 files
[334/617] [337] HLS.S30.T11TKG.2021174T184919.v2.0: wrote 8 files
[335/617] [330] HLS.S30.T10TEL.2021172T185921.v2.0: wrote 8 files
[336/617] [331] HLS.S30.T10TDL.2021172T185921.v2.0: wrote 8 files
[337/617] [338] HLS.S30.T10TFM.2021174T184919.v2.0: wrote 8 files
[338/617] [333] HLS.L30.T10TEL.2021174T185707.v2.0: wrote 8 files
[339/617] [339] HLS.S30.T11TKF.2021174T184919.v2.0: wrote 8 files
[340/617] [334] HLS.L30.T10TDL.2021174T185707.v2.0: wrote 8 files
[341/617] [340] HLS.S30.T10TGL.2021174T184919.v2.0: wrote 8 files
[342/617] [344] HLS.S30.T10TCL.2021175T190921.v2.0: wrote 8 files
[343/617] [345] HLS.L30.T11TKG.2021176T184422.v2.0: wrote 8 files
[344/617] [346] HLS.L30.T10TGM.2021176T184422.v2.0: wrote 8 files
[345/617] [342] HLS.S30.T10TEL.2021174T184919.v2.0: wrote 8 files
[346/617] [341] HLS.S30.T10TFL.2021174T184919.v2.0: wrote 8 files
[347/617] [343] HLS.S30.T10TDL.2021175T190921.v2.0: wrote 8 files
[348/617] [347] HLS.L30.T10TGL.2021176T184445.v2.0: wrote 8 files
[349/617] [348] HLS.L30.T11TKF.2021176T184445.v2.0: wrote 8 files
[350/617] [350] HLS.L30.T10TFM.2021176T184445.v2.0: wrote 8 files
[351/617] [357] HLS.S30.T10TCL.2021177T185919.v2.0: wrote 8 files
[352/617] [349] HLS.L30.T10TEL.2021176T184445.v2.0: wrote 8 files
[353/617] [352] HLS.S30.T11TKF.2021176T183921.v2.0: wrote 8 files
[354/617] [353] HLS.S30.T10TGL.2021176T183921.v2.0: wrote 8 files
[355/617] [351] HLS.L30.T10TFL.2021176T184445.v2.0: wrote 8 files
[356/617] [358] HLS.S30.T10TGM.2021179T184921.v2.0: wrote 8 files
[357/617] [359] HLS.S30.T11TKG.2021179T184921.v2.0: wrote 8 files
[358/617] [354] HLS.S30.T10TFL.2021177T185919.v2.0: wrote 8 files
[359/617] [360] HLS.S30.T10TFM.2021179T184921.v2.0: wrote 8 files
[360/617] [355] HLS.S30.T10TEL.2021177T185919.v2.0: wrote 8 files
[361/617] [356] HLS.S30.T10TDL.2021177T185919.v2.0: wrote 8 files
[362/617] [361] HLS.S30.T11TKF.2021179T184921.v2.0: wrote 8 files
[363/617] [366] HLS.S30.T10TCL.2021180T190919.v2.0: wrote 8 files
[364/617] [362] HLS.S30.T10TGL.2021179T184921.v2.0: wrote 8 files
[365/617] [367] HLS.S30.T11TKF.2021181T183919.v2.0: wrote 8 files
[366/617] [368] HLS.S30.T10TGL.2021181T183919.v2.0: wrote 8 files
[367/617] [363] HLS.S30.T10TFL.2021179T184921.v2.0: wrote 8 files
[368/617] [364] HLS.S30.T10TEL.2021179T184921.v2.0: wrote 8 files
[369/617] [365] HLS.S30.T10TDL.2021180T190919.v2.0: wrote 8 files
[370/617] [372] HLS.S30.T10TCL.2021182T185921.v2.0: wrote 8 files
[371/617] [369] HLS.S30.T10TFL.2021182T185921.v2.0: wrote 8 files
[372/617] [370] HLS.S30.T10TEL.2021182T185921.v2.0: wrote 8 files
[373/617] [378] HLS.L30.T11TKG.2021185T183836.v2.0: wrote 8 files
[374/617] [377] HLS.L30.T10TGL.2021185T183836.v2.0: wrote 8 files
[375/617] [371] HLS.S30.T10TDL.2021182T185921.v2.0: wrote 8 files
[376/617] [373] HLS.L30.T10TFL.2021183T185057.v2.0: wrote 8 files
[377/617] [379] HLS.L30.T10TGM.2021185T183836.v2.0: wrote 8 files
[378/617] [374] HLS.L30.T10TDL.2021183T185057.v2.0: wrote 8 files
[379/617] [375] HLS.L30.T10TEL.2021183T185057.v2.0: wrote 8 files
[380/617] [376] HLS.L30.T10TFL.2021185T183836.v2.0: wrote 8 files
[381/617] [380] HLS.L30.T11TKF.2021185T183836.v2.0: wrote 8 files
[382/617] [382] HLS.S30.T11TKF.2021186T183921.v2.0: wrote 8 files
[383/617] [387] HLS.S30.T10TCL.2021187T185919.v2.0: wrote 8 files
[384/617] [383] HLS.S30.T10TGL.2021186T183921.v2.0: wrote 8 files
[385/617] [388] HLS.S30.T10TGM.2021189T184921.v2.0: wrote 8 files
[386/617] [381] HLS.S30.T10TDL.2021185T190921.v2.0: wrote 8 files
[387/617] [389] HLS.S30.T11TKG.2021189T184921.v2.0: wrote 8 files
[388/617] [384] HLS.S30.T10TFL.2021187T185919.v2.0: wrote 8 files
[389/617] [390] HLS.S30.T10TFM.2021189T184921.v2.0: wrote 8 files
[390/617] [391] HLS.S30.T11TKF.2021189T184921.v2.0: wrote 8 files
[391/617] [385] HLS.S30.T10TEL.2021187T185919.v2.0: wrote 8 files
[392/617] [386] HLS.S30.T10TDL.2021187T185919.v2.0: wrote 8 files
[393/617] [392] HLS.S30.T10TGL.2021189T184921.v2.0: wrote 8 files
[394/617] [396] HLS.L30.T10TCL.2021190T185709.v2.0: wrote 8 files
[395/617] [401] HLS.L30.T10TGM.2021192T184423.v2.0: wrote 8 files
[396/617] [399] HLS.S30.T11TKF.2021191T183919.v2.0: wrote 8 files
[397/617] [394] HLS.S30.T10TEL.2021189T184921.v2.0: wrote 8 files
[398/617] [400] HLS.S30.T10TGL.2021191T183919.v2.0: wrote 8 files
[399/617] [393] HLS.S30.T10TFL.2021189T184921.v2.0: wrote 8 files
[400/617] [395] HLS.L30.T10TEL.2021190T185709.v2.0: wrote 8 files
[401/617] [402] HLS.L30.T11TKG.2021192T184423.v2.0: wrote 8 files
[402/617] [398] HLS.S30.T10TDL.2021190T190919.v2.0: wrote 8 files
[403/617] [397] HLS.L30.T10TDL.2021190T185709.v2.0: wrote 8 files
[404/617] [403] HLS.L30.T10TFM.2021192T184423.v2.0: wrote 8 files
[405/617] [408] HLS.L30.T10TFM.2021192T184447.v2.0: wrote 8 files
[406/617] [405] HLS.L30.T10TGL.2021192T184447.v2.0: wrote 8 files
[407/617] [406] HLS.L30.T11TKF.2021192T184447.v2.0: wrote 8 files
[408/617] [412] HLS.S30.T10TCL.2021192T185921.v2.0: wrote 8 files
[409/617] [413] HLS.S30.T10TGM.2021194T184919.v2.0: wrote 8 files
[410/617] [404] HLS.L30.T10TEL.2021192T184447.v2.0: wrote 8 files
[411/617] [414] HLS.S30.T11TKG.2021194T184919.v2.0: wrote 8 files
[412/617] [407] HLS.L30.T10TFL.2021192T184447.v2.0: wrote 8 files
[413/617] [409] HLS.S30.T10TFL.2021192T185921.v2.0: wrote 8 files
[414/617] [410] HLS.S30.T10TEL.2021192T185921.v2.0: wrote 8 files
[415/617] [415] HLS.S30.T10TFM.2021194T184919.v2.0: wrote 8 files
[416/617] [411] HLS.S30.T10TDL.2021192T185921.v2.0: wrote 8 files
[417/617] [416] HLS.S30.T11TKF.2021194T184919.v2.0: wrote 8 files
[418/617] [417] HLS.S30.T10TGL.2021194T184919.v2.0: wrote 8 files
[419/617] [421] HLS.S30.T10TCL.2021195T190921.v2.0: wrote 8 files
[420/617] [422] HLS.S30.T11TKF.2021196T183921.v2.0: wrote 8 files
[421/617] [423] HLS.S30.T10TGL.2021196T183921.v2.0: wrote 8 files
[422/617] [418] HLS.S30.T10TFL.2021194T184919.v2.0: wrote 8 files
[423/617] [419] HLS.S30.T10TEL.2021194T184919.v2.0: wrote 8 files
[424/617] [420] HLS.S30.T10TDL.2021195T190921.v2.0: wrote 8 files
[425/617] [427] HLS.S30.T10TCL.2021197T185919.v2.0: wrote 8 files
[426/617] [431] HLS.S30.T10TGM.2021199T184921.v2.0: wrote 8 files
[427/617] [424] HLS.S30.T10TFL.2021197T185919.v2.0: wrote 8 files
[428/617] [425] HLS.S30.T10TEL.2021197T185919.v2.0: wrote 8 files
[429/617] [432] HLS.S30.T11TKG.2021199T184921.v2.0: wrote 8 files
[430/617] [426] HLS.S30.T10TDL.2021197T185919.v2.0: wrote 8 files
[431/617] [428] HLS.L30.T10TFL.2021199T185100.v2.0: wrote 8 files
[432/617] [433] HLS.S30.T10TFM.2021199T184921.v2.0: wrote 8 files
[433/617] [429] HLS.L30.T10TDL.2021199T185100.v2.0: wrote 8 files
[434/617] [430] HLS.L30.T10TEL.2021199T185100.v2.0: wrote 8 files
[435/617] [434] HLS.S30.T11TKF.2021199T184921.v2.0: wrote 8 files
[436/617] [435] HLS.S30.T10TGL.2021199T184921.v2.0: wrote 8 files
[437/617] [439] HLS.S30.T10TCL.2021200T190919.v2.0: wrote 8 files
[438/617] [442] HLS.L30.T11TKG.2021201T183839.v2.0: wrote 8 files
[439/617] [444] HLS.L30.T10TGM.2021201T183839.v2.0: wrote 8 files
[440/617] [436] HLS.S30.T10TFL.2021199T184921.v2.0: wrote 8 files
[441/617] [441] HLS.L30.T10TGL.2021201T183839.v2.0: wrote 8 files
[442/617] [437] HLS.S30.T10TEL.2021199T184921.v2.0: wrote 8 files
[443/617] [443] HLS.L30.T11TKF.2021201T183839.v2.0: wrote 8 files
[444/617] [440] HLS.L30.T10TFL.2021201T183839.v2.0: wrote 8 files
[445/617] [438] HLS.S30.T10TDL.2021200T190919.v2.0: wrote 8 files
[446/617] [445] HLS.S30.T11TKF.2021201T183919.v2.0: wrote 8 files
[447/617] [450] HLS.S30.T10TCL.2021202T185921.v2.0: wrote 8 files
[448/617] [446] HLS.S30.T10TGL.2021201T183919.v2.0: wrote 8 files
[449/617] [451] HLS.S30.T10TGM.2021204T184919.v2.0: wrote 8 files
[450/617] [452] HLS.S30.T11TKG.2021204T184919.v2.0: wrote 8 files
[451/617] [453] HLS.S30.T10TFM.2021204T184919.v2.0: wrote 8 files
[452/617] [447] HLS.S30.T10TFL.2021202T185921.v2.0: wrote 8 files
[453/617] [448] HLS.S30.T10TEL.2021202T185921.v2.0: wrote 8 files
[454/617] [454] HLS.S30.T11TKF.2021204T184919.v2.0: wrote 8 files
[455/617] [449] HLS.S30.T10TDL.2021202T185921.v2.0: wrote 8 files
[456/617] [455] HLS.S30.T10TGL.2021204T184919.v2.0: wrote 8 files
[457/617] [459] HLS.S30.T10TCL.2021205T190921.v2.0: wrote 8 files
[458/617] [463] HLS.L30.T10TCL.2021206T185715.v2.0: wrote 8 files
[459/617] [456] HLS.S30.T10TFL.2021204T184919.v2.0: wrote 8 files
[460/617] [457] HLS.S30.T10TEL.2021204T184919.v2.0: wrote 8 files
[461/617] [460] HLS.S30.T11TKF.2021206T183921.v2.0: wrote 8 files
[462/617] [461] HLS.S30.T10TGL.2021206T183921.v2.0: wrote 8 files
[463/617] [458] HLS.S30.T10TDL.2021205T190921.v2.0: wrote 8 files
[464/617] [468] HLS.S30.T10TCL.2021207T185919.v2.0: wrote 8 files
[465/617] [462] HLS.L30.T10TEL.2021206T185715.v2.0: wrote 8 files
[466/617] [469] HLS.L30.T10TFM.2021208T184430.v2.0: wrote 8 files
[467/617] [470] HLS.L30.T10TGM.2021208T184430.v2.0: wrote 8 files
[468/617] [464] HLS.L30.T10TDL.2021206T185715.v2.0: wrote 8 files
[469/617] [471] HLS.L30.T11TKG.2021208T184430.v2.0: wrote 8 files
[470/617] [465] HLS.S30.T10TFL.2021207T185919.v2.0: wrote 8 files
[471/617] [466] HLS.S30.T10TEL.2021207T185919.v2.0: wrote 8 files
[472/617] [467] HLS.S30.T10TDL.2021207T185919.v2.0: wrote 8 files
[473/617] [474] HLS.L30.T10TFM.2021208T184454.v2.0: wrote 8 files
[474/617] [472] HLS.L30.T11TKF.2021208T184454.v2.0: wrote 8 files
[475/617] [477] HLS.S30.T10TGM.2021209T184921.v2.0: wrote 8 files
[476/617] [478] HLS.S30.T11TKG.2021209T184921.v2.0: wrote 8 files
[477/617] [476] HLS.L30.T10TGL.2021208T184454.v2.0: wrote 8 files
[478/617] [479] HLS.S30.T10TFM.2021209T184921.v2.0: wrote 8 files
[479/617] [473] HLS.L30.T10TEL.2021208T184454.v2.0: wrote 8 files
[480/617] [480] HLS.S30.T11TKF.2021209T184921.v2.0: wrote 8 files
[481/617] [481] HLS.S30.T10TGL.2021209T184921.v2.0: wrote 8 files
[482/617] [475] HLS.L30.T10TFL.2021208T184454.v2.0: wrote 8 files
[483/617] [485] HLS.S30.T10TCL.2021210T190919.v2.0: wrote 8 files
[484/617] [486] HLS.S30.T11TKF.2021211T183919.v2.0: wrote 8 files
[485/617] [487] HLS.S30.T10TGL.2021211T183919.v2.0: wrote 8 files
[486/617] [482] HLS.S30.T10TFL.2021209T184921.v2.0: wrote 8 files
[487/617] [484] HLS.S30.T10TDL.2021210T190919.v2.0: wrote 8 files
[488/617] [483] HLS.S30.T10TEL.2021209T184921.v2.0: wrote 8 files
[489/617] [491] HLS.S30.T10TCL.2021212T185921.v2.0: wrote 8 files
[490/617] [492] HLS.S30.T10TGM.2021214T184919.v2.0: wrote 8 files
[491/617] [493] HLS.S30.T11TKG.2021214T184919.v2.0: wrote 8 files
[492/617] [488] HLS.S30.T10TFL.2021212T185921.v2.0: wrote 8 files
[493/617] [489] HLS.S30.T10TEL.2021212T185921.v2.0: wrote 8 files
[494/617] [494] HLS.S30.T10TFM.2021214T184919.v2.0: wrote 8 files
[495/617] [490] HLS.S30.T10TDL.2021212T185921.v2.0: wrote 8 files
[496/617] [495] HLS.S30.T11TKF.2021214T184919.v2.0: wrote 8 files
[497/617] [496] HLS.S30.T10TGL.2021214T184919.v2.0: wrote 8 files
[498/617] [503] HLS.S30.T10TCL.2021215T190921.v2.0: wrote 8 files
[499/617] [504] HLS.S30.T11TKF.2021216T183921.v2.0: wrote 8 files
[500/617] [498] HLS.S30.T10TEL.2021214T184919.v2.0: wrote 8 files
[501/617] [499] HLS.L30.T10TFL.2021215T185108.v2.0: wrote 8 files
[502/617] [497] HLS.S30.T10TFL.2021214T184919.v2.0: wrote 8 files
[503/617] [500] HLS.L30.T10TDL.2021215T185108.v2.0: wrote 8 files
[504/617] [501] HLS.L30.T10TEL.2021215T185108.v2.0: wrote 8 files
[505/617] [505] HLS.S30.T10TGL.2021216T183921.v2.0: wrote 8 files
[506/617] [502] HLS.S30.T10TDL.2021215T190921.v2.0: wrote 8 files
[507/617] [509] HLS.L30.T11TKG.2021217T183847.v2.0: wrote 8 files
[508/617] [510] HLS.L30.T10TGM.2021217T183847.v2.0: wrote 8 files
[509/617] [508] HLS.L30.T10TGL.2021217T183847.v2.0: wrote 8 files
[510/617] [507] HLS.L30.T11TKF.2021217T183847.v2.0: wrote 8 files
[511/617] [514] HLS.S30.T10TCL.2021217T185919.v2.0: wrote 8 files
[512/617] [515] HLS.S30.T10TGM.2021219T184921.v2.0: wrote 8 files
[513/617] [506] HLS.L30.T10TFL.2021217T183847.v2.0: wrote 8 files
[514/617] [516] HLS.S30.T11TKG.2021219T184921.v2.0: wrote 8 files
[515/617] [517] HLS.S30.T10TFM.2021219T184921.v2.0: wrote 8 files
[516/617] [511] HLS.S30.T10TFL.2021217T185919.v2.0: wrote 8 files
[517/617] [512] HLS.S30.T10TEL.2021217T185919.v2.0: wrote 8 files
[518/617] [519] HLS.S30.T10TGL.2021219T184921.v2.0: wrote 8 files
[519/617] [513] HLS.S30.T10TDL.2021217T185919.v2.0: wrote 8 files
[520/617] [518] HLS.S30.T11TKF.2021219T184921.v2.0: wrote 8 files
[521/617] [523] HLS.S30.T10TCL.2021220T190919.v2.0: wrote 8 files
[522/617] [527] HLS.L30.T10TCL.2021222T185721.v2.0: wrote 8 files
[523/617] [524] HLS.S30.T11TKF.2021221T183919.v2.0: wrote 8 files
[524/617] [525] HLS.S30.T10TGL.2021221T183919.v2.0: wrote 8 files
[525/617] [521] HLS.S30.T10TEL.2021219T184921.v2.0: wrote 8 files
[526/617] [520] HLS.S30.T10TFL.2021219T184921.v2.0: wrote 8 files
[527/617] [522] HLS.S30.T10TDL.2021220T190919.v2.0: wrote 8 files
[528/617] [526] HLS.L30.T10TEL.2021222T185721.v2.0: wrote 8 files
[529/617] [533] HLS.L30.T11TKG.2021224T184437.v2.0: wrote 8 files
[530/617] [532] HLS.S30.T10TCL.2021222T185921.v2.0: wrote 8 files
[531/617] [534] HLS.L30.T10TGM.2021224T184437.v2.0: wrote 8 files
[532/617] [528] HLS.L30.T10TDL.2021222T185721.v2.0: wrote 8 files
[533/617] [529] HLS.S30.T10TFL.2021222T185921.v2.0: wrote 8 files
[534/617] [536] HLS.L30.T10TFM.2021224T184501.v2.0: wrote 8 files
[535/617] [535] HLS.L30.T10TGL.2021224T184501.v2.0: wrote 8 files
[536/617] [530] HLS.S30.T10TEL.2021222T185921.v2.0: wrote 8 files
[537/617] [537] HLS.L30.T11TKF.2021224T184501.v2.0: wrote 8 files
[538/617] [531] HLS.S30.T10TDL.2021222T185921.v2.0: wrote 8 files
[539/617] [540] HLS.S30.T10TGM.2021224T184919.v2.0: wrote 8 files
[540/617] [541] HLS.S30.T11TKG.2021224T184919.v2.0: wrote 8 files
[541/617] [542] HLS.S30.T10TFM.2021224T184919.v2.0: wrote 8 files
[542/617] [538] HLS.L30.T10TEL.2021224T184501.v2.0: wrote 8 files
[543/617] [539] HLS.L30.T10TFL.2021224T184501.v2.0: wrote 8 files
[544/617] [544] HLS.S30.T10TGL.2021224T184919.v2.0: wrote 8 files
[545/617] [543] HLS.S30.T11TKF.2021224T184919.v2.0: wrote 8 files
[546/617] [548] HLS.S30.T10TCL.2021225T190921.v2.0: wrote 8 files
[547/617] [549] HLS.S30.T11TKF.2021226T183921.v2.0: wrote 8 files
[548/617] [546] HLS.S30.T10TEL.2021224T184919.v2.0: wrote 8 files
[549/617] [545] HLS.S30.T10TFL.2021224T184919.v2.0: wrote 8 files
[550/617] [547] HLS.S30.T10TDL.2021225T190921.v2.0: wrote 8 files
[551/617] [550] HLS.S30.T10TGL.2021226T183921.v2.0: wrote 8 files
[552/617] [554] HLS.S30.T10TCL.2021227T185919.v2.0: wrote 8 files
[553/617] [555] HLS.S30.T10TGM.2021229T184921.v2.0: wrote 8 files
[554/617] [556] HLS.S30.T11TKG.2021229T184921.v2.0: wrote 8 files
[555/617] [551] HLS.S30.T10TFL.2021227T185919.v2.0: wrote 8 files
[556/617] [557] HLS.S30.T10TFM.2021229T184921.v2.0: wrote 8 files
[557/617] [552] HLS.S30.T10TEL.2021227T185919.v2.0: wrote 8 files
[558/617] [553] HLS.S30.T10TDL.2021227T185919.v2.0: wrote 8 files
[559/617] [558] HLS.S30.T11TKF.2021229T184921.v2.0: wrote 8 files
[560/617] [559] HLS.S30.T10TGL.2021229T184921.v2.0: wrote 8 files
[561/617] [563] HLS.S30.T10TCL.2021230T190919.v2.0: wrote 8 files
[562/617] [560] HLS.S30.T10TFL.2021229T184921.v2.0: wrote 8 files
[563/617] [561] HLS.S30.T10TEL.2021229T184921.v2.0: wrote 8 files
[564/617] [567] HLS.S30.T11TKF.2021231T183919.v2.0: wrote 8 files
[565/617] [568] HLS.S30.T10TGL.2021231T183919.v2.0: wrote 8 files
[566/617] [562] HLS.S30.T10TDL.2021230T190919.v2.0: wrote 8 files
[567/617] [565] HLS.L30.T10TFL.2021231T185113.v2.0: wrote 8 files
[568/617] [564] HLS.L30.T10TEL.2021231T185113.v2.0: wrote 8 files
[569/617] [566] HLS.L30.T10TDL.2021231T185113.v2.0: wrote 8 files
[570/617] [573] HLS.L30.T11TKG.2021233T183852.v2.0: wrote 8 files
[571/617] [572] HLS.S30.T10TCL.2021232T185921.v2.0: wrote 8 files
[572/617] [574] HLS.L30.T10TGM.2021233T183852.v2.0: wrote 8 files
[573/617] [578] HLS.S30.T10TGM.2021234T184919.v2.0: wrote 8 files
[574/617] [579] HLS.S30.T11TKG.2021234T184919.v2.0: wrote 8 files
[575/617] [576] HLS.L30.T10TGL.2021233T183852.v2.0: wrote 8 files
[576/617] [569] HLS.S30.T10TFL.2021232T185921.v2.0: wrote 8 files
[577/617] [577] HLS.L30.T11TKF.2021233T183852.v2.0: wrote 8 files
[578/617] [570] HLS.S30.T10TEL.2021232T185921.v2.0: wrote 8 files
[579/617] [571] HLS.S30.T10TDL.2021232T185921.v2.0: wrote 8 files
[580/617] [575] HLS.L30.T10TFL.2021233T183852.v2.0: wrote 8 files
[581/617] [580] HLS.S30.T10TFM.2021234T184919.v2.0: wrote 8 files
[582/617] [586] HLS.S30.T10TCL.2021235T190921.v2.0: wrote 8 files
[583/617] [581] HLS.S30.T11TKF.2021234T184919.v2.0: wrote 8 files
[584/617] [582] HLS.S30.T10TGL.2021234T184919.v2.0: wrote 8 files
[585/617] [587] HLS.S30.T11TKF.2021236T183921.v2.0: wrote 8 files
[586/617] [588] HLS.S30.T10TGL.2021236T183921.v2.0: wrote 8 files
[587/617] [585] HLS.S30.T10TDL.2021235T190921.v2.0: wrote 8 files
[588/617] [584] HLS.S30.T10TEL.2021234T184919.v2.0: wrote 8 files
[589/617] [583] HLS.S30.T10TFL.2021234T184919.v2.0: wrote 8 files
[590/617] [592] HLS.S30.T10TCL.2021237T185919.v2.0: wrote 8 files
[591/617] [594] HLS.L30.T10TCL.2021238T185726.v2.0: wrote 8 files
[592/617] [596] HLS.S30.T10TGM.2021239T184921.v2.0: wrote 8 files
[593/617] [589] HLS.S30.T10TFL.2021237T185919.v2.0: wrote 8 files
[594/617] [597] HLS.S30.T11TKG.2021239T184921.v2.0: wrote 8 files
[595/617] [590] HLS.S30.T10TEL.2021237T185919.v2.0: wrote 8 files
[596/617] [591] HLS.S30.T10TDL.2021237T185919.v2.0: wrote 8 files
[597/617] [598] HLS.S30.T10TFM.2021239T184921.v2.0: wrote 8 files
[598/617] [593] HLS.L30.T10TEL.2021238T185726.v2.0: wrote 8 files
[599/617] [602] HLS.L30.T11TKG.2021240T184441.v2.0: wrote 8 files
[600/617] [603] HLS.L30.T10TGM.2021240T184441.v2.0: wrote 8 files
[601/617] [599] HLS.S30.T11TKF.2021239T184921.v2.0: wrote 8 files
[602/617] [595] HLS.L30.T10TDL.2021238T185726.v2.0: wrote 8 files
[603/617] [600] HLS.S30.T10TGL.2021239T184921.v2.0: wrote 8 files
[604/617] [604] HLS.L30.T10TFM.2021240T184505.v2.0: wrote 8 files
[605/617] [610] HLS.S30.T10TCL.2021240T190909.v2.0: wrote 8 files
[606/617] [605] HLS.L30.T10TGL.2021240T184505.v2.0: wrote 8 files
[607/617] [601] HLS.S30.T10TEL.2021239T184921.v2.0: wrote 8 files
[608/617] [607] HLS.L30.T11TKF.2021240T184505.v2.0: wrote 8 files
[609/617] [611] HLS.S30.T11TKF.2021241T183919.v2.0: wrote 8 files
[610/617] [606] HLS.L30.T10TFL.2021240T184505.v2.0: wrote 8 files
[611/617] [608] HLS.L30.T10TEL.2021240T184505.v2.0: wrote 8 files
[612/617] [612] HLS.S30.T10TGL.2021241T183919.v2.0: wrote 8 files
[613/617] [609] HLS.S30.T10TDL.2021240T190909.v2.0: wrote 8 files
[614/617] [616] HLS.S30.T10TCL.2021242T185921.v2.0: wrote 8 files
[615/617] [613] HLS.S30.T10TFL.2021242T185921.v2.0: wrote 8 files
[616/617] [614] HLS.S30.T10TEL.2021242T185921.v2.0: wrote 8 files
[617/617] [615] HLS.S30.T10TDL.2021242T185921.v2.0: wrote 8 files
