Using workers=8 (SLURM_CPUS_PER_TASK=18)
Total granules found: 840
Submitting 840 granules to the pool...
[1/840] [7] HLS.S30.T10TCL.2021092T185921.v2.0: wrote 8 files
[2/840] [4] HLS.S30.T10TFL.2021092T185921.v2.0: wrote 8 files
[3/840] [5] HLS.S30.T10TEL.2021092T185921.v2.0: wrote 8 files
[4/840] [6] HLS.S30.T10TDL.2021092T185921.v2.0: wrote 8 files
[5/840] [3] HLS.S30.T10TCM.2021092T185921.v2.0: wrote 8 files
[6/840] [10] HLS.L30.T10TCL.2021094T185700.v2.0: wrote 8 files
[7/840] [12] HLS.L30.T10TEL.2021094T185700.v2.0: wrote 8 files
[8/840] [11] HLS.L30.T10TDL.2021094T185700.v2.0: wrote 8 files
[9/840] [0] HLS.S30.T10TFM.2021092T185921.v2.0: wrote 8 files
[10/840] [1] HLS.S30.T10TEM.2021092T185921.v2.0: wrote 8 files
[11/840] [2] HLS.S30.T10TDM.2021092T185921.v2.0: wrote 8 files
[12/840] [13] HLS.L30.T10TCM.2021094T185700.v2.0: wrote 8 files
[13/840] [8] HLS.L30.T10TDM.2021094T185636.v2.0: wrote 8 files
[14/840] [18] HLS.S30.T11TKF.2021094T184919.v2.0: wrote 8 files
[15/840] [9] HLS.L30.T10TEM.2021094T185636.v2.0: wrote 8 files
[16/840] [19] HLS.S30.T10TGL.2021094T184919.v2.0: wrote 8 files
[17/840] [14] HLS.S30.T10TGM.2021094T184919.v2.0: wrote 8 files
[18/840] [15] HLS.S30.T11TKG.2021094T184919.v2.0: wrote 8 files
[19/840] [20] HLS.S30.T10TFL.2021094T184919.v2.0: wrote 8 files
[20/840] [21] HLS.S30.T10TEL.2021094T184919.v2.0: wrote 8 files
[21/840] [25] HLS.S30.T10TCL.2021095T190911.v2.0: wrote 8 files
[22/840] [23] HLS.S30.T10TCM.2021095T190911.v2.0: wrote 8 files
[23/840] [24] HLS.S30.T10TDL.2021095T190911.v2.0: wrote 8 files
[24/840] [17] HLS.S30.T10TEM.2021094T184919.v2.0: wrote 8 files
[25/840] [16] HLS.S30.T10TFM.2021094T184919.v2.0: wrote 8 files
[26/840] [30] HLS.L30.T11TKF.2021096T184437.v2.0: wrote 8 files
[27/840] [28] HLS.L30.T10TFL.2021096T184437.v2.0: wrote 8 files
[28/840] [26] HLS.L30.T10TGM.2021096T184413.v2.0: wrote 8 files
[29/840] [32] HLS.L30.T10TGL.2021096T184437.v2.0: wrote 8 files
[30/840] [31] HLS.L30.T10TEL.2021096T184437.v2.0: wrote 8 files
[31/840] [22] HLS.S30.T10TDM.2021095T190911.v2.0: wrote 8 files
[32/840] [27] HLS.L30.T11TKG.2021096T184413.v2.0: wrote 8 files
[33/840] [37] HLS.S30.T10TFL.2021097T185919.v2.0: wrote 8 files
[34/840] [38] HLS.S30.T10TEL.2021097T185919.v2.0: wrote 8 files
[35/840] [39] HLS.S30.T10TDL.2021097T185919.v2.0: wrote 8 files
[36/840] [29] HLS.L30.T10TFM.2021096T184437.v2.0: wrote 8 files
[37/840] [33] HLS.L30.T10TEM.2021096T184437.v2.0: wrote 8 files
[38/840] [34] HLS.S30.T10TFM.2021097T185919.v2.0: wrote 8 files
[39/840] [35] HLS.S30.T10TEM.2021097T185919.v2.0: wrote 8 files
[40/840] [36] HLS.S30.T10TDM.2021097T185919.v2.0: wrote 8 files
[41/840] [44] HLS.S30.T11TKF.2021099T184911.v2.0: wrote 8 files
[42/840] [40] HLS.S30.T10TGM.2021099T184911.v2.0: wrote 8 files
[43/840] [41] HLS.S30.T11TKG.2021099T184911.v2.0: wrote 8 files
[44/840] [45] HLS.S30.T10TGL.2021099T184911.v2.0: wrote 8 files
[45/840] [46] HLS.S30.T10TFL.2021099T184911.v2.0: wrote 8 files
[46/840] [47] HLS.S30.T10TEL.2021099T184911.v2.0: wrote 8 files
[47/840] [51] HLS.S30.T10TCL.2021100T190909.v2.0: wrote 8 files
[48/840] [49] HLS.S30.T10TCM.2021100T190909.v2.0: wrote 8 files
[49/840] [50] HLS.S30.T10TDL.2021100T190909.v2.0: wrote 8 files
[50/840] [43] HLS.S30.T10TEM.2021099T184911.v2.0: wrote 8 files
[51/840] [42] HLS.S30.T10TFM.2021099T184911.v2.0: wrote 8 files
[52/840] [53] HLS.L30.T10TCM.2021101T190244.v2.0: wrote 8 files
[53/840] [58] HLS.S30.T10TFL.2021102T185911.v2.0: wrote 8 files
[54/840] [57] HLS.S30.T10TCM.2021102T185911.v2.0: wrote 8 files
[55/840] [48] HLS.S30.T10TDM.2021100T190909.v2.0: wrote 8 files
[56/840] [59] HLS.S30.T10TEL.2021102T185911.v2.0: wrote 8 files
[57/840] [61] HLS.S30.T10TCL.2021102T185911.v2.0: wrote 8 files
[58/840] [52] HLS.L30.T10TDM.2021101T190244.v2.0: wrote 8 files
[59/840] [60] HLS.S30.T10TDL.2021102T185911.v2.0: wrote 8 files
[60/840] [54] HLS.S30.T10TFM.2021102T185911.v2.0: wrote 8 files
[61/840] [55] HLS.S30.T10TEM.2021102T185911.v2.0: wrote 8 files
[62/840] [56] HLS.S30.T10TDM.2021102T185911.v2.0: wrote 8 files
[63/840] [65] HLS.L30.T10TDL.2021103T185045.v2.0: wrote 8 files
[64/840] [66] HLS.L30.T10TEL.2021103T185045.v2.0: wrote 8 files
[65/840] [67] HLS.L30.T10TFL.2021103T185045.v2.0: wrote 8 files
[66/840] [62] HLS.L30.T10TFM.2021103T185022.v2.0: wrote 8 files
[67/840] [72] HLS.S30.T11TKF.2021104T184919.v2.0: wrote 8 files
[68/840] [68] HLS.S30.T10TGM.2021104T184919.v2.0: wrote 8 files
[69/840] [64] HLS.L30.T10TDM.2021103T185045.v2.0: wrote 8 files
[70/840] [63] HLS.L30.T10TEM.2021103T185022.v2.0: wrote 8 files
[71/840] [69] HLS.S30.T11TKG.2021104T184919.v2.0: wrote 8 files
[72/840] [73] HLS.S30.T10TGL.2021104T184919.v2.0: wrote 8 files
[73/840] [74] HLS.S30.T10TFL.2021104T184919.v2.0: wrote 8 files
[74/840] [77] HLS.L30.T11TKF.2021105T183823.v2.0: wrote 8 files
[75/840] [75] HLS.S30.T10TEL.2021104T184919.v2.0: wrote 8 files
[76/840] [79] HLS.L30.T10TFL.2021105T183823.v2.0: wrote 8 files
[77/840] [70] HLS.S30.T10TFM.2021104T184919.v2.0: wrote 8 files
[78/840] [71] HLS.S30.T10TEM.2021104T184919.v2.0: wrote 8 files
[79/840] [80] HLS.L30.T10TGL.2021105T183823.v2.0: wrote 8 files
[80/840] [78] HLS.L30.T10TGM.2021105T183823.v2.0: wrote 8 files
[81/840] [76] HLS.L30.T11TKG.2021105T183823.v2.0: wrote 8 files
[82/840] [84] HLS.S30.T10TCL.2021105T190911.v2.0: wrote 8 files
[83/840] [82] HLS.S30.T10TCM.2021105T190911.v2.0: wrote 8 files
[84/840] [83] HLS.S30.T10TDL.2021105T190911.v2.0: wrote 8 files
[85/840] [88] HLS.S30.T10TCM.2021107T185909.v2.0: wrote 8 files
[86/840] [89] HLS.S30.T10TFL.2021107T185909.v2.0: wrote 8 files
[87/840] [90] HLS.S30.T10TEL.2021107T185909.v2.0: wrote 8 files
[88/840] [91] HLS.S30.T10TDL.2021107T185909.v2.0: wrote 8 files
[89/840] [81] HLS.S30.T10TDM.2021105T190911.v2.0: wrote 8 files
[90/840] [92] HLS.S30.T10TCL.2021107T185909.v2.0: wrote 8 files
[91/840] [85] HLS.S30.T10TFM.2021107T185909.v2.0: wrote 8 files
[92/840] [86] HLS.S30.T10TEM.2021107T185909.v2.0: wrote 8 files
[93/840] [97] HLS.S30.T11TKF.2021109T184911.v2.0: wrote 8 files
[94/840] [87] HLS.S30.T10TDM.2021107T185909.v2.0: wrote 8 files
[95/840] [93] HLS.S30.T10TGM.2021109T184911.v2.0: wrote 8 files
[96/840] [98] HLS.S30.T10TGL.2021109T184911.v2.0: wrote 8 files
[97/840] [94] HLS.S30.T11TKG.2021109T184911.v2.0: wrote 8 files
[98/840] [100] HLS.S30.T10TEL.2021109T184911.v2.0: wrote 8 files
[99/840] [99] HLS.S30.T10TFL.2021109T184911.v2.0: wrote 8 files
[100/840] [104] HLS.L30.T10TCL.2021110T185653.v2.0: wrote 8 files
[101/840] [103] HLS.L30.T10TEL.2021110T185653.v2.0: wrote 8 files
[102/840] [96] HLS.S30.T10TEM.2021109T184911.v2.0: wrote 8 files
[103/840] [95] HLS.S30.T10TFM.2021109T184911.v2.0: wrote 8 files
[104/840] [105] HLS.L30.T10TCM.2021110T185653.v2.0: wrote 8 files
[105/840] [106] HLS.L30.T10TDL.2021110T185653.v2.0: wrote 8 files
[106/840] [110] HLS.S30.T10TCL.2021110T190909.v2.0: wrote 8 files
[107/840] [108] HLS.S30.T10TCM.2021110T190909.v2.0: wrote 8 files
[108/840] [109] HLS.S30.T10TDL.2021110T190909.v2.0: wrote 8 files
[109/840] [102] HLS.L30.T10TEM.2021110T185629.v2.0: wrote 8 files
[110/840] [101] HLS.L30.T10TDM.2021110T185629.v2.0: wrote 8 files
[111/840] [116] HLS.L30.T11TKF.2021112T184430.v2.0: wrote 8 files
[112/840] [114] HLS.L30.T10TEL.2021112T184430.v2.0: wrote 8 files
[113/840] [115] HLS.L30.T10TFL.2021112T184430.v2.0: wrote 8 files
[114/840] [117] HLS.L30.T10TGL.2021112T184430.v2.0: wrote 8 files
[115/840] [111] HLS.L30.T10TGM.2021112T184406.v2.0: wrote 8 files
[116/840] [107] HLS.S30.T10TDM.2021110T190909.v2.0: wrote 8 files
[117/840] [112] HLS.L30.T11TKG.2021112T184406.v2.0: wrote 8 files
[118/840] [123] HLS.S30.T10TFL.2021112T185911.v2.0: wrote 8 files
[119/840] [122] HLS.S30.T10TCM.2021112T185911.v2.0: wrote 8 files
[120/840] [124] HLS.S30.T10TEL.2021112T185911.v2.0: wrote 8 files
[121/840] [113] HLS.L30.T10TFM.2021112T184430.v2.0: wrote 8 files
[122/840] [126] HLS.S30.T10TCL.2021112T185911.v2.0: wrote 8 files
[123/840] [125] HLS.S30.T10TDL.2021112T185911.v2.0: wrote 8 files
[124/840] [118] HLS.L30.T10TEM.2021112T184430.v2.0: wrote 8 files
[125/840] [119] HLS.S30.T10TFM.2021112T185911.v2.0: wrote 8 files
[126/840] [120] HLS.S30.T10TEM.2021112T185911.v2.0: wrote 8 files
[127/840] [121] HLS.S30.T10TDM.2021112T185911.v2.0: wrote 8 files
[128/840] [127] HLS.S30.T10TGM.2021114T184909.v2.0: wrote 8 files
[129/840] [131] HLS.S30.T11TKF.2021114T184909.v2.0: wrote 8 files
[130/840] [128] HLS.S30.T11TKG.2021114T184909.v2.0: wrote 8 files
[131/840] [132] HLS.S30.T10TGL.2021114T184909.v2.0: wrote 8 files
[132/840] [134] HLS.S30.T10TEL.2021114T184909.v2.0: wrote 8 files
[133/840] [133] HLS.S30.T10TFL.2021114T184909.v2.0: wrote 8 files
[134/840] [136] HLS.S30.T10TCM.2021115T190911.v2.0: wrote 8 files
[135/840] [138] HLS.S30.T10TCL.2021115T190911.v2.0: wrote 8 files
[136/840] [137] HLS.S30.T10TDL.2021115T190911.v2.0: wrote 8 files
[137/840] [129] HLS.S30.T10TFM.2021114T184909.v2.0: wrote 8 files
[138/840] [130] HLS.S30.T10TEM.2021114T184909.v2.0: wrote 8 files
[139/840] [140] HLS.L30.T10TCM.2021117T190236.v2.0: wrote 8 files
[140/840] [135] HLS.S30.T10TDM.2021115T190911.v2.0: wrote 8 files
[141/840] [144] HLS.S30.T10TCM.2021117T185909.v2.0: wrote 8 files
[142/840] [145] HLS.S30.T10TFL.2021117T185909.v2.0: wrote 8 files
[143/840] [146] HLS.S30.T10TEL.2021117T185909.v2.0: wrote 8 files
[144/840] [139] HLS.L30.T10TDM.2021117T190236.v2.0: wrote 8 files
[145/840] [148] HLS.S30.T10TCL.2021117T185909.v2.0: wrote 8 files
[146/840] [147] HLS.S30.T10TDL.2021117T185909.v2.0: wrote 8 files
[147/840] [141] HLS.S30.T10TFM.2021117T185909.v2.0: wrote 8 files
[148/840] [142] HLS.S30.T10TEM.2021117T185909.v2.0: wrote 8 files
[149/840] [143] HLS.S30.T10TDM.2021117T185909.v2.0: wrote 8 files
[150/840] [151] HLS.L30.T10TDL.2021119T185037.v2.0: wrote 8 files
[151/840] [152] HLS.L30.T10TFL.2021119T185037.v2.0: wrote 8 files
[152/840] [153] HLS.L30.T10TEL.2021119T185037.v2.0: wrote 8 files
[153/840] [149] HLS.L30.T10TFM.2021119T185013.v2.0: wrote 8 files
[154/840] [155] HLS.S30.T10TGM.2021119T184921.v2.0: wrote 8 files
[155/840] [159] HLS.S30.T11TKF.2021119T184921.v2.0: wrote 8 files
[156/840] [150] HLS.L30.T10TEM.2021119T185013.v2.0: wrote 8 files
[157/840] [156] HLS.S30.T11TKG.2021119T184921.v2.0: wrote 8 files
[158/840] [154] HLS.L30.T10TDM.2021119T185037.v2.0: wrote 8 files
[159/840] [160] HLS.S30.T10TGL.2021119T184921.v2.0: wrote 8 files
[160/840] [161] HLS.S30.T10TFL.2021119T184921.v2.0: wrote 8 files
[161/840] [162] HLS.S30.T10TEL.2021119T184921.v2.0: wrote 8 files
[162/840] [166] HLS.S30.T10TCL.2021120T190909.v2.0: wrote 8 files
[163/840] [157] HLS.S30.T10TFM.2021119T184921.v2.0: wrote 8 files
[164/840] [158] HLS.S30.T10TEM.2021119T184921.v2.0: wrote 8 files
[165/840] [164] HLS.S30.T10TCM.2021120T190909.v2.0: wrote 8 files
[166/840] [165] HLS.S30.T10TDL.2021120T190909.v2.0: wrote 8 files
[167/840] [167] HLS.L30.T11TKF.2021121T183814.v2.0: wrote 8 files
[168/840] [168] HLS.L30.T10TFL.2021121T183814.v2.0: wrote 8 files
[169/840] [170] HLS.L30.T10TGL.2021121T183814.v2.0: wrote 8 files
[170/840] [163] HLS.S30.T10TDM.2021120T190909.v2.0: wrote 8 files
[171/840] [171] HLS.L30.T10TGM.2021121T183814.v2.0: wrote 8 files
[172/840] [175] HLS.S30.T10TCM.2021122T185911.v2.0: wrote 8 files
[173/840] [169] HLS.L30.T11TKG.2021121T183814.v2.0: wrote 8 files
[174/840] [176] HLS.S30.T10TFL.2021122T185911.v2.0: wrote 8 files
[175/840] [177] HLS.S30.T10TEL.2021122T185911.v2.0: wrote 8 files
[176/840] [179] HLS.S30.T10TCL.2021122T185911.v2.0: wrote 8 files
[177/840] [172] HLS.S30.T10TFM.2021122T185911.v2.0: wrote 8 files
[178/840] [178] HLS.S30.T10TDL.2021122T185911.v2.0: wrote 8 files
[179/840] [173] HLS.S30.T10TEM.2021122T185911.v2.0: wrote 8 files
[180/840] [174] HLS.S30.T10TDM.2021122T185911.v2.0: wrote 8 files
[181/840] [184] HLS.S30.T11TKF.2021124T184919.v2.0: wrote 8 files
[182/840] [180] HLS.S30.T10TGM.2021124T184919.v2.0: wrote 8 files
[183/840] [185] HLS.S30.T10TGL.2021124T184919.v2.0: wrote 8 files
[184/840] [181] HLS.S30.T11TKG.2021124T184919.v2.0: wrote 8 files
[185/840] [186] HLS.S30.T10TFL.2021124T184919.v2.0: wrote 8 files
[186/840] [187] HLS.S30.T10TEL.2021124T184919.v2.0: wrote 8 files
[187/840] [191] HLS.S30.T10TCL.2021125T190911.v2.0: wrote 8 files
[188/840] [188] HLS.S30.T10TCM.2021125T190911.v2.0: wrote 8 files
[189/840] [190] HLS.S30.T10TDL.2021125T190911.v2.0: wrote 8 files
[190/840] [182] HLS.S30.T10TFM.2021124T184919.v2.0: wrote 8 files
[191/840] [183] HLS.S30.T10TEM.2021124T184919.v2.0: wrote 8 files
[192/840] [196] HLS.L30.T10TCL.2021126T185643.v2.0: wrote 8 files
[193/840] [194] HLS.L30.T10TEL.2021126T185643.v2.0: wrote 8 files
[194/840] [195] HLS.L30.T10TCM.2021126T185643.v2.0: wrote 8 files
[195/840] [189] HLS.S30.T10TDM.2021125T190911.v2.0: wrote 8 files
[196/840] [197] HLS.L30.T10TDL.2021126T185643.v2.0: wrote 8 files
[197/840] [201] HLS.S30.T10TCM.2021127T185919.v2.0: wrote 8 files
[198/840] [193] HLS.L30.T10TEM.2021126T185619.v2.0: wrote 8 files
[199/840] [192] HLS.L30.T10TDM.2021126T185619.v2.0: wrote 8 files
[200/840] [202] HLS.S30.T10TFL.2021127T185919.v2.0: wrote 8 files
[201/840] [203] HLS.S30.T10TEL.2021127T185919.v2.0: wrote 8 files
[202/840] [205] HLS.S30.T10TCL.2021127T185919.v2.0: wrote 8 files
[203/840] [198] HLS.S30.T10TFM.2021127T185919.v2.0: wrote 8 files
[204/840] [204] HLS.S30.T10TDL.2021127T185919.v2.0: wrote 8 files
[205/840] [208] HLS.L30.T11TKF.2021128T184423.v2.0: wrote 8 files
[206/840] [199] HLS.S30.T10TEM.2021127T185919.v2.0: wrote 8 files
[207/840] [200] HLS.S30.T10TDM.2021127T185919.v2.0: wrote 8 files
[208/840] [209] HLS.L30.T10TGL.2021128T184423.v2.0: wrote 8 files
[209/840] [207] HLS.L30.T10TGM.2021128T184359.v2.0: wrote 8 files
[210/840] [206] HLS.L30.T11TKG.2021128T184359.v2.0: wrote 8 files
[211/840] [211] HLS.L30.T10TFL.2021128T184423.v2.0: wrote 8 files
[212/840] [212] HLS.L30.T10TEL.2021128T184423.v2.0: wrote 8 files
[213/840] [218] HLS.S30.T11TKF.2021129T184921.v2.0: wrote 8 files
[214/840] [219] HLS.S30.T10TGL.2021129T184921.v2.0: wrote 8 files
[215/840] [214] HLS.S30.T10TGM.2021129T184921.v2.0: wrote 8 files
[216/840] [215] HLS.S30.T11TKG.2021129T184921.v2.0: wrote 8 files
[217/840] [210] HLS.L30.T10TFM.2021128T184423.v2.0: wrote 8 files
[218/840] [213] HLS.L30.T10TEM.2021128T184423.v2.0: wrote 8 files
[219/840] [220] HLS.S30.T10TFL.2021129T184921.v2.0: wrote 8 files
[220/840] [221] HLS.S30.T10TEL.2021129T184921.v2.0: wrote 8 files
[221/840] [225] HLS.S30.T10TCL.2021130T190909.v2.0: wrote 8 files
[222/840] [223] HLS.S30.T10TCM.2021130T190909.v2.0: wrote 8 files
[223/840] [216] HLS.S30.T10TFM.2021129T184921.v2.0: wrote 8 files
[224/840] [217] HLS.S30.T10TEM.2021129T184921.v2.0: wrote 8 files
[225/840] [224] HLS.S30.T10TDL.2021130T190909.v2.0: wrote 8 files
[226/840] [229] HLS.S30.T10TCM.2021132T185921.v2.0: wrote 8 files
[227/840] [230] HLS.S30.T10TFL.2021132T185921.v2.0: wrote 8 files
[228/840] [231] HLS.S30.T10TEL.2021132T185921.v2.0: wrote 8 files
[229/840] [232] HLS.S30.T10TDL.2021132T185921.v2.0: wrote 8 files
[230/840] [222] HLS.S30.T10TDM.2021130T190909.v2.0: wrote 8 files
[231/840] [233] HLS.S30.T10TCL.2021132T185921.v2.0: wrote 8 files
[232/840] [226] HLS.S30.T10TFM.2021132T185921.v2.0: wrote 8 files
[233/840] [235] HLS.L30.T10TCM.2021133T190235.v2.0: wrote 8 files
[234/840] [227] HLS.S30.T10TEM.2021132T185921.v2.0: wrote 8 files
[235/840] [228] HLS.S30.T10TDM.2021132T185921.v2.0: wrote 8 files
[236/840] [236] HLS.S30.T10TGM.2021134T184919.v2.0: wrote 8 files
[237/840] [240] HLS.S30.T11TKF.2021134T184919.v2.0: wrote 8 files
[238/840] [237] HLS.S30.T11TKG.2021134T184919.v2.0: wrote 8 files
[239/840] [241] HLS.S30.T10TGL.2021134T184919.v2.0: wrote 8 files
[240/840] [234] HLS.L30.T10TDM.2021133T190235.v2.0: wrote 8 files
[241/840] [242] HLS.S30.T10TFL.2021134T184919.v2.0: wrote 8 files
[242/840] [243] HLS.S30.T10TEL.2021134T184919.v2.0: wrote 8 files
[243/840] [238] HLS.S30.T10TFM.2021134T184919.v2.0: wrote 8 files
[244/840] [246] HLS.L30.T10TFL.2021135T185039.v2.0: wrote 8 files
[245/840] [247] HLS.L30.T10TDL.2021135T185039.v2.0: wrote 8 files
[246/840] [248] HLS.L30.T10TEL.2021135T185039.v2.0: wrote 8 files
[247/840] [239] HLS.S30.T10TEM.2021134T184919.v2.0: wrote 8 files
[248/840] [253] HLS.S30.T10TCL.2021135T190911.v2.0: wrote 8 files
[249/840] [251] HLS.S30.T10TCM.2021135T190911.v2.0: wrote 8 files
[250/840] [244] HLS.L30.T10TFM.2021135T185015.v2.0: wrote 8 files
[251/840] [252] HLS.S30.T10TDL.2021135T190911.v2.0: wrote 8 files
[252/840] [254] HLS.L30.T10TGL.2021137T183818.v2.0: wrote 8 files
[253/840] [245] HLS.L30.T10TEM.2021135T185015.v2.0: wrote 8 files
[254/840] [257] HLS.L30.T11TKF.2021137T183818.v2.0: wrote 8 files
[255/840] [249] HLS.L30.T10TDM.2021135T185039.v2.0: wrote 8 files
[256/840] [250] HLS.S30.T10TDM.2021135T190911.v2.0: wrote 8 files
[257/840] [255] HLS.L30.T10TGM.2021137T183818.v2.0: wrote 8 files
[258/840] [256] HLS.L30.T11TKG.2021137T183818.v2.0: wrote 8 files
[259/840] [261] HLS.S30.T10TCM.2021137T185919.v2.0: wrote 8 files
[260/840] [262] HLS.S30.T10TFL.2021137T185919.v2.0: wrote 8 files
[261/840] [265] HLS.S30.T10TCL.2021137T185919.v2.0: wrote 8 files
[262/840] [263] HLS.S30.T10TEL.2021137T185919.v2.0: wrote 8 files
[263/840] [264] HLS.S30.T10TDL.2021137T185919.v2.0: wrote 8 files
[264/840] [258] HLS.S30.T10TFM.2021137T185919.v2.0: wrote 8 files
[265/840] [259] HLS.S30.T10TEM.2021137T185919.v2.0: wrote 8 files
[266/840] [260] HLS.S30.T10TDM.2021137T185919.v2.0: wrote 8 files
[267/840] [270] HLS.S30.T11TKF.2021139T184921.v2.0: wrote 8 files
[268/840] [266] HLS.S30.T10TGM.2021139T184921.v2.0: wrote 8 files
[269/840] [271] HLS.S30.T10TGL.2021139T184921.v2.0: wrote 8 files
[270/840] [267] HLS.S30.T11TKG.2021139T184921.v2.0: wrote 8 files
[271/840] [272] HLS.S30.T10TFL.2021139T184921.v2.0: wrote 8 files
[272/840] [273] HLS.S30.T10TEL.2021139T184921.v2.0: wrote 8 files
[273/840] [277] HLS.S30.T10TCL.2021140T190919.v2.0: wrote 8 files
[274/840] [275] HLS.S30.T10TCM.2021140T190919.v2.0: wrote 8 files
[275/840] [276] HLS.S30.T10TDL.2021140T190919.v2.0: wrote 8 files
[276/840] [268] HLS.S30.T10TFM.2021139T184921.v2.0: wrote 8 files
[277/840] [281] HLS.L30.T10TCL.2021142T185654.v2.0: wrote 8 files
[278/840] [269] HLS.S30.T10TEM.2021139T184921.v2.0: wrote 8 files
[279/840] [280] HLS.L30.T10TEL.2021142T185654.v2.0: wrote 8 files
[280/840] [282] HLS.L30.T10TDL.2021142T185654.v2.0: wrote 8 files
[281/840] [274] HLS.S30.T10TDM.2021140T190919.v2.0: wrote 8 files
[282/840] [283] HLS.L30.T10TCM.2021142T185654.v2.0: wrote 8 files
[283/840] [286] HLS.S30.T10TCM.2021142T185921.v2.0: wrote 8 files
[284/840] [279] HLS.L30.T10TEM.2021142T185630.v2.0: wrote 8 files
[285/840] [278] HLS.L30.T10TDM.2021142T185630.v2.0: wrote 8 files
[286/840] [287] HLS.S30.T10TFL.2021142T185921.v2.0: wrote 8 files
[287/840] [288] HLS.S30.T10TEL.2021142T185921.v2.0: wrote 8 files
[288/840] [290] HLS.S30.T10TCL.2021142T185921.v2.0: wrote 8 files
[289/840] [289] HLS.S30.T10TDL.2021142T185921.v2.0: wrote 8 files
[290/840] [284] HLS.S30.T10TEM.2021142T185921.v2.0: wrote 8 files
[291/840] [294] HLS.L30.T11TKF.2021144T184433.v2.0: wrote 8 files
[292/840] [285] HLS.S30.T10TDM.2021142T185921.v2.0: wrote 8 files
[293/840] [296] HLS.L30.T10TGL.2021144T184433.v2.0: wrote 8 files
[294/840] [295] HLS.L30.T10TEL.2021144T184433.v2.0: wrote 8 files
[295/840] [292] HLS.L30.T10TGM.2021144T184410.v2.0: wrote 8 files
[296/840] [291] HLS.L30.T11TKG.2021144T184410.v2.0: wrote 8 files
[297/840] [297] HLS.L30.T10TFL.2021144T184433.v2.0: wrote 8 files
[298/840] [293] HLS.L30.T10TEM.2021144T184433.v2.0: wrote 8 files
[299/840] [303] HLS.S30.T11TKF.2021144T184919.v2.0: wrote 8 files
[300/840] [299] HLS.S30.T10TGM.2021144T184919.v2.0: wrote 8 files
[301/840] [304] HLS.S30.T10TGL.2021144T184919.v2.0: wrote 8 files
[302/840] [300] HLS.S30.T11TKG.2021144T184919.v2.0: wrote 8 files
[303/840] [305] HLS.S30.T10TFL.2021144T184919.v2.0: wrote 8 files
[304/840] [306] HLS.S30.T10TEL.2021144T184919.v2.0: wrote 8 files
[305/840] [298] HLS.L30.T10TFM.2021144T184433.v2.0: wrote 8 files
[306/840] [308] HLS.S30.T10TCM.2021145T190911.v2.0: wrote 8 files
[307/840] [302] HLS.S30.T10TEM.2021144T184919.v2.0: wrote 8 files
[308/840] [309] HLS.S30.T10TDL.2021145T190911.v2.0: wrote 8 files
[309/840] [301] HLS.S30.T10TFM.2021144T184919.v2.0: wrote 8 files
[310/840] [310] HLS.S30.T10TCL.2021145T190911.v2.0: wrote 8 files
[311/840] [315] HLS.S30.T10TFL.2021147T185919.v2.0: wrote 8 files
[312/840] [314] HLS.S30.T10TCM.2021147T185919.v2.0: wrote 8 files
[313/840] [316] HLS.S30.T10TEL.2021147T185919.v2.0: wrote 8 files
[314/840] [317] HLS.S30.T10TDL.2021147T185919.v2.0: wrote 8 files
[315/840] [307] HLS.S30.T10TDM.2021145T190911.v2.0: wrote 8 files
[316/840] [318] HLS.S30.T10TCL.2021147T185919.v2.0: wrote 8 files
[317/840] [311] HLS.S30.T10TFM.2021147T185919.v2.0: wrote 8 files
[318/840] [319] HLS.L30.T10TCM.2021149T190245.v2.0: wrote 8 files
[319/840] [312] HLS.S30.T10TEM.2021147T185919.v2.0: wrote 8 files
[320/840] [313] HLS.S30.T10TDM.2021147T185919.v2.0: wrote 8 files
[321/840] [321] HLS.S30.T10TGM.2021149T184921.v2.0: wrote 8 files
[322/840] [325] HLS.S30.T11TKF.2021149T184921.v2.0: wrote 8 files
[323/840] [326] HLS.S30.T10TGL.2021149T184921.v2.0: wrote 8 files
[324/840] [322] HLS.S30.T11TKG.2021149T184921.v2.0: wrote 8 files
[325/840] [320] HLS.L30.T10TDM.2021149T190245.v2.0: wrote 8 files
[326/840] [327] HLS.S30.T10TFL.2021149T184921.v2.0: wrote 8 files
[327/840] [328] HLS.S30.T10TEL.2021149T184921.v2.0: wrote 8 files
[328/840] [330] HLS.S30.T10TCM.2021150T190919.v2.0: wrote 8 files
[329/840] [331] HLS.S30.T10TDL.2021150T190919.v2.0: wrote 8 files
[330/840] [332] HLS.S30.T10TCL.2021150T190919.v2.0: wrote 8 files
[331/840] [323] HLS.S30.T10TFM.2021149T184921.v2.0: wrote 8 files
[332/840] [324] HLS.S30.T10TEM.2021149T184921.v2.0: wrote 8 files
[333/840] [336] HLS.L30.T10TFL.2021151T185048.v2.0: wrote 8 files
[334/840] [337] HLS.L30.T10TEL.2021151T185048.v2.0: wrote 8 files
[335/840] [329] HLS.S30.T10TDM.2021150T190919.v2.0: wrote 8 files
[336/840] [338] HLS.L30.T10TDL.2021151T185048.v2.0: wrote 8 files
[337/840] [333] HLS.L30.T10TFM.2021151T185024.v2.0: wrote 8 files
[338/840] [343] HLS.S30.T10TFL.2021152T185921.v2.0: wrote 8 files
[339/840] [342] HLS.S30.T10TCM.2021152T185921.v2.0: wrote 8 files
[340/840] [335] HLS.L30.T10TDM.2021151T185048.v2.0: wrote 8 files
[341/840] [334] HLS.L30.T10TEM.2021151T185024.v2.0: wrote 8 files
[342/840] [339] HLS.S30.T10TFM.2021152T185921.v2.0: wrote 8 files
[343/840] [346] HLS.S30.T10TCL.2021152T185921.v2.0: wrote 8 files
[344/840] [344] HLS.S30.T10TEL.2021152T185921.v2.0: wrote 8 files
[345/840] [345] HLS.S30.T10TDL.2021152T185921.v2.0: wrote 8 files
[346/840] [348] HLS.L30.T11TKF.2021153T183827.v2.0: wrote 8 files
[347/840] [340] HLS.S30.T10TEM.2021152T185921.v2.0: wrote 8 files
[348/840] [341] HLS.S30.T10TDM.2021152T185921.v2.0: wrote 8 files
[349/840] [350] HLS.L30.T10TGL.2021153T183827.v2.0: wrote 8 files
[350/840] [347] HLS.L30.T11TKG.2021153T183827.v2.0: wrote 8 files
[351/840] [349] HLS.L30.T10TGM.2021153T183827.v2.0: wrote 8 files
[352/840] [355] HLS.S30.T11TKF.2021154T184919.v2.0: wrote 8 files
[353/840] [356] HLS.S30.T10TGL.2021154T184919.v2.0: wrote 8 files
[354/840] [351] HLS.S30.T10TGM.2021154T184919.v2.0: wrote 8 files
[355/840] [352] HLS.S30.T11TKG.2021154T184919.v2.0: wrote 8 files
[356/840] [357] HLS.S30.T10TFL.2021154T184919.v2.0: wrote 8 files
[357/840] [358] HLS.S30.T10TEL.2021154T184919.v2.0: wrote 8 files
[358/840] [360] HLS.S30.T10TCM.2021155T190911.v2.0: wrote 8 files
[359/840] [362] HLS.S30.T10TCL.2021155T190911.v2.0: wrote 8 files
[360/840] [361] HLS.S30.T10TDL.2021155T190911.v2.0: wrote 8 files
[361/840] [353] HLS.S30.T10TFM.2021154T184919.v2.0: wrote 8 files
[362/840] [354] HLS.S30.T10TEM.2021154T184919.v2.0: wrote 8 files
[363/840] [366] HLS.S30.T10TCM.2021157T185919.v2.0: wrote 8 files
[364/840] [367] HLS.S30.T10TFL.2021157T185919.v2.0: wrote 8 files
[365/840] [359] HLS.S30.T10TDM.2021155T190911.v2.0: wrote 8 files
[366/840] [368] HLS.S30.T10TEL.2021157T185919.v2.0: wrote 8 files
[367/840] [369] HLS.S30.T10TDL.2021157T185919.v2.0: wrote 8 files
[368/840] [370] HLS.S30.T10TCL.2021157T185919.v2.0: wrote 8 files
[369/840] [363] HLS.S30.T10TFM.2021157T185919.v2.0: wrote 8 files
[370/840] [375] HLS.L30.T10TCL.2021158T185702.v2.0: wrote 8 files
[371/840] [373] HLS.L30.T10TEL.2021158T185702.v2.0: wrote 8 files
[372/840] [364] HLS.S30.T10TEM.2021157T185919.v2.0: wrote 8 files
[373/840] [365] HLS.S30.T10TDM.2021157T185919.v2.0: wrote 8 files
[374/840] [374] HLS.L30.T10TDL.2021158T185702.v2.0: wrote 8 files
[375/840] [376] HLS.L30.T10TCM.2021158T185702.v2.0: wrote 8 files
[376/840] [381] HLS.S30.T11TKF.2021159T184921.v2.0: wrote 8 files
[377/840] [371] HLS.L30.T10TEM.2021158T185638.v2.0: wrote 8 files
[378/840] [372] HLS.L30.T10TDM.2021158T185638.v2.0: wrote 8 files
[379/840] [377] HLS.S30.T10TGM.2021159T184921.v2.0: wrote 8 files
[380/840] [382] HLS.S30.T10TGL.2021159T184921.v2.0: wrote 8 files
[381/840] [378] HLS.S30.T11TKG.2021159T184921.v2.0: wrote 8 files
[382/840] [383] HLS.S30.T10TFL.2021159T184921.v2.0: wrote 8 files
[383/840] [384] HLS.S30.T10TEL.2021159T184921.v2.0: wrote 8 files
[384/840] [380] HLS.S30.T10TEM.2021159T184921.v2.0: wrote 8 files
[385/840] [379] HLS.S30.T10TFM.2021159T184921.v2.0: wrote 8 files
[386/840] [388] HLS.L30.T10TFL.2021160T184441.v2.0: wrote 8 files
[387/840] [390] HLS.L30.T10TGL.2021160T184441.v2.0: wrote 8 files
[388/840] [385] HLS.L30.T11TKG.2021160T184417.v2.0: wrote 8 files
[389/840] [386] HLS.L30.T10TGM.2021160T184417.v2.0: wrote 8 files
[390/840] [391] HLS.L30.T11TKF.2021160T184441.v2.0: wrote 8 files
[391/840] [392] HLS.L30.T10TEL.2021160T184441.v2.0: wrote 8 files
[392/840] [395] HLS.S30.T10TDL.2021160T190919.v2.0: wrote 8 files
[393/840] [394] HLS.S30.T10TCM.2021160T190919.v2.0: wrote 8 files
[394/840] [387] HLS.L30.T10TEM.2021160T184441.v2.0: wrote 8 files
[395/840] [389] HLS.L30.T10TFM.2021160T184441.v2.0: wrote 8 files
[396/840] [398] HLS.S30.T10TFL.2021162T185921.v2.0: wrote 8 files
[397/840] [400] HLS.S30.T10TDL.2021162T185921.v2.0: wrote 8 files
[398/840] [399] HLS.S30.T10TEL.2021162T185921.v2.0: wrote 8 files
[399/840] [393] HLS.S30.T10TDM.2021160T190919.v2.0: wrote 8 files
[400/840] [396] HLS.S30.T10TFM.2021162T185921.v2.0: wrote 8 files
[401/840] [401] HLS.S30.T10TGM.2021164T184919.v2.0: wrote 8 files
[402/840] [397] HLS.S30.T10TEM.2021162T185921.v2.0: wrote 8 files
[403/840] [405] HLS.S30.T11TKF.2021164T184919.v2.0: wrote 8 files
[404/840] [406] HLS.S30.T10TGL.2021164T184919.v2.0: wrote 8 files
[405/840] [402] HLS.S30.T11TKG.2021164T184919.v2.0: wrote 8 files
[406/840] [407] HLS.S30.T10TFL.2021164T184919.v2.0: wrote 8 files
[407/840] [408] HLS.S30.T10TEL.2021164T184919.v2.0: wrote 8 files
[408/840] [410] HLS.L30.T10TCM.2021165T190251.v2.0: wrote 8 files
[409/840] [403] HLS.S30.T10TFM.2021164T184919.v2.0: wrote 8 files
[410/840] [414] HLS.S30.T10TCL.2021165T190911.v2.0: wrote 8 files
[411/840] [413] HLS.S30.T10TDL.2021165T190911.v2.0: wrote 8 files
[412/840] [404] HLS.S30.T10TEM.2021164T184919.v2.0: wrote 8 files
[413/840] [412] HLS.S30.T10TCM.2021165T190911.v2.0: wrote 8 files
[414/840] [409] HLS.L30.T10TDM.2021165T190251.v2.0: wrote 8 files
[415/840] [417] HLS.L30.T10TFL.2021167T185054.v2.0: wrote 8 files
[416/840] [411] HLS.S30.T10TDM.2021165T190911.v2.0: wrote 8 files
[417/840] [418] HLS.L30.T10TDL.2021167T185054.v2.0: wrote 8 files
[418/840] [420] HLS.L30.T10TEL.2021167T185054.v2.0: wrote 8 files
[419/840] [415] HLS.L30.T10TEM.2021167T185030.v2.0: wrote 8 files
[420/840] [424] HLS.S30.T10TCM.2021167T185919.v2.0: wrote 8 files
[421/840] [425] HLS.S30.T10TFL.2021167T185919.v2.0: wrote 8 files
[422/840] [416] HLS.L30.T10TFM.2021167T185030.v2.0: wrote 8 files
[423/840] [419] HLS.L30.T10TDM.2021167T185054.v2.0: wrote 8 files
[424/840] [428] HLS.S30.T10TCL.2021167T185919.v2.0: wrote 8 files
[425/840] [426] HLS.S30.T10TEL.2021167T185919.v2.0: wrote 8 files
[426/840] [427] HLS.S30.T10TDL.2021167T185919.v2.0: wrote 8 files
[427/840] [429] HLS.L30.T11TKF.2021169T183833.v2.0: wrote 8 files
[428/840] [421] HLS.S30.T10TFM.2021167T185919.v2.0: wrote 8 files
[429/840] [430] HLS.L30.T10TGL.2021169T183833.v2.0: wrote 8 files
[430/840] [422] HLS.S30.T10TEM.2021167T185919.v2.0: wrote 8 files
[431/840] [423] HLS.S30.T10TDM.2021167T185919.v2.0: wrote 8 files
[432/840] [437] HLS.S30.T11TKF.2021169T184921.v2.0: wrote 8 files
[433/840] [438] HLS.S30.T10TGL.2021169T184921.v2.0: wrote 8 files
[434/840] [432] HLS.L30.T10TGM.2021169T183833.v2.0: wrote 8 files
[435/840] [433] HLS.S30.T10TGM.2021169T184921.v2.0: wrote 8 files
[436/840] [431] HLS.L30.T11TKG.2021169T183833.v2.0: wrote 8 files
[437/840] [434] HLS.S30.T11TKG.2021169T184921.v2.0: wrote 8 files
[438/840] [439] HLS.S30.T10TFL.2021169T184921.v2.0: wrote 8 files
[439/840] [440] HLS.S30.T10TEL.2021169T184921.v2.0: wrote 8 files
[440/840] [444] HLS.S30.T10TCL.2021170T190919.v2.0: wrote 8 files
[441/840] [442] HLS.S30.T10TCM.2021170T190919.v2.0: wrote 8 files
[442/840] [443] HLS.S30.T10TDL.2021170T190919.v2.0: wrote 8 files
[443/840] [435] HLS.S30.T10TFM.2021169T184921.v2.0: wrote 8 files
[444/840] [436] HLS.S30.T10TEM.2021169T184921.v2.0: wrote 8 files
[445/840] [449] HLS.S30.T10TFL.2021172T185921.v2.0: wrote 8 files
[446/840] [448] HLS.S30.T10TCM.2021172T185921.v2.0: wrote 8 files
[447/840] [451] HLS.S30.T10TDL.2021172T185921.v2.0: wrote 8 files
[448/840] [441] HLS.S30.T10TDM.2021170T190919.v2.0: wrote 8 files
[449/840] [450] HLS.S30.T10TEL.2021172T185921.v2.0: wrote 8 files
[450/840] [452] HLS.S30.T10TCL.2021172T185921.v2.0: wrote 8 files
[451/840] [445] HLS.S30.T10TFM.2021172T185921.v2.0: wrote 8 files
[452/840] [446] HLS.S30.T10TEM.2021172T185921.v2.0: wrote 8 files
[453/840] [455] HLS.L30.T10TEL.2021174T185707.v2.0: wrote 8 files
[454/840] [447] HLS.S30.T10TDM.2021172T185921.v2.0: wrote 8 files
[455/840] [456] HLS.L30.T10TCM.2021174T185707.v2.0: wrote 8 files
[456/840] [458] HLS.L30.T10TCL.2021174T185707.v2.0: wrote 8 files
[457/840] [457] HLS.L30.T10TDL.2021174T185707.v2.0: wrote 8 files
[458/840] [453] HLS.L30.T10TEM.2021174T185643.v2.0: wrote 8 files
[459/840] [463] HLS.S30.T11TKF.2021174T184919.v2.0: wrote 8 files
[460/840] [464] HLS.S30.T10TGL.2021174T184919.v2.0: wrote 8 files
[461/840] [459] HLS.S30.T10TGM.2021174T184919.v2.0: wrote 8 files
[462/840] [454] HLS.L30.T10TDM.2021174T185643.v2.0: wrote 8 files
[463/840] [460] HLS.S30.T11TKG.2021174T184919.v2.0: wrote 8 files
[464/840] [466] HLS.S30.T10TEL.2021174T184919.v2.0: wrote 8 files
[465/840] [465] HLS.S30.T10TFL.2021174T184919.v2.0: wrote 8 files
[466/840] [470] HLS.S30.T10TCL.2021175T190921.v2.0: wrote 8 files
[467/840] [462] HLS.S30.T10TEM.2021174T184919.v2.0: wrote 8 files
[468/840] [469] HLS.S30.T10TDL.2021175T190921.v2.0: wrote 8 files
[469/840] [461] HLS.S30.T10TFM.2021174T184919.v2.0: wrote 8 files
[470/840] [468] HLS.S30.T10TCM.2021175T190921.v2.0: wrote 8 files
[471/840] [475] HLS.L30.T11TKF.2021176T184445.v2.0: wrote 8 files
[472/840] [474] HLS.L30.T10TGL.2021176T184445.v2.0: wrote 8 files
[473/840] [467] HLS.S30.T10TDM.2021175T190921.v2.0: wrote 8 files
[474/840] [476] HLS.L30.T10TEL.2021176T184445.v2.0: wrote 8 files
[475/840] [472] HLS.L30.T10TGM.2021176T184422.v2.0: wrote 8 files
[476/840] [471] HLS.L30.T11TKG.2021176T184422.v2.0: wrote 8 files
[477/840] [478] HLS.L30.T10TFL.2021176T184445.v2.0: wrote 8 files
[478/840] [482] HLS.S30.T10TCM.2021177T185919.v2.0: wrote 8 files
[479/840] [473] HLS.L30.T10TEM.2021176T184445.v2.0: wrote 8 files
[480/840] [483] HLS.S30.T10TFL.2021177T185919.v2.0: wrote 8 files
[481/840] [477] HLS.L30.T10TFM.2021176T184445.v2.0: wrote 8 files
[482/840] [484] HLS.S30.T10TEL.2021177T185919.v2.0: wrote 8 files
[483/840] [486] HLS.S30.T10TCL.2021177T185919.v2.0: wrote 8 files
[484/840] [485] HLS.S30.T10TDL.2021177T185919.v2.0: wrote 8 files
[485/840] [479] HLS.S30.T10TFM.2021177T185919.v2.0: wrote 8 files
[486/840] [480] HLS.S30.T10TEM.2021177T185919.v2.0: wrote 8 files
[487/840] [481] HLS.S30.T10TDM.2021177T185919.v2.0: wrote 8 files
[488/840] [491] HLS.S30.T11TKF.2021179T184921.v2.0: wrote 8 files
[489/840] [487] HLS.S30.T10TGM.2021179T184921.v2.0: wrote 8 files
[490/840] [492] HLS.S30.T10TGL.2021179T184921.v2.0: wrote 8 files
[491/840] [488] HLS.S30.T11TKG.2021179T184921.v2.0: wrote 8 files
[492/840] [494] HLS.S30.T10TEL.2021179T184921.v2.0: wrote 8 files
[493/840] [493] HLS.S30.T10TFL.2021179T184921.v2.0: wrote 8 files
[494/840] [496] HLS.S30.T10TCM.2021180T190919.v2.0: wrote 8 files
[495/840] [498] HLS.S30.T10TCL.2021180T190919.v2.0: wrote 8 files
[496/840] [497] HLS.S30.T10TDL.2021180T190919.v2.0: wrote 8 files
[497/840] [490] HLS.S30.T10TEM.2021179T184921.v2.0: wrote 8 files
[498/840] [489] HLS.S30.T10TFM.2021179T184921.v2.0: wrote 8 files
[499/840] [500] HLS.L30.T10TCM.2021181T190255.v2.0: wrote 8 files
[500/840] [495] HLS.S30.T10TDM.2021180T190919.v2.0: wrote 8 files
[501/840] [504] HLS.S30.T10TCM.2021182T185921.v2.0: wrote 8 files
[502/840] [505] HLS.S30.T10TFL.2021182T185921.v2.0: wrote 8 files
[503/840] [506] HLS.S30.T10TEL.2021182T185921.v2.0: wrote 8 files
[504/840] [499] HLS.L30.T10TDM.2021181T190255.v2.0: wrote 8 files
[505/840] [508] HLS.S30.T10TCL.2021182T185921.v2.0: wrote 8 files
[506/840] [507] HLS.S30.T10TDL.2021182T185921.v2.0: wrote 8 files
[507/840] [501] HLS.S30.T10TFM.2021182T185921.v2.0: wrote 8 files
[508/840] [502] HLS.S30.T10TEM.2021182T185921.v2.0: wrote 8 files
[509/840] [503] HLS.S30.T10TDM.2021182T185921.v2.0: wrote 8 files
[510/840] [511] HLS.L30.T10TFL.2021183T185057.v2.0: wrote 8 files
[511/840] [512] HLS.L30.T10TDL.2021183T185057.v2.0: wrote 8 files
[512/840] [513] HLS.L30.T10TEL.2021183T185057.v2.0: wrote 8 files
[513/840] [515] HLS.L30.T10TGL.2021185T183836.v2.0: wrote 8 files
[514/840] [518] HLS.L30.T11TKF.2021185T183836.v2.0: wrote 8 files
[515/840] [509] HLS.L30.T10TEM.2021183T185033.v2.0: wrote 8 files
[516/840] [510] HLS.L30.T10TFM.2021183T185033.v2.0: wrote 8 files
[517/840] [517] HLS.L30.T10TGM.2021185T183836.v2.0: wrote 8 files
[518/840] [516] HLS.L30.T11TKG.2021185T183836.v2.0: wrote 8 files
[519/840] [520] HLS.S30.T10TCM.2021185T190921.v2.0: wrote 8 files
[520/840] [521] HLS.S30.T10TDL.2021185T190921.v2.0: wrote 8 files
[521/840] [514] HLS.L30.T10TDM.2021183T185057.v2.0: wrote 8 files
[522/840] [525] HLS.S30.T10TCM.2021187T185919.v2.0: wrote 8 files
[523/840] [526] HLS.S30.T10TFL.2021187T185919.v2.0: wrote 8 files
[524/840] [519] HLS.S30.T10TDM.2021185T190921.v2.0: wrote 8 files
[525/840] [527] HLS.S30.T10TEL.2021187T185919.v2.0: wrote 8 files
[526/840] [528] HLS.S30.T10TDL.2021187T185919.v2.0: wrote 8 files
[527/840] [529] HLS.S30.T10TCL.2021187T185919.v2.0: wrote 8 files
[528/840] [522] HLS.S30.T10TFM.2021187T185919.v2.0: wrote 8 files
[529/840] [523] HLS.S30.T10TEM.2021187T185919.v2.0: wrote 8 files
[530/840] [524] HLS.S30.T10TDM.2021187T185919.v2.0: wrote 8 files
[531/840] [530] HLS.S30.T10TGM.2021189T184921.v2.0: wrote 8 files
[532/840] [534] HLS.S30.T11TKF.2021189T184921.v2.0: wrote 8 files
[533/840] [535] HLS.S30.T10TGL.2021189T184921.v2.0: wrote 8 files
[534/840] [531] HLS.S30.T11TKG.2021189T184921.v2.0: wrote 8 files
[535/840] [536] HLS.S30.T10TFL.2021189T184921.v2.0: wrote 8 files
[536/840] [537] HLS.S30.T10TEL.2021189T184921.v2.0: wrote 8 files
[537/840] [540] HLS.L30.T10TEL.2021190T185709.v2.0: wrote 8 files
[538/840] [542] HLS.L30.T10TCL.2021190T185709.v2.0: wrote 8 files
[539/840] [533] HLS.S30.T10TEM.2021189T184921.v2.0: wrote 8 files
[540/840] [541] HLS.L30.T10TCM.2021190T185709.v2.0: wrote 8 files
[541/840] [532] HLS.S30.T10TFM.2021189T184921.v2.0: wrote 8 files
[542/840] [543] HLS.L30.T10TDL.2021190T185709.v2.0: wrote 8 files
[543/840] [546] HLS.S30.T10TDL.2021190T190919.v2.0: wrote 8 files
[544/840] [545] HLS.S30.T10TCM.2021190T190919.v2.0: wrote 8 files
[545/840] [538] HLS.L30.T10TEM.2021190T185645.v2.0: wrote 8 files
[546/840] [539] HLS.L30.T10TDM.2021190T185645.v2.0: wrote 8 files
[547/840] [547] HLS.L30.T10TGM.2021192T184423.v2.0: wrote 8 files
[548/840] [551] HLS.L30.T10TGL.2021192T184447.v2.0: wrote 8 files
[549/840] [552] HLS.L30.T11TKF.2021192T184447.v2.0: wrote 8 files
[550/840] [548] HLS.L30.T11TKG.2021192T184423.v2.0: wrote 8 files
[551/840] [550] HLS.L30.T10TEL.2021192T184447.v2.0: wrote 8 files
[552/840] [544] HLS.S30.T10TDM.2021190T190919.v2.0: wrote 8 files
[553/840] [554] HLS.L30.T10TFL.2021192T184447.v2.0: wrote 8 files
[554/840] [549] HLS.L30.T10TFM.2021192T184423.v2.0: wrote 8 files
[555/840] [559] HLS.S30.T10TCM.2021192T185921.v2.0: wrote 8 files
[556/840] [560] HLS.S30.T10TFL.2021192T185921.v2.0: wrote 8 files
[557/840] [553] HLS.L30.T10TEM.2021192T184447.v2.0: wrote 8 files
[558/840] [561] HLS.S30.T10TEL.2021192T185921.v2.0: wrote 8 files
[559/840] [556] HLS.S30.T10TFM.2021192T185921.v2.0: wrote 8 files
[560/840] [562] HLS.S30.T10TDL.2021192T185921.v2.0: wrote 8 files
[561/840] [563] HLS.S30.T10TCL.2021192T185921.v2.0: wrote 8 files
[562/840] [555] HLS.L30.T10TFM.2021192T184447.v2.0: wrote 8 files
[563/840] [557] HLS.S30.T10TEM.2021192T185921.v2.0: wrote 8 files
[564/840] [558] HLS.S30.T10TDM.2021192T185921.v2.0: wrote 8 files
[565/840] [568] HLS.S30.T11TKF.2021194T184919.v2.0: wrote 8 files
[566/840] [569] HLS.S30.T10TGL.2021194T184919.v2.0: wrote 8 files
[567/840] [564] HLS.S30.T10TGM.2021194T184919.v2.0: wrote 8 files
[568/840] [570] HLS.S30.T10TFL.2021194T184919.v2.0: wrote 8 files
[569/840] [571] HLS.S30.T10TEL.2021194T184919.v2.0: wrote 8 files
[570/840] [565] HLS.S30.T11TKG.2021194T184919.v2.0: wrote 8 files
[571/840] [573] HLS.S30.T10TCM.2021195T190921.v2.0: wrote 8 files
[572/840] [575] HLS.S30.T10TCL.2021195T190921.v2.0: wrote 8 files
[573/840] [574] HLS.S30.T10TDL.2021195T190921.v2.0: wrote 8 files
[574/840] [576] HLS.L30.T10TCM.2021197T190256.v2.0: wrote 8 files
[575/840] [567] HLS.S30.T10TEM.2021194T184919.v2.0: wrote 8 files
[576/840] [566] HLS.S30.T10TFM.2021194T184919.v2.0: wrote 8 files
[577/840] [572] HLS.S30.T10TDM.2021195T190921.v2.0: wrote 8 files
[578/840] [581] HLS.S30.T10TCM.2021197T185919.v2.0: wrote 8 files
[579/840] [582] HLS.S30.T10TFL.2021197T185919.v2.0: wrote 8 files
[580/840] [583] HLS.S30.T10TEL.2021197T185919.v2.0: wrote 8 files
[581/840] [577] HLS.L30.T10TDM.2021197T190256.v2.0: wrote 8 files
[582/840] [585] HLS.S30.T10TCL.2021197T185919.v2.0: wrote 8 files
[583/840] [584] HLS.S30.T10TDL.2021197T185919.v2.0: wrote 8 files
[584/840] [578] HLS.S30.T10TFM.2021197T185919.v2.0: wrote 8 files
[585/840] [579] HLS.S30.T10TEM.2021197T185919.v2.0: wrote 8 files
[586/840] [580] HLS.S30.T10TDM.2021197T185919.v2.0: wrote 8 files
[587/840] [588] HLS.L30.T10TFL.2021199T185100.v2.0: wrote 8 files
[588/840] [590] HLS.L30.T10TDL.2021199T185100.v2.0: wrote 8 files
[589/840] [591] HLS.L30.T10TEL.2021199T185100.v2.0: wrote 8 files
[590/840] [586] HLS.L30.T10TFM.2021199T185036.v2.0: wrote 8 files
[591/840] [596] HLS.S30.T11TKF.2021199T184921.v2.0: wrote 8 files
[592/840] [592] HLS.S30.T10TGM.2021199T184921.v2.0: wrote 8 files
[593/840] [587] HLS.L30.T10TEM.2021199T185036.v2.0: wrote 8 files
[594/840] [589] HLS.L30.T10TDM.2021199T185100.v2.0: wrote 8 files
[595/840] [593] HLS.S30.T11TKG.2021199T184921.v2.0: wrote 8 files
[596/840] [597] HLS.S30.T10TGL.2021199T184921.v2.0: wrote 8 files
[597/840] [598] HLS.S30.T10TFL.2021199T184921.v2.0: wrote 8 files
[598/840] [599] HLS.S30.T10TEL.2021199T184921.v2.0: wrote 8 files
[599/840] [603] HLS.S30.T10TCL.2021200T190919.v2.0: wrote 8 files
[600/840] [601] HLS.S30.T10TCM.2021200T190919.v2.0: wrote 8 files
[601/840] [594] HLS.S30.T10TFM.2021199T184921.v2.0: wrote 8 files
[602/840] [595] HLS.S30.T10TEM.2021199T184921.v2.0: wrote 8 files
[603/840] [602] HLS.S30.T10TDL.2021200T190919.v2.0: wrote 8 files
[604/840] [604] HLS.L30.T10TGL.2021201T183839.v2.0: wrote 8 files
[605/840] [606] HLS.L30.T11TKF.2021201T183839.v2.0: wrote 8 files
[606/840] [600] HLS.S30.T10TDM.2021200T190919.v2.0: wrote 8 files
[607/840] [605] HLS.L30.T11TKG.2021201T183839.v2.0: wrote 8 files
[608/840] [611] HLS.S30.T10TCM.2021202T185921.v2.0: wrote 8 files
[609/840] [607] HLS.L30.T10TGM.2021201T183839.v2.0: wrote 8 files
[610/840] [612] HLS.S30.T10TFL.2021202T185921.v2.0: wrote 8 files
[611/840] [615] HLS.S30.T10TCL.2021202T185921.v2.0: wrote 8 files
[612/840] [613] HLS.S30.T10TEL.2021202T185921.v2.0: wrote 8 files
[613/840] [614] HLS.S30.T10TDL.2021202T185921.v2.0: wrote 8 files
[614/840] [608] HLS.S30.T10TFM.2021202T185921.v2.0: wrote 8 files
[615/840] [609] HLS.S30.T10TEM.2021202T185921.v2.0: wrote 8 files
[616/840] [610] HLS.S30.T10TDM.2021202T185921.v2.0: wrote 8 files
[617/840] [616] HLS.S30.T10TGM.2021204T184919.v2.0: wrote 8 files
[618/840] [620] HLS.S30.T11TKF.2021204T184919.v2.0: wrote 8 files
[619/840] [617] HLS.S30.T11TKG.2021204T184919.v2.0: wrote 8 files
[620/840] [621] HLS.S30.T10TGL.2021204T184919.v2.0: wrote 8 files
[621/840] [623] HLS.S30.T10TEL.2021204T184919.v2.0: wrote 8 files
[622/840] [622] HLS.S30.T10TFL.2021204T184919.v2.0: wrote 8 files
[623/840] [627] HLS.S30.T10TCL.2021205T190921.v2.0: wrote 8 files
[624/840] [625] HLS.S30.T10TCM.2021205T190921.v2.0: wrote 8 files
[625/840] [626] HLS.S30.T10TDL.2021205T190921.v2.0: wrote 8 files
[626/840] [618] HLS.S30.T10TFM.2021204T184919.v2.0: wrote 8 files
[627/840] [619] HLS.S30.T10TEM.2021204T184919.v2.0: wrote 8 files
[628/840] [632] HLS.L30.T10TCL.2021206T185715.v2.0: wrote 8 files
[629/840] [630] HLS.L30.T10TCM.2021206T185715.v2.0: wrote 8 files
[630/840] [631] HLS.L30.T10TEL.2021206T185715.v2.0: wrote 8 files
[631/840] [624] HLS.S30.T10TDM.2021205T190921.v2.0: wrote 8 files
[632/840] [633] HLS.L30.T10TDL.2021206T185715.v2.0: wrote 8 files
[633/840] [637] HLS.S30.T10TCM.2021207T185919.v2.0: wrote 8 files
[634/840] [629] HLS.L30.T10TEM.2021206T185651.v2.0: wrote 8 files
[635/840] [628] HLS.L30.T10TDM.2021206T185651.v2.0: wrote 8 files
[636/840] [638] HLS.S30.T10TFL.2021207T185919.v2.0: wrote 8 files
[637/840] [639] HLS.S30.T10TEL.2021207T185919.v2.0: wrote 8 files
[638/840] [641] HLS.S30.T10TCL.2021207T185919.v2.0: wrote 8 files
[639/840] [634] HLS.S30.T10TFM.2021207T185919.v2.0: wrote 8 files
[640/840] [640] HLS.S30.T10TDL.2021207T185919.v2.0: wrote 8 files
[641/840] [635] HLS.S30.T10TEM.2021207T185919.v2.0: wrote 8 files
[642/840] [636] HLS.S30.T10TDM.2021207T185919.v2.0: wrote 8 files
[643/840] [643] HLS.L30.T10TGM.2021208T184430.v2.0: wrote 8 files
[644/840] [646] HLS.L30.T11TKF.2021208T184454.v2.0: wrote 8 files
[645/840] [647] HLS.L30.T10TEL.2021208T184454.v2.0: wrote 8 files
[646/840] [644] HLS.L30.T11TKG.2021208T184430.v2.0: wrote 8 files
[647/840] [649] HLS.L30.T10TFL.2021208T184454.v2.0: wrote 8 files
[648/840] [650] HLS.L30.T10TGL.2021208T184454.v2.0: wrote 8 files
[649/840] [642] HLS.L30.T10TFM.2021208T184430.v2.0: wrote 8 files
[650/840] [645] HLS.L30.T10TEM.2021208T184454.v2.0: wrote 8 files
[651/840] [655] HLS.S30.T11TKF.2021209T184921.v2.0: wrote 8 files
[652/840] [651] HLS.S30.T10TGM.2021209T184921.v2.0: wrote 8 files
[653/840] [648] HLS.L30.T10TFM.2021208T184454.v2.0: wrote 8 files
[654/840] [656] HLS.S30.T10TGL.2021209T184921.v2.0: wrote 8 files
[655/840] [652] HLS.S30.T11TKG.2021209T184921.v2.0: wrote 8 files
[656/840] [657] HLS.S30.T10TFL.2021209T184921.v2.0: wrote 8 files
[657/840] [658] HLS.S30.T10TEL.2021209T184921.v2.0: wrote 8 files
[658/840] [662] HLS.S30.T10TCL.2021210T190919.v2.0: wrote 8 files
[659/840] [661] HLS.S30.T10TDL.2021210T190919.v2.0: wrote 8 files
[660/840] [653] HLS.S30.T10TFM.2021209T184921.v2.0: wrote 8 files
[661/840] [654] HLS.S30.T10TEM.2021209T184921.v2.0: wrote 8 files
[662/840] [660] HLS.S30.T10TCM.2021210T190919.v2.0: wrote 8 files
[663/840] [669] HLS.S30.T10TCL.2021212T185921.v2.0: wrote 8 files
[664/840] [665] HLS.S30.T10TCM.2021212T185921.v2.0: wrote 8 files
[665/840] [666] HLS.S30.T10TFL.2021212T185921.v2.0: wrote 8 files
[666/840] [667] HLS.S30.T10TEL.2021212T185921.v2.0: wrote 8 files
[667/840] [668] HLS.S30.T10TDL.2021212T185921.v2.0: wrote 8 files
[668/840] [659] HLS.S30.T10TDM.2021210T190919.v2.0: wrote 8 files
[669/840] [663] HLS.S30.T10TEM.2021212T185921.v2.0: wrote 8 files
[670/840] [671] HLS.L30.T10TCM.2021213T190305.v2.0: wrote 8 files
[671/840] [664] HLS.S30.T10TDM.2021212T185921.v2.0: wrote 8 files
[672/840] [672] HLS.S30.T10TGM.2021214T184919.v2.0: wrote 8 files
[673/840] [676] HLS.S30.T11TKF.2021214T184919.v2.0: wrote 8 files
[674/840] [677] HLS.S30.T10TGL.2021214T184919.v2.0: wrote 8 files
[675/840] [673] HLS.S30.T11TKG.2021214T184919.v2.0: wrote 8 files
[676/840] [670] HLS.L30.T10TDM.2021213T190305.v2.0: wrote 8 files
[677/840] [678] HLS.S30.T10TFL.2021214T184919.v2.0: wrote 8 files
[678/840] [679] HLS.S30.T10TEL.2021214T184919.v2.0: wrote 8 files
[679/840] [675] HLS.S30.T10TEM.2021214T184919.v2.0: wrote 8 files
[680/840] [674] HLS.S30.T10TFM.2021214T184919.v2.0: wrote 8 files
[681/840] [682] HLS.L30.T10TFL.2021215T185108.v2.0: wrote 8 files
[682/840] [684] HLS.L30.T10TDL.2021215T185108.v2.0: wrote 8 files
[683/840] [685] HLS.L30.T10TEL.2021215T185108.v2.0: wrote 8 files
[684/840] [688] HLS.S30.T10TDL.2021215T190921.v2.0: wrote 8 files
[685/840] [689] HLS.S30.T10TCL.2021215T190921.v2.0: wrote 8 files
[686/840] [680] HLS.L30.T10TFM.2021215T185044.v2.0: wrote 8 files
[687/840] [687] HLS.S30.T10TCM.2021215T190921.v2.0: wrote 8 files
[688/840] [690] HLS.L30.T11TKF.2021217T183847.v2.0: wrote 8 files
[689/840] [683] HLS.L30.T10TDM.2021215T185108.v2.0: wrote 8 files
[690/840] [681] HLS.L30.T10TEM.2021215T185044.v2.0: wrote 8 files
[691/840] [691] HLS.L30.T10TGL.2021217T183847.v2.0: wrote 8 files
[692/840] [686] HLS.S30.T10TDM.2021215T190921.v2.0: wrote 8 files
[693/840] [693] HLS.L30.T10TGM.2021217T183847.v2.0: wrote 8 files
[694/840] [697] HLS.S30.T10TCM.2021217T185919.v2.0: wrote 8 files
[695/840] [692] HLS.L30.T11TKG.2021217T183847.v2.0: wrote 8 files
[696/840] [698] HLS.S30.T10TFL.2021217T185919.v2.0: wrote 8 files
[697/840] [699] HLS.S30.T10TEL.2021217T185919.v2.0: wrote 8 files
[698/840] [701] HLS.S30.T10TCL.2021217T185919.v2.0: wrote 8 files
[699/840] [694] HLS.S30.T10TFM.2021217T185919.v2.0: wrote 8 files
[700/840] [700] HLS.S30.T10TDL.2021217T185919.v2.0: wrote 8 files
[701/840] [695] HLS.S30.T10TEM.2021217T185919.v2.0: wrote 8 files
[702/840] [696] HLS.S30.T10TDM.2021217T185919.v2.0: wrote 8 files
[703/840] [702] HLS.S30.T10TGM.2021219T184921.v2.0: wrote 8 files
[704/840] [706] HLS.S30.T11TKF.2021219T184921.v2.0: wrote 8 files
[705/840] [703] HLS.S30.T11TKG.2021219T184921.v2.0: wrote 8 files
[706/840] [707] HLS.S30.T10TGL.2021219T184921.v2.0: wrote 8 files
[707/840] [708] HLS.S30.T10TFL.2021219T184921.v2.0: wrote 8 files
[708/840] [709] HLS.S30.T10TEL.2021219T184921.v2.0: wrote 8 files
[709/840] [713] HLS.S30.T10TCL.2021220T190919.v2.0: wrote 8 files
[710/840] [711] HLS.S30.T10TCM.2021220T190919.v2.0: wrote 8 files
[711/840] [712] HLS.S30.T10TDL.2021220T190919.v2.0: wrote 8 files
[712/840] [705] HLS.S30.T10TEM.2021219T184921.v2.0: wrote 8 files
[713/840] [704] HLS.S30.T10TFM.2021219T184921.v2.0: wrote 8 files
[714/840] [716] HLS.L30.T10TEL.2021222T185721.v2.0: wrote 8 files
[715/840] [718] HLS.L30.T10TCL.2021222T185721.v2.0: wrote 8 files
[716/840] [717] HLS.L30.T10TCM.2021222T185721.v2.0: wrote 8 files
[717/840] [719] HLS.L30.T10TDL.2021222T185721.v2.0: wrote 8 files
[718/840] [710] HLS.S30.T10TDM.2021220T190919.v2.0: wrote 8 files
[719/840] [714] HLS.L30.T10TEM.2021222T185658.v2.0: wrote 8 files
[720/840] [723] HLS.S30.T10TCM.2021222T185921.v2.0: wrote 8 files
[721/840] [715] HLS.L30.T10TDM.2021222T185658.v2.0: wrote 8 files
[722/840] [724] HLS.S30.T10TFL.2021222T185921.v2.0: wrote 8 files
[723/840] [725] HLS.S30.T10TEL.2021222T185921.v2.0: wrote 8 files
[724/840] [727] HLS.S30.T10TCL.2021222T185921.v2.0: wrote 8 files
[725/840] [726] HLS.S30.T10TDL.2021222T185921.v2.0: wrote 8 files
[726/840] [720] HLS.S30.T10TFM.2021222T185921.v2.0: wrote 8 files
[727/840] [730] HLS.L30.T10TGL.2021224T184501.v2.0: wrote 8 files
[728/840] [721] HLS.S30.T10TEM.2021222T185921.v2.0: wrote 8 files
[729/840] [722] HLS.S30.T10TDM.2021222T185921.v2.0: wrote 8 files
[730/840] [732] HLS.L30.T11TKF.2021224T184501.v2.0: wrote 8 files
[731/840] [729] HLS.L30.T10TGM.2021224T184437.v2.0: wrote 8 files
[732/840] [728] HLS.L30.T11TKG.2021224T184437.v2.0: wrote 8 files
[733/840] [733] HLS.L30.T10TEL.2021224T184501.v2.0: wrote 8 files
[734/840] [735] HLS.L30.T10TFL.2021224T184501.v2.0: wrote 8 files
[735/840] [740] HLS.S30.T11TKF.2021224T184919.v2.0: wrote 8 files
[736/840] [741] HLS.S30.T10TGL.2021224T184919.v2.0: wrote 8 files
[737/840] [736] HLS.S30.T10TGM.2021224T184919.v2.0: wrote 8 files
[738/840] [731] HLS.L30.T10TFM.2021224T184501.v2.0: wrote 8 files
[739/840] [737] HLS.S30.T11TKG.2021224T184919.v2.0: wrote 8 files
[740/840] [734] HLS.L30.T10TEM.2021224T184501.v2.0: wrote 8 files
[741/840] [742] HLS.S30.T10TFL.2021224T184919.v2.0: wrote 8 files
[742/840] [743] HLS.S30.T10TEL.2021224T184919.v2.0: wrote 8 files
[743/840] [747] HLS.S30.T10TCL.2021225T190921.v2.0: wrote 8 files
[744/840] [745] HLS.S30.T10TCM.2021225T190921.v2.0: wrote 8 files
[745/840] [739] HLS.S30.T10TEM.2021224T184919.v2.0: wrote 8 files
[746/840] [738] HLS.S30.T10TFM.2021224T184919.v2.0: wrote 8 files
[747/840] [746] HLS.S30.T10TDL.2021225T190921.v2.0: wrote 8 files
[748/840] [751] HLS.S30.T10TCM.2021227T185919.v2.0: wrote 8 files
[749/840] [744] HLS.S30.T10TDM.2021225T190921.v2.0: wrote 8 files
[750/840] [752] HLS.S30.T10TFL.2021227T185919.v2.0: wrote 8 files
[751/840] [754] HLS.S30.T10TDL.2021227T185919.v2.0: wrote 8 files
[752/840] [753] HLS.S30.T10TEL.2021227T185919.v2.0: wrote 8 files
[753/840] [755] HLS.S30.T10TCL.2021227T185919.v2.0: wrote 8 files
[754/840] [748] HLS.S30.T10TFM.2021227T185919.v2.0: wrote 8 files
[755/840] [760] HLS.S30.T11TKF.2021229T184921.v2.0: wrote 8 files
[756/840] [749] HLS.S30.T10TEM.2021227T185919.v2.0: wrote 8 files
[757/840] [750] HLS.S30.T10TDM.2021227T185919.v2.0: wrote 8 files
[758/840] [756] HLS.S30.T10TGM.2021229T184921.v2.0: wrote 8 files
[759/840] [757] HLS.S30.T11TKG.2021229T184921.v2.0: wrote 8 files
[760/840] [761] HLS.S30.T10TGL.2021229T184921.v2.0: wrote 8 files
[761/840] [762] HLS.S30.T10TFL.2021229T184921.v2.0: wrote 8 files
[762/840] [764] HLS.L30.T10TCM.2021229T190311.v2.0: wrote 8 files
[763/840] [765] HLS.S30.T10TEL.2021229T184921.v2.0: wrote 8 files
[764/840] [759] HLS.S30.T10TEM.2021229T184921.v2.0: wrote 8 files
[765/840] [758] HLS.S30.T10TFM.2021229T184921.v2.0: wrote 8 files
[766/840] [769] HLS.S30.T10TCL.2021230T190919.v2.0: wrote 8 files
[767/840] [767] HLS.S30.T10TCM.2021230T190919.v2.0: wrote 8 files
[768/840] [768] HLS.S30.T10TDL.2021230T190919.v2.0: wrote 8 files
[769/840] [763] HLS.L30.T10TDM.2021229T190311.v2.0: wrote 8 files
[770/840] [772] HLS.L30.T10TEL.2021231T185113.v2.0: wrote 8 files
[771/840] [773] HLS.L30.T10TFL.2021231T185113.v2.0: wrote 8 files
[772/840] [775] HLS.L30.T10TDL.2021231T185113.v2.0: wrote 8 files
[773/840] [766] HLS.S30.T10TDM.2021230T190919.v2.0: wrote 8 files
[774/840] [770] HLS.L30.T10TFM.2021231T185050.v2.0: wrote 8 files
[775/840] [779] HLS.S30.T10TCM.2021232T185921.v2.0: wrote 8 files
[776/840] [771] HLS.L30.T10TEM.2021231T185050.v2.0: wrote 8 files
[777/840] [780] HLS.S30.T10TFL.2021232T185921.v2.0: wrote 8 files
[778/840] [774] HLS.L30.T10TDM.2021231T185113.v2.0: wrote 8 files
[779/840] [776] HLS.S30.T10TFM.2021232T185921.v2.0: wrote 8 files
[780/840] [781] HLS.S30.T10TEL.2021232T185921.v2.0: wrote 8 files
[781/840] [783] HLS.S30.T10TCL.2021232T185921.v2.0: wrote 8 files
[782/840] [782] HLS.S30.T10TDL.2021232T185921.v2.0: wrote 8 files
[783/840] [777] HLS.S30.T10TEM.2021232T185921.v2.0: wrote 8 files
[784/840] [786] HLS.L30.T10TGL.2021233T183852.v2.0: wrote 8 files
[785/840] [778] HLS.S30.T10TDM.2021232T185921.v2.0: wrote 8 files
[786/840] [787] HLS.L30.T11TKF.2021233T183852.v2.0: wrote 8 files
[787/840] [785] HLS.L30.T10TGM.2021233T183852.v2.0: wrote 8 files
[788/840] [784] HLS.L30.T11TKG.2021233T183852.v2.0: wrote 8 files
[789/840] [792] HLS.S30.T11TKF.2021234T184919.v2.0: wrote 8 files
[790/840] [793] HLS.S30.T10TGL.2021234T184919.v2.0: wrote 8 files
[791/840] [788] HLS.S30.T10TGM.2021234T184919.v2.0: wrote 8 files
[792/840] [794] HLS.S30.T10TFL.2021234T184919.v2.0: wrote 8 files
[793/840] [795] HLS.S30.T10TEL.2021234T184919.v2.0: wrote 8 files
[794/840] [789] HLS.S30.T11TKG.2021234T184919.v2.0: wrote 8 files
[795/840] [798] HLS.S30.T10TCL.2021235T190921.v2.0: wrote 8 files
[796/840] [797] HLS.S30.T10TDL.2021235T190921.v2.0: wrote 8 files
[797/840] [791] HLS.S30.T10TEM.2021234T184919.v2.0: wrote 8 files
[798/840] [790] HLS.S30.T10TFM.2021234T184919.v2.0: wrote 8 files
[799/840] [802] HLS.S30.T10TCM.2021237T185919.v2.0: wrote 8 files
[800/840] [803] HLS.S30.T10TFL.2021237T185919.v2.0: wrote 8 files
[801/840] [796] HLS.S30.T10TDM.2021235T190921.v2.0: wrote 8 files
[802/840] [806] HLS.S30.T10TCL.2021237T185919.v2.0: wrote 8 files
[803/840] [805] HLS.S30.T10TDL.2021237T185919.v2.0: wrote 8 files
[804/840] [804] HLS.S30.T10TEL.2021237T185919.v2.0: wrote 8 files
[805/840] [799] HLS.S30.T10TFM.2021237T185919.v2.0: wrote 8 files
[806/840] [801] HLS.S30.T10TDM.2021237T185919.v2.0: wrote 8 files
[807/840] [800] HLS.S30.T10TEM.2021237T185919.v2.0: wrote 8 files
[808/840] [809] HLS.L30.T10TEL.2021238T185726.v2.0: wrote 8 files
[809/840] [811] HLS.L30.T10TCL.2021238T185726.v2.0: wrote 8 files
[810/840] [810] HLS.L30.T10TCM.2021238T185726.v2.0: wrote 8 files
[811/840] [812] HLS.L30.T10TDL.2021238T185726.v2.0: wrote 8 files
[812/840] [807] HLS.L30.T10TDM.2021238T185702.v2.0: wrote 8 files
[813/840] [817] HLS.S30.T11TKF.2021239T184921.v2.0: wrote 8 files
[814/840] [808] HLS.L30.T10TEM.2021238T185702.v2.0: wrote 8 files
[815/840] [818] HLS.S30.T10TGL.2021239T184921.v2.0: wrote 8 files
[816/840] [813] HLS.S30.T10TGM.2021239T184921.v2.0: wrote 8 files
[817/840] [814] HLS.S30.T11TKG.2021239T184921.v2.0: wrote 8 files
[818/840] [819] HLS.S30.T10TEL.2021239T184921.v2.0: wrote 8 files
[819/840] [824] HLS.L30.T10TGL.2021240T184505.v2.0: wrote 8 files
[820/840] [816] HLS.S30.T10TEM.2021239T184921.v2.0: wrote 8 files
[821/840] [815] HLS.S30.T10TFM.2021239T184921.v2.0: wrote 8 files
[822/840] [821] HLS.L30.T10TGM.2021240T184441.v2.0: wrote 8 files
[823/840] [820] HLS.L30.T11TKG.2021240T184441.v2.0: wrote 8 files
[824/840] [825] HLS.L30.T10TFL.2021240T184505.v2.0: wrote 8 files
[825/840] [826] HLS.L30.T11TKF.2021240T184505.v2.0: wrote 8 files
[826/840] [827] HLS.L30.T10TEL.2021240T184505.v2.0: wrote 8 files
[827/840] [822] HLS.L30.T10TEM.2021240T184505.v2.0: wrote 8 files
[828/840] [829] HLS.S30.T10TCM.2021240T190909.v2.0: wrote 8 files
[829/840] [831] HLS.S30.T10TCL.2021240T190909.v2.0: wrote 8 files
[830/840] [830] HLS.S30.T10TDL.2021240T190909.v2.0: wrote 8 files
[831/840] [823] HLS.L30.T10TFM.2021240T184505.v2.0: wrote 8 files
[832/840] [835] HLS.S30.T10TCM.2021242T185921.v2.0: wrote 8 files
[833/840] [836] HLS.S30.T10TFL.2021242T185921.v2.0: wrote 8 files
[834/840] [828] HLS.S30.T10TDM.2021240T190909.v2.0: wrote 8 files
[835/840] [837] HLS.S30.T10TEL.2021242T185921.v2.0: wrote 8 files
[836/840] [838] HLS.S30.T10TDL.2021242T185921.v2.0: wrote 8 files
[837/840] [839] HLS.S30.T10TCL.2021242T185921.v2.0: wrote 8 files
[838/840] [832] HLS.S30.T10TFM.2021242T185921.v2.0: wrote 8 files
[839/840] [833] HLS.S30.T10TEM.2021242T185921.v2.0: wrote 8 files
[840/840] [834] HLS.S30.T10TDM.2021242T185921.v2.0: wrote 8 files
