HLS exists: True
HLS tif count: 6720
First 5 tif files: [PosixPath('/s/chopin/e/proj/hyperspec/masfiq/dataset/hls_data_California_north_10_2021_AprilToAugust/HLS.S30.T10TDL.2021232T185921.v2.0_B11_cropped.tif'), PosixPath('/s/chopin/e/proj/hyperspec/masfiq/dataset/hls_data_California_north_10_2021_AprilToAugust/HLS.S30.T10TGL.2021204T184919.v2.0_B02_cropped.tif'), PosixPath('/s/chopin/e/proj/hyperspec/masfiq/dataset/hls_data_California_north_10_2021_AprilToAugust/HLS.S30.T10TEL.2021137T185919.v2.0_B11_cropped.tif'), PosixPath('/s/chopin/e/proj/hyperspec/masfiq/dataset/hls_data_California_north_10_2021_AprilToAugust/HLS.S30.T11TKF.2021164T184919.v2.0_B02_cropped.tif'), PosixPath('/s/chopin/e/proj/hyperspec/masfiq/dataset/hls_data_California_north_10_2021_AprilToAugust/HLS.L30.T10TDL.2021183T185057.v2.0_B03_cropped.tif')]
Loading GEDI shots from folder...
Reading GEDI04_A_2021003083948_O11673_02_T11218_02_002_02_V002.h5 ...
Reading GEDI04_A_2021004140438_O11692_03_T06050_02_002_02_V002.h5 ...
Reading GEDI04_A_2021007070555_O11734_02_T06949_02_002_02_V002.h5 ...
Reading GEDI04_A_2021008123045_O11753_03_T08896_02_002_02_V002.h5 ...
Reading GEDI04_A_2021011053157_O11795_02_T11371_02_002_02_V002.h5 ...
Reading GEDI04_A_2021015035754_O11856_02_T07102_02_002_02_V002.h5 ...
Reading GEDI04_A_2021016092242_O11875_03_T10625_02_002_02_V002.h5 ...
Reading GEDI04_A_2021019022350_O11917_02_T07255_02_002_02_V002.h5 ...
Reading GEDI04_A_2021020074838_O11936_03_T06356_02_002_02_V002.h5 ...
Reading GEDI04_A_2021023005016_O11978_02_T05832_02_002_02_V002.h5 ...
Reading GEDI04_A_2021024061532_O11997_03_T07779_02_002_02_V002.h5 ...
Reading GEDI04_A_2021026231743_O12039_02_T09948_02_002_02_V002.h5 ...
Reading GEDI04_A_2021028044259_O12058_03_T06203_02_002_02_V002.h5 ...
Reading GEDI04_A_2021034201218_O12161_02_T08372_02_002_02_V002.h5 ...
Reading GEDI04_A_2021036013730_O12180_03_T07473_02_002_02_V002.h5 ...
Reading GEDI04_A_2021038183931_O12222_02_T06796_02_002_02_V002.h5 ...
Reading GEDI04_A_2021042170647_O12283_02_T05373_02_002_02_V002.h5 ...
Reading GEDI04_A_2021043223156_O12302_03_T10166_02_002_02_V002.h5 ...
Reading GEDI04_A_2021050140102_O12405_02_T10912_02_002_02_V002.h5 ...
Reading GEDI04_A_2021051192612_O12424_03_T10013_02_002_02_V002.h5 ...
Reading GEDI04_A_2021054122806_O12466_02_T09336_02_002_02_V002.h5 ...
Reading GEDI04_A_2021055175315_O12485_03_T07014_02_002_02_V002.h5 ...
Reading GEDI04_A_2021058105504_O12527_02_T07913_02_002_02_V002.h5 ...
Reading GEDI04_A_2021059162011_O12546_03_T08437_02_002_02_V002.h5 ...
Reading GEDI04_A_2021062092202_O12588_02_T10759_02_002_02_V002.h5 ...
Reading GEDI04_A_2021063144708_O12607_03_T11283_02_002_02_V002.h5 ...
Reading GEDI04_A_2021066074852_O12649_02_T09183_02_002_02_V002.h5 ...
Reading GEDI04_A_2021067131356_O12668_03_T09707_02_002_02_V002.h5 ...
Reading GEDI04_A_2021070061544_O12710_02_T06337_02_002_02_V002.h5 ...
Reading GEDI04_A_2021071114049_O12729_03_T06861_02_002_02_V002.h5 ...
Reading GEDI04_A_2021074044254_O12771_02_T10606_02_002_02_V002.h5 ...
Reading GEDI04_A_2021075100808_O12790_03_T09554_02_002_02_V002.h5 ...
Reading GEDI04_A_2021079083527_O12851_03_T10977_02_002_02_V002.h5 ...
Reading GEDI04_A_2021082013734_O12893_02_T10300_02_002_02_V002.h5 ...
Reading GEDI04_A_2021086000446_O12954_02_T08724_02_002_02_V002.h5 ...
Reading GEDI04_A_2021087052958_O12973_03_T06402_02_002_02_V002.h5 ...
Reading GEDI04_A_2021089223154_O13015_02_T10147_02_002_02_V002.h5 ...
Reading GEDI04_A_2021091035706_O13034_03_T09095_02_002_02_V002.h5 ...
Reading GEDI04_A_2021093205912_O13076_02_T05725_02_002_02_V002.h5 ...
Reading GEDI04_A_2021095022431_O13095_03_T07672_02_002_02_V002.h5 ...
Reading GEDI04_A_2021097192644_O13137_02_T09841_02_002_02_V002.h5 ...
Reading GEDI04_A_2021099005200_O13156_03_T06096_02_002_02_V002.h5 ...
Reading GEDI04_A_2021101175411_O13198_02_T11264_02_002_02_V002.h5 ...
Reading GEDI04_A_2021102231927_O13217_03_T08789_02_002_02_V002.h5 ...
Reading GEDI04_A_2021105162139_O13259_02_T08265_02_002_02_V002.h5 ...
Reading GEDI04_A_2021109144903_O13320_02_T06689_02_002_02_V002.h5 ...
Reading GEDI04_A_2021117114338_O13442_02_T07959_02_002_02_V002.h5 ...
Reading GEDI04_A_2021125083754_O13564_02_T02114_02_002_02_V002.h5 ...
Reading GEDI04_A_2021127131636_O13598_03_T00312_02_002_02_V002.h5 ...
Reading GEDI04_A_2021129070500_O13625_02_T09076_02_002_02_V002.h5 ...
Reading GEDI04_A_2021131114340_O13659_03_T01735_02_002_02_V002.h5 ...
Reading GEDI04_A_2021133053202_O13686_02_T07653_02_002_02_V002.h5 ...
Reading GEDI04_A_2021135101042_O13720_03_T06004_02_002_02_V002.h5 ...
Reading GEDI04_A_2021137035902_O13747_02_T10499_02_002_02_V002.h5 ...
Reading GEDI04_A_2021139083739_O13781_03_T07427_02_002_02_V002.h5 ...
Reading GEDI04_A_2021141022600_O13808_02_T06077_02_002_02_V002.h5 ...
Reading GEDI04_A_2021143070450_O13842_03_T05851_02_002_02_V002.h5 ...
Reading GEDI04_A_2021145005319_O13869_02_T08770_02_002_02_V002.h5 ...
Reading GEDI04_A_2021147053207_O13903_03_T10120_02_002_02_V002.h5 ...
Reading GEDI04_A_2021148232035_O13930_02_T02925_02_002_02_V002.h5 ...
Reading GEDI04_A_2021151035923_O13964_03_T07121_02_002_02_V002.h5 ...
Reading GEDI04_A_2021152214751_O13991_02_T05771_02_002_02_V002.h5 ...
Reading GEDI04_A_2021155022637_O14025_03_T09814_02_002_02_V002.h5 ...
Reading GEDI04_A_2021156201503_O14052_02_T10040_02_002_02_V002.h5 ...
Reading GEDI04_A_2021159005347_O14086_03_T08391_02_002_02_V002.h5 ...
Reading GEDI04_A_2021160184212_O14113_02_T07041_02_002_02_V002.h5 ...
Reading GEDI04_A_2021162232055_O14147_03_T03969_02_002_02_V002.h5 ...
Reading GEDI04_A_2021164170918_O14174_02_T04348_02_002_02_V002.h5 ...
Reading GEDI04_A_2021166214800_O14208_03_T08238_02_002_02_V002.h5 ...
Reading GEDI04_A_2021170201502_O14269_03_T03816_02_002_02_V002.h5 ...
Reading GEDI04_A_2021174184200_O14330_03_T00970_02_002_02_V002.h5 ...
Reading GEDI04_A_2021178170957_O14391_03_T10778_02_002_02_V002.h5 ...
Reading GEDI04_A_2021185084021_O14494_02_T09795_02_002_02_V002.h5 ...
Reading GEDI04_A_2021186140546_O14513_03_T03204_02_002_02_V002.h5 ...
Reading GEDI04_A_2021189070812_O14555_02_T09642_02_002_02_V002.h5 ...
Reading GEDI04_A_2021190123336_O14574_03_T05897_02_002_02_V002.h5 ...
Reading GEDI04_A_2021193053603_O14616_02_T06643_02_002_02_V002.h5 ...
Reading GEDI04_A_2021194110124_O14635_03_T07167_02_002_02_V002.h5 ...
Reading GEDI04_A_2021197040346_O14677_02_T08066_02_002_02_V002.h5 ...
Reading GEDI04_A_2021198092908_O14696_03_T09860_02_002_02_V002.h5 ...
Reading GEDI04_A_2021201023127_O14738_02_T07760_02_002_02_V002.h5 ...
Reading GEDI04_A_2021208232634_O14860_02_T06031_02_002_02_V002.h5 ...
Reading GEDI04_A_2021212215408_O14921_02_T08724_02_002_02_V002.h5 ...
Reading GEDI04_A_2021214031925_O14940_03_T06402_02_002_02_V002.h5 ...
Reading GEDI04_A_2021216202138_O14982_02_T08571_02_002_02_V002.h5 ...
Reading GEDI04_A_2021218014655_O15001_03_T03403_02_002_02_V002.h5 ...
Reading GEDI04_A_2021220184906_O15043_02_T09994_02_002_02_V002.h5 ...
Reading GEDI04_A_2021222001422_O15062_03_T08942_02_002_02_V002.h5 ...
Reading GEDI04_A_2021224171631_O15104_02_T06842_02_002_02_V002.h5 ...
Reading GEDI04_A_2021225224147_O15123_03_T05943_02_002_02_V002.h5 ...
Reading GEDI04_A_2021228154356_O15165_02_T11111_02_002_02_V002.h5 ...
Reading GEDI04_A_2021229210909_O15184_03_T07366_02_002_02_V002.h5 ...
Reading GEDI04_A_2021232141145_O15226_02_T08112_02_002_02_V002.h5 ...
Reading GEDI04_A_2021236123950_O15287_02_T09229_02_002_02_V002.h5 ...
Reading GEDI04_A_2021238171930_O15321_03_T10426_02_002_02_V002.h5 ...
Reading GEDI04_A_2021240110837_O15348_02_T08923_02_002_02_V002.h5 ...
Reading GEDI04_A_2021244093714_O15409_02_T08617_02_002_02_V002.h5 ...
Reading GEDI04_A_2021246141646_O15443_03_T11237_02_002_02_V002.h5 ...
Reading GEDI04_A_2021248080547_O15470_02_T09734_02_002_02_V002.h5 ...
Reading GEDI04_A_2021250124514_O15504_03_T08085_02_002_02_V002.h5 ...
Reading GEDI04_A_2021254111340_O15565_03_T09202_02_002_02_V002.h5 ...
Reading GEDI04_A_2021257041703_O15607_02_T04103_02_002_02_V002.h5 ...
Reading GEDI04_A_2021258094252_O15626_03_T10319_02_002_02_V002.h5 ...
Reading GEDI04_A_2021261024615_O15668_02_T11065_02_002_02_V002.h5 ...
Reading GEDI04_A_2021262081203_O15687_03_T07014_02_002_02_V002.h5 ...
Reading GEDI04_A_2021265011526_O15729_02_T09030_02_002_02_V002.h5 ...
Reading GEDI04_A_2021266064113_O15748_03_T09401_02_002_02_V002.h5 ...
Reading GEDI04_A_2021268234402_O15790_02_T05878_02_002_02_V002.h5 ...
Reading GEDI04_A_2021270050921_O15809_03_T07825_02_002_02_V002.h5 ...
Reading GEDI04_A_2021274033648_O15870_03_T09095_02_002_02_V002.h5 ...
Reading GEDI04_A_2021276203857_O15912_02_T07148_02_002_02_V002.h5 ...
Reading GEDI04_A_2021280190611_O15973_02_T01303_02_002_02_V002.h5 ...
Reading GEDI04_A_2021282003122_O15992_03_T07519_02_002_02_V002.h5 ...
Reading GEDI04_A_2021284173321_O16034_02_T08418_02_002_02_V002.h5 ...
Reading GEDI04_A_2021288160123_O16095_02_T09535_02_002_02_V002.h5 ...
Reading GEDI04_A_2021292142926_O16156_02_T10805_02_002_02_V002.h5 ...
Reading GEDI04_A_2021296125720_O16217_02_T10652_02_002_02_V002.h5 ...
Reading GEDI04_A_2021298173627_O16251_03_T08850_02_002_02_V002.h5 ...
Reading GEDI04_A_2021304095245_O16339_02_T05924_02_002_02_V002.h5 ...
Reading GEDI04_A_2021306143139_O16373_03_T05698_02_002_02_V002.h5 ...
Reading GEDI04_A_2021308082008_O16400_02_T10193_02_002_02_V002.h5 ...
Reading GEDI04_A_2021312064721_O16461_02_T07194_02_002_02_V002.h5 ...
Reading GEDI04_A_2021314112602_O16495_03_T06968_02_002_02_V002.h5 ...
Reading GEDI04_A_2021318095430_O16556_03_T09508_02_002_02_V002.h5 ...
Reading GEDI04_A_2021322082302_O16617_03_T07932_02_002_02_V002.h5 ...
Reading GEDI04_A_2021325012555_O16659_02_T07102_02_002_02_V002.h5 ...
Reading GEDI04_A_2021326065130_O16678_03_T00511_02_002_02_V002.h5 ...
Reading GEDI04_A_2021332222237_O16781_02_T08219_02_002_02_V002.h5 ...
Reading GEDI04_A_2021334034801_O16800_03_T08590_02_002_02_V002.h5 ...
Reading GEDI04_A_2021338021554_O16861_03_T11130_02_002_02_V002.h5 ...
Reading GEDI04_A_2021340191756_O16903_02_T10453_02_002_02_V002.h5 ...
Reading GEDI04_A_2021344174509_O16964_02_T08877_02_002_02_V002.h5 ...
Reading GEDI04_A_2021345231021_O16983_03_T06555_02_002_02_V002.h5 ...
Reading GEDI04_A_2021348161218_O17025_02_T07454_02_002_02_V002.h5 ...
Reading GEDI04_A_2021349213730_O17044_03_T10824_02_002_02_V002.h5 ...
Reading GEDI04_A_2021352143926_O17086_02_T10300_02_002_02_V002.h5 ...
Reading GEDI04_A_2021357183128_O17166_03_T07978_02_002_02_V002.h5 ...
Reading GEDI04_A_2021360113141_O17208_02_T06184_02_002_02_V002.h5 ...
Reading GEDI04_A_2021361165558_O17227_03_T08284_02_002_02_V002.h5 ...
Total good-quality shots across all files: 19162286
Shots inside field polygon: 495205
Indexing HLS granules and bands...
Total HLS granules found: 840
Indexing Sentinel-1 scenes...
Total Sentinel-1 scenes indexed: 13
SKIP: no matching Sentinel-1 scene -120.48578865285768 41.51263620828986 2021-07-23 18:49:19
SKIP: no matching Sentinel-1 scene -120.47307674455439 41.51955936711625 2021-07-23 18:49:19
SKIP: no matching Sentinel-1 scene -120.22175074117598 41.65556464811128 2021-06-02 18:38:27
SKIP: no matching Sentinel-1 scene -120.21228759477879 41.660646710116005 2021-06-02 18:38:27
SKIP: no matching Sentinel-1 scene -120.2106175427271 41.66154343094736 2021-06-02 18:38:27
SKIP: no matching Sentinel-1 scene -120.20338141388073 41.665428591496244 2021-06-02 18:38:27
SKIP: no matching Sentinel-1 scene -120.2028249056145 41.665727345361546 2021-06-02 18:38:27
SKIP: no matching Sentinel-1 scene -120.48884378945851 41.50393155483903 2021-06-02 18:38:27
SKIP: no matching Sentinel-1 scene -120.46562790783972 41.516598862301834 2021-07-23 18:49:19
SKIP: no matching Sentinel-1 scene -120.45010878436749 41.52501538644814 2021-06-02 18:38:27
SKIP: no matching Sentinel-1 scene -120.44900012850688 41.52561777283211 2021-06-02 18:38:27
SKIP: no matching Sentinel-1 scene -120.21930836577229 41.64989538714454 2021-06-02 18:38:27
SKIP: no matching Sentinel-1 scene -120.21875180265893 41.65019475565221 2021-06-02 18:38:27
SKIP: no matching Sentinel-1 scene -120.21819524055219 41.650494050689844 2021-06-02 18:38:27
SKIP: no matching Sentinel-1 scene -120.21151554147959 41.65408279127585 2021-06-02 18:38:27
SKIP: no matching Sentinel-1 scene -120.21095882486384 41.65438170095481 2021-06-02 18:38:27
SKIP: no matching Sentinel-1 scene -120.21040209611922 41.65468060106262 2021-06-02 18:38:27
SKIP: no matching Sentinel-1 scene -120.20650552763975 41.65677238781125 2021-06-02 18:38:27
SKIP: no matching Sentinel-1 scene -120.20594884906967 41.657071225606366 2021-06-02 18:38:27
SKIP: no matching Sentinel-1 scene -120.48127683292849 41.50189343817528 2021-06-02 18:38:27
SKIP: no matching Sentinel-1 scene -120.4807242964947 41.502194817595246 2021-06-02 18:38:27
SKIP: no matching Sentinel-1 scene -120.18003331504376 41.66490909579979 2021-06-02 18:38:27
SKIP: no matching Sentinel-1 scene -120.19540200680001 41.649674571071564 2021-06-02 18:38:27
SKIP: no matching Sentinel-1 scene -120.45619581836004 41.500515373019624 2021-06-02 18:38:27
SKIP: no matching Sentinel-1 scene -120.45398406607775 41.50171662337512 2021-06-02 18:38:27
SKIP: no matching Sentinel-1 scene -120.45343089965795 41.50201689891598 2021-06-02 18:38:27
SKIP: no matching Sentinel-1 scene -120.4528776161768 41.502317166634 2021-06-02 18:38:27
SKIP: no matching Sentinel-1 scene -120.45232419405627 41.50261743006844 2021-06-02 18:38:27
SKIP: no matching Sentinel-1 scene -120.45177068387241 41.502917706406365 2021-06-02 18:38:27
SKIP: no matching Sentinel-1 scene -120.45121707930542 41.50321800046911 2021-06-02 18:38:27
SKIP: no matching Sentinel-1 scene -120.45066335306203 41.50351831211775 2021-06-02 18:38:27
SKIP: no matching Sentinel-1 scene -120.45010950972646 41.503818641671764 2021-06-02 18:38:27
SKIP: no matching Sentinel-1 scene -120.44955557138758 41.50411899400858 2021-06-02 18:38:27
SKIP: no matching Sentinel-1 scene -120.44900148957645 41.50441935928573 2021-06-02 18:38:27
SKIP: no matching Sentinel-1 scene -120.44789308611789 41.50502016833437 2021-06-02 18:38:27
SKIP: no matching Sentinel-1 scene -120.44733880023574 41.505320619424616 2021-06-02 18:38:27
SKIP: no matching Sentinel-1 scene -120.44678445086161 41.50562109999979 2021-06-02 18:38:27
SKIP: no matching Sentinel-1 scene -120.446230077347 41.50592161886455 2021-07-23 18:49:19
SKIP: no matching Sentinel-1 scene -120.44512113380215 41.5065227430328 2021-07-23 18:49:19
SKIP: no matching Sentinel-1 scene -120.44456636806177 41.50682330593458 2021-07-23 18:49:19
SKIP: no matching Sentinel-1 scene -120.44401169140112 41.507123931471 2021-07-23 18:49:19
SKIP: no matching Sentinel-1 scene -120.44345684642106 41.50742456191928 2021-07-23 18:49:19
SKIP: no matching Sentinel-1 scene -120.44290210660722 41.507725259395414 2021-07-23 18:49:19
SKIP: no matching Sentinel-1 scene -120.4423473974032 41.50802600590665 2021-07-23 18:49:19
SKIP: no matching Sentinel-1 scene -120.44179266005618 41.5083267881689 2021-07-23 18:49:19
SKIP: no matching Sentinel-1 scene -120.44123774819367 41.50862757545194 2021-07-23 18:49:19
SKIP: no matching Sentinel-1 scene -120.44068321592418 41.50892848873114 2021-07-23 18:49:19
SKIP: no matching Sentinel-1 scene -120.44012871711863 41.50922945137953 2021-07-23 18:49:19
SKIP: no matching Sentinel-1 scene -120.43957429781257 41.509530473942014 2021-07-23 18:49:19
SKIP: no matching Sentinel-1 scene -120.43901993772488 41.50983155222569 2021-07-23 18:49:19
SKIP: no matching Sentinel-1 scene -120.4384656532057 41.510132688395146 2021-07-23 18:49:19
SKIP: no matching Sentinel-1 scene -120.4379114452242 41.51043388428671 2021-07-23 18:49:19
SKIP: no matching Sentinel-1 scene -120.43735732821936 41.51073514121679 2021-07-23 18:49:19
SKIP: no matching Sentinel-1 scene -120.22771923870364 41.62419652591648 2021-06-02 18:38:27
SKIP: no matching Sentinel-1 scene -120.22716503980503 41.62449655599741 2021-06-02 18:38:27
SKIP: no matching Sentinel-1 scene -120.22660996572414 41.62479640925465 2021-06-02 18:38:27
SKIP: no matching Sentinel-1 scene -120.22605527974797 41.6250963679314 2021-06-02 18:38:27
SKIP: no matching Sentinel-1 scene -120.22438787168507 41.625995633092906 2021-06-02 18:38:27
SKIP: no matching Sentinel-1 scene -120.2238321629137 41.62629545967892 2021-06-02 18:38:27
SKIP: no matching Sentinel-1 scene -120.22327695727529 41.626595426390416 2021-06-02 18:38:27
SKIP: no matching Sentinel-1 scene -120.22272188745688 41.62689545192711 2021-06-02 18:38:27
SKIP: no matching Sentinel-1 scene -120.22216489410845 41.62719507583203 2021-06-02 18:38:27
SKIP: no matching Sentinel-1 scene -120.22160903662294 41.62749497666979 2021-06-02 18:38:27
SKIP: no matching Sentinel-1 scene -120.22105290697111 41.62779483556896 2021-06-02 18:38:27
SKIP: no matching Sentinel-1 scene -120.22049699893923 41.62809476005923 2021-06-02 18:38:27
SKIP: no matching Sentinel-1 scene -120.21994081321525 41.62839463529329 2021-06-02 18:38:27
SKIP: no matching Sentinel-1 scene -120.21938414245756 41.6286944102695 2021-06-02 18:38:27
SKIP: no matching Sentinel-1 scene -120.21882799117611 41.62899430637735 2021-06-02 18:38:27
SKIP: no matching Sentinel-1 scene -120.21771420603227 41.62959376816736 2021-06-02 18:38:27
SKIP: no matching Sentinel-1 scene -120.21660220682004 41.630193603885274 2021-06-02 18:38:27
SKIP: no matching Sentinel-1 scene -120.21604584471143 41.630493423211185 2021-06-02 18:38:27
SKIP: no matching Sentinel-1 scene -120.2154892908502 41.63079318269991 2021-06-02 18:38:27
SKIP: no matching Sentinel-1 scene -120.21493305831723 41.63109299264692 2021-06-02 18:38:27
SKIP: no matching Sentinel-1 scene -120.21382028650805 41.63169257125272 2021-06-02 18:38:27
SKIP: no matching Sentinel-1 scene -120.2132638110268 41.63199234639416 2021-06-02 18:38:27
SKIP: no matching Sentinel-1 scene -120.21270734900644 41.63229208898631 2021-06-02 18:38:27
SKIP: no matching Sentinel-1 scene -120.21215088316227 41.63259179224547 2021-06-02 18:38:27
SKIP: no matching Sentinel-1 scene -120.21159440254364 41.63289144827955 2021-06-02 18:38:27
SKIP: no matching Sentinel-1 scene -120.20881168750286 41.63438890333232 2021-06-02 18:38:27
SKIP: no matching Sentinel-1 scene -120.20825501414095 41.63468820091188 2021-06-02 18:38:27
SKIP: no matching Sentinel-1 scene -120.20714188717899 41.63528669401539 2021-06-02 18:38:27
SKIP: no matching Sentinel-1 scene -120.20658535751967 41.63558587883329 2021-06-02 18:38:27
SKIP: no matching Sentinel-1 scene -120.20602880972318 41.63588501766744 2021-06-02 18:38:27
SKIP: no matching Sentinel-1 scene -120.20547225971487 41.63618411609325 2021-06-02 18:38:27
SKIP: no matching Sentinel-1 scene -120.20491569686203 41.63648317500531 2021-06-02 18:38:27
SKIP: no matching Sentinel-1 scene -120.20435913913765 41.63678220127871 2021-06-02 18:38:27
SKIP: no matching Sentinel-1 scene -120.20380253879193 41.637081186956216 2021-06-02 18:38:27
SKIP: no matching Sentinel-1 scene -120.20324592595861 41.63738014172857 2021-06-02 18:38:27
SKIP: no matching Sentinel-1 scene -120.20268931603712 41.63767907190661 2021-06-02 18:38:27
SKIP: no matching Sentinel-1 scene -120.2021327307707 41.63797798547313 2021-06-02 18:38:27
SKIP: no matching Sentinel-1 scene -120.20157612470783 41.6382768747092 2021-06-02 18:38:27
SKIP: no matching Sentinel-1 scene -120.20101950871646 41.63857574504818 2021-06-02 18:38:27
SKIP: no matching Sentinel-1 scene -120.2004628843454 41.63887459977692 2021-06-02 18:38:27
SKIP: no matching Sentinel-1 scene -120.19990623009468 41.63917343675218 2021-06-02 18:38:27
SKIP: no matching Sentinel-1 scene -120.19934957060987 41.639472264412795 2021-06-02 18:38:27
SKIP: no matching Sentinel-1 scene -120.19879293274425 41.63977107119072 2021-06-02 18:38:27
SKIP: no matching Sentinel-1 scene -120.19823638672352 41.64006981367216 2021-06-02 18:38:27
SKIP: no matching Sentinel-1 scene -120.19767984050698 41.640368557596574 2021-06-02 18:38:27
SKIP: no matching Sentinel-1 scene -120.19322721705198 41.64275868710236 2021-06-02 18:38:27
SKIP: no matching Sentinel-1 scene -120.19267059308343 41.64305746610959 2021-06-02 18:38:27
SKIP: no matching Sentinel-1 scene -120.19211398755102 41.643356248221416 2021-06-02 18:38:27
SKIP: no matching Sentinel-1 scene -120.19100076249151 41.643953803040354 2021-06-02 18:38:27
SKIP: no matching Sentinel-1 scene -120.1898875412226 41.644551336811816 2021-06-02 18:38:27
SKIP: no matching Sentinel-1 scene -120.18821778671949 41.64544758660679 2021-06-02 18:38:27
SKIP: no matching Sentinel-1 scene -120.18766121658712 41.64574631458709 2021-06-02 18:38:27
SKIP: no matching Sentinel-1 scene -120.18654816479165 41.64634374181549 2021-06-02 18:38:27
SKIP: no matching Sentinel-1 scene -120.18599164794136 41.646642430211166 2021-06-02 18:38:27
SKIP: no matching Sentinel-1 scene -120.18376584540275 41.6478370203048 2021-06-02 18:38:27
SKIP: no matching Sentinel-1 scene -120.1832094487604 41.64813561660904 2021-06-02 18:38:27
SKIP: no matching Sentinel-1 scene -120.18265308803178 41.648434191674596 2021-06-02 18:38:27
SKIP: no matching Sentinel-1 scene -120.18209674752829 41.6487327411716 2021-06-02 18:38:27
SKIP: no matching Sentinel-1 scene -120.18098411496213 41.64932977610728 2021-06-02 18:38:27
SKIP: no matching Sentinel-1 scene -120.18042782878072 41.649628269186834 2021-06-02 18:38:27
SKIP: no matching Sentinel-1 scene -120.17987156430654 41.64992675059733 2021-06-02 18:38:27
SKIP: no matching Sentinel-1 scene -120.17931531207539 41.65022522044351 2021-06-02 18:38:27
SKIP: no matching Sentinel-1 scene -120.17820282693401 41.65082213908816 2021-06-02 18:38:27
SKIP: no matching Sentinel-1 scene -120.17764659249043 41.65112059191094 2021-06-02 18:38:27
SKIP: no matching Sentinel-1 scene -120.17375267292087 41.653209864471755 2021-06-02 18:38:27
SKIP: no matching Sentinel-1 scene -120.17319632407285 41.65350837713106 2021-06-02 18:38:27
SKIP: no matching Sentinel-1 scene -120.1726399709287 41.65380691341178 2021-06-02 18:38:27
SKIP: no matching Sentinel-1 scene -120.03296611692913 41.72891448947913 2021-06-02 18:38:27
SKIP: no matching Sentinel-1 scene -120.03240842151412 41.729213622676326 2021-06-02 18:38:27
SKIP: no matching Sentinel-1 scene -120.03185069012659 41.729512758493776 2021-06-02 18:38:27
SKIP: no matching Sentinel-1 scene -120.02571243988639 41.73280221173394 2021-06-02 18:38:27
SKIP: no matching Sentinel-1 scene -120.44394075618767 41.500190749169946 2021-06-02 18:38:27
SKIP: no matching Sentinel-1 scene -120.4433871434941 41.50049102449238 2021-06-02 18:38:27
SKIP: no matching Sentinel-1 scene -120.44283342689289 41.50079132455096 2021-06-02 18:38:27
SKIP: no matching Sentinel-1 scene -120.44227944196928 41.50109160247252 2021-06-02 18:38:27
SKIP: no matching Sentinel-1 scene -120.44172540548634 41.50139191784698 2021-06-02 18:38:27
SKIP: no matching Sentinel-1 scene -120.44117136659858 41.50169228269441 2021-06-02 18:38:27
SKIP: no matching Sentinel-1 scene -120.44061726484236 41.50199267880529 2021-06-02 18:38:27
SKIP: no matching Sentinel-1 scene -120.44006310659734 41.50229310921553 2021-06-02 18:38:27
SKIP: no matching Sentinel-1 scene -120.43950886161214 41.50259356446265 2021-06-02 18:38:27
SKIP: no matching Sentinel-1 scene -120.43895442877619 41.50289401549088 2021-06-02 18:38:27
SKIP: no matching Sentinel-1 scene -120.4383998764515 41.50319448205107 2021-06-02 18:38:27
SKIP: no matching Sentinel-1 scene -120.43784510482716 41.503494935622975 2021-06-02 18:38:27
SKIP: no matching Sentinel-1 scene -120.43729000707415 41.503795346211874 2021-06-02 18:38:27
SKIP: no matching Sentinel-1 scene -120.43618016669147 41.50439639812176 2021-06-02 18:38:27
SKIP: no matching Sentinel-1 scene -120.4345162289807 41.50529852070261 2021-06-02 18:38:27
SKIP: no matching Sentinel-1 scene -120.43285241690491 41.50620105209873 2021-07-23 18:49:19
SKIP: no matching Sentinel-1 scene -120.43063571027659 41.50740544064282 2021-07-23 18:49:19
SKIP: no matching Sentinel-1 scene -120.43008165201613 41.50770666429207 2021-07-23 18:49:19
SKIP: no matching Sentinel-1 scene -120.22321274176096 41.6196554855132 2021-06-02 18:38:27
SKIP: no matching Sentinel-1 scene -120.22265725231742 41.61995507906652 2021-06-02 18:38:27
SKIP: no matching Sentinel-1 scene -120.2221011471312 41.62025451319618 2021-06-02 18:38:27
SKIP: no matching Sentinel-1 scene -120.22154462392075 41.62055384299685 2021-06-02 18:38:27
SKIP: no matching Sentinel-1 scene -120.2209892944957 41.62085351015718 2021-06-02 18:38:27
SKIP: no matching Sentinel-1 scene -120.22043328048784 41.62115300535537 2021-06-02 18:38:27
SKIP: no matching Sentinel-1 scene -120.21987771548973 41.62145263814401 2021-06-02 18:38:27
SKIP: no matching Sentinel-1 scene -120.21932267742656 41.621752433429194 2021-06-02 18:38:27
SKIP: no matching Sentinel-1 scene -120.21876747850885 41.62205220554376 2021-06-02 18:38:27
SKIP: no matching Sentinel-1 scene -120.21821254985242 41.62235207332237 2021-06-02 18:38:27
SKIP: no matching Sentinel-1 scene -120.21765715988191 41.62265184051962 2021-06-02 18:38:27
SKIP: no matching Sentinel-1 scene -120.21710086310858 41.622951389150046 2021-06-02 18:38:27
SKIP: no matching Sentinel-1 scene -120.216545701101 41.623251274150704 2021-06-02 18:38:27
SKIP: no matching Sentinel-1 scene -120.21599034762559 41.62355113868809 2021-06-02 18:38:27
SKIP: no matching Sentinel-1 scene -120.21487930575726 41.62415087578061 2021-06-02 18:38:27
SKIP: no matching Sentinel-1 scene -120.21432368294512 41.62445076376762 2021-06-02 18:38:27
SKIP: no matching Sentinel-1 scene -120.21376798023607 41.62475065438602 2021-06-02 18:38:27
SKIP: no matching Sentinel-1 scene -120.2132123243088 41.6250505804218 2021-06-02 18:38:27
SKIP: no matching Sentinel-1 scene -120.21265651255113 41.625350482288184 2021-06-02 18:38:27
SKIP: no matching Sentinel-1 scene -120.21210072996577 41.62565040560993 2021-06-02 18:38:27
SKIP: no matching Sentinel-1 scene -120.21154494008893 41.62595033782904 2021-06-02 18:38:27
SKIP: no matching Sentinel-1 scene -120.21098911146845 41.626250266512386 2021-06-02 18:38:27
SKIP: no matching Sentinel-1 scene -120.21043322676701 41.626550181432556 2021-06-02 18:38:27
SKIP: no matching Sentinel-1 scene -120.2098772661434 41.62685007632601 2021-06-02 18:38:27
SKIP: no matching Sentinel-1 scene -120.20932128446569 41.627149960172844 2021-06-02 18:38:27
SKIP: no matching Sentinel-1 scene -120.20876502002915 41.627449757571284 2021-06-02 18:38:27
SKIP: no matching Sentinel-1 scene -120.20820887122727 41.6277495748753 2021-06-02 18:38:27
SKIP: no matching Sentinel-1 scene -120.20765271363182 41.62804937387548 2021-06-02 18:38:27
SKIP: no matching Sentinel-1 scene -120.20709655039052 41.62834914972886 2021-06-02 18:38:27
SKIP: no matching Sentinel-1 scene -120.20654030354135 41.62864893427604 2021-06-02 18:38:27
SKIP: no matching Sentinel-1 scene -120.2059839003647 41.628948703421116 2021-06-02 18:38:27
SKIP: no matching Sentinel-1 scene -120.2054274122925 41.62924841783339 2021-06-02 18:38:27
SKIP: no matching Sentinel-1 scene -120.20487092403334 41.62954809614514 2021-06-02 18:38:27
SKIP: no matching Sentinel-1 scene -120.20431447696626 41.62984774560807 2021-06-02 18:38:27
SKIP: no matching Sentinel-1 scene -120.2037580224161 41.630147350873074 2021-06-02 18:38:27
SKIP: no matching Sentinel-1 scene -120.20320154024598 41.63044690250776 2021-06-02 18:38:27
SKIP: no matching Sentinel-1 scene -120.2026450731548 41.63074640670869 2021-06-02 18:38:27
SKIP: no matching Sentinel-1 scene -120.2009757582172 41.631644611287676 2021-06-02 18:38:27
SKIP: no matching Sentinel-1 scene -120.20041926636222 41.63194389087866 2021-06-02 18:38:27
SKIP: no matching Sentinel-1 scene -120.19930619313816 41.63254228059733 2021-06-02 18:38:27
SKIP: no matching Sentinel-1 scene -120.19819301908664 41.63314047061048 2021-06-02 18:38:27
SKIP: no matching Sentinel-1 scene -120.19763645258085 41.63343951318617 2021-06-02 18:38:27
SKIP: no matching Sentinel-1 scene -120.19707987183762 41.63373851730245 2021-06-02 18:38:27
SKIP: no matching Sentinel-1 scene -120.19541008616548 41.634635334992396 2021-06-02 18:38:27
SKIP: no matching Sentinel-1 scene -120.19485345782962 41.63493421461236 2021-06-02 18:38:27
SKIP: no matching Sentinel-1 scene -120.19429684223523 41.635233076910744 2021-06-02 18:38:27
SKIP: no matching Sentinel-1 scene -120.19374020307515 41.63553191509801 2021-06-02 18:38:27
SKIP: no matching Sentinel-1 scene -120.19318352655107 41.63583072792307 2021-06-02 18:38:27
SKIP: no matching Sentinel-1 scene -120.19262685701723 41.63612953130684 2021-06-02 18:38:27
SKIP: no matching Sentinel-1 scene -120.19207017739389 41.63642832174618 2021-06-02 18:38:27
SKIP: no matching Sentinel-1 scene -120.19151347810032 41.6367271001351 2021-06-02 18:38:27
SKIP: no matching Sentinel-1 scene -120.19095685749517 41.63702581915513 2021-06-02 18:38:27
SKIP: no matching Sentinel-1 scene -120.18761735933008 41.638818078353026 2021-06-02 18:38:27
SKIP: no matching Sentinel-1 scene -120.1859474349301 41.63971425648517 2021-06-02 18:38:27
SKIP: no matching Sentinel-1 scene -120.18427756484556 41.64061046698853 2021-06-02 18:38:27
SKIP: no matching Sentinel-1 scene -120.17203487254682 41.64717976128091 2021-06-02 18:38:27
SKIP: no matching Sentinel-1 scene -120.16925355705051 41.64867180404598 2021-06-02 18:38:27
SKIP: no matching Sentinel-1 scene -120.04964263198225 41.71301475607601 2021-06-02 18:38:27
SKIP: no matching Sentinel-1 scene -120.04407447855705 41.71600039444729 2021-06-02 18:38:27
SKIP: no matching Sentinel-1 scene -120.04296061080696 41.71659735556196 2021-06-02 18:38:27
SKIP: no matching Sentinel-1 scene -120.04240370259316 41.71689585472905 2021-06-02 18:38:27
SKIP: no matching Sentinel-1 scene -120.04184676606937 41.71719435778912 2021-06-02 18:38:27
SKIP: no matching Sentinel-1 scene -120.02569563531516 41.72586192606503 2021-06-02 18:38:27
SKIP: no matching Sentinel-1 scene -120.02513796254048 41.726161022547615 2021-06-02 18:38:27
SKIP: no matching Sentinel-1 scene -120.0245802268867 41.72646011833083 2021-06-02 18:38:27
SKIP: no matching Sentinel-1 scene -120.02402242392562 41.72675920726445 2021-06-02 18:38:27
SKIP: no matching Sentinel-1 scene -120.2144370617274 41.61655064573477 2021-06-02 18:38:27
SKIP: no matching Sentinel-1 scene -120.21388016754153 41.61684743047264 2021-06-02 18:38:27
SKIP: no matching Sentinel-1 scene -120.21332342389294 41.61714483746344 2021-06-02 18:38:27
SKIP: no matching Sentinel-1 scene -120.21276671754259 41.61744241456481 2021-06-02 18:38:27
SKIP: no matching Sentinel-1 scene -120.21220998569683 41.617739909241294 2021-06-02 18:38:27
SKIP: no matching Sentinel-1 scene -120.21165338274045 41.61803794094118 2021-06-02 18:38:27
SKIP: no matching Sentinel-1 scene -120.21109682278481 41.61833617659583 2021-06-02 18:38:27
SKIP: no matching Sentinel-1 scene -120.21054024076517 41.618634345230504 2021-06-02 18:38:27
SKIP: no matching Sentinel-1 scene -120.2099837473396 41.618932796861934 2021-06-02 18:38:27
SKIP: no matching Sentinel-1 scene -120.20942740743041 41.61923138282592 2021-06-02 18:38:27
SKIP: no matching Sentinel-1 scene -120.20887109061543 41.619530103212774 2021-06-02 18:38:27
SKIP: no matching Sentinel-1 scene -120.20831470067303 41.61982855840822 2021-06-02 18:38:27
SKIP: no matching Sentinel-1 scene -120.2077583625319 41.62012725941388 2021-06-02 18:38:27
SKIP: no matching Sentinel-1 scene -120.20720202990591 41.62042602282783 2021-06-02 18:38:27
SKIP: no matching Sentinel-1 scene -120.20664571885008 41.62072491060865 2021-06-02 18:38:27
SKIP: no matching Sentinel-1 scene -120.20608938032463 41.62102371166597 2021-06-02 18:38:27
SKIP: no matching Sentinel-1 scene -120.20553301979335 41.62132244842461 2021-06-02 18:38:27
SKIP: no matching Sentinel-1 scene -120.20497665636813 41.621621185061684 2021-06-02 18:38:27
SKIP: no matching Sentinel-1 scene -120.20442029719383 41.621919955604156 2021-06-02 18:38:27
SKIP: no matching Sentinel-1 scene -120.20386392717299 41.62221867673246 2021-06-02 18:38:27
SKIP: no matching Sentinel-1 scene -120.20330756088494 41.62251740733377 2021-06-02 18:38:27
SKIP: no matching Sentinel-1 scene -120.20275119926715 41.622816143137655 2021-06-02 18:38:27
SKIP: no matching Sentinel-1 scene -120.20219484619831 41.6231148918599 2021-06-02 18:38:27
SKIP: no matching Sentinel-1 scene -120.20163850309591 41.6234136514618 2021-06-02 18:38:27
SKIP: no matching Sentinel-1 scene -120.20108216649564 41.62371240511981 2021-06-02 18:38:27
SKIP: no matching Sentinel-1 scene -120.20052583053386 41.624011115972884 2021-06-02 18:38:27
SKIP: no matching Sentinel-1 scene -120.19996950866016 41.62430983420533 2021-06-02 18:38:27
SKIP: no matching Sentinel-1 scene -120.19941320453188 41.62460856644203 2021-06-02 18:38:27
SKIP: no matching Sentinel-1 scene -120.19885691770313 41.62490730482309 2021-06-02 18:38:27
SKIP: no matching Sentinel-1 scene -120.19830064762611 41.62520603748324 2021-06-02 18:38:27
SKIP: no matching Sentinel-1 scene -120.19718815579202 41.625803458957925 2021-06-02 18:38:27
SKIP: no matching Sentinel-1 scene -120.1966319384193 41.62610214231438 2021-06-02 18:38:27
SKIP: no matching Sentinel-1 scene -120.19496346180006 41.626998282041455 2021-06-02 18:38:27
SKIP: no matching Sentinel-1 scene -120.1921830766749 41.62849107961495 2021-06-02 18:38:27
SKIP: no matching Sentinel-1 scene -120.19162707398442 41.628789625502854 2021-06-02 18:38:27
SKIP: no matching Sentinel-1 scene -120.18606727678953 41.63177454852515 2021-06-02 18:38:27
SKIP: no matching Sentinel-1 scene -120.18551125296727 41.63207304515499 2021-06-02 18:38:27
SKIP: no matching Sentinel-1 scene -120.18495521374214 41.63237157633976 2021-06-02 18:38:27
SKIP: no matching Sentinel-1 scene -120.18439914902517 41.63267011298248 2021-06-02 18:38:27
SKIP: no matching Sentinel-1 scene -120.18328694019377 41.633267250674606 2021-06-02 18:38:27
SKIP: no matching Sentinel-1 scene -120.18273079784002 41.633565890921254 2021-06-02 18:38:27
SKIP: no matching Sentinel-1 scene -120.18217461096273 41.633864516637956 2021-06-02 18:38:27
SKIP: no matching Sentinel-1 scene -120.18106212890089 41.634461902799394 2021-06-02 18:38:27
SKIP: no matching Sentinel-1 scene -120.180505820178 41.63476063036062 2021-06-02 18:38:27
SKIP: no matching Sentinel-1 scene -120.17994946162864 41.63505938573953 2021-06-02 18:38:27
SKIP: no matching Sentinel-1 scene -120.1793930582106 41.63535817216996 2021-06-02 18:38:27
SKIP: no matching Sentinel-1 scene -120.17828013237444 41.63595586030101 2021-06-02 18:38:27
SKIP: no matching Sentinel-1 scene -120.177723613355 41.63625474044333 2021-06-02 18:38:27
SKIP: no matching Sentinel-1 scene -120.17661048822902 41.636852631535895 2021-06-02 18:38:27
SKIP: no matching Sentinel-1 scene -120.1760538788413 41.637151590723136 2021-06-02 18:38:27
SKIP: no matching Sentinel-1 scene -120.17382721454241 41.63834760878379 2021-06-02 18:38:27
SKIP: no matching Sentinel-1 scene -120.16937337274913 41.640739985109505 2021-06-02 18:38:27
SKIP: no matching Sentinel-1 scene -120.16213718578862 41.64462635004444 2021-06-02 18:38:27
SKIP: no matching Sentinel-1 scene -120.1615806825684 41.644925220535754 2021-06-02 18:38:27
SKIP: no matching Sentinel-1 scene -120.16102420659489 41.6452241290388 2021-06-02 18:38:27
SKIP: no matching Sentinel-1 scene -120.16046772761597 41.64552295225559 2021-06-02 18:38:27
SKIP: no matching Sentinel-1 scene -120.04199144054111 41.70930244230675 2021-06-02 18:38:27
SKIP: no matching Sentinel-1 scene -120.04143370800105 41.70960198527282 2021-06-02 18:38:27
SKIP: no matching Sentinel-1 scene -120.0408759530486 41.70990154168893 2021-06-02 18:38:27
SKIP: no matching Sentinel-1 scene -120.04031817040358 41.710201043878506 2021-06-02 18:38:27
SKIP: no matching Sentinel-1 scene -120.03976034549149 41.710500416783674 2021-06-02 18:38:27
SKIP: no matching Sentinel-1 scene -120.03920233276672 41.7107990146884 2021-06-02 18:38:27
SKIP: no matching Sentinel-1 scene -120.03641291926462 41.71229363896677 2021-06-02 18:38:27
SKIP: no matching Sentinel-1 scene -120.03585519413146 41.712592774130265 2021-06-02 18:38:27
SKIP: no matching Sentinel-1 scene -120.03473995560283 41.71319122844041 2021-06-02 18:38:27
SKIP: no matching Sentinel-1 scene -120.0341824493058 41.713490504954265 2021-06-02 18:38:27
SKIP: no matching Sentinel-1 scene -120.03362501773134 41.71378977515447 2021-06-02 18:38:27
SKIP: no matching Sentinel-1 scene -120.03306760374485 41.7140887645965 2021-06-02 18:38:27
SKIP: no matching Sentinel-1 scene -120.03251029912381 41.71438781961789 2021-06-02 18:38:27
SKIP: no matching Sentinel-1 scene -120.0319530924717 41.714686873447526 2021-06-02 18:38:27
SKIP: no matching Sentinel-1 scene -120.03139593292437 41.71498573394763 2021-06-02 18:38:27
SKIP: no matching Sentinel-1 scene -120.03083881250087 41.71528439857575 2021-06-02 18:38:27
SKIP: no matching Sentinel-1 scene -120.03028174588974 41.7155829820089 2021-06-02 18:38:27
SKIP: no matching Sentinel-1 scene -120.02972474757173 41.715881573117514 2021-06-02 18:38:27
SKIP: no matching Sentinel-1 scene -120.02916780372347 41.716180154614854 2021-06-02 18:38:27
SKIP: no matching Sentinel-1 scene -120.02861091136009 41.71647876094983 2021-06-02 18:38:27
SKIP: no matching Sentinel-1 scene -120.02805406703612 41.71677741193359 2021-06-02 18:38:27
SKIP: no matching Sentinel-1 scene -120.02749725074838 41.71707605911801 2021-06-02 18:38:27
SKIP: no matching Sentinel-1 scene -120.02694044643437 41.71737468767696 2021-06-02 18:38:27
SKIP: no matching Sentinel-1 scene -120.02638367163115 41.717673404100864 2021-06-02 18:38:27
SKIP: no matching Sentinel-1 scene -120.0258269150826 41.71797219470209 2021-06-02 18:38:27
SKIP: no matching Sentinel-1 scene -120.02527010217244 41.718270794549106 2021-06-02 18:38:27
SKIP: no matching Sentinel-1 scene -120.02471325017261 41.71856932111345 2021-06-02 18:38:27
SKIP: no matching Sentinel-1 scene -120.0241563588801 41.71886780002969 2021-06-02 18:38:27
SKIP: no matching Sentinel-1 scene -120.02192768716066 41.72006103683134 2021-06-02 18:38:27
SKIP: no matching Sentinel-1 scene -120.02137013105082 41.720358594612115 2021-06-02 18:38:27
SKIP: no matching Sentinel-1 scene -120.020812582571 41.72065654322566 2021-06-02 18:38:27
SKIP: no matching Sentinel-1 scene -120.02025499450073 41.72095472244074 2021-06-02 18:38:27
SKIP: no matching Sentinel-1 scene -120.0196973322734 41.72125303286599 2021-06-02 18:38:27
SKIP: no matching Sentinel-1 scene -120.01913959126776 41.7215514968706 2021-06-02 18:38:27
SKIP: no matching Sentinel-1 scene -120.01690754154824 41.72274581869667 2021-06-02 18:38:27
SKIP: no matching Sentinel-1 scene -120.01634922940893 41.72304427293359 2021-06-02 18:38:27
SKIP: no matching Sentinel-1 scene -120.01411538791878 41.72423911784437 2021-06-02 18:38:27
SKIP: no matching Sentinel-1 scene -120.41665947994528 41.50024196050944 2021-06-02 18:38:27
SKIP: no matching Sentinel-1 scene -120.41610547317107 41.50054242903859 2021-06-02 18:38:27
SKIP: no matching Sentinel-1 scene -120.209230016094 41.61246539780759 2021-06-02 18:38:27
SKIP: no matching Sentinel-1 scene -120.20867372688973 41.612764556529385 2021-06-02 18:38:27
SKIP: no matching Sentinel-1 scene -120.20811676972512 41.613062366811405 2021-06-02 18:38:27
SKIP: no matching Sentinel-1 scene -120.20756027953344 41.61336109264163 2021-06-02 18:38:27
SKIP: no matching Sentinel-1 scene -120.2070037276691 41.61365968546066 2021-06-02 18:38:27
SKIP: no matching Sentinel-1 scene -120.20366490995427 41.61545210577578 2021-06-02 18:38:27
SKIP: no matching Sentinel-1 scene -120.20310844341601 41.6157508526176 2021-06-02 18:38:27
SKIP: no matching Sentinel-1 scene -120.20255196451683 41.616049582547696 2021-06-02 18:38:27
SKIP: no matching Sentinel-1 scene -120.2014392283765 41.616646950779554 2021-06-02 18:38:27
SKIP: no matching Sentinel-1 scene -120.20088286751837 41.616945615025095 2021-06-02 18:38:27
SKIP: no matching Sentinel-1 scene -120.20032650714906 41.617244297958806 2021-06-02 18:38:27
SKIP: no matching Sentinel-1 scene -120.19977011880391 41.617542947569675 2021-06-02 18:38:27
SKIP: no matching Sentinel-1 scene -120.19921373070656 41.61784161849022 2021-06-02 18:38:27
SKIP: no matching Sentinel-1 scene -120.19865734024444 41.618140304645344 2021-06-02 18:38:27
SKIP: no matching Sentinel-1 scene -120.1981009455344 41.61843899722832 2021-06-02 18:38:27
SKIP: no matching Sentinel-1 scene -120.19754445151347 41.61873750403764 2021-06-02 18:38:27
SKIP: no matching Sentinel-1 scene -120.19698813941386 41.619036376622596 2021-06-02 18:38:27
SKIP: no matching Sentinel-1 scene -120.19643167710642 41.61933495529968 2021-06-02 18:38:27
SKIP: no matching Sentinel-1 scene -120.19587529502729 41.61963369220684 2021-06-02 18:38:27
SKIP: no matching Sentinel-1 scene -120.19531892506944 41.61993244585983 2021-06-02 18:38:27
SKIP: no matching Sentinel-1 scene -120.19476257546312 41.620231230366635 2021-06-02 18:38:27
SKIP: no matching Sentinel-1 scene -120.19420620993998 41.62052996936035 2021-06-02 18:38:27
SKIP: no matching Sentinel-1 scene -120.19364985573877 41.62082870986256 2021-06-02 18:38:27
SKIP: no matching Sentinel-1 scene -120.19309349560534 41.621127420819676 2021-06-02 18:38:27
SKIP: no matching Sentinel-1 scene -120.19253715222149 41.62142613567459 2021-06-02 18:38:27
SKIP: no matching Sentinel-1 scene -120.19198082296455 41.62172484473951 2021-06-02 18:38:27
SKIP: no matching Sentinel-1 scene -120.1914245133253 41.62202356026098 2021-06-02 18:38:27
SKIP: no matching Sentinel-1 scene -120.1908682041712 41.62232223447279 2021-06-02 18:38:27
SKIP: no matching Sentinel-1 scene -120.19031191180481 41.62262090363206 2021-06-02 18:38:27
SKIP: no matching Sentinel-1 scene -120.18975563662099 41.62291955631173 2021-06-02 18:38:27
SKIP: no matching Sentinel-1 scene -120.18919939793814 41.62321822734058 2021-06-02 18:38:27
SKIP: no matching Sentinel-1 scene -120.18864317517018 41.62351687598519 2021-06-02 18:38:27
SKIP: no matching Sentinel-1 scene -120.18808697024625 41.623815499726966 2021-06-02 18:38:27
SKIP: no matching Sentinel-1 scene -120.18753079917337 41.62411412347219 2021-06-02 18:38:27
SKIP: no matching Sentinel-1 scene -120.18697464728497 41.6244127216949 2021-06-02 18:38:27
SKIP: no matching Sentinel-1 scene -120.18641852532491 41.62471130285729 2021-06-02 18:38:27
SKIP: no matching Sentinel-1 scene -120.1858624309847 41.62500986184049 2021-06-02 18:38:27
SKIP: no matching Sentinel-1 scene -120.18530634347299 41.625308363530635 2021-06-02 18:38:27
SKIP: no matching Sentinel-1 scene -120.18475028992836 41.62560686956201 2021-06-02 18:38:27
SKIP: no matching Sentinel-1 scene -120.18419420245058 41.62590525020856 2021-06-02 18:38:27
SKIP: no matching Sentinel-1 scene -120.18363821961839 41.62620379567329 2021-06-02 18:38:27
SKIP: no matching Sentinel-1 scene -120.18308220336264 41.62650223836916 2021-06-02 18:38:27
SKIP: no matching Sentinel-1 scene -120.18252619645597 41.62680066740528 2021-06-02 18:38:27
SKIP: no matching Sentinel-1 scene -120.18197020751322 41.62709911340289 2021-06-02 18:38:27
SKIP: no matching Sentinel-1 scene -120.1814142191621 41.62739754864354 2021-06-02 18:38:27
SKIP: no matching Sentinel-1 scene -120.17251629263608 41.63217369284022 2021-06-02 18:38:27
SKIP: no matching Sentinel-1 scene -120.17195990651996 41.63247243968465 2021-06-02 18:38:27
SKIP: no matching Sentinel-1 scene -120.17140350270758 41.63277126826001 2021-06-02 18:38:27
SKIP: no matching Sentinel-1 scene -120.17084699020012 41.63306999226038 2021-06-02 18:38:27
SKIP: no matching Sentinel-1 scene -120.16695074534708 41.635162220270274 2021-06-02 18:38:27
SKIP: no matching Sentinel-1 scene -120.16472384747799 41.63635811166766 2021-06-02 18:38:27
SKIP: no matching Sentinel-1 scene -120.15859972576573 41.639646760006016 2021-06-02 18:38:27
SKIP: no matching Sentinel-1 scene -120.15804305494956 41.639945654643334 2021-06-02 18:38:27
SKIP: no matching Sentinel-1 scene -120.15748640627629 41.640244546166336 2021-06-02 18:38:27
SKIP: no matching Sentinel-1 scene -120.15692977322874 41.64054341634205 2021-06-02 18:38:27
SKIP: no matching Sentinel-1 scene -120.156373162148 41.64084228755442 2021-06-02 18:38:27
SKIP: no matching Sentinel-1 scene -120.15525997508455 41.64143995924448 2021-06-02 18:38:27
SKIP: no matching Sentinel-1 scene -120.15359033702084 41.64233643542071 2021-06-02 18:38:27
SKIP: no matching Sentinel-1 scene -120.03735190724674 41.70491605715671 2021-06-02 18:38:27
SKIP: no matching Sentinel-1 scene -120.03679459104526 41.705215642003914 2021-06-02 18:38:27
SKIP: no matching Sentinel-1 scene -120.0362370400192 41.70551489247421 2021-06-02 18:38:27
SKIP: no matching Sentinel-1 scene -120.03567900645601 41.705813291611875 2021-06-02 18:38:27
SKIP: no matching Sentinel-1 scene -120.03456319493537 41.70641090485907 2021-06-02 18:38:27
SKIP: no matching Sentinel-1 scene -120.03400548673525 41.70671022353632 2021-06-02 18:38:27
SKIP: no matching Sentinel-1 scene -120.03177479760402 41.70790815568066 2021-06-02 18:38:27
SKIP: no matching Sentinel-1 scene -120.03121691477219 41.708207224160745 2021-06-02 18:38:27
SKIP: no matching Sentinel-1 scene -120.03065904876267 41.70850629830419 2021-06-02 18:38:27
SKIP: no matching Sentinel-1 scene -120.03010123452253 41.708805429826356 2021-06-02 18:38:27
SKIP: no matching Sentinel-1 scene -120.02954344775065 41.709104552088455 2021-06-02 18:38:27
SKIP: no matching Sentinel-1 scene -120.0289856207609 41.70940351382261 2021-06-02 18:38:27
SKIP: no matching Sentinel-1 scene -120.02842787762263 41.70970254859458 2021-06-02 18:38:27
SKIP: no matching Sentinel-1 scene -120.02787022179582 41.71000164205914 2021-06-02 18:38:27
SKIP: no matching Sentinel-1 scene -120.02731254196239 41.710300559871094 2021-06-02 18:38:27
SKIP: no matching Sentinel-1 scene -120.026754886414 41.710599379541506 2021-06-02 18:38:27
SKIP: no matching Sentinel-1 scene -120.02619732359791 41.710898219652215 2021-06-02 18:38:27
SKIP: no matching Sentinel-1 scene -120.02563983521445 41.711197031130816 2021-06-02 18:38:27
SKIP: no matching Sentinel-1 scene -120.01728474106086 41.715675250295604 2021-06-02 18:38:27
SKIP: no matching Sentinel-1 scene -120.01672786106654 41.71597365355629 2021-06-02 18:38:27
SKIP: no matching Sentinel-1 scene -120.00612976072809 41.72164521263681 2021-06-02 18:38:27
SKIP: no matching Sentinel-1 scene -121.65978873972594 41.645396395126234 2021-07-21 18:59:21
SKIP: no matching Sentinel-1 scene -121.65645589123834 41.643597695148536 2021-07-21 18:59:21
SKIP: no matching Sentinel-1 scene -121.62366524402944 41.6259377654124 2021-07-21 18:59:21
SKIP: no matching Sentinel-1 scene -121.62311045075039 41.62563637519112 2021-07-21 18:59:21
SKIP: no matching Sentinel-1 scene -121.61365395832978 41.62051793813336 2021-07-21 18:59:21
SKIP: no matching Sentinel-1 scene -121.6130965194158 41.62021620299592 2021-07-21 18:59:21
SKIP: no matching Sentinel-1 scene -121.6114246837414 41.61930921490622 2021-07-21 18:59:21
SKIP: no matching Sentinel-1 scene -121.6108678185889 41.61900591834938 2021-07-21 18:59:21
SKIP: no matching Sentinel-1 scene -121.60864036552553 41.61779295449482 2021-07-21 18:59:21
SKIP: no matching Sentinel-1 scene -121.60083989322503 41.613587845527945 2021-07-21 18:59:21
SKIP: no matching Sentinel-1 scene -121.59861769170472 41.61238795212084 2021-07-21 18:59:21
SKIP: no matching Sentinel-1 scene -121.59639780288448 41.61118969998232 2021-07-21 18:59:21
SKIP: no matching Sentinel-1 scene -121.67236377986545 41.64542203489657 2021-07-21 18:59:21
SKIP: no matching Sentinel-1 scene -121.66847734952655 41.643324816784904 2021-07-21 18:59:21
SKIP: no matching Sentinel-1 scene -121.6579247501382 41.63762894949897 2021-07-21 18:59:21
SKIP: no matching Sentinel-1 scene -121.63124484768618 41.62327222857256 2021-07-21 18:59:21
SKIP: no matching Sentinel-1 scene -121.63069000540033 41.622971861535135 2021-07-21 18:59:21
SKIP: no matching Sentinel-1 scene -121.62347265016835 41.61907289476348 2021-07-21 18:59:21
SKIP: no matching Sentinel-1 scene -121.61680372146857 41.61545933167423 2021-07-21 18:59:21
SKIP: no matching Sentinel-1 scene -121.6162476733734 41.61515650592471 2021-07-21 18:59:21
SKIP: no matching Sentinel-1 scene -121.61513405973719 41.61455257466922 2021-07-21 18:59:21
SKIP: no matching Sentinel-1 scene -121.61457702988834 41.614250634804606 2021-07-21 18:59:21
SKIP: no matching Sentinel-1 scene -121.61346189916223 41.6136480158742 2021-07-21 18:59:21
SKIP: no matching Sentinel-1 scene -121.61234613277966 41.61304596808254 2021-07-21 18:59:21
SKIP: no matching Sentinel-1 scene -121.6117873031653 41.61274642929527 2021-07-21 18:59:21
SKIP: no matching Sentinel-1 scene -121.6101127980569 41.61184443282306 2021-07-21 18:59:21
SKIP: no matching Sentinel-1 scene -121.57574521011993 41.59327041474667 2021-07-21 18:59:21
SKIP: no matching Sentinel-1 scene -121.57463778004555 41.59267068756595 2021-07-21 18:59:21
SKIP: no matching Sentinel-1 scene -121.63603475746955 41.62087015076893 2021-07-21 18:59:21
SKIP: no matching Sentinel-1 scene -121.6354813427608 41.62057005822417 2021-07-21 18:59:21
SKIP: no matching Sentinel-1 scene -121.63492605230175 41.62027090450156 2021-07-21 18:59:21
SKIP: no matching Sentinel-1 scene -121.6338149353116 41.61967294193291 2021-07-21 18:59:21
SKIP: no matching Sentinel-1 scene -121.63159103315178 41.61847815217182 2021-07-21 18:59:21
SKIP: no matching Sentinel-1 scene -121.62436600681923 41.61459628981127 2021-07-21 18:59:21
SKIP: no matching Sentinel-1 scene -121.62158591178294 41.61310360793671 2021-07-21 18:59:21
SKIP: no matching Sentinel-1 scene -121.62047353317207 41.612506558222734 2021-07-21 18:59:21
SKIP: no matching Sentinel-1 scene -121.61769385199685 41.61101289731422 2021-07-21 18:59:21
SKIP: no matching Sentinel-1 scene -121.61491479520053 41.60951804170758 2021-07-21 18:59:21
SKIP: no matching Sentinel-1 scene -121.61269313727281 41.608320431449144 2021-07-21 18:59:21
SKIP: no matching Sentinel-1 scene -121.59601354391545 41.59929517991504 2021-07-21 18:59:21
SKIP: no matching Sentinel-1 scene -121.57104023306634 41.585790834245095 2021-07-21 18:59:21
SKIP: no matching Sentinel-1 scene -121.65580885805016 41.624789147855516 2021-07-21 18:59:21
SKIP: no matching Sentinel-1 scene -121.62694202749859 41.609225287348934 2021-07-21 18:59:21
SKIP: no matching Sentinel-1 scene -121.62416114140079 41.6077337142904 2021-07-21 18:59:21
SKIP: no matching Sentinel-1 scene -121.62360371062431 41.60743566054773 2021-07-21 18:59:21
SKIP: no matching Sentinel-1 scene -121.62082333973673 41.60594308827525 2021-07-21 18:59:21
SKIP: no matching Sentinel-1 scene -121.57747904810704 41.58251466375627 2021-07-21 18:59:21
SKIP: no matching Sentinel-1 scene -121.57637369694177 41.58191609940113 2021-07-21 18:59:21
SKIP: no matching Sentinel-1 scene -121.5653318388644 41.57593507567804 2021-07-21 18:59:21
SKIP: no matching Sentinel-1 scene -122.13679003150985 41.87248451794431 2021-07-11 18:44:47
SKIP: no matching Sentinel-1 scene -122.08022335647897 41.84250856740502 2021-07-11 18:44:47
SKIP: no matching Sentinel-1 scene -121.80387384350665 41.69490221329955 2021-07-11 18:44:47
SKIP: no matching Sentinel-1 scene -121.80275966254919 41.694303437525875 2021-07-11 18:44:47
SKIP: no matching Sentinel-1 scene -121.80053150456139 41.69310378116556 2021-07-11 18:44:47
SKIP: no matching Sentinel-1 scene -121.79997444847731 41.692803850577185 2021-07-11 18:44:47
SKIP: no matching Sentinel-1 scene -121.79941732855345 41.692504285402016 2021-07-11 18:44:47
SKIP: no matching Sentinel-1 scene -121.79886012965525 41.69220517400253 2021-07-11 18:44:47
SKIP: no matching Sentinel-1 scene -121.79830291526432 41.69190614866125 2021-07-21 18:59:21
SKIP: no matching Sentinel-1 scene -121.7971885644941 41.69130764911529 2021-07-21 18:59:21
SKIP: no matching Sentinel-1 scene -121.79663143112086 41.691008165634855 2021-07-21 18:59:21
SKIP: no matching Sentinel-1 scene -121.7955173534762 41.69040817402518 2021-07-21 18:59:21
SKIP: no matching Sentinel-1 scene -121.79496035216019 41.69010801642203 2021-07-21 18:59:21
SKIP: no matching Sentinel-1 scene -121.79384638490161 41.68950769103906 2021-07-21 18:59:21
SKIP: no matching Sentinel-1 scene -121.79328938865443 41.68920771230563 2021-07-21 18:59:21
SKIP: no matching Sentinel-1 scene -121.79273241951114 41.68890764016036 2021-07-21 18:59:21
SKIP: no matching Sentinel-1 scene -121.79217544231213 41.68860767759521 2021-07-21 18:59:21
SKIP: no matching Sentinel-1 scene -121.79161846948529 41.688307756673254 2021-07-21 18:59:21
SKIP: no matching Sentinel-1 scene -121.79106150351514 41.68800784411234 2021-07-21 18:59:21
SKIP: no matching Sentinel-1 scene -121.66539150807083 41.62043209422862 2021-07-21 18:59:21
SKIP: no matching Sentinel-1 scene -121.66483575940862 41.62013332294112 2021-07-21 18:59:21
SKIP: no matching Sentinel-1 scene -121.66428008965175 41.61983393461498 2021-07-21 18:59:21
SKIP: no matching Sentinel-1 scene -121.66372429991242 41.61953512328968 2021-07-21 18:59:21
SKIP: no matching Sentinel-1 scene -121.66316851056021 41.61923613307811 2021-07-21 18:59:21
SKIP: no matching Sentinel-1 scene -121.66261274799045 41.61893679352746 2021-07-21 18:59:21
SKIP: no matching Sentinel-1 scene -121.66094499958336 41.618040317707596 2021-07-21 18:59:21
SKIP: no matching Sentinel-1 scene -121.65204456760789 41.61326606370546 2021-07-21 18:59:21
SKIP: no matching Sentinel-1 scene -121.64759580310691 41.6108761313512 2021-07-21 18:59:21
SKIP: no matching Sentinel-1 scene -121.6470400390319 41.610577263451525 2021-07-21 18:59:21
SKIP: no matching Sentinel-1 scene -121.64648444486879 41.610277913159784 2021-07-21 18:59:21
SKIP: no matching Sentinel-1 scene -121.64592895039512 41.60997852026249 2021-07-21 18:59:21
SKIP: no matching Sentinel-1 scene -121.64537356329252 41.60967902778957 2021-07-21 18:59:21
SKIP: no matching Sentinel-1 scene -121.64426297262723 41.60908026445874 2021-07-21 18:59:21
SKIP: no matching Sentinel-1 scene -121.6437077325312 41.60878106811765 2021-07-21 18:59:21
SKIP: no matching Sentinel-1 scene -121.64315257182766 41.60848163760971 2021-07-21 18:59:21
SKIP: no matching Sentinel-1 scene -121.64259754471585 41.6081815814644 2021-07-21 18:59:21
SKIP: no matching Sentinel-1 scene -121.64204256332984 41.60788133649392 2021-07-21 18:59:21
SKIP: no matching Sentinel-1 scene -121.64148746021603 41.607581838824935 2021-07-21 18:59:21
SKIP: no matching Sentinel-1 scene -121.6409323718184 41.60728219589422 2021-07-21 18:59:21
SKIP: no matching Sentinel-1 scene -121.6403773436971 41.60698206633982 2021-07-21 18:59:21
SKIP: no matching Sentinel-1 scene -121.63871193891143 41.60608203821437 2021-07-21 18:59:21
SKIP: no matching Sentinel-1 scene -121.63815680853709 41.60578185405354 2021-07-21 18:59:21
SKIP: no matching Sentinel-1 scene -121.63760168328919 41.605481403755725 2021-07-21 18:59:21
SKIP: no matching Sentinel-1 scene -121.63649121288243 41.60487998955604 2021-07-21 18:59:21
SKIP: no matching Sentinel-1 scene -121.63593573095771 41.60457970295564 2021-07-21 18:59:21
SKIP: no matching Sentinel-1 scene -121.63482448638783 41.60397832436141 2021-07-21 18:59:21
SKIP: no matching Sentinel-1 scene -121.63371264499982 41.60337669373227 2021-07-21 18:59:21
SKIP: no matching Sentinel-1 scene -121.63315647065413 41.60307578652352 2021-07-21 18:59:21
SKIP: no matching Sentinel-1 scene -121.63204366393417 41.60247315967931 2021-07-21 18:59:21
SKIP: no matching Sentinel-1 scene -121.63148694780972 41.602172035318766 2021-07-21 18:59:21
SKIP: no matching Sentinel-1 scene -121.62925863362442 41.60096718162503 2021-07-21 18:59:21
SKIP: no matching Sentinel-1 scene -121.62870129835501 41.6006657359943 2021-07-21 18:59:21
SKIP: no matching Sentinel-1 scene -121.62814379668191 41.60036478063243 2021-07-21 18:59:21
SKIP: no matching Sentinel-1 scene -121.62647088213826 41.59946224772581 2021-07-21 18:59:21
SKIP: no matching Sentinel-1 scene -121.57046545309046 41.56913809243482 2021-07-21 18:59:21
SKIP: no matching Sentinel-1 scene -121.5339345219802 41.54925657306351 2021-07-21 18:59:21
SKIP: no matching Sentinel-1 scene -121.53338079619344 41.54895500740804 2021-07-21 18:59:21
SKIP: no matching Sentinel-1 scene -121.53227324827384 41.54835301643978 2021-07-21 18:59:21
SKIP: no matching Sentinel-1 scene -121.5289518449993 41.54654755303945 2021-07-21 18:59:21
SKIP: no matching Sentinel-1 scene -121.52729235009267 41.54564451506556 2021-07-21 18:59:21
SKIP: no matching Sentinel-1 scene -122.1512170640395 41.87344343307694 2021-07-11 18:44:47
SKIP: no matching Sentinel-1 scene -122.1506582302123 41.87314597329604 2021-07-11 18:44:47
SKIP: no matching Sentinel-1 scene -122.14954063166418 41.872551203974815 2021-07-11 18:44:47
SKIP: no matching Sentinel-1 scene -122.14562886639013 41.87047149875123 2021-07-11 18:44:47
SKIP: no matching Sentinel-1 scene -122.14507000330846 41.87017422418143 2021-07-11 18:44:47
SKIP: no matching Sentinel-1 scene -122.02470427342521 41.80628442353191 2021-07-11 18:44:47
SKIP: no matching Sentinel-1 scene -121.8082595901911 41.690516105255284 2021-07-11 18:44:47
SKIP: no matching Sentinel-1 scene -121.80770268709594 41.69021688091392 2021-07-11 18:44:47
SKIP: no matching Sentinel-1 scene -121.80714579565394 41.68991745144544 2021-07-11 18:44:47
SKIP: no matching Sentinel-1 scene -121.80658889942417 41.68961791620258 2021-07-11 18:44:47
SKIP: no matching Sentinel-1 scene -121.80603198753397 41.68931832871258 2021-07-11 18:44:47
SKIP: no matching Sentinel-1 scene -121.80547506397112 41.68901867804025 2021-07-11 18:44:47
SKIP: no matching Sentinel-1 scene -121.80491811379255 41.688719063598874 2021-07-11 18:44:47
SKIP: no matching Sentinel-1 scene -121.80436115239614 41.68841939131002 2021-07-11 18:44:47
SKIP: no matching Sentinel-1 scene -121.80380418411623 41.68811966402878 2021-07-11 18:44:47
SKIP: no matching Sentinel-1 scene -121.80324721582869 41.68781985479999 2021-07-11 18:44:47
SKIP: no matching Sentinel-1 scene -121.80269023387528 41.687520030312314 2021-07-11 18:44:47
SKIP: no matching Sentinel-1 scene -121.80213321253326 41.68722034142407 2021-07-11 18:44:47
SKIP: no matching Sentinel-1 scene -121.80157615368694 41.686920786715554 2021-07-11 18:44:47
SKIP: no matching Sentinel-1 scene -121.79823361021572 41.68512358137243 2021-07-21 18:59:21
SKIP: no matching Sentinel-1 scene -121.79767647096344 41.68482423395586 2021-07-21 18:59:21
SKIP: no matching Sentinel-1 scene -121.79711934376053 41.68452483651671 2021-07-21 18:59:21
SKIP: no matching Sentinel-1 scene -121.79656222332827 41.68422540838898 2021-07-21 18:59:21
SKIP: no matching Sentinel-1 scene -121.79600512069564 41.68392591454627 2021-07-21 18:59:21
SKIP: no matching Sentinel-1 scene -121.79544805401979 41.683626267927636 2021-07-21 18:59:21
SKIP: no matching Sentinel-1 scene -121.79489100721467 41.68332655081953 2021-07-21 18:59:21
SKIP: no matching Sentinel-1 scene -121.79433407666532 41.68302627969118 2021-07-21 18:59:21
SKIP: no matching Sentinel-1 scene -121.67089058351002 41.616652255615676 2021-07-21 18:59:21
SKIP: no matching Sentinel-1 scene -121.67033514107254 41.616352676899346 2021-07-21 18:59:21
SKIP: no matching Sentinel-1 scene -121.65310148643327 41.60709391617559 2021-07-21 18:59:21
SKIP: no matching Sentinel-1 scene -121.65254519947366 41.60679555431868 2021-07-21 18:59:21
SKIP: no matching Sentinel-1 scene -121.65143289738593 41.60619804159942 2021-07-21 18:59:21
SKIP: no matching Sentinel-1 scene -121.64865301608364 41.60470466196808 2021-07-21 18:59:21
SKIP: no matching Sentinel-1 scene -121.64809722896861 41.604406095173914 2021-07-21 18:59:21
SKIP: no matching Sentinel-1 scene -121.6475414773331 41.60410777461774 2021-07-21 18:59:21
SKIP: no matching Sentinel-1 scene -121.64198959322249 41.60111415580223 2021-07-21 18:59:21
SKIP: no matching Sentinel-1 scene -121.640879657979 41.60051410672192 2021-07-21 18:59:21
SKIP: no matching Sentinel-1 scene -121.63976959585922 41.59991383344692 2021-07-21 18:59:21
SKIP: no matching Sentinel-1 scene -121.63810433540739 41.5990132044729 2021-07-21 18:59:21
SKIP: no matching Sentinel-1 scene -121.63477139075755 41.597209355064386 2021-07-21 18:59:21
SKIP: no matching Sentinel-1 scene -121.53001928272971 41.540379019219486 2021-07-21 18:59:21
SKIP: no matching Sentinel-1 scene -122.15501915656581 41.86617100123658 2021-07-11 18:44:47
SKIP: no matching Sentinel-1 scene -122.15277453318154 41.86498517692738 2021-07-11 18:44:47
SKIP: no matching Sentinel-1 scene -122.1477316420994 41.862318259092525 2021-07-11 18:44:47
SKIP: no matching Sentinel-1 scene -121.92638028302521 41.74446735032785 2021-07-11 18:44:47
SKIP: no matching Sentinel-1 scene -121.92526721287832 41.74386997260086 2021-07-11 18:44:47
SKIP: no matching Sentinel-1 scene -121.92248341412673 41.74237569829653 2021-07-11 18:44:47
SKIP: no matching Sentinel-1 scene -121.91858463608192 41.740283480974426 2021-07-11 18:44:47
SKIP: no matching Sentinel-1 scene -121.81988021971219 41.68744193458636 2021-07-11 18:44:47
SKIP: no matching Sentinel-1 scene -121.81709444361447 41.685943821613506 2021-07-11 18:44:47
SKIP: no matching Sentinel-1 scene -121.81653725166416 41.68564426007732 2021-07-11 18:44:47
SKIP: no matching Sentinel-1 scene -121.8154227367581 41.68504517373358 2021-07-11 18:44:47
SKIP: no matching Sentinel-1 scene -121.81486548111461 41.68474569634056 2021-07-11 18:44:47
SKIP: no matching Sentinel-1 scene -121.81430821916058 41.68444626398385 2021-07-11 18:44:47
SKIP: no matching Sentinel-1 scene -121.81375094370647 41.684146876682604 2021-07-11 18:44:47
SKIP: no matching Sentinel-1 scene -121.81319365396661 41.68384753814658 2021-07-11 18:44:47
SKIP: no matching Sentinel-1 scene -121.81096372885294 41.68265039346928 2021-07-11 18:44:47
SKIP: no matching Sentinel-1 scene -121.81040553644198 41.682350878824316 2021-07-11 18:44:47
SKIP: no matching Sentinel-1 scene -121.80984630731048 41.68205084014134 2021-07-11 18:44:47
SKIP: no matching Sentinel-1 scene -121.80928884771836 41.68175190158378 2021-07-11 18:44:47
SKIP: no matching Sentinel-1 scene -121.80202779351819 41.67786233749504 2021-07-11 18:44:47
SKIP: no matching Sentinel-1 scene -121.80147039695132 41.67756402736011 2021-07-11 18:44:47
SKIP: no matching Sentinel-1 scene -121.80091192303176 41.67726510305146 2021-07-11 18:44:47
SKIP: no matching Sentinel-1 scene -121.8003532888681 41.67696609320092 2021-07-11 18:44:47
SKIP: no matching Sentinel-1 scene -121.79812147860137 41.67577163095772 2021-07-21 18:59:21
SKIP: no matching Sentinel-1 scene -121.79477965690133 41.673982943457865 2021-07-21 18:59:21
SKIP: no matching Sentinel-1 scene -121.67467405194718 41.60945890084164 2021-07-21 18:59:21
SKIP: no matching Sentinel-1 scene -121.66188630790344 41.60255441967518 2021-07-21 18:59:21
SKIP: no matching Sentinel-1 scene -121.6613285159088 41.60225307518319 2021-07-21 18:59:21
SKIP: no matching Sentinel-1 scene -121.66076970660785 41.60195116927945 2021-07-21 18:59:21
SKIP: no matching Sentinel-1 scene -121.65630546832341 41.599540754755004 2021-07-21 18:59:21
SKIP: no matching Sentinel-1 scene -121.65574853097014 41.5992401991149 2021-07-21 18:59:21
SKIP: no matching Sentinel-1 scene -121.65407678076349 41.59833803815061 2021-07-21 18:59:21
SKIP: no matching Sentinel-1 scene -121.65351904914039 41.59803704324808 2021-07-21 18:59:21
SKIP: no matching Sentinel-1 scene -121.65128881540728 41.59683345032735 2021-07-21 18:59:21
SKIP: no matching Sentinel-1 scene -121.65073162689988 41.59653275079845 2021-07-21 18:59:21
SKIP: no matching Sentinel-1 scene -121.65017429711196 41.59623195342589 2021-07-21 18:59:21
SKIP: no matching Sentinel-1 scene -121.64905813932374 41.5956294157666 2021-07-21 18:59:21
SKIP: no matching Sentinel-1 scene -121.64850157183216 41.595329011174286 2021-07-21 18:59:21
SKIP: no matching Sentinel-1 scene -121.64683190418712 41.59442768202175 2021-07-21 18:59:21
SKIP: no matching Sentinel-1 scene -122.09530443500134 41.82789527929462 2021-07-11 18:44:47
SKIP: no matching Sentinel-1 scene -122.09474468244895 41.827597797789785 2021-07-11 18:44:47
SKIP: no matching Sentinel-1 scene -122.08578429927249 41.82283746318134 2021-07-11 18:44:47
SKIP: no matching Sentinel-1 scene -122.08522400519047 41.82254000436386 2021-07-11 18:44:47
SKIP: no matching Sentinel-1 scene -121.91601347997798 41.73225860650152 2021-07-11 18:44:47
SKIP: no matching Sentinel-1 scene -121.91545527576118 41.73195945701916 2021-07-11 18:44:47
SKIP: no matching Sentinel-1 scene -121.9148968632294 41.731660260286354 2021-07-11 18:44:47
SKIP: no matching Sentinel-1 scene -121.9143386133673 41.73136114084825 2021-07-11 18:44:47
SKIP: no matching Sentinel-1 scene -121.91378026582599 41.73106201157663 2021-07-11 18:44:47
SKIP: no matching Sentinel-1 scene -121.91322209248862 41.73076296333783 2021-07-11 18:44:47
SKIP: no matching Sentinel-1 scene -121.8312527830312 41.68690457439247 2021-07-11 18:44:47
SKIP: no matching Sentinel-1 scene -121.830138099486 41.68630569730717 2021-07-11 18:44:47
SKIP: no matching Sentinel-1 scene -121.82846645709522 41.68540726795897 2021-07-11 18:44:47
SKIP: no matching Sentinel-1 scene -121.82790914148903 41.68510769895062 2021-07-11 18:44:47
SKIP: no matching Sentinel-1 scene -121.82735203842353 41.684808176193584 2021-07-11 18:44:47
SKIP: no matching Sentinel-1 scene -121.82122333393302 41.6815120785926 2021-07-11 18:44:47
SKIP: no matching Sentinel-1 scene -121.82066618554501 41.68121240702689 2021-07-11 18:44:47
SKIP: no matching Sentinel-1 scene -121.82010901959134 41.68091274026988 2021-07-11 18:44:47
SKIP: no matching Sentinel-1 scene -121.81732315161122 41.679414608756275 2021-07-11 18:44:47
SKIP: no matching Sentinel-1 scene -121.81286517504617 41.67701925470369 2021-07-11 18:44:47
SKIP: no matching Sentinel-1 scene -121.81174858620763 41.676420267295896 2021-07-11 18:44:47
SKIP: no matching Sentinel-1 scene -121.79779979372546 41.66895245747963 2021-07-21 18:59:21
SKIP: no matching Sentinel-1 scene -121.6899404567357 41.610992884148345 2021-07-21 18:59:21
SKIP: no matching Sentinel-1 scene -121.68938389205046 41.61069473000779 2021-07-21 18:59:21
SKIP: no matching Sentinel-1 scene -121.68882693970183 41.610396497220755 2021-07-21 18:59:21
SKIP: no matching Sentinel-1 scene -121.68827051325746 41.61009849657665 2021-07-21 18:59:21
SKIP: no matching Sentinel-1 scene -121.68771412478917 41.60980054881113 2021-07-21 18:59:21
SKIP: no matching Sentinel-1 scene -121.68715749645843 41.60950254866133 2021-07-21 18:59:21
SKIP: no matching Sentinel-1 scene -121.6866010914211 41.609204649366944 2021-07-21 18:59:21
SKIP: no matching Sentinel-1 scene -121.68604350649625 41.608906352130795 2021-07-21 18:59:21
SKIP: no matching Sentinel-1 scene -121.68548695411286 41.608608421361374 2021-07-21 18:59:21
SKIP: no matching Sentinel-1 scene -121.68493099352443 41.60831069506997 2021-07-21 18:59:21
SKIP: no matching Sentinel-1 scene -121.67658184406484 41.60383493674793 2021-07-21 18:59:21
SKIP: no matching Sentinel-1 scene -121.67380087984456 41.602338520921265 2021-07-21 18:59:21
SKIP: no matching Sentinel-1 scene -121.67324478782626 41.602038921739194 2021-07-21 18:59:21
SKIP: no matching Sentinel-1 scene -121.67268902342357 41.601739333951784 2021-07-21 18:59:21
SKIP: no matching Sentinel-1 scene -121.67157824369735 41.601140133674946 2021-07-21 18:59:21
SKIP: no matching Sentinel-1 scene -121.6710231069538 41.6008404900994 2021-07-21 18:59:21
SKIP: no matching Sentinel-1 scene -121.66935614399405 41.599940554258524 2021-07-21 18:59:21
SKIP: no matching Sentinel-1 scene -121.6688016204003 41.59964084373033 2021-07-21 18:59:21
SKIP: no matching Sentinel-1 scene -121.66824553253755 41.599340546679436 2021-07-21 18:59:21
SKIP: no matching Sentinel-1 scene -121.66769017176861 41.599040453383616 2021-07-21 18:59:21
SKIP: no matching Sentinel-1 scene -121.66657896366272 41.59843996440126 2021-07-21 18:59:21
SKIP: no matching Sentinel-1 scene -121.66602277942157 41.598139461679416 2021-07-21 18:59:21
