Patch size: 5x5 (150m x 150m)
HLS exists: True
HLS tif count: 6720
First 5 tif files: [PosixPath('/s/chopin/e/proj/hyperspec/masfiq/dataset/hls_data_California_north_10_2021_AprilToAugust/HLS.S30.T10TDL.2021232T185921.v2.0_B11_cropped.tif'), PosixPath('/s/chopin/e/proj/hyperspec/masfiq/dataset/hls_data_California_north_10_2021_AprilToAugust/HLS.S30.T10TGL.2021204T184919.v2.0_B02_cropped.tif'), PosixPath('/s/chopin/e/proj/hyperspec/masfiq/dataset/hls_data_California_north_10_2021_AprilToAugust/HLS.S30.T10TEL.2021137T185919.v2.0_B11_cropped.tif'), PosixPath('/s/chopin/e/proj/hyperspec/masfiq/dataset/hls_data_California_north_10_2021_AprilToAugust/HLS.S30.T11TKF.2021164T184919.v2.0_B02_cropped.tif'), PosixPath('/s/chopin/e/proj/hyperspec/masfiq/dataset/hls_data_California_north_10_2021_AprilToAugust/HLS.L30.T10TDL.2021183T185057.v2.0_B03_cropped.tif')]
S1 root exists: True
Resuming: found 127031 existing patches, will skip them
Loading GEDI shots from folder...
Reading GEDI04_A_2021003083948_O11673_02_T11218_02_002_02_V002.h5 ...
Reading GEDI04_A_2021004140438_O11692_03_T06050_02_002_02_V002.h5 ...
Reading GEDI04_A_2021007070555_O11734_02_T06949_02_002_02_V002.h5 ...
Reading GEDI04_A_2021008123045_O11753_03_T08896_02_002_02_V002.h5 ...
Reading GEDI04_A_2021011053157_O11795_02_T11371_02_002_02_V002.h5 ...
Reading GEDI04_A_2021015035754_O11856_02_T07102_02_002_02_V002.h5 ...
Reading GEDI04_A_2021016092242_O11875_03_T10625_02_002_02_V002.h5 ...
Reading GEDI04_A_2021019022350_O11917_02_T07255_02_002_02_V002.h5 ...
Reading GEDI04_A_2021020074838_O11936_03_T06356_02_002_02_V002.h5 ...
Reading GEDI04_A_2021023005016_O11978_02_T05832_02_002_02_V002.h5 ...
Reading GEDI04_A_2021024061532_O11997_03_T07779_02_002_02_V002.h5 ...
Reading GEDI04_A_2021026231743_O12039_02_T09948_02_002_02_V002.h5 ...
Reading GEDI04_A_2021028044259_O12058_03_T06203_02_002_02_V002.h5 ...
Reading GEDI04_A_2021034201218_O12161_02_T08372_02_002_02_V002.h5 ...
Reading GEDI04_A_2021036013730_O12180_03_T07473_02_002_02_V002.h5 ...
Reading GEDI04_A_2021038183931_O12222_02_T06796_02_002_02_V002.h5 ...
Reading GEDI04_A_2021042170647_O12283_02_T05373_02_002_02_V002.h5 ...
Reading GEDI04_A_2021043223156_O12302_03_T10166_02_002_02_V002.h5 ...
Reading GEDI04_A_2021050140102_O12405_02_T10912_02_002_02_V002.h5 ...
Reading GEDI04_A_2021051192612_O12424_03_T10013_02_002_02_V002.h5 ...
Reading GEDI04_A_2021054122806_O12466_02_T09336_02_002_02_V002.h5 ...
Reading GEDI04_A_2021055175315_O12485_03_T07014_02_002_02_V002.h5 ...
Reading GEDI04_A_2021058105504_O12527_02_T07913_02_002_02_V002.h5 ...
Reading GEDI04_A_2021059162011_O12546_03_T08437_02_002_02_V002.h5 ...
Reading GEDI04_A_2021062092202_O12588_02_T10759_02_002_02_V002.h5 ...
Reading GEDI04_A_2021063144708_O12607_03_T11283_02_002_02_V002.h5 ...
Reading GEDI04_A_2021066074852_O12649_02_T09183_02_002_02_V002.h5 ...
Reading GEDI04_A_2021067131356_O12668_03_T09707_02_002_02_V002.h5 ...
Reading GEDI04_A_2021070061544_O12710_02_T06337_02_002_02_V002.h5 ...
Reading GEDI04_A_2021071114049_O12729_03_T06861_02_002_02_V002.h5 ...
Reading GEDI04_A_2021074044254_O12771_02_T10606_02_002_02_V002.h5 ...
Reading GEDI04_A_2021075100808_O12790_03_T09554_02_002_02_V002.h5 ...
Reading GEDI04_A_2021079083527_O12851_03_T10977_02_002_02_V002.h5 ...
Reading GEDI04_A_2021082013734_O12893_02_T10300_02_002_02_V002.h5 ...
Reading GEDI04_A_2021086000446_O12954_02_T08724_02_002_02_V002.h5 ...
Reading GEDI04_A_2021087052958_O12973_03_T06402_02_002_02_V002.h5 ...
Reading GEDI04_A_2021089223154_O13015_02_T10147_02_002_02_V002.h5 ...
Reading GEDI04_A_2021091035706_O13034_03_T09095_02_002_02_V002.h5 ...
Reading GEDI04_A_2021093205912_O13076_02_T05725_02_002_02_V002.h5 ...
Reading GEDI04_A_2021095022431_O13095_03_T07672_02_002_02_V002.h5 ...
Reading GEDI04_A_2021097192644_O13137_02_T09841_02_002_02_V002.h5 ...
Reading GEDI04_A_2021099005200_O13156_03_T06096_02_002_02_V002.h5 ...
Reading GEDI04_A_2021101175411_O13198_02_T11264_02_002_02_V002.h5 ...
Reading GEDI04_A_2021102231927_O13217_03_T08789_02_002_02_V002.h5 ...
Reading GEDI04_A_2021105162139_O13259_02_T08265_02_002_02_V002.h5 ...
Reading GEDI04_A_2021109144903_O13320_02_T06689_02_002_02_V002.h5 ...
Reading GEDI04_A_2021117114338_O13442_02_T07959_02_002_02_V002.h5 ...
Reading GEDI04_A_2021125083754_O13564_02_T02114_02_002_02_V002.h5 ...
Reading GEDI04_A_2021127131636_O13598_03_T00312_02_002_02_V002.h5 ...
Reading GEDI04_A_2021129070500_O13625_02_T09076_02_002_02_V002.h5 ...
Reading GEDI04_A_2021131114340_O13659_03_T01735_02_002_02_V002.h5 ...
Reading GEDI04_A_2021133053202_O13686_02_T07653_02_002_02_V002.h5 ...
Reading GEDI04_A_2021135101042_O13720_03_T06004_02_002_02_V002.h5 ...
Reading GEDI04_A_2021137035902_O13747_02_T10499_02_002_02_V002.h5 ...
Reading GEDI04_A_2021139083739_O13781_03_T07427_02_002_02_V002.h5 ...
Reading GEDI04_A_2021141022600_O13808_02_T06077_02_002_02_V002.h5 ...
Reading GEDI04_A_2021143070450_O13842_03_T05851_02_002_02_V002.h5 ...
Reading GEDI04_A_2021145005319_O13869_02_T08770_02_002_02_V002.h5 ...
Reading GEDI04_A_2021147053207_O13903_03_T10120_02_002_02_V002.h5 ...
Reading GEDI04_A_2021148232035_O13930_02_T02925_02_002_02_V002.h5 ...
Reading GEDI04_A_2021151035923_O13964_03_T07121_02_002_02_V002.h5 ...
Reading GEDI04_A_2021152214751_O13991_02_T05771_02_002_02_V002.h5 ...
Reading GEDI04_A_2021155022637_O14025_03_T09814_02_002_02_V002.h5 ...
Reading GEDI04_A_2021156201503_O14052_02_T10040_02_002_02_V002.h5 ...
Reading GEDI04_A_2021159005347_O14086_03_T08391_02_002_02_V002.h5 ...
Reading GEDI04_A_2021160184212_O14113_02_T07041_02_002_02_V002.h5 ...
Reading GEDI04_A_2021162232055_O14147_03_T03969_02_002_02_V002.h5 ...
Reading GEDI04_A_2021164170918_O14174_02_T04348_02_002_02_V002.h5 ...
Reading GEDI04_A_2021166214800_O14208_03_T08238_02_002_02_V002.h5 ...
Reading GEDI04_A_2021170201502_O14269_03_T03816_02_002_02_V002.h5 ...
Reading GEDI04_A_2021174184200_O14330_03_T00970_02_002_02_V002.h5 ...
Reading GEDI04_A_2021178170957_O14391_03_T10778_02_002_02_V002.h5 ...
Reading GEDI04_A_2021185084021_O14494_02_T09795_02_002_02_V002.h5 ...
Reading GEDI04_A_2021186140546_O14513_03_T03204_02_002_02_V002.h5 ...
Reading GEDI04_A_2021189070812_O14555_02_T09642_02_002_02_V002.h5 ...
Reading GEDI04_A_2021190123336_O14574_03_T05897_02_002_02_V002.h5 ...
Reading GEDI04_A_2021193053603_O14616_02_T06643_02_002_02_V002.h5 ...
Reading GEDI04_A_2021194110124_O14635_03_T07167_02_002_02_V002.h5 ...
Reading GEDI04_A_2021197040346_O14677_02_T08066_02_002_02_V002.h5 ...
Reading GEDI04_A_2021198092908_O14696_03_T09860_02_002_02_V002.h5 ...
Reading GEDI04_A_2021201023127_O14738_02_T07760_02_002_02_V002.h5 ...
Reading GEDI04_A_2021208232634_O14860_02_T06031_02_002_02_V002.h5 ...
Reading GEDI04_A_2021212215408_O14921_02_T08724_02_002_02_V002.h5 ...
Reading GEDI04_A_2021214031925_O14940_03_T06402_02_002_02_V002.h5 ...
Reading GEDI04_A_2021216202138_O14982_02_T08571_02_002_02_V002.h5 ...
Reading GEDI04_A_2021218014655_O15001_03_T03403_02_002_02_V002.h5 ...
Reading GEDI04_A_2021220184906_O15043_02_T09994_02_002_02_V002.h5 ...
Reading GEDI04_A_2021222001422_O15062_03_T08942_02_002_02_V002.h5 ...
Reading GEDI04_A_2021224171631_O15104_02_T06842_02_002_02_V002.h5 ...
Reading GEDI04_A_2021225224147_O15123_03_T05943_02_002_02_V002.h5 ...
Reading GEDI04_A_2021228154356_O15165_02_T11111_02_002_02_V002.h5 ...
Reading GEDI04_A_2021229210909_O15184_03_T07366_02_002_02_V002.h5 ...
Reading GEDI04_A_2021232141145_O15226_02_T08112_02_002_02_V002.h5 ...
Reading GEDI04_A_2021236123950_O15287_02_T09229_02_002_02_V002.h5 ...
Reading GEDI04_A_2021238171930_O15321_03_T10426_02_002_02_V002.h5 ...
Reading GEDI04_A_2021240110837_O15348_02_T08923_02_002_02_V002.h5 ...
Reading GEDI04_A_2021244093714_O15409_02_T08617_02_002_02_V002.h5 ...
Reading GEDI04_A_2021246141646_O15443_03_T11237_02_002_02_V002.h5 ...
Reading GEDI04_A_2021248080547_O15470_02_T09734_02_002_02_V002.h5 ...
Reading GEDI04_A_2021250124514_O15504_03_T08085_02_002_02_V002.h5 ...
Reading GEDI04_A_2021254111340_O15565_03_T09202_02_002_02_V002.h5 ...
Reading GEDI04_A_2021257041703_O15607_02_T04103_02_002_02_V002.h5 ...
Reading GEDI04_A_2021258094252_O15626_03_T10319_02_002_02_V002.h5 ...
Reading GEDI04_A_2021261024615_O15668_02_T11065_02_002_02_V002.h5 ...
Reading GEDI04_A_2021262081203_O15687_03_T07014_02_002_02_V002.h5 ...
Reading GEDI04_A_2021265011526_O15729_02_T09030_02_002_02_V002.h5 ...
Reading GEDI04_A_2021266064113_O15748_03_T09401_02_002_02_V002.h5 ...
Reading GEDI04_A_2021268234402_O15790_02_T05878_02_002_02_V002.h5 ...
Reading GEDI04_A_2021270050921_O15809_03_T07825_02_002_02_V002.h5 ...
Reading GEDI04_A_2021274033648_O15870_03_T09095_02_002_02_V002.h5 ...
Reading GEDI04_A_2021276203857_O15912_02_T07148_02_002_02_V002.h5 ...
Reading GEDI04_A_2021280190611_O15973_02_T01303_02_002_02_V002.h5 ...
Reading GEDI04_A_2021282003122_O15992_03_T07519_02_002_02_V002.h5 ...
Reading GEDI04_A_2021284173321_O16034_02_T08418_02_002_02_V002.h5 ...
Reading GEDI04_A_2021288160123_O16095_02_T09535_02_002_02_V002.h5 ...
Reading GEDI04_A_2021292142926_O16156_02_T10805_02_002_02_V002.h5 ...
Reading GEDI04_A_2021296125720_O16217_02_T10652_02_002_02_V002.h5 ...
Reading GEDI04_A_2021298173627_O16251_03_T08850_02_002_02_V002.h5 ...
Reading GEDI04_A_2021304095245_O16339_02_T05924_02_002_02_V002.h5 ...
Reading GEDI04_A_2021306143139_O16373_03_T05698_02_002_02_V002.h5 ...
Reading GEDI04_A_2021308082008_O16400_02_T10193_02_002_02_V002.h5 ...
Reading GEDI04_A_2021312064721_O16461_02_T07194_02_002_02_V002.h5 ...
Reading GEDI04_A_2021314112602_O16495_03_T06968_02_002_02_V002.h5 ...
Reading GEDI04_A_2021318095430_O16556_03_T09508_02_002_02_V002.h5 ...
Reading GEDI04_A_2021322082302_O16617_03_T07932_02_002_02_V002.h5 ...
Reading GEDI04_A_2021325012555_O16659_02_T07102_02_002_02_V002.h5 ...
Reading GEDI04_A_2021326065130_O16678_03_T00511_02_002_02_V002.h5 ...
Reading GEDI04_A_2021332222237_O16781_02_T08219_02_002_02_V002.h5 ...
Reading GEDI04_A_2021334034801_O16800_03_T08590_02_002_02_V002.h5 ...
Reading GEDI04_A_2021338021554_O16861_03_T11130_02_002_02_V002.h5 ...
Reading GEDI04_A_2021340191756_O16903_02_T10453_02_002_02_V002.h5 ...
Reading GEDI04_A_2021344174509_O16964_02_T08877_02_002_02_V002.h5 ...
Reading GEDI04_A_2021345231021_O16983_03_T06555_02_002_02_V002.h5 ...
Reading GEDI04_A_2021348161218_O17025_02_T07454_02_002_02_V002.h5 ...
Reading GEDI04_A_2021349213730_O17044_03_T10824_02_002_02_V002.h5 ...
Reading GEDI04_A_2021352143926_O17086_02_T10300_02_002_02_V002.h5 ...
Reading GEDI04_A_2021357183128_O17166_03_T07978_02_002_02_V002.h5 ...
Reading GEDI04_A_2021360113141_O17208_02_T06184_02_002_02_V002.h5 ...
Reading GEDI04_A_2021361165558_O17227_03_T08284_02_002_02_V002.h5 ...
Total good-quality shots across all files: 19162286
After DOY filter (91–240): 7893475 shots kept, 11268811 removed
Shots inside field polygon: 258302
Indexing HLS granules and bands...
Total HLS granules found: 840
Indexing Sentinel-1 scenes...
[S1] All 205 archives already unzipped.
Total Sentinel-1 scenes indexed: 205
Tasks to process: 131271 (skipped 127031 already done)
SKIP: no matching Sentinel-1 scene -124.20752309419625 41.881087424839016 2021-06-01 18:59:21
SKIP: no matching Sentinel-1 scene -124.20696431316108 41.8807915801376 2021-06-01 18:59:21
SKIP: no matching Sentinel-1 scene -124.20640351451625 41.88049318891437 2021-06-01 18:59:21
SKIP: no matching Sentinel-1 scene -124.20584302536665 41.88019520174601 2021-06-01 18:59:21
SKIP: no matching Sentinel-1 scene -124.2104851948063 41.87601236340531 2021-06-01 18:59:21
SKIP: no matching Sentinel-1 scene -124.20992429722233 41.875713661112684 2021-06-01 18:59:21
SKIP: no matching Sentinel-1 scene -124.20936462902053 41.875416589203745 2021-06-01 18:59:21
SKIP: no matching Sentinel-1 scene -124.20880446164838 41.875118863000495 2021-06-01 18:59:21
SKIP: no matching Sentinel-1 scene -124.20824486067833 41.87482189540803 2021-06-01 18:59:21
SKIP: no matching Sentinel-1 scene -124.20768501343393 41.874524611851704 2021-06-01 18:59:21
SKIP: no matching Sentinel-1 scene -124.20712477892685 41.8742268280509 2021-06-01 18:59:21
SKIP: no matching Sentinel-1 scene -124.20656499889661 41.87392966023637 2021-06-01 18:59:21
SKIP: no matching Sentinel-1 scene -124.20600533107088 41.87363265680294 2021-06-01 18:59:21
SKIP: no matching Sentinel-1 scene -124.24759941133063 41.77905583939694 2021-06-01 18:59:21
SKIP: no matching Sentinel-1 scene -124.24592680630683 41.77816118476472 2021-06-01 18:59:21
SKIP: no matching Sentinel-1 scene -124.24536930577965 41.777863060539055 2021-06-01 18:59:21
SKIP: no matching Sentinel-1 scene -124.24481175793277 41.77756494416981 2021-06-01 18:59:21
SKIP: no matching Sentinel-1 scene -124.24313914710874 41.77667074463389 2021-06-01 18:59:21
SKIP: no matching Sentinel-1 scene -124.24202393981048 41.77607460556686 2021-06-01 18:59:21
SKIP: no matching Sentinel-1 scene -124.23700615759284 41.77339172028188 2021-06-01 18:59:21
SKIP: no matching Sentinel-1 scene -124.23896626742214 41.79116920843674 2021-06-01 18:59:21
SKIP: no matching Sentinel-1 scene -124.23840677760606 41.79146741788499 2021-06-01 18:59:21
SKIP: no matching Sentinel-1 scene -124.22254783416759 41.79295125051491 2021-06-01 18:59:21
SKIP: no matching Sentinel-1 scene -124.2186296111188 41.795040917481145 2021-06-01 18:59:21
SKIP: no matching Sentinel-1 scene -124.21807036165511 41.79534088405187 2021-06-01 18:59:21
SKIP: no matching Sentinel-1 scene -124.21639270256308 41.7962363350753 2021-06-01 18:59:21
SKIP: no matching Sentinel-1 scene -124.2439945769206 41.77538253523067 2021-06-01 18:59:21
SKIP: no matching Sentinel-1 scene -124.24287991607731 41.775979786880704 2021-06-01 18:59:21
SKIP: no matching Sentinel-1 scene -124.23229075478798 41.781661729852985 2021-06-01 18:59:21
SKIP: no matching Sentinel-1 scene -124.23173344639314 41.781961248051616 2021-06-01 18:59:21
SKIP: no matching Sentinel-1 scene -124.22616131288156 41.78494899288073 2021-06-01 18:59:21
SKIP: no matching Sentinel-1 scene -124.22337548690093 41.78643987987491 2021-06-01 18:59:21
SKIP: no matching Sentinel-1 scene -124.22147967346447 41.78046750586941 2021-06-01 18:59:21
SKIP: no matching Sentinel-1 scene -124.22092241187526 41.78076645945732 2021-06-01 18:59:21
SKIP: no matching Sentinel-1 scene -124.22036526481034 41.78106481327632 2021-06-01 18:59:21
SKIP: no matching Sentinel-1 scene -124.2198079687912 41.78136389003788 2021-06-01 18:59:21
SKIP: no matching Sentinel-1 scene -124.21925071603467 41.781662727496624 2021-06-01 18:59:21
SKIP: no matching Sentinel-1 scene -124.21813632310844 41.78225972268248 2021-06-01 18:59:21
SKIP: no matching Sentinel-1 scene -124.2164647462589 41.78315483045339 2021-06-01 18:59:21
SKIP: no matching Sentinel-1 scene -124.21590766779156 41.78345250748032 2021-06-01 18:59:21
SKIP: no matching Sentinel-1 scene -124.21535031945919 41.78375142906921 2021-06-01 18:59:21
SKIP: no matching Sentinel-1 scene -124.21479313374779 41.78404939777187 2021-06-01 18:59:21
SKIP: no matching Sentinel-1 scene -124.21996835794083 41.77319415471053 2021-06-01 18:59:21
SKIP: no matching Sentinel-1 scene -124.21884932608171 41.77379012212645 2021-06-01 18:59:21
SKIP: no matching Sentinel-1 scene -124.21772996876075 41.77438604670047 2021-06-01 18:59:21
SKIP: no matching Sentinel-1 scene -124.21717018066789 41.77468471807682 2021-06-01 18:59:21
SKIP: no matching Sentinel-1 scene -124.21661037353466 41.77498167898937 2021-06-01 18:59:21
SKIP: no matching Sentinel-1 scene -124.21605048213816 41.77528108073824 2021-06-01 18:59:21
SKIP: no matching Sentinel-1 scene -124.21549058527741 41.77557912576919 2021-06-01 18:59:21
SKIP: no matching Sentinel-1 scene -124.21493066075298 41.775877605958506 2021-06-01 18:59:21
SKIP: no matching Sentinel-1 scene -124.21437074778667 41.77617503384858 2021-06-01 18:59:21
SKIP: no matching Sentinel-1 scene -124.21381081051032 41.77647378790041 2021-06-01 18:59:21
SKIP: no matching Sentinel-1 scene -124.2238453322042 41.764177302971675 2021-06-01 18:59:21
SKIP: no matching Sentinel-1 scene -124.22328809421029 41.76447538207447 2021-06-01 18:59:21
SKIP: no matching Sentinel-1 scene -124.22273072530987 41.76477404618728 2021-06-01 18:59:21
SKIP: no matching Sentinel-1 scene -124.2221735099497 41.76507066906187 2021-06-01 18:59:21
SKIP: no matching Sentinel-1 scene -124.22161594401946 41.76536980169515 2021-06-01 18:59:21
SKIP: no matching Sentinel-1 scene -124.22105840323785 41.76566794593284 2021-06-01 18:59:21
SKIP: no matching Sentinel-1 scene -124.22050086281594 41.76596529181013 2021-06-01 18:59:21
SKIP: no matching Sentinel-1 scene -124.2199430993468 41.76626383165448 2021-06-01 18:59:21
SKIP: no matching Sentinel-1 scene -124.21938529909963 41.766561800571274 2021-06-01 18:59:21
SKIP: no matching Sentinel-1 scene -124.21882745809889 41.766859188150534 2021-06-01 18:59:21
SKIP: no matching Sentinel-1 scene -124.21185245350928 41.839119312609945 2021-06-01 18:59:21
SKIP: no matching Sentinel-1 scene -124.21129354106878 41.83941758210797 2021-06-01 18:59:21
SKIP: no matching Sentinel-1 scene -124.21017548629165 41.840014308373995 2021-06-01 18:59:21
SKIP: no matching Sentinel-1 scene -124.20961638226707 41.84031268315951 2021-06-01 18:59:21
SKIP: no matching Sentinel-1 scene -124.20905722280388 41.840611104321816 2021-06-01 18:59:21
SKIP: no matching Sentinel-1 scene -124.20849804319812 41.840909478402196 2021-06-01 18:59:21
SKIP: no matching Sentinel-1 scene -124.20793879116516 41.84120798935212 2021-06-01 18:59:21
SKIP: no matching Sentinel-1 scene -124.20626095555166 41.84210340817465 2021-06-01 18:59:21
SKIP: no matching Sentinel-1 scene -124.20570169476514 41.84240176326952 2021-06-01 18:59:21
SKIP: no matching Sentinel-1 scene -124.20514240287109 41.842700216891956 2021-06-01 18:59:21
SKIP: no matching Sentinel-1 scene -124.22488289938195 41.8105017888138 2021-06-01 18:59:21
SKIP: no matching Sentinel-1 scene -124.22432628295206 41.810798520318805 2021-06-01 18:59:21
SKIP: no matching Sentinel-1 scene -124.22376895178482 41.81109696430435 2021-06-01 18:59:21
SKIP: no matching Sentinel-1 scene -124.22321188085584 41.81139461093417 2021-06-01 18:59:21
SKIP: no matching Sentinel-1 scene -124.22265478942586 41.81169214471788 2021-06-01 18:59:21
SKIP: no matching Sentinel-1 scene -124.22209749864692 41.81198998716072 2021-06-01 18:59:21
SKIP: no matching Sentinel-1 scene -124.2215401667647 41.812287704615834 2021-06-01 18:59:21
SKIP: no matching Sentinel-1 scene -124.22098270455133 41.812585497275464 2021-06-01 18:59:21
SKIP: no matching Sentinel-1 scene -124.22042522537777 41.81288303952916 2021-06-01 18:59:21
SKIP: no matching Sentinel-1 scene -124.21986754758433 41.813180784075975 2021-06-01 18:59:21
SKIP: no matching Sentinel-1 scene -124.20799740393566 41.89255261416336 2021-06-01 18:59:21
SKIP: no matching Sentinel-1 scene -124.20743631367912 41.892850212676564 2021-06-01 18:59:21
SKIP: no matching Sentinel-1 scene -124.20687626207076 41.89314784844313 2021-06-01 18:59:21
SKIP: no matching Sentinel-1 scene -124.20631640334716 41.89344549052791 2021-06-01 18:59:21
SKIP: no matching Sentinel-1 scene -124.20839607786772 41.88547332565501 2021-06-01 18:59:21
SKIP: no matching Sentinel-1 scene -124.20783632790439 41.8857709857836 SKIP: no matching Sentinel-1 scene -124.20776291510263 41.890627048358326 2021-06-01 18:59:21
SKIP: no matching Sentinel-1 scene -124.20720245931395 41.890329112790575 2021-06-01 18:59:21
SKIP: no matching Sentinel-1 scene -124.20664321740357 41.89003244179423 2021-06-01 18:59:21
SKIP: no matching Sentinel-1 scene -124.20608146442243 41.889733061397436 2021-06-01 18:59:21
SKIP: no matching Sentinel-1 scene -124.2358914440134 41.77279531153101 2021-06-01 18:59:21
SKIP: no matching Sentinel-1 scene -124.23477615781283 41.77219839209021 2021-06-01 18:59:21
SKIP: no matching Sentinel-1 scene -124.22864351588414 41.76891076468667 2021-06-01 18:59:21
SKIP: no matching Sentinel-1 scene -124.22585585720223 41.76741369197064 2021-06-01 18:59:21
SKIP: no matching Sentinel-1 scene -124.22418316501636 41.766514800666464 2021-06-01 18:59:21
SKIP: no matching Sentinel-1 scene -124.22362544106171 41.76621500762901 2021-06-01 18:59:21
SKIP: no matching Sentinel-1 scene -124.22306831426398 41.76591546914934 2021-06-01 18:59:21
SKIP: no matching Sentinel-1 scene -124.23728770009359 41.79206501150281 2021-06-01 18:59:21
SKIP: no matching Sentinel-1 scene -124.23616815038967 41.792661691007844 2021-06-01 18:59:21
SKIP: no matching Sentinel-1 scene -124.23448836634475 41.79355646800874 2021-06-01 18:59:21
SKIP: no matching Sentinel-1 scene -124.2339284250821 41.79385506910561 2021-06-01 18:59:21
SKIP: no matching Sentinel-1 scene -124.23336840376754 41.7941532906513 2021-06-01 18:59:21
SKIP: no matching Sentinel-1 scene -124.23280841222028 41.79445172971806 2021-06-01 18:59:21
SKIP: no matching Sentinel-1 scene -124.23168799421136 41.79504675170745 2021-06-01 18:59:21
SKIP: no matching Sentinel-1 scene -124.22609045457202 41.7980350461573 2021-06-01 18:59:21
SKIP: no matching Sentinel-1 scene -124.22385368218855 41.79922979911164 2021-06-01 18:59:21
SKIP: no matching Sentinel-1 scene -124.21994221672563 41.80132203157961 2021-06-01 18:59:21
SKIP: no matching Sentinel-1 scene -124.22114631446509 41.78763400419803 2021-06-01 18:59:21
SKIP: no matching Sentinel-1 scene -124.219474264649 41.788527341651516 2021-06-01 18:59:21
SKIP: no matching Sentinel-1 scene -124.21835893489748 41.78912560794868 2021-06-01 18:59:21
SKIP: no matching Sentinel-1 scene -124.2161278598172 41.79031777426591 2021-06-01 18:59:21
SKIP: no matching Sentinel-1 scene -124.21445344573083 41.79121266717936 2021-06-01 18:59:21
SKIP: no matching Sentinel-1 scene -124.2138950990031 41.79151083384984 2021-06-01 18:59:21
SKIP: no matching Sentinel-1 scene -124.2133366656832 41.79180868913043 2021-06-01 18:59:21
SKIP: no matching Sentinel-1 scene -124.2116604436929 41.79270329873363 2021-06-01 18:59:21
SKIP: no matching Sentinel-1 scene -124.21110150784084 41.793000760746274 2021-06-01 18:59:21
SKIP: no matching Sentinel-1 scene -124.20886406977773 41.79419304344518 2021-06-01 18:59:21
SKIP: no matching Sentinel-1 scene -124.23113242954128 41.76723378422235 2021-06-01 18:59:21
SKIP: no matching Sentinel-1 scene -124.2305751654609 41.76753202584172 2021-06-01 18:59:21
SKIP: no matching Sentinel-1 scene -124.23001783962933 41.767829975826324 2021-06-01 18:59:21
SKIP: no matching Sentinel-1 scene -124.22946044565079 41.7681278070283 2021-06-01 18:59:21
SKIP: no matching Sentinel-1 scene -124.2289029766836 41.76842551924794 2021-06-01 18:59:21
SKIP: no matching Sentinel-1 scene -124.22834542157203 41.768723320499234 2021-06-01 18:59:21
SKIP: no matching Sentinel-1 scene -124.22778777178046 41.76902148056729 2021-06-01 18:59:21
SKIP: no matching Sentinel-1 scene -124.22723003166742 41.76931943830614 2021-06-01 18:59:21
SKIP: no matching Sentinel-1 scene -124.22667218753556 41.76961753602547 2021-06-01 18:59:21
SKIP: no matching Sentinel-1 scene -124.22611424031496 41.76991547607248 2021-06-01 18:59:21
SKIP: no matching Sentinel-1 scene -124.21325082027225 41.77677237741513 2021-06-01 18:59:21
SKIP: no matching Sentinel-1 scene -124.21269078088824 41.7770712662857 2021-06-01 18:59:21
SKIP: no matching Sentinel-1 scene -124.21213078178913 41.77736965705105 2021-06-01 18:59:21
SKIP: no matching Sentinel-1 scene -124.2115708240495 41.7776681121133 2021-06-01 18:59:21
SKIP: no matching Sentinel-1 scene -124.21101091776092 41.77796663613015 2021-06-01 18:59:21
SKIP: no matching Sentinel-1 scene -124.21045107350388 41.77826525710069 2021-06-01 18:59:21
SKIP: no matching Sentinel-1 scene -124.20989132640946 41.77856257718318 2021-06-01 18:59:21
SKIP: no matching Sentinel-1 scene -124.20933164070921 41.77886107893591 2021-06-01 18:59:21
SKIP: no matching Sentinel-1 scene -124.20877204889354 41.77915962242539 2021-06-01 18:59:21
SKIP: no matching Sentinel-1 scene -124.2082125298272 41.77945960238418 2021-06-01 18:59:21
SKIP: no matching Sentinel-1 scene -124.21044389391135 41.7713296981177 2021-06-01 18:59:21
SKIP: no matching Sentinel-1 scene -124.20876447218453 41.772224042779285 2021-06-01 18:59:21
SKIP: no matching Sentinel-1 scene -124.20708474418728 41.77311845067064 2021-06-01 18:59:21
SKIP: no matching Sentinel-1 scene -124.20540481515269 41.77401333537632 2021-06-01 18:59:21
SKIP: no matching Sentinel-1 scene -124.2174731049156 41.75968594567151 2021-06-01 18:59:21
SKIP: no matching Sentinel-1 scene -124.21691431511958 41.75998541687406 2021-06-01 18:59:21
SKIP: no matching Sentinel-1 scene -124.2163553657676 41.76028330546683 2021-06-01 18:59:21
SKIP: no matching Sentinel-1 scene -124.20519116754359 41.76625771492792 2021-06-01 18:59:21
SKIP: no matching Sentinel-1 scene -124.20463331972543 41.76655597358658 2021-06-01 18:59:21
SKIP: no matching Sentinel-1 scene -124.21003339445198 41.75678873232192 2021-06-01 18:59:21
SKIP: no matching Sentinel-1 scene -124.22116278813489 41.81936530361444 2021-06-01 18:59:21
SKIP: no matching Sentinel-1 scene -124.22060381792024 41.81966376975179 2021-06-01 18:59:21
SKIP: no matching Sentinel-1 scene -124.22004481418709 41.81996223241956 2021-06-01 18:59:21
SKIP: no matching Sentinel-1 scene -124.21948578134578 41.82026070550457 2021-06-01 18:59:21
SKIP: no matching Sentinel-1 scene -124.21892671205404 41.82055924938508 2021-06-01 18:59:21
SKIP: no matching Sentinel-1 scene -124.21836764525332 41.82085772910598 2021-06-01 18:59:21
SKIP: no matching Sentinel-1 scene -124.2178085639173 41.821156245141516 2021-06-01 18:59:21
SKIP: no matching Sentinel-1 scene -124.21669037847226 41.82175341534864 2021-06-01 18:59:21
SKIP: no matching Sentinel-1 scene -124.21613130498275 41.82205200089888 2021-06-01 18:59:21
SKIP: no matching Sentinel-1 scene -124.21557225504593 41.822350578900505 2021-06-01 18:59:21
SKIP: no matching Sentinel-1 scene -124.2193096485181 41.81347880412942 2021-06-01 18:59:21
SKIP: no matching Sentinel-1 scene -124.2187516012238 41.813776928889006 2021-06-01 18:59:21
SKIP: no matching Sentinel-1 scene -124.218193451396 41.814075062483205 2021-06-01 18:59:21
SKIP: no matching Sentinel-1 scene -124.21763515125676 41.81437333661164 2021-06-01 18:59:21
SKIP: no matching Sentinel-1 scene -124.2170767702611 41.81467146211726 2021-06-01 18:59:21
SKIP: no matching Sentinel-1 scene -124.21651849277413 41.81496898482446 2021-06-01 18:59:21
SKIP: no matching Sentinel-1 scene -124.21595978103699 41.8152674255966 2021-06-01 18:59:21
SKIP: no matching Sentinel-1 scene -124.21540093163154 41.815566046446406 2021-06-01 18:59:21
SKIP: no matching Sentinel-1 scene -124.21484211571438 41.81586443110095 2021-06-01 18:59:21
SKIP: no matching Sentinel-1 scene -124.214283256652 41.816162788698605 2021-06-01 18:59:21
SKIP: no matching Sentinel-1 scene -124.20671634854362 41.88636629222783 2021-06-01 18:59:21
SKIP: no matching Sentinel-1 scene -124.20615578737878 41.886663941563754 2021-06-01 18:59:21
SKIP: no matching Sentinel-1 scene -124.22401767470299 41.771794418498736 2021-06-01 18:59:21
SKIP: no matching Sentinel-1 scene -124.22290194027194 41.77119776109738 2021-06-01 18:59:21
SKIP: no matching Sentinel-1 scene -124.22234354423694 41.77089909852548 2021-06-01 18:59:21
SKIP: no matching Sentinel-1 scene -124.2217882934994 41.77060215274811 2021-06-01 18:59:21
SKIP: no matching Sentinel-1 scene -124.22122927042585 41.77030309294602 2021-06-01 18:59:21
SKIP: no matching Sentinel-1 scene -124.22953619974551 41.81489446739019 2021-06-01 18:59:21
SKIP: no matching Sentinel-1 scene -124.2289788829549 41.815191986408564 2021-06-01 18:59:21
SKIP: no matching Sentinel-1 scene -124.22842140777533 41.81548969174288 2021-06-01 18:59:21
SKIP: no matching Sentinel-1 scene -124.2245154423494 41.817574786081046 2021-06-01 18:59:21
SKIP: no matching Sentinel-1 scene -124.22395678779284 41.817873401066464 2021-06-01 18:59:21
SKIP: no matching Sentinel-1 scene -124.2233982018138 41.818171386231114 2021-06-01 18:59:21
SKIP: no matching Sentinel-1 scene -124.22283937834706 41.81847011244731 2021-06-01 18:59:21
SKIP: no matching Sentinel-1 scene -124.22228056763628 41.81876850891507 2021-06-01 18:59:21
SKIP: no matching Sentinel-1 scene -124.22172181259494 41.81906642536388 2021-06-01 18:59:21
SKIP: no matching Sentinel-1 scene -124.24140994252336 41.79067022104882 2021-06-01 18:59:21
SKIP: no matching Sentinel-1 scene -124.24029268843987 41.79007295174701 2021-06-01 18:59:21
SKIP: no matching Sentinel-1 scene -124.23917521778903 41.78947507794885 2021-06-01 18:59:21
SKIP: no matching Sentinel-1 scene -124.23750208837255 41.78857962475921 2021-06-01 18:59:21
SKIP: no matching Sentinel-1 scene -124.23415613479146 41.786787806600834 2021-06-01 18:59:21
SKIP: no matching Sentinel-1 scene -124.2324834506637 41.78589220444165 2021-06-01 18:59:21
SKIP: no matching Sentinel-1 scene -124.2302538075435 41.78469933558612 2021-06-01 18:59:21
SKIP: no matching Sentinel-1 scene -124.21509515459509 41.76702077835487 2021-06-01 18:59:21
SKIP: no matching Sentinel-1 scene -124.21453534243471 41.766721177012556 2021-06-01 18:59:21
SKIP: no matching Sentinel-1 scene -124.22067114158413 41.77000450545825 2021-06-01 18:59:21
SKIP: no matching Sentinel-1 scene -124.2201136324128 41.769706239557536 2021-06-01 18:59:21
SKIP: no matching Sentinel-1 scene -124.21955530856702 41.76940750180655 2021-06-01 18:59:21
SKIP: no matching Sentinel-1 scene -124.21899832480695 41.76910948745055 2021-06-01 18:59:21
SKIP: no matching Sentinel-1 scene -124.21565425344625 41.767319995789634 2021-06-01 18:59:21
SKIP: no matching Sentinel-1 scene -124.2535173138999 41.7807319271843 2021-06-01 18:59:21
SKIP: no matching Sentinel-1 scene -124.25239557655907 41.78013481128015 2021-06-01 18:59:21
SKIP: no matching Sentinel-1 scene -124.25183675931814 41.7798373345652 2021-06-01 18:59:21
SKIP: no matching Sentinel-1 scene -124.25127783303398 41.77953983064738 2021-06-01 18:59:21
SKIP: no matching Sentinel-1 scene -124.25071902053972 41.779242406517376 2021-06-01 18:59:21
SKIP: no matching Sentinel-1 scene -124.24848806616518 41.778054995980554 2021-06-01 18:59:21
SKIP: no matching Sentinel-1 scene -124.24625585772486 41.7768669278956 2021-06-01 18:59:21
SKIP: no matching Sentinel-1 scene -124.24513884104397 41.776272347931354 2021-06-01 18:59:21
SKIP: no matching Sentinel-1 scene -124.24458146733879 41.77597559983178 2021-06-01 18:59:21
SKIP: no matching Sentinel-1 scene -124.2434656364587 41.77538148748911 2021-06-01 18:59:21
SKIP: no matching Sentinel-1 scene -124.20678468874515 41.89684634435645 2021-06-01 18:59:21
SKIP: no matching Sentinel-1 scene -124.20622311562545 41.89654732220197 2021-06-01 18:59:21
SKIP: no matching Sentinel-1 scene -124.20920335670861 41.88197997153549 2021-06-01 18:59:21
SKIP: no matching Sentinel-1 scene -124.20864264098658 41.881681653456056 2021-06-01 18:59:21
SKIP: no matching Sentinel-1 scene -124.20808285018288 41.88138451314535 2021-06-01 18:59:21
SKIP: no matching Sentinel-1 scene -124.20933409866285 41.806995346402395 2021-06-01 18:59:21
SKIP: no matching Sentinel-1 scene -124.20877582197826 41.807293940703275 2021-06-01 18:59:21
SKIP: no matching Sentinel-1 scene -124.20710068417381 41.808188702077786 2021-06-01 18:59:21
SKIP: no matching Sentinel-1 scene -124.20654225189593 41.808486967966076 2021-06-01 18:59:21
SKIP: no matching Sentinel-1 scene -124.23374249983156 41.78698490862366 2021-06-01 18:59:21
SKIP: no matching Sentinel-1 scene -124.23318366550298 41.78728399983311 2021-06-01 18:59:21
SKIP: no matching Sentinel-1 scene -124.23262448577722 41.78758100413329 2021-06-01 18:59:21
SKIP: no matching Sentinel-1 scene -124.22926773084671 41.78937176220953 2021-06-01 18:59:21
SKIP: no matching Sentinel-1 scene -124.22478809565008 41.79175705248724 2021-06-01 18:59:21
SKIP: no matching Sentinel-1 scene -124.22366793274601 41.79235409767005 2021-06-01 18:59:21
SKIP: no matching Sentinel-1 scene -124.2393130048576 41.77090522336681 2021-06-01 18:59:21
SKIP: no matching Sentinel-1 scene -124.23541213821942 41.77299443682913 2021-06-01 18:59:21
SKIP: no matching Sentinel-1 scene -124.2342975816097 41.773591371628264 2021-06-01 18:59:21
SKIP: no matching Sentinel-1 scene -124.23318272881741 41.77418985023309 2021-06-01 18:59:21
SKIP: no matching Sentinel-1 scene -124.23206791095717 41.77478825450939 2021-06-01 18:59:21
SKIP: no matching Sentinel-1 scene -124.22705204249132 41.77747915005059 2021-06-01 18:59:21
SKIP: no matching Sentinel-1 scene -124.22649471233521 41.77777839369998 2021-06-01 18:59:21
SKIP: no matching Sentinel-1 scene -124.22482314928126 41.77867411622125 2021-06-01 18:59:21
SKIP: no matching Sentinel-1 scene -124.22315118593262 41.779571950887984 2021-06-01 18:59:21
SKIP: no matching Sentinel-1 scene -124.22203674141423 41.78016951329267 2021-06-01 18:59:21
SKIP: no matching Sentinel-1 scene -124.22555617635825 41.77021369920004 2021-06-01 18:59:21
SKIP: no matching Sentinel-1 scene -124.2249979963774 41.77051169605393 2021-06-01 18:59:21
SKIP: no matching Sentinel-1 scene -124.22443970002611 41.77080937266773 2021-06-01 18:59:21
SKIP: no matching Sentinel-1 scene -124.22388126159198 41.77110766483055 2021-06-01 18:59:21
SKIP: no matching Sentinel-1 scene -124.22332269924543 41.771405293585524 2021-06-01 18:59:21
SKIP: no matching Sentinel-1 scene -124.22276399089574 41.77170321466075 2021-06-01 18:59:21
SKIP: no matching Sentinel-1 scene -124.22220513441789 41.77200117584695 2021-06-01 18:59:21
SKIP: no matching Sentinel-1 scene -124.22164612164202 41.77229986358804 2021-06-01 18:59:21
SKIP: no matching Sentinel-1 scene -124.22108699261092 41.7725976637232 2021-06-01 18:59:21
SKIP: no matching Sentinel-1 scene -124.22052772875577 41.772896042623486 2021-06-01 18:59:21
SKIP: no matching Sentinel-1 scene -124.20765312980042 41.77975819572162 2021-06-01 18:59:21
SKIP: no matching Sentinel-1 scene -124.20709382173675 41.780056755966974 2021-06-01 18:59:21
SKIP: no matching Sentinel-1 scene -124.20653459627002 41.78035553383659 2021-06-01 18:59:21
SKIP: no matching Sentinel-1 scene -124.20597545060902 41.780654530911264 2021-06-01 18:59:21
SKIP: no matching Sentinel-1 scene -124.20541639091702 41.78095321268924 2021-06-01 18:59:21
SKIP: no matching Sentinel-1 scene -124.20485741002302 41.78125169313419 2021-06-01 18:59:21
SKIP: no matching Sentinel-1 scene -124.22495961601412 41.76358133086556 2021-06-01 18:59:21
SKIP: no matching Sentinel-1 scene -124.2244025831923 41.76387857607955 2021-06-01 18:59:21
SKIP: no matching Sentinel-1 scene -124.20574702749781 41.863512318468075 2021-06-01 18:59:21
SKIP: no matching Sentinel-1 scene -124.20822991139273 41.8560711727023 2021-06-01 18:59:21
SKIP: no matching Sentinel-1 scene -124.20711478909152 41.85666628201224 2021-06-01 18:59:21
SKIP: no matching Sentinel-1 scene -124.21583503931254 41.845033502652264 2021-06-01 18:59:21
SKIP: no matching Sentinel-1 scene -124.20663217122726 41.82712788945359 2021-06-01 18:59:21
SKIP: no matching Sentinel-1 scene -124.20607368590981 41.82742642733805 2021-06-01 18:59:21
SKIP: no matching Sentinel-1 scene -124.20551521479591 41.82772494322993 2021-06-01 18:59:21
SKIP: no matching Sentinel-1 scene -124.20495675919653 41.82802343533421 2021-06-01 18:59:21
SKIP: no matching Sentinel-1 scene -124.23491665012395 41.80514089286076 2021-06-01 18:59:21
SKIP: no matching Sentinel-1 scene -124.23435767315291 41.80544022859764 2021-06-01 18:59:21
SKIP: no matching Sentinel-1 scene -124.23379958340311 41.805737732268895 2021-06-01 18:59:21
SKIP: no matching Sentinel-1 scene -124.23324155223881 41.806035507356675 2021-06-01 18:59:21
SKIP: no matching Sentinel-1 scene -124.23268323556798 41.806334400875684 2021-06-01 18:59:21
SKIP: no matching Sentinel-1 scene -124.20701560635388 41.820043200902376 2021-06-01 18:59:21
SKIP: no matching Sentinel-1 scene -124.20645660403501 41.820341818716834 2021-06-01 18:59:21
SKIP: no matching Sentinel-1 scene -124.20589766646606 41.82064036521907 2021-06-01 18:59:21
SKIP: no matching Sentinel-1 scene -124.20533866097487 41.82093917740665 2021-06-01 18:59:21
SKIP: no matching Sentinel-1 scene -124.20477974058329 41.82123785571204 2021-06-01 18:59:21
SKIP: no matching Sentinel-1 scene -124.22892581176549 41.80258761144842 2021-06-01 18:59:21
SKIP: no matching Sentinel-1 scene -124.20994840904605 41.79246520934467 2021-06-01 18:59:21
SKIP: no matching Sentinel-1 scene -124.2138952606712 41.823246494761754 2021-06-01 18:59:21
SKIP: no matching Sentinel-1 scene -124.21333632658148 41.82354516820953 2021-06-01 18:59:21
SKIP: no matching Sentinel-1 scene -124.21277743410606 41.823843807434415 2021-06-01 18:59:21
SKIP: no matching Sentinel-1 scene -124.211659790454 41.82444087960468 2021-06-01 18:59:21
SKIP: no matching Sentinel-1 scene -124.21110093702212 41.824739744262814 2021-06-01 18:59:21
SKIP: no matching Sentinel-1 scene -124.2099834725628 41.8253367584215 2021-06-01 18:59:21
SKIP: no matching Sentinel-1 scene -124.20942482595251 41.825635159736 2021-06-01 18:59:21
SKIP: no matching Sentinel-1 scene -124.20830770272399 41.82623229697164 2021-06-01 18:59:21
SKIP: no matching Sentinel-1 scene -124.20774916901331 41.82653086202283 2021-06-01 18:59:21
SKIP: no matching Sentinel-1 scene -124.20719068031507 41.82682930043324 2021-06-01 18:59:21
SKIP: no matching Sentinel-1 scene -124.2314881969477 41.797144753275184 2021-06-01 18:59:21
SKIP: no matching Sentinel-1 scene -124.21641905418858 41.78911354118476 2021-06-01 18:59:21
SKIP: no matching Sentinel-1 scene -124.2147448930875 41.78821953162683 2021-06-01 18:59:21
SKIP: no matching Sentinel-1 scene -124.24243381332356 41.78162050642838 2021-06-01 18:59:21
SKIP: no matching Sentinel-1 scene -124.24187555370892 41.78132324492303 2021-06-01 18:59:21
SKIP: no matching Sentinel-1 scene -124.24075916540103 41.78072871306851 2021-06-01 18:59:21
SKIP: no matching Sentinel-1 scene -124.23964352942292 41.780134479844946 2021-06-01 18:59:21
SKIP: no matching Sentinel-1 scene -124.22792461600818 41.77388276163443 2021-06-01 18:59:21
SKIP: no matching Sentinel-1 scene -124.22736653210517 41.77358455978876 2021-06-01 18:59:21
SKIP: no matching Sentinel-1 scene -124.22680845164496 41.77328632274163 2021-06-01 18:59:21
SKIP: no matching Sentinel-1 scene -124.2262505336756 41.77298813993325 2021-06-01 18:59:21
SKIP: no matching Sentinel-1 scene -124.22569383002438 41.772690595168065 2021-06-01 18:59:21
SKIP: no matching Sentinel-1 scene -124.22513465475966 41.77239164814932 2021-06-01 18:59:21
SKIP: no matching Sentinel-1 scene -124.21415621667649 41.84592830697698 2021-06-01 18:59:21
SKIP: no matching Sentinel-1 scene -124.20633747251601 41.850100123818876 2021-06-01 18:59:21
SKIP: no matching Sentinel-1 scene -124.20577991349182 41.850397745989056 2021-06-01 18:59:21
SKIP: no matching Sentinel-1 scene -124.22356596375475 41.832864130859186 2021-06-01 18:59:21
SKIP: no matching Sentinel-1 scene -124.22133735482501 41.83405474826999 2021-06-01 18:59:21
SKIP: no matching Sentinel-1 scene -124.21966523811761 41.834949071922786 2021-06-01 18:59:21
SKIP: no matching Sentinel-1 scene -124.2191079077124 41.83524670911343 2021-06-01 18:59:21
SKIP: no matching Sentinel-1 scene -124.21632004124088 41.83673447266383 2021-06-01 18:59:21
SKIP: no matching Sentinel-1 scene -124.2124113063014 41.838821031838656 2021-06-01 18:59:21
SKIP: no matching Sentinel-1 scene -124.2137243733831 41.81646108907294 2021-06-01 18:59:21
SKIP: no matching Sentinel-1 scene -124.21316538868258 41.816759546901615 2021-06-01 18:59:21
SKIP: no matching Sentinel-1 scene -124.21260637343258 41.817057997289226 2021-06-01 18:59:21
SKIP: no matching Sentinel-1 scene -124.21204733965494 41.81735642800973 2021-06-01 18:59:21
SKIP: no matching Sentinel-1 scene -124.2114882599842 41.81765492575518 2021-06-01 18:59:21
SKIP: no matching Sentinel-1 scene -124.2109291781385 41.81795339701617 2021-06-01 18:59:21
SKIP: no matching Sentinel-1 scene -124.21037007489896 41.818251905609145 2021-06-01 18:59:21
SKIP: no matching Sentinel-1 scene -124.20981096224487 41.81855043924931 2021-06-01 18:59:21
SKIP: no matching Sentinel-1 scene -124.20925186652688 41.81884894805306 2021-06-01 18:59:21
SKIP: no matching Sentinel-1 scene -124.20869291873115 41.81914711725846 2021-06-01 18:59:21
SKIP: no matching Sentinel-1 scene -124.2102798499547 41.78583314352891 2021-06-01 18:59:21
2021-06-01 18:59:21
SKIP: no matching Sentinel-1 scene -124.20727678888926 41.88606863795285 2021-06-01 18:59:21
SKIP: no matching Sentinel-1 scene -124.23829658698747 41.79581013958418 2021-06-01 18:59:21
SKIP: no matching Sentinel-1 scene -124.23383443951194 41.793421177136 2021-06-01 18:59:21
SKIP: no matching Sentinel-1 scene -124.23160291698622 41.79222626451388 2021-06-01 18:59:21
SKIP: no matching Sentinel-1 scene -124.22770057836027 41.79014015094525 2021-06-01 18:59:21
SKIP: no matching Sentinel-1 scene -124.2265837178846 41.78954370721822 2021-06-01 18:59:21
SKIP: no matching Sentinel-1 scene -124.22546895122431 41.78894914252147 2021-06-01 18:59:21
SKIP: no matching Sentinel-1 scene -124.22491074674846 41.78865139219375 2021-06-01 18:59:21
SKIP: no matching Sentinel-1 scene -124.2237943739497 41.7880561351278 2021-06-01 18:59:21
SKIP: no matching Sentinel-1 scene -124.21653812221776 41.78419098507339 2021-06-01 18:59:21
SKIP: no matching Sentinel-1 scene -124.22858095261402 41.78380533541848 2021-06-01 18:59:21
SKIP: no matching Sentinel-1 scene -124.22746364375482 41.78320851585859 2021-06-01 18:59:21
SKIP: no matching Sentinel-1 scene -124.22188251578093 41.78023260568594 2021-06-01 18:59:21
SKIP: no matching Sentinel-1 scene -124.22132526764466 41.779935866049925 2021-06-01 18:59:21
SKIP: no matching Sentinel-1 scene -124.21965030090634 41.77904369158413 2021-06-01 18:59:21
SKIP: no matching Sentinel-1 scene -124.2168549046386 41.777554405957396 2021-06-01 18:59:21
SKIP: no matching Sentinel-1 scene -124.21574301753328 41.77696270377323 2021-06-01 18:59:21
SKIP: no matching Sentinel-1 scene -124.21518545440644 41.77666575829827 2021-06-01 18:59:21
SKIP: no matching Sentinel-1 scene -124.2140681986264 41.776070397997934 2021-06-01 18:59:21
SKIP: no matching Sentinel-1 scene -124.21351135966854 41.775773854023726 2021-06-01 18:59:21
SKIP: no matching Sentinel-1 scene -124.244108727582 41.78251222149545 2021-06-01 18:59:21
SKIP: no matching Sentinel-1 scene -124.24299190826369 41.781917651553165 2021-06-01 18:59:21
SKIP: no matching Sentinel-1 scene -124.21770814490488 41.80251733462087 2021-06-01 18:59:21
SKIP: no matching Sentinel-1 scene -124.21714929406431 41.802813615066995 2021-06-01 18:59:21
SKIP: no matching Sentinel-1 scene -124.21659099139274 41.803112858122994 2021-06-01 18:59:21
SKIP: no matching Sentinel-1 scene -124.21603277751974 41.80341180945817 2021-06-01 18:59:21
SKIP: no matching Sentinel-1 scene -124.21547467876796 41.8037113323661 2021-06-01 18:59:21
SKIP: no matching Sentinel-1 scene -124.2149165316461 41.80401047900711 2021-06-01 18:59:21
SKIP: no matching Sentinel-1 scene -124.21380009919197 41.80460773744918 2021-06-01 18:59:21
SKIP: no matching Sentinel-1 scene -124.21268358800535 41.80520440481378 2021-06-01 18:59:21
SKIP: no matching Sentinel-1 scene -124.21212547292373 41.80550358153656 2021-06-01 18:59:21
SKIP: no matching Sentinel-1 scene -124.21100876090905 41.80609911589075 2021-06-01 18:59:21
SKIP: no matching Sentinel-1 scene -124.21312097997998 41.78494521436729 2021-06-01 18:59:21
SKIP: no matching Sentinel-1 scene -124.21144870032342 41.785839409285074 2021-06-01 18:59:21
SKIP: no matching Sentinel-1 scene -124.2108910958212 41.78613772479217 2021-06-01 18:59:21
SKIP: no matching Sentinel-1 scene -124.21033343673462 41.7864359497547 2021-06-01 18:59:21
SKIP: no matching Sentinel-1 scene -124.20977576137818 41.786733861152285 2021-06-01 18:59:21
SKIP: no matching Sentinel-1 scene -124.2081019102214 41.78762905116576 2021-06-01 18:59:21
SKIP: no matching Sentinel-1 scene -124.20754411876875 41.78792565990753 2021-06-01 18:59:21
SKIP: no matching Sentinel-1 scene -124.20698583618133 41.788224192101815 2021-06-01 18:59:21
SKIP: no matching Sentinel-1 scene -124.23224677118878 41.76663818671005 2021-06-01 18:59:21
SKIP: no matching Sentinel-1 scene -124.23168962984917 41.76693585322973 2021-06-01 18:59:21
SKIP: no matching Sentinel-1 scene -124.2182694345357 41.76715725167201 2021-06-01 18:59:21
SKIP: no matching Sentinel-1 scene -124.2154775152383 41.76864712782619 2021-06-01 18:59:21
SKIP: no matching Sentinel-1 scene -124.21491865020404 41.768945778017745 2021-06-01 18:59:21
SKIP: no matching Sentinel-1 scene -124.21435969676565 41.76924390513625 2021-06-01 18:59:21
SKIP: no matching Sentinel-1 scene -124.2138005772 41.76954229479648 2021-06-01 18:59:21
SKIP: no matching Sentinel-1 scene -124.2132413881126 41.76984017462356 2021-06-01 18:59:21
SKIP: no matching Sentinel-1 scene -124.21268206126769 41.770138248067525 2021-06-01 18:59:21
SKIP: no matching Sentinel-1 scene -124.21212261995854 41.77043639208119 2021-06-01 18:59:21
SKIP: no matching Sentinel-1 scene -124.21156316255461 41.77073383912364 2021-06-01 18:59:21
SKIP: no matching Sentinel-1 scene -124.21100357584612 41.77103166949194 2021-06-01 18:59:21
SKIP: no matching Sentinel-1 scene -124.23156824290179 41.806929069493 2021-06-01 18:59:21
SKIP: no matching Sentinel-1 scene -124.23101068109166 41.8072270348847 2021-06-01 18:59:21
SKIP: no matching Sentinel-1 scene -124.22989583408676 41.80782303180206 2021-06-01 18:59:21
SKIP: no matching Sentinel-1 scene -124.22933865649375 41.808120731582626 2021-06-01 18:59:21
SKIP: no matching Sentinel-1 scene -124.2287815335722 41.80841846533891 2021-06-01 18:59:21
SKIP: no matching Sentinel-1 scene -124.22822471398628 41.80871557263383 2021-06-01 18:59:21
SKIP: no matching Sentinel-1 scene -124.22766778193886 41.80901308050064 2021-06-01 18:59:21
SKIP: no matching Sentinel-1 scene -124.22711074727823 41.80931093041998 2021-06-01 18:59:21
SKIP: no matching Sentinel-1 scene -124.22599699557797 41.809905944021295 2021-06-01 18:59:21
SKIP: no matching Sentinel-1 scene -124.22543986881087 41.81020408760618 2021-06-01 18:59:21
SKIP: no matching Sentinel-1 scene -124.21460868162625 41.83069362490627 2021-06-01 18:59:21
SKIP: no matching Sentinel-1 scene -124.21405153384259 41.83099118709691 2021-06-01 18:59:21
SKIP: no matching Sentinel-1 scene -124.21182269667065 41.83218130056486 2021-06-01 18:59:21
SKIP: no matching Sentinel-1 scene -124.21126529946739 41.832478952877786 2021-06-01 18:59:21
SKIP: no matching Sentinel-1 scene -124.21070793391546 41.83277635673139 2021-06-01 18:59:21
SKIP: no matching Sentinel-1 scene -124.21015025813226 41.83307427427814 2021-06-01 18:59:21
SKIP: no matching Sentinel-1 scene -124.20903457713213 41.83367015779691 2021-06-01 18:59:21
SKIP: no matching Sentinel-1 scene -124.20624356449296 41.83515994629033 2021-06-01 18:59:21
SKIP: no matching Sentinel-1 scene -124.20568532338592 41.83545715187924 2021-06-01 18:59:21
SKIP: no matching Sentinel-1 scene -124.20761037654775 41.779433736172464 2021-06-01 18:59:21
SKIP: no matching Sentinel-1 scene -124.20705241494488 41.7791361516229 2021-06-01 18:59:21
SKIP: no matching Sentinel-1 scene -124.24290755721812 41.77508431418094 2021-06-01 18:59:21
SKIP: no matching Sentinel-1 scene -124.22839885383607 41.7673456789111 2021-06-01 18:59:21
SKIP: no matching Sentinel-1 scene -124.22784267113029 41.76704839639121 2021-06-01 18:59:21
SKIP: no matching Sentinel-1 scene -124.22728512202875 41.76675039048749 2021-06-01 18:59:21
SKIP: no matching Sentinel-1 scene -124.22561261111517 41.765856236787386 2021-06-01 18:59:21
SKIP: no matching Sentinel-1 scene -124.22449649993399 41.765259422101366 2021-06-01 18:59:21
SKIP: no matching Sentinel-1 scene -124.22393843180187 41.76496096531348 2021-06-01 18:59:21
SKIP: no matching Sentinel-1 scene -124.2228228816389 41.76436426705057 2021-06-01 18:59:21
Saved metadata CSV: /s/chopin/e/proj/hyperspec/masfiq/csv_files/gedi_california_north_10_2021_AprilToAugust_version_6.csv
Total samples with patches: 221743
