HLS exists: False
HLS tif count: 0
First 5 tif files: []
Loading GEDI shots from folder...
Reading GEDI04_A_2021003083948_O11673_02_T11218_02_002_02_V002.h5 ...
Reading GEDI04_A_2021003145121_O11677_03_T09493_02_002_02_V002.h5 ...
Reading GEDI04_A_2021004075305_O11688_02_T06199_02_002_02_V002.h5 ...
Reading GEDI04_A_2021004140438_O11692_03_T06050_02_002_02_V002.h5 ...
Reading GEDI04_A_2021007070555_O11734_02_T06949_02_002_02_V002.h5 ...
Reading GEDI04_A_2021007131728_O11738_03_T08223_02_002_02_V002.h5 ...
Reading GEDI04_A_2021008061912_O11749_02_T00660_02_002_02_V002.h5 ...
Reading GEDI04_A_2021008123045_O11753_03_T08896_02_002_02_V002.h5 ...
Reading GEDI04_A_2021011053157_O11795_02_T11371_02_002_02_V002.h5 ...
Reading GEDI04_A_2021012044513_O11810_02_T02236_02_002_02_V002.h5 ...
Reading GEDI04_A_2021015035754_O11856_02_T07102_02_002_02_V002.h5 ...
Reading GEDI04_A_2021015100926_O11860_03_T08376_02_002_02_V002.h5 ...
Reading GEDI04_A_2021016031110_O11871_02_T10774_02_002_02_V002.h5 ...
Reading GEDI04_A_2021016092242_O11875_03_T10625_02_002_02_V002.h5 ...
Reading GEDI04_A_2021019022350_O11917_02_T07255_02_002_02_V002.h5 ...
Reading GEDI04_A_2021019083522_O11921_03_T11375_02_002_02_V002.h5 ...
Reading GEDI04_A_2021020013706_O11932_02_T09351_02_002_02_V002.h5 ...
Reading GEDI04_A_2021020074838_O11936_03_T06356_02_002_02_V002.h5 ...
Reading GEDI04_A_2021023005016_O11978_02_T05832_02_002_02_V002.h5 ...
Reading GEDI04_A_2021023070155_O11982_03_T08529_02_002_02_V002.h5 ...
Reading GEDI04_A_2021024000354_O11993_02_T06505_02_002_02_V002.h5 ...
Reading GEDI04_A_2021024061532_O11997_03_T07779_02_002_02_V002.h5 ...
Reading GEDI04_A_2021026231743_O12039_02_T09948_02_002_02_V002.h5 ...
Reading GEDI04_A_2021027052921_O12043_03_T06953_02_002_02_V002.h5 ...
Reading GEDI04_A_2021027223121_O12054_02_T09198_02_002_02_V002.h5 ...
Reading GEDI04_A_2021028044259_O12058_03_T06203_02_002_02_V002.h5 ...
Reading GEDI04_A_2021034201218_O12161_02_T08372_02_002_02_V002.h5 ...
Reading GEDI04_A_2021035022356_O12165_03_T11069_02_002_02_V002.h5 ...
Reading GEDI04_A_2021036013730_O12180_03_T07473_02_002_02_V002.h5 ...
Reading GEDI04_A_2021038183931_O12222_02_T06796_02_002_02_V002.h5 ...
Reading GEDI04_A_2021039005108_O12226_03_T00955_02_002_02_V002.h5 ...
Reading GEDI04_A_2021039175306_O12237_02_T08892_02_002_02_V002.h5 ...
Reading GEDI04_A_2021042170647_O12283_02_T05373_02_002_02_V002.h5 ...
Reading GEDI04_A_2021042231824_O12287_03_T09340_02_002_02_V002.h5 ...
Reading GEDI04_A_2021043162019_O12298_02_T07469_02_002_02_V002.h5 ...
Reading GEDI04_A_2021043223156_O12302_03_T10166_02_002_02_V002.h5 ...
Reading GEDI04_A_2021050140102_O12405_02_T10912_02_002_02_V002.h5 ...
Reading GEDI04_A_2021050201239_O12409_03_T09187_02_002_02_V002.h5 ...
Reading GEDI04_A_2021051131435_O12420_02_T07316_02_002_02_V002.h5 ...
Reading GEDI04_A_2021051192612_O12424_03_T10013_02_002_02_V002.h5 ...
Reading GEDI04_A_2021054122806_O12466_02_T09336_02_002_02_V002.h5 ...
Reading GEDI04_A_2021054183943_O12470_03_T07764_02_002_02_V002.h5 ...
Reading GEDI04_A_2021055114138_O12481_02_T10162_02_002_02_V002.h5 ...
Reading GEDI04_A_2021055175315_O12485_03_T07014_02_002_02_V002.h5 ...
Reading GEDI04_A_2021058105504_O12527_02_T07913_02_002_02_V002.h5 ...
Reading GEDI04_A_2021058170641_O12531_03_T10610_02_002_02_V002.h5 ...
Reading GEDI04_A_2021059100835_O12542_02_T05740_02_002_02_V002.h5 ...
Reading GEDI04_A_2021059162011_O12546_03_T08437_02_002_02_V002.h5 ...
Reading GEDI04_A_2021062092202_O12588_02_T10759_02_002_02_V002.h5 ...
Reading GEDI04_A_2021062153338_O12592_03_T06188_02_002_02_V002.h5 ...
Reading GEDI04_A_2021063083532_O12603_02_T07163_02_002_02_V002.h5 ...
Reading GEDI04_A_2021063144708_O12607_03_T11283_02_002_02_V002.h5 ...
Reading GEDI04_A_2021066074852_O12649_02_T09183_02_002_02_V002.h5 ...
Reading GEDI04_A_2021066140028_O12653_03_T07611_02_002_02_V002.h5 ...
Reading GEDI04_A_2021067070220_O12664_02_T10009_02_002_02_V002.h5 ...
Reading GEDI04_A_2021067131356_O12668_03_T09707_02_002_02_V002.h5 ...
Reading GEDI04_A_2021070061544_O12710_02_T06337_02_002_02_V002.h5 ...
Reading GEDI04_A_2021070122719_O12714_03_T10457_02_002_02_V002.h5 ...
Reading GEDI04_A_2021071052913_O12725_02_T09856_02_002_02_V002.h5 ...
Reading GEDI04_A_2021071114049_O12729_03_T06861_02_002_02_V002.h5 ...
Reading GEDI04_A_2021074044254_O12771_02_T10606_02_002_02_V002.h5 ...
Reading GEDI04_A_2021074105432_O12775_03_T08881_02_002_02_V002.h5 ...
Reading GEDI04_A_2021075035631_O12786_02_T11279_02_002_02_V002.h5 ...
Reading GEDI04_A_2021075100808_O12790_03_T09554_02_002_02_V002.h5 ...
Reading GEDI04_A_2021078092151_O12836_03_T10304_02_002_02_V002.h5 ...
Reading GEDI04_A_2021079022350_O12847_02_T06857_02_002_02_V002.h5 ...
Reading GEDI04_A_2021079083527_O12851_03_T10977_02_002_02_V002.h5 ...
Reading GEDI04_A_2021082013734_O12893_02_T10300_02_002_02_V002.h5 ...
Reading GEDI04_A_2021082074911_O12897_03_T08575_02_002_02_V002.h5 ...
Reading GEDI04_A_2021083005106_O12908_02_T10973_02_002_02_V002.h5 ...
Reading GEDI04_A_2021086000446_O12954_02_T08724_02_002_02_V002.h5 ...
Reading GEDI04_A_2021086061623_O12958_03_T05729_02_002_02_V002.h5 ...
Reading GEDI04_A_2021086231821_O12969_02_T09397_02_002_02_V002.h5 ...
Reading GEDI04_A_2021087052958_O12973_03_T06402_02_002_02_V002.h5 ...
Reading GEDI04_A_2021089223154_O13015_02_T10147_02_002_02_V002.h5 ...
Reading GEDI04_A_2021090044332_O13019_03_T06999_02_002_02_V002.h5 ...
Reading GEDI04_A_2021090214529_O13030_02_T10820_02_002_02_V002.h5 ...
Reading GEDI04_A_2021091035706_O13034_03_T09095_02_002_02_V002.h5 ...
Reading GEDI04_A_2021091205902_O13045_02_T10070_02_002_02_V002.h5 ...
Reading GEDI04_A_2021093205912_O13076_02_T05725_02_002_02_V002.h5 ...
Reading GEDI04_A_2021094201252_O13091_02_T06398_02_002_02_V002.h5 ...
Reading GEDI04_A_2021095022431_O13095_03_T07672_02_002_02_V002.h5 ...
Reading GEDI04_A_2021095192632_O13106_02_T09917_02_002_02_V002.h5 ...
Reading GEDI04_A_2021097192644_O13137_02_T09841_02_002_02_V002.h5 ...
Reading GEDI04_A_2021098184022_O13152_02_T09091_02_002_02_V002.h5 ...
Reading GEDI04_A_2021099005200_O13156_03_T06096_02_002_02_V002.h5 ...
Reading GEDI04_A_2021099175401_O13167_02_T11340_02_002_02_V002.h5 ...
Reading GEDI04_A_2021101175411_O13198_02_T11264_02_002_02_V002.h5 ...
Reading GEDI04_A_2021102170749_O13213_02_T10514_02_002_02_V002.h5 ...
Reading GEDI04_A_2021102231927_O13217_03_T08789_02_002_02_V002.h5 ...
Reading GEDI04_A_2021103162128_O13228_02_T06918_02_002_02_V002.h5 ...
Reading GEDI04_A_2021105162139_O13259_02_T08265_02_002_02_V002.h5 ...
Reading GEDI04_A_2021106153516_O13274_02_T06092_02_002_02_V002.h5 ...
Reading GEDI04_A_2021107144854_O13289_02_T02496_02_002_02_V002.h5 ...
Reading GEDI04_A_2021109144903_O13320_02_T06689_02_002_02_V002.h5 ...
Reading GEDI04_A_2021110140241_O13335_02_T05939_02_002_02_V002.h5 ...
Reading GEDI04_A_2021111131616_O13350_02_T09458_02_002_02_V002.h5 ...
Reading GEDI04_A_2021114122958_O13396_02_T10055_02_002_02_V002.h5 ...
Reading GEDI04_A_2021114184136_O13400_03_T09906_02_002_02_V002.h5 ...
Reading GEDI04_A_2021115114334_O13411_02_T08035_02_002_02_V002.h5 ...
Reading GEDI04_A_2021117114338_O13442_02_T07959_02_002_02_V002.h5 ...
Reading GEDI04_A_2021122153556_O13522_03_T06907_02_002_02_V002.h5 ...
Reading GEDI04_A_2021123083752_O13533_02_T10728_02_002_02_V002.h5 ...
Reading GEDI04_A_2021125083754_O13564_02_T02114_02_002_02_V002.h5 ...
Reading GEDI04_A_2021126075126_O13579_02_T08479_02_002_02_V002.h5 ...
Reading GEDI04_A_2021126140303_O13583_03_T11176_02_002_02_V002.h5 ...
Reading GEDI04_A_2021127070500_O13594_02_T06306_02_002_02_V002.h5 ...
Reading GEDI04_A_2021127131636_O13598_03_T00312_02_002_02_V002.h5 ...
Reading GEDI04_A_2021129070500_O13625_02_T09076_02_002_02_V002.h5 ...
Reading GEDI04_A_2021130061832_O13640_02_T11325_02_002_02_V002.h5 ...
Reading GEDI04_A_2021130123009_O13644_03_T09600_02_002_02_V002.h5 ...
Reading GEDI04_A_2021131053204_O13655_02_T07729_02_002_02_V002.h5 ...
Reading GEDI04_A_2021131114340_O13659_03_T01735_02_002_02_V002.h5 ...
Reading GEDI04_A_2021133053202_O13686_02_T07653_02_002_02_V002.h5 ...
Reading GEDI04_A_2021134044534_O13701_02_T06903_02_002_02_V002.h5 ...
Reading GEDI04_A_2021134105710_O13705_03_T08177_02_002_02_V002.h5 ...
Reading GEDI04_A_2021135035905_O13716_02_T08999_02_002_02_V002.h5 ...
Reading GEDI04_A_2021135101042_O13720_03_T06004_02_002_02_V002.h5 ...
Reading GEDI04_A_2021137035902_O13747_02_T10499_02_002_02_V002.h5 ...
Reading GEDI04_A_2021138031232_O13762_02_T05327_02_002_02_V002.h5 ...
Reading GEDI04_A_2021138092408_O13766_03_T02332_02_002_02_V002.h5 ...
Reading GEDI04_A_2021139022603_O13777_02_T03154_02_002_02_V002.h5 ...
Reading GEDI04_A_2021139083739_O13781_03_T07427_02_002_02_V002.h5 ...
Reading GEDI04_A_2021141022600_O13808_02_T06077_02_002_02_V002.h5 ...
Reading GEDI04_A_2021142013936_O13823_02_T02481_02_002_02_V002.h5 ...
Reading GEDI04_A_2021142075114_O13827_03_T06601_02_002_02_V002.h5 ...
Reading GEDI04_A_2021143005312_O13838_02_T08846_02_002_02_V002.h5 ...
Reading GEDI04_A_2021143070450_O13842_03_T05851_02_002_02_V002.h5 ...
Reading GEDI04_A_2021145005319_O13869_02_T08770_02_002_02_V002.h5 ...
Reading GEDI04_A_2021146000654_O13884_02_T02481_02_002_02_V002.h5 ...
Reading GEDI04_A_2021146061832_O13888_03_T00756_02_002_02_V002.h5 ...
Reading GEDI04_A_2021146232030_O13899_02_T07423_02_002_02_V002.h5 ...
Reading GEDI04_A_2021147053207_O13903_03_T10120_02_002_02_V002.h5 ...
Reading GEDI04_A_2021148232035_O13930_02_T02925_02_002_02_V002.h5 ...
Reading GEDI04_A_2021149223411_O13945_02_T02328_02_002_02_V002.h5 ...
Reading GEDI04_A_2021150214746_O13960_02_T05847_02_002_02_V002.h5 ...
Reading GEDI04_A_2021151035923_O13964_03_T07121_02_002_02_V002.h5 ...
Reading GEDI04_A_2021152214751_O13991_02_T05771_02_002_02_V002.h5 ...
Reading GEDI04_A_2021153210125_O14006_02_T09290_02_002_02_V002.h5 ...
Reading GEDI04_A_2021154031302_O14010_03_T06295_02_002_02_V002.h5 ...
Reading GEDI04_A_2021154201500_O14021_02_T10116_02_002_02_V002.h5 ...
Reading GEDI04_A_2021155022637_O14025_03_T09814_02_002_02_V002.h5 ...
Reading GEDI04_A_2021156201503_O14052_02_T10040_02_002_02_V002.h5 ...
Reading GEDI04_A_2021157192837_O14067_02_T07867_02_002_02_V002.h5 ...
Reading GEDI04_A_2021158014014_O14071_03_T10564_02_002_02_V002.h5 ...
Reading GEDI04_A_2021158184211_O14082_02_T01272_02_002_02_V002.h5 ...
Reading GEDI04_A_2021159005347_O14086_03_T08391_02_002_02_V002.h5 ...
Reading GEDI04_A_2021160184212_O14113_02_T07041_02_002_02_V002.h5 ...
Reading GEDI04_A_2021161175545_O14128_02_T09137_02_002_02_V002.h5 ...
Reading GEDI04_A_2021162000721_O14132_03_T06142_02_002_02_V002.h5 ...
Reading GEDI04_A_2021162170918_O14143_02_T09963_02_002_02_V002.h5 ...
Reading GEDI04_A_2021162232055_O14147_03_T03969_02_002_02_V002.h5 ...
Reading GEDI04_A_2021164170918_O14174_02_T04348_02_002_02_V002.h5 ...
Reading GEDI04_A_2021165162250_O14189_02_T07714_02_002_02_V002.h5 ...
Reading GEDI04_A_2021165223427_O14193_03_T10411_02_002_02_V002.h5 ...
Reading GEDI04_A_2021166153623_O14204_02_T06964_02_002_02_V002.h5 ...
Reading GEDI04_A_2021166214800_O14208_03_T08238_02_002_02_V002.h5 ...
Reading GEDI04_A_2021169144953_O14250_02_T08984_02_002_02_V002.h5 ...
Reading GEDI04_A_2021169210130_O14254_03_T04566_02_002_02_V002.h5 ...
Reading GEDI04_A_2021170140325_O14265_02_T11233_02_002_02_V002.h5 ...
Reading GEDI04_A_2021170201502_O14269_03_T03816_02_002_02_V002.h5 ...
Reading GEDI04_A_2021173131652_O14311_02_T06138_02_002_02_V002.h5 ...
Reading GEDI04_A_2021173192828_O14315_03_T00144_02_002_02_V002.h5 ...
Reading GEDI04_A_2021174184200_O14330_03_T00970_02_002_02_V002.h5 ...
Reading GEDI04_A_2021177114430_O14372_02_T00293_02_002_02_V002.h5 ...
Reading GEDI04_A_2021177175611_O14376_03_T07259_02_002_02_V002.h5 ...
Reading GEDI04_A_2021178105817_O14387_02_T06658_02_002_02_V002.h5 ...
Reading GEDI04_A_2021178170957_O14391_03_T10778_02_002_02_V002.h5 ...
Reading GEDI04_A_2021185084021_O14494_02_T09795_02_002_02_V002.h5 ...
Reading GEDI04_A_2021185145201_O14498_03_T11222_02_002_02_V002.h5 ...
Reading GEDI04_A_2021186075406_O14509_02_T10621_02_002_02_V002.h5 ...
Reading GEDI04_A_2021186140546_O14513_03_T03204_02_002_02_V002.h5 ...
Reading GEDI04_A_2021189070812_O14555_02_T09642_02_002_02_V002.h5 ...
Reading GEDI04_A_2021190062157_O14570_02_T06046_02_002_02_V002.h5 ...
Reading GEDI04_A_2021190123336_O14574_03_T05897_02_002_02_V002.h5 ...
Reading GEDI04_A_2021193053603_O14616_02_T06643_02_002_02_V002.h5 ...
Reading GEDI04_A_2021193114742_O14620_03_T07917_02_002_02_V002.h5 ...
Reading GEDI04_A_2021194044945_O14631_02_T05893_02_002_02_V002.h5 ...
Reading GEDI04_A_2021194110124_O14635_03_T07167_02_002_02_V002.h5 ...
Reading GEDI04_A_2021197040346_O14677_02_T08066_02_002_02_V002.h5 ...
Reading GEDI04_A_2021197101526_O14681_03_T06341_02_002_02_V002.h5 ...
Reading GEDI04_A_2021198031729_O14692_02_T07010_02_002_02_V002.h5 ...
Reading GEDI04_A_2021198092908_O14696_03_T09860_02_002_02_V002.h5 ...
Reading GEDI04_A_2021201023127_O14738_02_T07760_02_002_02_V002.h5 ...
Reading GEDI04_A_2021201084306_O14742_03_T06035_02_002_02_V002.h5 ...
Reading GEDI04_A_2021208232634_O14860_02_T06031_02_002_02_V002.h5 ...
Reading GEDI04_A_2021209053815_O14864_03_T07305_02_002_02_V002.h5 ...
Reading GEDI04_A_2021212215408_O14921_02_T08724_02_002_02_V002.h5 ...
Reading GEDI04_A_2021213040546_O14925_03_T07152_02_002_02_V002.h5 ...
Reading GEDI04_A_2021213210747_O14936_02_T09397_02_002_02_V002.h5 ...
Reading GEDI04_A_2021214031925_O14940_03_T06402_02_002_02_V002.h5 ...
Reading GEDI04_A_2021214202126_O14951_02_T08647_02_002_02_V002.h5 ...
Reading GEDI04_A_2021216202138_O14982_02_T08571_02_002_02_V002.h5 ...
Reading GEDI04_A_2021217023316_O14986_03_T06999_02_002_02_V002.h5 ...
Reading GEDI04_A_2021217193517_O14997_02_T02282_02_002_02_V002.h5 ...
Reading GEDI04_A_2021218014655_O15001_03_T03403_02_002_02_V002.h5 ...
Reading GEDI04_A_2021218184855_O15012_02_T10070_02_002_02_V002.h5 ...
Reading GEDI04_A_2021220184906_O15043_02_T09994_02_002_02_V002.h5 ...
Reading GEDI04_A_2021221180244_O15058_02_T04975_02_002_02_V002.h5 ...
Reading GEDI04_A_2021222001422_O15062_03_T08942_02_002_02_V002.h5 ...
Reading GEDI04_A_2021222171622_O15073_02_T11187_02_002_02_V002.h5 ...
Reading GEDI04_A_2021224171631_O15104_02_T06842_02_002_02_V002.h5 ...
Reading GEDI04_A_2021225163009_O15119_02_T04669_02_002_02_V002.h5 ...
Reading GEDI04_A_2021225224147_O15123_03_T05943_02_002_02_V002.h5 ...
Reading GEDI04_A_2021226154347_O15134_02_T01073_02_002_02_V002.h5 ...
Reading GEDI04_A_2021228154356_O15165_02_T11111_02_002_02_V002.h5 ...
Reading GEDI04_A_2021229145731_O15180_02_T04669_02_002_02_V002.h5 ...
Reading GEDI04_A_2021229210909_O15184_03_T07366_02_002_02_V002.h5 ...
Reading GEDI04_A_2021230141107_O15195_02_T01073_02_002_02_V002.h5 ...
Reading GEDI04_A_2021232141145_O15226_02_T08112_02_002_02_V002.h5 ...
Reading GEDI04_A_2021233132459_O15241_02_T04516_02_002_02_V002.h5 ...
Reading GEDI04_A_2021233193643_O15245_03_T07213_02_002_02_V002.h5 ...
Reading GEDI04_A_2021234123858_O15256_02_T05342_02_002_02_V002.h5 ...
Reading GEDI04_A_2021236123950_O15287_02_T09229_02_002_02_V002.h5 ...
Reading GEDI04_A_2021237115348_O15302_02_T01517_02_002_02_V002.h5 ...
Reading GEDI04_A_2021237180532_O15306_03_T08330_02_002_02_V002.h5 ...
Reading GEDI04_A_2021238110746_O15317_02_T10575_02_002_02_V002.h5 ...
Reading GEDI04_A_2021238171930_O15321_03_T10426_02_002_02_V002.h5 ...
Reading GEDI04_A_2021240110837_O15348_02_T08923_02_002_02_V002.h5 ...
Reading GEDI04_A_2021241102234_O15363_02_T06750_02_002_02_V002.h5 ...
Reading GEDI04_A_2021241163417_O15367_03_T10870_02_002_02_V002.h5 ...
Reading GEDI04_A_2021244093714_O15409_02_T08617_02_002_02_V002.h5 ...
Reading GEDI04_A_2021245085109_O15424_02_T05174_02_002_02_V002.h5 ...
Reading GEDI04_A_2021245150252_O15428_03_T07718_02_002_02_V002.h5 ...
Reading GEDI04_A_2021246080503_O15439_02_T05694_02_002_02_V002.h5 ...
Reading GEDI04_A_2021246141646_O15443_03_T11237_02_002_02_V002.h5 ...
Reading GEDI04_A_2021248080547_O15470_02_T09734_02_002_02_V002.h5 ...
Reading GEDI04_A_2021249071941_O15485_02_T10560_02_002_02_V002.h5 ...
Reading GEDI04_A_2021249133123_O15489_03_T07412_02_002_02_V002.h5 ...
Reading GEDI04_A_2021250063332_O15500_02_T05541_02_002_02_V002.h5 ...
Reading GEDI04_A_2021250124514_O15504_03_T08085_02_002_02_V002.h5 ...
Reading GEDI04_A_2021253054806_O15546_02_T10254_02_002_02_V002.h5 ...
Reading GEDI04_A_2021253115948_O15550_03_T07106_02_002_02_V002.h5 ...
Reading GEDI04_A_2021254050158_O15561_02_T10927_02_002_02_V002.h5 ...
Reading GEDI04_A_2021254111340_O15565_03_T09202_02_002_02_V002.h5 ...
Reading GEDI04_A_2021257041703_O15607_02_T04103_02_002_02_V002.h5 ...
Reading GEDI04_A_2021257102848_O15611_03_T08223_02_002_02_V002.h5 ...
Reading GEDI04_A_2021258033107_O15622_02_T06352_02_002_02_V002.h5 ...
Reading GEDI04_A_2021258094252_O15626_03_T10319_02_002_02_V002.h5 ...
Reading GEDI04_A_2021261024615_O15668_02_T11065_02_002_02_V002.h5 ...
Reading GEDI04_A_2021261085800_O15672_03_T10763_02_002_02_V002.h5 ...
Reading GEDI04_A_2021262020018_O15683_02_T10315_02_002_02_V002.h5 ...
Reading GEDI04_A_2021262081203_O15687_03_T07014_02_002_02_V002.h5 ...
Reading GEDI04_A_2021265011526_O15729_02_T09030_02_002_02_V002.h5 ...
Reading GEDI04_A_2021265072710_O15733_03_T08728_02_002_02_V002.h5 ...
Reading GEDI04_A_2021266002928_O15744_02_T11126_02_002_02_V002.h5 ...
Reading GEDI04_A_2021266064113_O15748_03_T09401_02_002_02_V002.h5 ...
Reading GEDI04_A_2021268234402_O15790_02_T05878_02_002_02_V002.h5 ...
Reading GEDI04_A_2021269055541_O15794_03_T05729_02_002_02_V002.h5 ...
Reading GEDI04_A_2021269225742_O15805_02_T06551_02_002_02_V002.h5 ...
Reading GEDI04_A_2021270050921_O15809_03_T07825_02_002_02_V002.h5 ...
Reading GEDI04_A_2021273212511_O15866_02_T00859_02_002_02_V002.h5 ...
Reading GEDI04_A_2021274033648_O15870_03_T09095_02_002_02_V002.h5 ...
Reading GEDI04_A_2021274203848_O15881_02_T07224_02_002_02_V002.h5 ...
Reading GEDI04_A_2021276203857_O15912_02_T07148_02_002_02_V002.h5 ...
Reading GEDI04_A_2021277195233_O15927_02_T07821_02_002_02_V002.h5 ...
Reading GEDI04_A_2021278190607_O15942_02_T07071_02_002_02_V002.h5 ...
Reading GEDI04_A_2021280190611_O15973_02_T01303_02_002_02_V002.h5 ...
Reading GEDI04_A_2021281181945_O15988_02_T08938_02_002_02_V002.h5 ...
Reading GEDI04_A_2021282003122_O15992_03_T07519_02_002_02_V002.h5 ...
Reading GEDI04_A_2021282173319_O16003_02_T09611_02_002_02_V002.h5 ...
Reading GEDI04_A_2021284173321_O16034_02_T08418_02_002_02_V002.h5 ...
Reading GEDI04_A_2021285164701_O16049_02_T07515_02_002_02_V002.h5 ...
Reading GEDI04_A_2021285225842_O16053_03_T08636_02_002_02_V002.h5 ...
Reading GEDI04_A_2021286160050_O16064_02_T06765_02_002_02_V002.h5 ...
Reading GEDI04_A_2021288160123_O16095_02_T09535_02_002_02_V002.h5 ...
Reading GEDI04_A_2021289151511_O16110_02_T07362_02_002_02_V002.h5 ...
Reading GEDI04_A_2021290142859_O16125_02_T06612_02_002_02_V002.h5 ...
Reading GEDI04_A_2021292142926_O16156_02_T10805_02_002_02_V002.h5 ...
Reading GEDI04_A_2021293134310_O16171_02_T07209_02_002_02_V002.h5 ...
Reading GEDI04_A_2021296125720_O16217_02_T10652_02_002_02_V002.h5 ...
Reading GEDI04_A_2021297121104_O16232_02_T09749_02_002_02_V002.h5 ...
Reading GEDI04_A_2021297182243_O16236_03_T06754_02_002_02_V002.h5 ...
Reading GEDI04_A_2021298112447_O16247_02_T06153_02_002_02_V002.h5 ...
Reading GEDI04_A_2021298173627_O16251_03_T08850_02_002_02_V002.h5 ...
Reading GEDI04_A_2021304095245_O16339_02_T05924_02_002_02_V002.h5 ...
Reading GEDI04_A_2021305090624_O16354_02_T09443_02_002_02_V002.h5 ...
Reading GEDI04_A_2021305151803_O16358_03_T06448_02_002_02_V002.h5 ...
Reading GEDI04_A_2021306082001_O16369_02_T10269_02_002_02_V002.h5 ...
Reading GEDI04_A_2021306143139_O16373_03_T05698_02_002_02_V002.h5 ...
Reading GEDI04_A_2021308082008_O16400_02_T10193_02_002_02_V002.h5 ...
Reading GEDI04_A_2021309073343_O16415_02_T08020_02_002_02_V002.h5 ...
Reading GEDI04_A_2021309134521_O16419_03_T09141_02_002_02_V002.h5 ...
Reading GEDI04_A_2021312064721_O16461_02_T07194_02_002_02_V002.h5 ...
Reading GEDI04_A_2021314051425_O16491_02_T08540_02_002_02_V002.h5 ...
Reading GEDI04_A_2021314112602_O16495_03_T06968_02_002_02_V002.h5 ...
Reading GEDI04_A_2021317042852_O16537_02_T06291_02_002_02_V002.h5 ...
Reading GEDI04_A_2021317104035_O16541_03_T08835_02_002_02_V002.h5 ...
Reading GEDI04_A_2021318034247_O16552_02_T08387_02_002_02_V002.h5 ...
Reading GEDI04_A_2021318095430_O16556_03_T09508_02_002_02_V002.h5 ...
Reading GEDI04_A_2021321025725_O16598_02_T05985_02_002_02_V002.h5 ...
Reading GEDI04_A_2021321090907_O16602_03_T10105_02_002_02_V002.h5 ...
Reading GEDI04_A_2021322021119_O16613_02_T08081_02_002_02_V002.h5 ...
Reading GEDI04_A_2021322082302_O16617_03_T07932_02_002_02_V002.h5 ...
Reading GEDI04_A_2021325012555_O16659_02_T07102_02_002_02_V002.h5 ...
Reading GEDI04_A_2021325073737_O16663_03_T08376_02_002_02_V002.h5 ...
Reading GEDI04_A_2021326003948_O16674_02_T06352_02_002_02_V002.h5 ...
Reading GEDI04_A_2021326065130_O16678_03_T00511_02_002_02_V002.h5 ...
Reading GEDI04_A_2021332222237_O16781_02_T08219_02_002_02_V002.h5 ...
Reading GEDI04_A_2021333043419_O16785_03_T02378_02_002_02_V002.h5 ...
Reading GEDI04_A_2021333213627_O16796_02_T04470_02_002_02_V002.h5 ...
Reading GEDI04_A_2021334034801_O16800_03_T08590_02_002_02_V002.h5 ...
Reading GEDI04_A_2021337200421_O16857_02_T09703_02_002_02_V002.h5 ...
Reading GEDI04_A_2021338021554_O16861_03_T11130_02_002_02_V002.h5 ...
Reading GEDI04_A_2021340191756_O16903_02_T10453_02_002_02_V002.h5 ...
Reading GEDI04_A_2021341012934_O16907_03_T01919_02_002_02_V002.h5 ...
Reading GEDI04_A_2021341183131_O16918_02_T08433_02_002_02_V002.h5 ...
Reading GEDI04_A_2021344174509_O16964_02_T08877_02_002_02_V002.h5 ...
Reading GEDI04_A_2021344235646_O16968_03_T05882_02_002_02_V002.h5 ...
Reading GEDI04_A_2021345165844_O16979_02_T09550_02_002_02_V002.h5 ...
Reading GEDI04_A_2021345231021_O16983_03_T06555_02_002_02_V002.h5 ...
Reading GEDI04_A_2021348161218_O17025_02_T07454_02_002_02_V002.h5 ...
Reading GEDI04_A_2021348222355_O17029_03_T10151_02_002_02_V002.h5 ...
Reading GEDI04_A_2021349152553_O17040_02_T06704_02_002_02_V002.h5 ...
Reading GEDI04_A_2021349213730_O17044_03_T10824_02_002_02_V002.h5 ...
Reading GEDI04_A_2021352143926_O17086_02_T10300_02_002_02_V002.h5 ...
Reading GEDI04_A_2021352205102_O17090_03_T08575_02_002_02_V002.h5 ...
Reading GEDI04_A_2021353135258_O17101_02_T08127_02_002_02_V002.h5 ...
Reading GEDI04_A_2021357183128_O17166_03_T07978_02_002_02_V002.h5 ...
Reading GEDI04_A_2021360113141_O17208_02_T06184_02_002_02_V002.h5 ...
Reading GEDI04_A_2021360174307_O17212_03_T00343_02_002_02_V002.h5 ...
Reading GEDI04_A_2021361104432_O17223_02_T07010_02_002_02_V002.h5 ...
Reading GEDI04_A_2021361165558_O17227_03_T08284_02_002_02_V002.h5 ...
Total good-quality shots across all files: 41143126
Shots inside field polygon: 4586273
Indexing HLS granules and bands...
Total HLS granules found: 0
Saved metadata CSV: /s/chopin/e/proj/hyperspec/masfiq/csv_files/gedi_California_top_half_2021_whole_year_metadata.csv
Total samples with patches: 0
