HLS exists: True
HLS tif count: 6720
First 5 tif files: [PosixPath('/s/chopin/e/proj/hyperspec/masfiq/dataset/hls_data_California_north_10_2021_AprilToAugust/HLS.S30.T10TDL.2021232T185921.v2.0_B11_cropped.tif'), PosixPath('/s/chopin/e/proj/hyperspec/masfiq/dataset/hls_data_California_north_10_2021_AprilToAugust/HLS.S30.T10TGL.2021204T184919.v2.0_B02_cropped.tif'), PosixPath('/s/chopin/e/proj/hyperspec/masfiq/dataset/hls_data_California_north_10_2021_AprilToAugust/HLS.S30.T10TEL.2021137T185919.v2.0_B11_cropped.tif'), PosixPath('/s/chopin/e/proj/hyperspec/masfiq/dataset/hls_data_California_north_10_2021_AprilToAugust/HLS.S30.T11TKF.2021164T184919.v2.0_B02_cropped.tif'), PosixPath('/s/chopin/e/proj/hyperspec/masfiq/dataset/hls_data_California_north_10_2021_AprilToAugust/HLS.L30.T10TDL.2021183T185057.v2.0_B03_cropped.tif')]
Loading GEDI shots from folder...
Reading GEDI04_A_2021003083948_O11673_02_T11218_02_002_02_V002.h5 ...
Reading GEDI04_A_2021004140438_O11692_03_T06050_02_002_02_V002.h5 ...
Reading GEDI04_A_2021007070555_O11734_02_T06949_02_002_02_V002.h5 ...
Reading GEDI04_A_2021008123045_O11753_03_T08896_02_002_02_V002.h5 ...
Reading GEDI04_A_2021011053157_O11795_02_T11371_02_002_02_V002.h5 ...
Reading GEDI04_A_2021015035754_O11856_02_T07102_02_002_02_V002.h5 ...
Reading GEDI04_A_2021016092242_O11875_03_T10625_02_002_02_V002.h5 ...
Reading GEDI04_A_2021019022350_O11917_02_T07255_02_002_02_V002.h5 ...
Reading GEDI04_A_2021020074838_O11936_03_T06356_02_002_02_V002.h5 ...
Reading GEDI04_A_2021023005016_O11978_02_T05832_02_002_02_V002.h5 ...
Reading GEDI04_A_2021024061532_O11997_03_T07779_02_002_02_V002.h5 ...
Reading GEDI04_A_2021026231743_O12039_02_T09948_02_002_02_V002.h5 ...
Reading GEDI04_A_2021028044259_O12058_03_T06203_02_002_02_V002.h5 ...
Reading GEDI04_A_2021034201218_O12161_02_T08372_02_002_02_V002.h5 ...
Reading GEDI04_A_2021036013730_O12180_03_T07473_02_002_02_V002.h5 ...
Reading GEDI04_A_2021038183931_O12222_02_T06796_02_002_02_V002.h5 ...
Reading GEDI04_A_2021042170647_O12283_02_T05373_02_002_02_V002.h5 ...
Reading GEDI04_A_2021043223156_O12302_03_T10166_02_002_02_V002.h5 ...
Reading GEDI04_A_2021050140102_O12405_02_T10912_02_002_02_V002.h5 ...
Reading GEDI04_A_2021051192612_O12424_03_T10013_02_002_02_V002.h5 ...
Reading GEDI04_A_2021054122806_O12466_02_T09336_02_002_02_V002.h5 ...
Reading GEDI04_A_2021055175315_O12485_03_T07014_02_002_02_V002.h5 ...
Reading GEDI04_A_2021058105504_O12527_02_T07913_02_002_02_V002.h5 ...
Reading GEDI04_A_2021059162011_O12546_03_T08437_02_002_02_V002.h5 ...
Reading GEDI04_A_2021062092202_O12588_02_T10759_02_002_02_V002.h5 ...
Reading GEDI04_A_2021063144708_O12607_03_T11283_02_002_02_V002.h5 ...
Reading GEDI04_A_2021066074852_O12649_02_T09183_02_002_02_V002.h5 ...
Reading GEDI04_A_2021067131356_O12668_03_T09707_02_002_02_V002.h5 ...
Reading GEDI04_A_2021070061544_O12710_02_T06337_02_002_02_V002.h5 ...
Reading GEDI04_A_2021071114049_O12729_03_T06861_02_002_02_V002.h5 ...
Reading GEDI04_A_2021074044254_O12771_02_T10606_02_002_02_V002.h5 ...
Reading GEDI04_A_2021075100808_O12790_03_T09554_02_002_02_V002.h5 ...
Reading GEDI04_A_2021079083527_O12851_03_T10977_02_002_02_V002.h5 ...
Reading GEDI04_A_2021082013734_O12893_02_T10300_02_002_02_V002.h5 ...
Reading GEDI04_A_2021086000446_O12954_02_T08724_02_002_02_V002.h5 ...
Reading GEDI04_A_2021087052958_O12973_03_T06402_02_002_02_V002.h5 ...
Reading GEDI04_A_2021089223154_O13015_02_T10147_02_002_02_V002.h5 ...
Reading GEDI04_A_2021091035706_O13034_03_T09095_02_002_02_V002.h5 ...
Reading GEDI04_A_2021093205912_O13076_02_T05725_02_002_02_V002.h5 ...
Reading GEDI04_A_2021095022431_O13095_03_T07672_02_002_02_V002.h5 ...
Reading GEDI04_A_2021097192644_O13137_02_T09841_02_002_02_V002.h5 ...
Reading GEDI04_A_2021099005200_O13156_03_T06096_02_002_02_V002.h5 ...
Reading GEDI04_A_2021101175411_O13198_02_T11264_02_002_02_V002.h5 ...
Reading GEDI04_A_2021102231927_O13217_03_T08789_02_002_02_V002.h5 ...
Reading GEDI04_A_2021105162139_O13259_02_T08265_02_002_02_V002.h5 ...
Reading GEDI04_A_2021109144903_O13320_02_T06689_02_002_02_V002.h5 ...
Reading GEDI04_A_2021117114338_O13442_02_T07959_02_002_02_V002.h5 ...
Reading GEDI04_A_2021125083754_O13564_02_T02114_02_002_02_V002.h5 ...
Reading GEDI04_A_2021127131636_O13598_03_T00312_02_002_02_V002.h5 ...
Reading GEDI04_A_2021129070500_O13625_02_T09076_02_002_02_V002.h5 ...
Reading GEDI04_A_2021131114340_O13659_03_T01735_02_002_02_V002.h5 ...
Reading GEDI04_A_2021133053202_O13686_02_T07653_02_002_02_V002.h5 ...
Reading GEDI04_A_2021135101042_O13720_03_T06004_02_002_02_V002.h5 ...
Reading GEDI04_A_2021137035902_O13747_02_T10499_02_002_02_V002.h5 ...
Reading GEDI04_A_2021139083739_O13781_03_T07427_02_002_02_V002.h5 ...
Reading GEDI04_A_2021141022600_O13808_02_T06077_02_002_02_V002.h5 ...
Reading GEDI04_A_2021143070450_O13842_03_T05851_02_002_02_V002.h5 ...
Reading GEDI04_A_2021145005319_O13869_02_T08770_02_002_02_V002.h5 ...
Reading GEDI04_A_2021147053207_O13903_03_T10120_02_002_02_V002.h5 ...
Reading GEDI04_A_2021148232035_O13930_02_T02925_02_002_02_V002.h5 ...
Reading GEDI04_A_2021151035923_O13964_03_T07121_02_002_02_V002.h5 ...
Reading GEDI04_A_2021152214751_O13991_02_T05771_02_002_02_V002.h5 ...
Reading GEDI04_A_2021155022637_O14025_03_T09814_02_002_02_V002.h5 ...
Reading GEDI04_A_2021156201503_O14052_02_T10040_02_002_02_V002.h5 ...
Reading GEDI04_A_2021159005347_O14086_03_T08391_02_002_02_V002.h5 ...
Reading GEDI04_A_2021160184212_O14113_02_T07041_02_002_02_V002.h5 ...
Reading GEDI04_A_2021162232055_O14147_03_T03969_02_002_02_V002.h5 ...
Reading GEDI04_A_2021164170918_O14174_02_T04348_02_002_02_V002.h5 ...
Reading GEDI04_A_2021166214800_O14208_03_T08238_02_002_02_V002.h5 ...
Reading GEDI04_A_2021170201502_O14269_03_T03816_02_002_02_V002.h5 ...
Reading GEDI04_A_2021174184200_O14330_03_T00970_02_002_02_V002.h5 ...
Reading GEDI04_A_2021178170957_O14391_03_T10778_02_002_02_V002.h5 ...
Reading GEDI04_A_2021185084021_O14494_02_T09795_02_002_02_V002.h5 ...
Reading GEDI04_A_2021186140546_O14513_03_T03204_02_002_02_V002.h5 ...
Reading GEDI04_A_2021189070812_O14555_02_T09642_02_002_02_V002.h5 ...
Reading GEDI04_A_2021190123336_O14574_03_T05897_02_002_02_V002.h5 ...
Reading GEDI04_A_2021193053603_O14616_02_T06643_02_002_02_V002.h5 ...
Reading GEDI04_A_2021194110124_O14635_03_T07167_02_002_02_V002.h5 ...
Reading GEDI04_A_2021197040346_O14677_02_T08066_02_002_02_V002.h5 ...
Reading GEDI04_A_2021198092908_O14696_03_T09860_02_002_02_V002.h5 ...
Reading GEDI04_A_2021201023127_O14738_02_T07760_02_002_02_V002.h5 ...
Reading GEDI04_A_2021208232634_O14860_02_T06031_02_002_02_V002.h5 ...
Reading GEDI04_A_2021212215408_O14921_02_T08724_02_002_02_V002.h5 ...
Reading GEDI04_A_2021214031925_O14940_03_T06402_02_002_02_V002.h5 ...
Reading GEDI04_A_2021216202138_O14982_02_T08571_02_002_02_V002.h5 ...
Reading GEDI04_A_2021218014655_O15001_03_T03403_02_002_02_V002.h5 ...
Reading GEDI04_A_2021220184906_O15043_02_T09994_02_002_02_V002.h5 ...
Reading GEDI04_A_2021222001422_O15062_03_T08942_02_002_02_V002.h5 ...
Reading GEDI04_A_2021224171631_O15104_02_T06842_02_002_02_V002.h5 ...
Reading GEDI04_A_2021225224147_O15123_03_T05943_02_002_02_V002.h5 ...
Reading GEDI04_A_2021228154356_O15165_02_T11111_02_002_02_V002.h5 ...
Reading GEDI04_A_2021229210909_O15184_03_T07366_02_002_02_V002.h5 ...
Reading GEDI04_A_2021232141145_O15226_02_T08112_02_002_02_V002.h5 ...
Reading GEDI04_A_2021236123950_O15287_02_T09229_02_002_02_V002.h5 ...
Reading GEDI04_A_2021238171930_O15321_03_T10426_02_002_02_V002.h5 ...
Reading GEDI04_A_2021240110837_O15348_02_T08923_02_002_02_V002.h5 ...
Reading GEDI04_A_2021244093714_O15409_02_T08617_02_002_02_V002.h5 ...
Reading GEDI04_A_2021246141646_O15443_03_T11237_02_002_02_V002.h5 ...
Reading GEDI04_A_2021248080547_O15470_02_T09734_02_002_02_V002.h5 ...
Reading GEDI04_A_2021250124514_O15504_03_T08085_02_002_02_V002.h5 ...
Reading GEDI04_A_2021254111340_O15565_03_T09202_02_002_02_V002.h5 ...
Reading GEDI04_A_2021257041703_O15607_02_T04103_02_002_02_V002.h5 ...
Reading GEDI04_A_2021258094252_O15626_03_T10319_02_002_02_V002.h5 ...
Reading GEDI04_A_2021261024615_O15668_02_T11065_02_002_02_V002.h5 ...
Reading GEDI04_A_2021262081203_O15687_03_T07014_02_002_02_V002.h5 ...
Reading GEDI04_A_2021265011526_O15729_02_T09030_02_002_02_V002.h5 ...
Reading GEDI04_A_2021266064113_O15748_03_T09401_02_002_02_V002.h5 ...
Reading GEDI04_A_2021268234402_O15790_02_T05878_02_002_02_V002.h5 ...
Reading GEDI04_A_2021270050921_O15809_03_T07825_02_002_02_V002.h5 ...
Reading GEDI04_A_2021274033648_O15870_03_T09095_02_002_02_V002.h5 ...
Reading GEDI04_A_2021276203857_O15912_02_T07148_02_002_02_V002.h5 ...
Reading GEDI04_A_2021280190611_O15973_02_T01303_02_002_02_V002.h5 ...
Reading GEDI04_A_2021282003122_O15992_03_T07519_02_002_02_V002.h5 ...
Reading GEDI04_A_2021284173321_O16034_02_T08418_02_002_02_V002.h5 ...
Reading GEDI04_A_2021288160123_O16095_02_T09535_02_002_02_V002.h5 ...
Reading GEDI04_A_2021292142926_O16156_02_T10805_02_002_02_V002.h5 ...
Reading GEDI04_A_2021296125720_O16217_02_T10652_02_002_02_V002.h5 ...
Reading GEDI04_A_2021298173627_O16251_03_T08850_02_002_02_V002.h5 ...
Reading GEDI04_A_2021304095245_O16339_02_T05924_02_002_02_V002.h5 ...
Reading GEDI04_A_2021306143139_O16373_03_T05698_02_002_02_V002.h5 ...
Reading GEDI04_A_2021308082008_O16400_02_T10193_02_002_02_V002.h5 ...
Reading GEDI04_A_2021312064721_O16461_02_T07194_02_002_02_V002.h5 ...
Reading GEDI04_A_2021314112602_O16495_03_T06968_02_002_02_V002.h5 ...
Reading GEDI04_A_2021318095430_O16556_03_T09508_02_002_02_V002.h5 ...
Reading GEDI04_A_2021322082302_O16617_03_T07932_02_002_02_V002.h5 ...
Reading GEDI04_A_2021325012555_O16659_02_T07102_02_002_02_V002.h5 ...
Reading GEDI04_A_2021326065130_O16678_03_T00511_02_002_02_V002.h5 ...
Reading GEDI04_A_2021332222237_O16781_02_T08219_02_002_02_V002.h5 ...
Reading GEDI04_A_2021334034801_O16800_03_T08590_02_002_02_V002.h5 ...
Reading GEDI04_A_2021338021554_O16861_03_T11130_02_002_02_V002.h5 ...
Reading GEDI04_A_2021340191756_O16903_02_T10453_02_002_02_V002.h5 ...
Reading GEDI04_A_2021344174509_O16964_02_T08877_02_002_02_V002.h5 ...
Reading GEDI04_A_2021345231021_O16983_03_T06555_02_002_02_V002.h5 ...
Reading GEDI04_A_2021348161218_O17025_02_T07454_02_002_02_V002.h5 ...
Reading GEDI04_A_2021349213730_O17044_03_T10824_02_002_02_V002.h5 ...
Reading GEDI04_A_2021352143926_O17086_02_T10300_02_002_02_V002.h5 ...
Reading GEDI04_A_2021357183128_O17166_03_T07978_02_002_02_V002.h5 ...
Reading GEDI04_A_2021360113141_O17208_02_T06184_02_002_02_V002.h5 ...
Reading GEDI04_A_2021361165558_O17227_03_T08284_02_002_02_V002.h5 ...
Total good-quality shots across all files: 19162286
Shots inside field polygon: 495205
Indexing HLS granules and bands...
Total HLS granules found: 840
Saved metadata CSV: /s/chopin/e/proj/hyperspec/masfiq/csv_files/gedi_California_california_north_10_2021_whole_year_metadata.csv
Total samples with patches: 486568
