Mon Jun  8 13:16:55 2026       
+-----------------------------------------------------------------------------------------+
| NVIDIA-SMI 580.126.18             Driver Version: 580.126.18     CUDA Version: 13.0     |
+-----------------------------------------+------------------------+----------------------+
| GPU  Name                 Persistence-M | Bus-Id          Disp.A | Volatile Uncorr. ECC |
| Fan  Temp   Perf          Pwr:Usage/Cap |           Memory-Usage | GPU-Util  Compute M. |
|                                         |                        |               MIG M. |
|=========================================+========================+======================|
|   0  NVIDIA GeForce RTX 3090        Off |   00000000:01:00.0 Off |                  N/A |
| 36%   30C    P8             26W /  350W |      22MiB /  24576MiB |      0%      Default |
|                                         |                        |                  N/A |
+-----------------------------------------+------------------------+----------------------+
|   1  NVIDIA GeForce RTX 3090        Off |   00000000:21:00.0 Off |                  N/A |
| 38%   25C    P8             11W /  350W |      15MiB /  24576MiB |      0%      Default |
|                                         |                        |                  N/A |
+-----------------------------------------+------------------------+----------------------+
|   2  NVIDIA GeForce RTX 3090        Off |   00000000:4B:00.0 Off |                  N/A |
| 30%   24C    P8              8W /  350W |      15MiB /  24576MiB |      0%      Default |
|                                         |                        |                  N/A |
+-----------------------------------------+------------------------+----------------------+
|   3  NVIDIA GeForce RTX 3090        Off |   00000000:4C:00.0 Off |                  N/A |
| 37%   25C    P8             15W /  350W |      15MiB /  24576MiB |      0%      Default |
|                                         |                        |                  N/A |
+-----------------------------------------+------------------------+----------------------+

+-----------------------------------------------------------------------------------------+
| Processes:                                                                              |
|  GPU   GI   CI              PID   Type   Process name                        GPU Memory |
|        ID   ID                                                               Usage      |
|=========================================================================================|
|    0   N/A  N/A            2108      G   /usr/libexec/Xorg                        10MiB |
|    1   N/A  N/A            2108      G   /usr/libexec/Xorg                         4MiB |
|    2   N/A  N/A            2108      G   /usr/libexec/Xorg                         4MiB |
|    3   N/A  N/A            2108      G   /usr/libexec/Xorg                         4MiB |
+-----------------------------------------------------------------------------------------+
Device: cuda

[KOPPEN DEBUG] Loading legend from: /s/chopin/e/proj/hyperspec/masfiq/dataset/koppen_geiger_tif/legend.txt
[KOPPEN DEBUG] Legend exists: True
[KOPPEN DEBUG] Parsed legend class count: 30
[KOPPEN DEBUG] First 20 parsed codes: [1, 2, 3, 4, 5, 6, 7, 8, 9, 10, 11, 12, 13, 14, 15, 16, 17, 18, 19, 20]
[KOPPEN DEBUG] First 20 code_to_label: [(1, 'Af'), (2, 'Am'), (3, 'Aw'), (4, 'BWh'), (5, 'BWk'), (6, 'BSh'), (7, 'BSk'), (8, 'Csa'), (9, 'Csb'), (10, 'Csc'), (11, 'Cwa'), (12, 'Cwb'), (13, 'Cwc'), (14, 'Cfa'), (15, 'Cfb'), (16, 'Cfc'), (17, 'Dsa'), (18, 'Dsb'), (19, 'Dsc'), (20, 'Dsd')]
Gridmet dir added 

Sentinel-1 dir added


[S1 DEBUG] Sentinel1Lookup initialized
[S1 DEBUG] sentinel1_dir: /s/chopin/e/proj/hyperspec/masfiq/dataset/sentinel_1_data/sentinel_1_data_california_north_10_2021_April_toAugust
[S1 DEBUG] sentinel1_dir exists: True
[S1 DEBUG] Total Sentinel-1 measurement tif files found: 26
[S1 DEBUG] Number of Sentinel-1 scenes with VV/VH: 13
Sample x_img: torch.Size([14, 3, 3]) in_channels= 14
Sample S1_VV patch: tensor([[0.7243, 0.7183, 0.7194],
        [0.6790, 0.6708, 0.7057],
        [0.6591, 0.6708, 0.7078]])
Sample S1_VH patch: tensor([[0.5146, 0.5339, 0.5410],
        [0.5603, 0.5633, 0.5542],
        [0.5573, 0.5774, 0.5265]])
Sample S1_VV center: 0.6708486676216125
Sample S1_VH center: 0.5633171796798706
Sample gh_idx: torch.Size([7]) geohash_precision= 7
Sample x_aux: torch.Size([39]) aux_dim= 39
Sample y: 0.9617749452590942
Epoch 001 | Train MSE 4129.2234 MAE 40.4251 | Val MSE 3713.0582 MAE 39.6682
Epoch 002 | Train MSE 3755.8456 MAE 37.6335 | Val MSE 3713.0909 MAE 39.7607
Epoch 003 | Train MSE 3694.3392 MAE 37.0832 | Val MSE 3856.4448 MAE 42.5670
Epoch 004 | Train MSE 3650.1086 MAE 36.7737 | Val MSE 3530.2369 MAE 35.6265
Epoch 005 | Train MSE 3625.9987 MAE 36.5590 | Val MSE 3563.5187 MAE 34.7630
Epoch 006 | Train MSE 3606.6949 MAE 36.4104 | Val MSE 4319.0871 MAE 37.6195
Epoch 007 | Train MSE 3584.8158 MAE 36.2558 | Val MSE 3521.6500 MAE 37.2487
Epoch 008 | Train MSE 3565.8826 MAE 36.1346 | Val MSE 3743.6026 MAE 34.0598
Epoch 009 | Train MSE 3552.3158 MAE 36.0046 | Val MSE 3514.7051 MAE 37.8604
Epoch 010 | Train MSE 3535.8922 MAE 35.8831 | Val MSE 750496.5030 MAE 145.6381
Epoch 011 | Train MSE 3521.3427 MAE 35.7414 | Val MSE 881029.1255 MAE 175.4896
Epoch 012 | Train MSE 3514.0281 MAE 35.7078 | Val MSE 1892150.5617 MAE 221.9062
Epoch 013 | Train MSE 3504.4717 MAE 35.5599 | Val MSE 272363.6264 MAE 75.6838
Epoch 014 | Train MSE 3494.6421 MAE 35.5051 | Val MSE 87010.5396 MAE 64.7936
Epoch 015 | Train MSE 3491.3724 MAE 35.5158 | Val MSE 205909.7569 MAE 89.2714
Epoch 016 | Train MSE 3479.0544 MAE 35.4277 | Val MSE 4792237.5640 MAE 329.7398
Epoch 017 | Train MSE 3468.1185 MAE 35.2852 | Val MSE 1080544.0048 MAE 204.2956
Epoch 018 | Train MSE 3460.3866 MAE 35.2764 | Val MSE 1032847.7260 MAE 154.7198
Epoch 019 | Train MSE 3453.3230 MAE 35.1976 | Val MSE 810913.0468 MAE 114.7810
Epoch 020 | Train MSE 3442.6204 MAE 35.1109 | Val MSE 680912.2970 MAE 108.1788
Epoch 021 | Train MSE 3438.0080 MAE 35.0640 | Val MSE 3595.5617 MAE 35.4266
Epoch 022 | Train MSE 3433.2308 MAE 35.0351 | Val MSE 5197506.0576 MAE 274.9241
Epoch 023 | Train MSE 3427.8768 MAE 34.9889 | Val MSE 3146732.2785 MAE 208.7914
Epoch 024 | Train MSE 3433.0710 MAE 35.0108 | Val MSE 26947026.4685 MAE 860.5772
Epoch 025 | Train MSE 3423.4933 MAE 34.9475 | Val MSE 16168956.1069 MAE 527.4791
Epoch 026 | Train MSE 3416.9522 MAE 34.9043 | Val MSE 68104127.0745 MAE 1231.3561
Epoch 027 | Train MSE 3430.7335 MAE 35.0090 | Val MSE 81357636.2185 MAE 1550.7823
Epoch 028 | Train MSE 3426.1914 MAE 35.0237 | Val MSE 961586.3782 MAE 151.1400
Epoch 029 | Train MSE 3418.6460 MAE 34.9349 | Val MSE 590539.1474 MAE 122.0815
Epoch 030 | Train MSE 3408.4100 MAE 34.8482 | Val MSE 26472566.1085 MAE 952.8831
Epoch 031 | Train MSE 3419.9032 MAE 34.9510 | Val MSE 1623399.0380 MAE 177.7125
Epoch 032 | Train MSE 3411.3296 MAE 34.8644 | Val MSE 93135.3731 MAE 74.0109
Epoch 033 | Train MSE 3396.1665 MAE 34.7691 | Val MSE 574224.9727 MAE 103.5664
Epoch 034 | Train MSE 3392.4350 MAE 34.7242 | Val MSE 683596.6159 MAE 128.3930
Epoch 035 | Train MSE 3384.1631 MAE 34.6513 | Val MSE 864486.9861 MAE 142.4367
Epoch 036 | Train MSE 3376.4164 MAE 34.6114 | Val MSE 6850674.3891 MAE 913.0005
Epoch 037 | Train MSE 3422.8081 MAE 34.9777 | Val MSE 23263000.2831 MAE 272.7288
Epoch 038 | Train MSE 3463.5642 MAE 35.3476 | Val MSE 425837.1425 MAE 61.9032
Epoch 039 | Train MSE 3431.3347 MAE 35.0777 | Val MSE 1357444.0982 MAE 674.5145
Epoch 040 | Train MSE 3423.2090 MAE 35.0194 | Val MSE 3820.6302 MAE 35.7589
Epoch 041 | Train MSE 3409.3971 MAE 34.9155 | Val MSE 112968.6824 MAE 66.6607
Epoch 042 | Train MSE 3388.4726 MAE 34.7699 | Val MSE 87313.3349 MAE 53.4519
Epoch 043 | Train MSE 3372.9218 MAE 34.6180 | Val MSE 2545191.4125 MAE 203.2401
Epoch 044 | Train MSE 3368.3871 MAE 34.5924 | Val MSE 23733631.5093 MAE 623.8829
Epoch 045 | Train MSE 3358.9256 MAE 34.5282 | Val MSE 4361804.9010 MAE 175.1802
Epoch 046 | Train MSE 3346.7650 MAE 34.4573 | Val MSE 3700.7480 MAE 34.5058
Epoch 047 | Train MSE 3346.4537 MAE 34.4512 | Val MSE 139979942.1391 MAE 1534.0592
Epoch 048 | Train MSE 3348.0601 MAE 34.4949 | Val MSE 218223058.4440 MAE 2044.0560
Epoch 049 | Train MSE 3341.0234 MAE 34.4611 | Val MSE 1535763.3021 MAE 102.0244
Epoch 050 | Train MSE 3335.8236 MAE 34.4050 | Val MSE 87711.1749 MAE 52.1179
Epoch 051 | Train MSE 3334.8626 MAE 34.4286 | Val MSE 10546308.8765 MAE 237.9693
Epoch 052 | Train MSE 3328.1099 MAE 34.4010 | Val MSE 48299534.6434 MAE 886.5858
Epoch 053 | Train MSE 3322.2555 MAE 34.3696 | Val MSE 3685.1266 MAE 34.5458
Epoch 054 | Train MSE 3313.9801 MAE 34.3105 | Val MSE 23001645.3715 MAE 550.1978
Epoch 055 | Train MSE 3308.5177 MAE 34.3023 | Val MSE 43637580.7713 MAE 770.7404
Epoch 056 | Train MSE 3301.2488 MAE 34.2578 | Val MSE 3518.5403 MAE 35.0838
Epoch 057 | Train MSE 3296.9200 MAE 34.2181 | Val MSE 54477390.2467 MAE 994.4920
Epoch 058 | Train MSE 3286.0091 MAE 34.1753 | Val MSE 3647.8443 MAE 34.0868
Epoch 059 | Train MSE 3279.5242 MAE 34.1453 | Val MSE 3570.9586 MAE 34.3010
Epoch 060 | Train MSE 3278.7844 MAE 34.1248 | Val MSE 3579.0875 MAE 34.6184
Saved: /s/chopin/e/proj/hyperspec/masfiq/models/resnet101_version_1_fusion_geohash_month_koppen_withAttentionLayer_SAR1_California_North_10_2021.pth
