Mon Jul 27 01:34:38 2026       
+-----------------------------------------------------------------------------------------+
| NVIDIA-SMI 580.126.18             Driver Version: 580.126.18     CUDA Version: 13.0     |
+-----------------------------------------+------------------------+----------------------+
| GPU  Name                 Persistence-M | Bus-Id          Disp.A | Volatile Uncorr. ECC |
| Fan  Temp   Perf          Pwr:Usage/Cap |           Memory-Usage | GPU-Util  Compute M. |
|                                         |                        |               MIG M. |
|=========================================+========================+======================|
|   0  NVIDIA A100-SXM4-80GB          Off |   00000000:01:00.0 Off |                   On |
| N/A   32C    P0             73W /  500W |    3828MiB /  81920MiB |     N/A      Default |
|                                         |                        |              Enabled |
+-----------------------------------------+------------------------+----------------------+

+-----------------------------------------------------------------------------------------+
| MIG devices:                                                                            |
+------------------+----------------------------------+-----------+-----------------------+
| GPU  GI  CI  MIG |              Shared Memory-Usage |        Vol|        Shared         |
|      ID  ID  Dev |                Shared BAR1-Usage | SM     Unc| CE ENC  DEC  OFA  JPG |
|                  |                                  |        ECC|                       |
|==================+==================================+===========+=======================|
|  0    2   0   0  |             107MiB / 40192MiB    | 42      0 |  3   0    2    0    0 |
|                  |               0MiB / 24543MiB    |           |                       |
+------------------+----------------------------------+-----------+-----------------------+

+-----------------------------------------------------------------------------------------+
| Processes:                                                                              |
|  GPU   GI   CI              PID   Type   Process name                        GPU Memory |
|        ID   ID                                                               Usage      |
|=========================================================================================|
|  No running processes found                                                             |
+-----------------------------------------------------------------------------------------+
Device: cuda
[MEM] startup: use=0.4G peak=0.4G limit=n/a anon=0.4G file=0.0G slab=0.0G

[KOPPEN DEBUG] Loading legend from: /s/chopin/e/proj/hyperspec/masfiq/dataset/koppen_geiger_tif/legend.txt
[KOPPEN DEBUG] Legend exists: True
[KOPPEN DEBUG] Parsed legend class count: 30
[KOPPEN DEBUG] First 20 parsed codes: [1, 2, 3, 4, 5, 6, 7, 8, 9, 10, 11, 12, 13, 14, 15, 16, 17, 18, 19, 20]
[KOPPEN DEBUG] First 20 code_to_label: [(1, 'Af'), (2, 'Am'), (3, 'Aw'), (4, 'BWh'), (5, 'BWk'), (6, 'BSh'), (7, 'BSk'), (8, 'Csa'), (9, 'Csb'), (10, 'Csc'), (11, 'Cwa'), (12, 'Cwb'), (13, 'Cwc'), (14, 'Cfa'), (15, 'Cfb'), (16, 'Cfc'), (17, 'Dsa'), (18, 'Dsb'), (19, 'Dsc'), (20, 'Dsd')]
Gridmet dir added 

[GRIDMET] loaded subset cube (6, 365, 36, 126) (39.7 MB) lat 41.025..42.483 lon -124.725..-119.517
Sentinel-1 dir added


[S1 DEBUG] Sentinel1Lookup initialized
[S1 DEBUG] sentinel1_dir: /s/chopin/e/proj/hyperspec/masfiq/dataset/sentinel_1_data/sentinel_1_data_california_north_10_2021_April_toAugust
[S1 DEBUG] sentinel1_dir exists: True
[S1 DEBUG] Total Sentinel-1 measurement tif files found: 26
[S1 DEBUG] Number of Sentinel-1 scenes with VV/VH: 13
[LOADER] train workers=4 val workers=2 persistent=False prefetch=2
Sample x_img: torch.Size([14, 5, 5]) in_channels= 14
Sample S1_VV patch: tensor([[0.7364, 0.7492, 0.7253, 0.6977, 0.7373],
        [0.7337, 0.7399, 0.6750, 0.6694, 0.7204],
        [0.7337, 0.7442, 0.6764, 0.6325, 0.6722],
        [0.7272, 0.7602, 0.7183, 0.6651, 0.6636],
        [0.7213, 0.7556, 0.7111, 0.6680, 0.6868]])
Sample S1_VH patch: tensor([[0.6680, 0.6804, 0.6497, 0.5826, 0.5187],
        [0.6361, 0.6513, 0.6325, 0.6020, 0.5774],
        [0.6129, 0.6378, 0.6464, 0.6464, 0.6210],
        [0.6497, 0.6361, 0.6325, 0.6481, 0.6129],
        [0.6561, 0.6210, 0.5800, 0.6042, 0.5691]])
Sample S1_VV center: 0.6763633489608765
Sample S1_VH center: 0.6464128494262695
Sample gh_idx: torch.Size([7]) geohash_precision= 7
Sample x_aux: torch.Size([39]) aux_dim= 39
Sample y: 2.179750680923462
[MEM] ep001 train-start: use=0.8G peak=0.9G limit=n/a anon=0.6G file=0.2G slab=0.0G
[MEM] ep001 batch 1: use=0.9G peak=0.9G limit=n/a anon=0.7G file=0.2G slab=0.0G
[MEM] ep001 batch 2: use=1.6G peak=1.6G limit=n/a anon=1.4G file=0.2G slab=0.0G
[MEM] ep001 batch 3: use=1.6G peak=1.6G limit=n/a anon=1.4G file=0.2G slab=0.0G
[MEM] ep001 batch 4: use=1.6G peak=1.6G limit=n/a anon=1.4G file=0.2G slab=0.0G
[MEM] ep001 batch 5: use=1.6G peak=1.6G limit=n/a anon=1.4G file=0.2G slab=0.0G
[MEM] ep001 batch 500: use=1.8G peak=1.8G limit=n/a anon=1.5G file=0.2G slab=0.0G
[MEM] ep001 batch 1000: use=1.9G peak=1.9G limit=n/a anon=1.6G file=0.2G slab=0.0G
[MEM] ep001 batch 1500: use=1.9G peak=1.9G limit=n/a anon=1.7G file=0.2G slab=0.0G
[MEM] ep001 batch 2000: use=7.0G peak=7.0G limit=n/a anon=6.8G file=0.2G slab=0.0G
[MEM] ep001 batch 2500: use=21.7G peak=21.7G limit=n/a anon=21.4G file=0.2G slab=0.0G
[MEM] ep001 batch 3000: use=40.3G peak=40.3G limit=n/a anon=40.0G file=0.2G slab=0.0G
[MEM] ep001 batch 3500: use=49.5G peak=49.5G limit=n/a anon=49.1G file=0.2G slab=0.0G
[MEM] ep001 batch 4000: use=75.3G peak=75.3G limit=n/a anon=74.9G file=0.2G slab=0.0G
[MEM] ep001 batch 4500: use=102.2G peak=102.2G limit=n/a anon=101.8G file=0.2G slab=0.0G
[MEM] ep001 batch 5000: use=122.2G peak=122.2G limit=n/a anon=121.7G file=0.2G slab=0.0G
