Mon Jun  8 12:11:19 2026       
+-----------------------------------------------------------------------------------------+
| NVIDIA-SMI 580.126.18             Driver Version: 580.126.18     CUDA Version: 13.0     |
+-----------------------------------------+------------------------+----------------------+
| GPU  Name                 Persistence-M | Bus-Id          Disp.A | Volatile Uncorr. ECC |
| Fan  Temp   Perf          Pwr:Usage/Cap |           Memory-Usage | GPU-Util  Compute M. |
|                                         |                        |               MIG M. |
|=========================================+========================+======================|
|   0  NVIDIA A100-SXM4-80GB          Off |   00000000:01:00.0 Off |                   On |
| N/A   26C    P0             62W /  500W |     722MiB /  81920MiB |     N/A      Default |
|                                         |                        |              Enabled |
+-----------------------------------------+------------------------+----------------------+

+-----------------------------------------------------------------------------------------+
| MIG devices:                                                                            |
+------------------+----------------------------------+-----------+-----------------------+
| GPU  GI  CI  MIG |              Shared Memory-Usage |        Vol|        Shared         |
|      ID  ID  Dev |                Shared BAR1-Usage | SM     Unc| CE ENC  DEC  OFA  JPG |
|                  |                                  |        ECC|                       |
|==================+==================================+===========+=======================|
|  0    2   0   0  |             107MiB / 40192MiB    | 42      0 |  3   0    2    0    0 |
|                  |               0MiB / 24543MiB    |           |                       |
+------------------+----------------------------------+-----------+-----------------------+

+-----------------------------------------------------------------------------------------+
| Processes:                                                                              |
|  GPU   GI   CI              PID   Type   Process name                        GPU Memory |
|        ID   ID                                                               Usage      |
|=========================================================================================|
|  No running processes found                                                             |
+-----------------------------------------------------------------------------------------+
Device: cuda

[KOPPEN DEBUG] Loading legend from: /s/chopin/e/proj/hyperspec/masfiq/dataset/koppen_geiger_tif/legend.txt
[KOPPEN DEBUG] Legend exists: True
[KOPPEN DEBUG] Parsed legend class count: 30
[KOPPEN DEBUG] First 20 parsed codes: [1, 2, 3, 4, 5, 6, 7, 8, 9, 10, 11, 12, 13, 14, 15, 16, 17, 18, 19, 20]
[KOPPEN DEBUG] First 20 code_to_label: [(1, 'Af'), (2, 'Am'), (3, 'Aw'), (4, 'BWh'), (5, 'BWk'), (6, 'BSh'), (7, 'BSk'), (8, 'Csa'), (9, 'Csb'), (10, 'Csc'), (11, 'Cwa'), (12, 'Cwb'), (13, 'Cwc'), (14, 'Cfa'), (15, 'Cfb'), (16, 'Cfc'), (17, 'Dsa'), (18, 'Dsb'), (19, 'Dsc'), (20, 'Dsd')]
Gridmet dir added 

Sentinel-1 dir added


[S1 DEBUG] Sentinel1Lookup initialized
[S1 DEBUG] sentinel1_dir: /s/chopin/e/proj/hyperspec/masfiq/dataset/sentinel_1_data/sentinel_1_data_california_north_10_2021_April_toAugust
[S1 DEBUG] sentinel1_dir exists: True
[S1 DEBUG] Total Sentinel-1 measurement tif files found: 26
[S1 DEBUG] Number of Sentinel-1 scenes with VV/VH: 13
Sample x_img: torch.Size([14, 3, 3]) in_channels= 14
Sample S1_VV patch: tensor([[0.7243, 0.7183, 0.7194],
        [0.6790, 0.6708, 0.7057],
        [0.6591, 0.6708, 0.7078]])
Sample S1_VH patch: tensor([[0.5146, 0.5339, 0.5410],
        [0.5603, 0.5633, 0.5542],
        [0.5573, 0.5774, 0.5265]])
Sample S1_VV center: 0.6708486676216125
Sample S1_VH center: 0.5633171796798706
Sample gh_idx: torch.Size([7]) geohash_precision= 7
Sample x_aux: torch.Size([39]) aux_dim= 39
Sample y: 0.9617749452590942
Epoch 001 | Train MSE 4062.9913 MAE 39.0630 | Val MSE 3647.1248 MAE 35.1247
Epoch 002 | Train MSE 3604.4810 MAE 36.4586 | Val MSE 3765.4083 MAE 35.1117
Epoch 003 | Train MSE 3549.6339 MAE 35.8975 | Val MSE 3582.8585 MAE 37.8850
Epoch 004 | Train MSE 3513.4193 MAE 35.5439 | Val MSE 3746.5492 MAE 40.1932
Epoch 005 | Train MSE 3489.4329 MAE 35.3345 | Val MSE 3453.7367 MAE 35.9693
Epoch 006 | Train MSE 3472.4763 MAE 35.1832 | Val MSE 3832.8325 MAE 40.4711
Epoch 007 | Train MSE 3461.5778 MAE 35.0932 | Val MSE 3886.9121 MAE 35.2399
Epoch 008 | Train MSE 3446.3304 MAE 34.9568 | Val MSE 3373.0612 MAE 34.6456
Epoch 009 | Train MSE 3436.9966 MAE 34.9039 | Val MSE 3393.5833 MAE 34.9400
Epoch 010 | Train MSE 3428.9683 MAE 34.8484 | Val MSE 3376.6057 MAE 34.7310
Epoch 011 | Train MSE 3421.4398 MAE 34.7918 | Val MSE 3469.9090 MAE 33.3526
Epoch 012 | Train MSE 3414.5745 MAE 34.7255 | Val MSE 3414.0476 MAE 34.0031
Epoch 013 | Train MSE 3407.3547 MAE 34.6833 | Val MSE 3367.2875 MAE 35.1180
Epoch 014 | Train MSE 3400.4661 MAE 34.6327 | Val MSE 3357.3321 MAE 34.6992
Epoch 015 | Train MSE 3398.1903 MAE 34.6042 | Val MSE 3682.3786 MAE 34.7206
Epoch 016 | Train MSE 3389.9160 MAE 34.5608 | Val MSE 3386.3454 MAE 33.7753
Epoch 017 | Train MSE 3389.3630 MAE 34.5481 | Val MSE 3332.8380 MAE 35.5305
Epoch 018 | Train MSE 3383.5731 MAE 34.4985 | Val MSE 3342.1311 MAE 34.1769
Epoch 019 | Train MSE 3380.6350 MAE 34.4933 | Val MSE 3364.7996 MAE 34.7483
Epoch 020 | Train MSE 3375.8256 MAE 34.4497 | Val MSE 3356.7032 MAE 35.5254
Epoch 021 | Train MSE 3370.1979 MAE 34.4164 | Val MSE 3635.6876 MAE 38.2284
Epoch 022 | Train MSE 3369.1271 MAE 34.4123 | Val MSE 3362.6812 MAE 35.6349
Epoch 023 | Train MSE 3364.4748 MAE 34.3889 | Val MSE 3314.2038 MAE 33.7837
Epoch 024 | Train MSE 3356.7447 MAE 34.3532 | Val MSE 3296.6327 MAE 34.4042
