/s/chopin/e/proj/hyperspec/masfiq/biomass_estimation_test/model_train/resnet18_version_12_train.py:26: DeprecationWarning: GeoPandas is set to use PyGEOS over Shapely. PyGEOS support is deprecatedand will be removed in GeoPandas 1.0, released in the Q1 of 2024. Please migrate to Shapely 2.0 (https://geopandas.org/en/stable/docs/user_guide/pygeos_to_shapely.html).
  import geopandas as gpd
Traceback (most recent call last):
  File "/s/chopin/e/proj/hyperspec/masfiq/projenv/lib/python3.10/site-packages/torch/utils/data/dataloader.py", line 1243, in _try_get_data
    data = self._data_queue.get(timeout=timeout)
  File "/s/chopin/e/proj/hyperspec/masfiq/projenv/lib/python3.10/queue.py", line 179, in get
    raise Empty
_queue.Empty

The above exception was the direct cause of the following exception:

Traceback (most recent call last):
  File "/s/chopin/e/proj/hyperspec/masfiq/biomass_estimation_test/model_train/resnet18_version_12_train.py", line 1286, in <module>
    model = train_model(
  File "/s/chopin/e/proj/hyperspec/masfiq/biomass_estimation_test/model_train/resnet18_version_12_train.py", line 1207, in train_model
    for x_img, gh_idx, x_aux, y in train_loader:
  File "/s/chopin/e/proj/hyperspec/masfiq/projenv/lib/python3.10/site-packages/torch/utils/data/dataloader.py", line 701, in __next__
    data = self._next_data()
  File "/s/chopin/e/proj/hyperspec/masfiq/projenv/lib/python3.10/site-packages/torch/utils/data/dataloader.py", line 1448, in _next_data
    idx, data = self._get_data()
  File "/s/chopin/e/proj/hyperspec/masfiq/projenv/lib/python3.10/site-packages/torch/utils/data/dataloader.py", line 1402, in _get_data
    success, data = self._try_get_data()
  File "/s/chopin/e/proj/hyperspec/masfiq/projenv/lib/python3.10/site-packages/torch/utils/data/dataloader.py", line 1256, in _try_get_data
    raise RuntimeError(
RuntimeError: DataLoader worker (pid(s) 2840252) exited unexpectedly
[2026-07-26T19:04:21.623] error: Detected 1 oom_kill event in StepId=6665.0. Some of the step tasks have been OOM Killed.
srun: error: peregrine0: task 0: Out Of Memory
