Mon May 18 18:03:34 2026       
+-----------------------------------------------------------------------------------------+
| NVIDIA-SMI 580.126.18             Driver Version: 580.126.18     CUDA Version: 13.0     |
+-----------------------------------------+------------------------+----------------------+
| GPU  Name                 Persistence-M | Bus-Id          Disp.A | Volatile Uncorr. ECC |
| Fan  Temp   Perf          Pwr:Usage/Cap |           Memory-Usage | GPU-Util  Compute M. |
|                                         |                        |               MIG M. |
|=========================================+========================+======================|
|   0  NVIDIA A100-SXM4-80GB          Off |   00000000:01:00.0 Off |                   On |
| N/A   24C    P0             50W /  500W |     213MiB /  81920MiB |     N/A      Default |
|                                         |                        |              Enabled |
+-----------------------------------------+------------------------+----------------------+

+-----------------------------------------------------------------------------------------+
| MIG devices:                                                                            |
+------------------+----------------------------------+-----------+-----------------------+
| GPU  GI  CI  MIG |              Shared Memory-Usage |        Vol|        Shared         |
|      ID  ID  Dev |                Shared BAR1-Usage | SM     Unc| CE ENC  DEC  OFA  JPG |
|                  |                                  |        ECC|                       |
|==================+==================================+===========+=======================|
|  0    1   0   0  |             107MiB / 40192MiB    | 42      0 |  3   0    2    0    0 |
|                  |               0MiB / 24543MiB    |           |                       |
+------------------+----------------------------------+-----------+-----------------------+

+-----------------------------------------------------------------------------------------+
| Processes:                                                                              |
|  GPU   GI   CI              PID   Type   Process name                        GPU Memory |
|        ID   ID                                                               Usage      |
|=========================================================================================|
|  No running processes found                                                             |
+-----------------------------------------------------------------------------------------+
Device: cuda

[KOPPEN DEBUG] Loading legend from: /s/chopin/e/proj/hyperspec/masfiq/dataset/koppen_geiger_tif/legend.txt
[KOPPEN DEBUG] Legend exists: True
[KOPPEN DEBUG] Parsed legend class count: 30
[KOPPEN DEBUG] First 20 parsed codes: [1, 2, 3, 4, 5, 6, 7, 8, 9, 10, 11, 12, 13, 14, 15, 16, 17, 18, 19, 20]
[KOPPEN DEBUG] First 20 code_to_label: [(1, 'Af'), (2, 'Am'), (3, 'Aw'), (4, 'BWh'), (5, 'BWk'), (6, 'BSh'), (7, 'BSk'), (8, 'Csa'), (9, 'Csb'), (10, 'Csc'), (11, 'Cwa'), (12, 'Cwb'), (13, 'Cwc'), (14, 'Cfa'), (15, 'Cfb'), (16, 'Cfc'), (17, 'Dsa'), (18, 'Dsb'), (19, 'Dsc'), (20, 'Dsd')]
Sample x_img: torch.Size([12, 3, 3]) in_channels= 12
Sample gh_idx: torch.Size([7]) geohash_precision= 7
Sample x_aux: torch.Size([33]) aux_dim= 33
Sample y: 0.9617749452590942
Epoch 001 | Train MSE 3732.0653 MAE 36.8649 | Val MSE 3357.3695 MAE 35.4483
Epoch 002 | Train MSE 3486.3940 MAE 35.2753 | Val MSE 3308.9510 MAE 33.8142
Epoch 003 | Train MSE 3424.9838 MAE 34.7552 | Val MSE 3377.2068 MAE 34.4670
Epoch 004 | Train MSE 3390.8379 MAE 34.4941 | Val MSE 3247.7567 MAE 33.8068
Epoch 005 | Train MSE 3366.5500 MAE 34.2877 | Val MSE 3272.9045 MAE 33.1401
Epoch 006 | Train MSE 3350.2029 MAE 34.1722 | Val MSE 3227.1172 MAE 33.8504
Epoch 007 | Train MSE 3331.1461 MAE 34.0405 | Val MSE 3210.4229 MAE 33.5584
Epoch 008 | Train MSE 3318.3156 MAE 33.9610 | Val MSE 3321.4833 MAE 33.4703
Epoch 009 | Train MSE 3303.7289 MAE 33.8951 | Val MSE 3174.0607 MAE 33.6794
Epoch 010 | Train MSE 3288.4650 MAE 33.8094 | Val MSE 3168.2066 MAE 33.5585
Epoch 011 | Train MSE 3274.2474 MAE 33.7419 | Val MSE 3205.7418 MAE 33.4807
Epoch 012 | Train MSE 3256.9800 MAE 33.6577 | Val MSE 3133.1841 MAE 33.5297
Epoch 013 | Train MSE 3243.3780 MAE 33.5886 | Val MSE 3156.8196 MAE 33.4537
Epoch 014 | Train MSE 3232.2720 MAE 33.5355 | Val MSE 3229.6095 MAE 33.5239
Epoch 015 | Train MSE 3227.6200 MAE 33.5019 | Val MSE 3182.5206 MAE 32.6224
Epoch 016 | Train MSE 3225.3624 MAE 33.5477 | Val MSE 3111.5664 MAE 33.0981
Epoch 017 | Train MSE 3204.3436 MAE 33.4033 | Val MSE 3086.3127 MAE 32.7032
Epoch 018 | Train MSE 3191.9963 MAE 33.3399 | Val MSE 3079.2167 MAE 32.6932
Epoch 019 | Train MSE 3187.0494 MAE 33.2998 | Val MSE 3102.6215 MAE 33.1421
Epoch 020 | Train MSE 3175.8972 MAE 33.2278 | Val MSE 3078.0010 MAE 32.8039
Epoch 021 | Train MSE 3168.2585 MAE 33.2121 | Val MSE 3366.5522 MAE 33.1117
Epoch 022 | Train MSE 3158.2798 MAE 33.1455 | Val MSE 3319.1678 MAE 32.9820
Epoch 023 | Train MSE 3155.0816 MAE 33.1122 | Val MSE 3085.1941 MAE 32.3858
Epoch 024 | Train MSE 3139.5370 MAE 33.0444 | Val MSE 3073.3575 MAE 32.6103
Epoch 025 | Train MSE 3138.9792 MAE 33.0319 | Val MSE 3095.4825 MAE 32.8393
Epoch 026 | Train MSE 3132.0527 MAE 32.9827 | Val MSE 3062.8813 MAE 32.2032
Epoch 027 | Train MSE 3121.5834 MAE 32.9390 | Val MSE 3077.8360 MAE 32.7705
Epoch 028 | Train MSE 3114.7899 MAE 32.8986 | Val MSE 3172.4157 MAE 33.0353
Epoch 029 | Train MSE 3109.1282 MAE 32.8863 | Val MSE 3331.2550 MAE 32.5160
Epoch 030 | Train MSE 3106.4216 MAE 32.8524 | Val MSE 3083.9512 MAE 33.9403
Epoch 031 | Train MSE 3102.6190 MAE 32.8596 | Val MSE 3042.0361 MAE 32.6705
Epoch 032 | Train MSE 3096.7345 MAE 32.8110 | Val MSE 3027.9513 MAE 32.6310
Epoch 033 | Train MSE 3090.0796 MAE 32.7783 | Val MSE 3056.4709 MAE 33.1396
Epoch 034 | Train MSE 3083.1182 MAE 32.7316 | Val MSE 3362.6268 MAE 32.9608
Epoch 035 | Train MSE 3085.0361 MAE 32.7189 | Val MSE 3021.8563 MAE 32.5490
Epoch 036 | Train MSE 3073.8670 MAE 32.6662 | Val MSE 3038.8311 MAE 32.5417
Epoch 037 | Train MSE 3065.9858 MAE 32.6284 | Val MSE 3027.0069 MAE 32.8048
Epoch 038 | Train MSE 3065.0498 MAE 32.6176 | Val MSE 3009.7196 MAE 33.0524
Epoch 039 | Train MSE 3053.8483 MAE 32.5536 | Val MSE 3017.9279 MAE 32.4508
Epoch 040 | Train MSE 3053.4604 MAE 32.5423 | Val MSE 3024.9964 MAE 32.8546
Epoch 041 | Train MSE 3046.7366 MAE 32.5101 | Val MSE 3024.0778 MAE 32.4331
Epoch 042 | Train MSE 3044.9355 MAE 32.4955 | Val MSE 3016.6395 MAE 32.8103
Epoch 043 | Train MSE 3039.2299 MAE 32.4637 | Val MSE 3031.4008 MAE 32.9827
Epoch 044 | Train MSE 3032.5148 MAE 32.4474 | Val MSE 3150.0049 MAE 32.5015
Epoch 045 | Train MSE 3031.1305 MAE 32.4438 | Val MSE 3003.2804 MAE 32.6050
Epoch 046 | Train MSE 3024.2737 MAE 32.4029 | Val MSE 3027.6324 MAE 32.0213
Epoch 047 | Train MSE 3015.5059 MAE 32.3591 | Val MSE 3012.1219 MAE 32.9736
Epoch 048 | Train MSE 3020.1011 MAE 32.3649 | Val MSE 3016.2860 MAE 32.5242
Epoch 049 | Train MSE 3007.4989 MAE 32.3262 | Val MSE 2999.7050 MAE 32.7330
Epoch 050 | Train MSE 3003.2815 MAE 32.2982 | Val MSE 2994.6184 MAE 32.4993
Epoch 051 | Train MSE 3002.6276 MAE 32.2930 | Val MSE 3007.8530 MAE 32.2265
Epoch 052 | Train MSE 2996.2344 MAE 32.2409 | Val MSE 3012.9886 MAE 33.2396
Epoch 053 | Train MSE 2994.6538 MAE 32.2167 | Val MSE 2999.1579 MAE 32.8567
Epoch 054 | Train MSE 2986.0133 MAE 32.1990 | Val MSE 2997.5556 MAE 33.0656
Epoch 055 | Train MSE 2977.0573 MAE 32.1404 | Val MSE 3001.7162 MAE 32.6455
Epoch 056 | Train MSE 2978.9072 MAE 32.1452 | Val MSE 3402.1655 MAE 33.0272
Epoch 057 | Train MSE 2972.9667 MAE 32.1279 | Val MSE 3008.0273 MAE 32.9944
Epoch 058 | Train MSE 2966.9148 MAE 32.0994 | Val MSE 2990.1117 MAE 32.0689
Epoch 059 | Train MSE 2961.2509 MAE 32.0788 | Val MSE 3065.2905 MAE 32.2014
Epoch 060 | Train MSE 2960.4755 MAE 32.0730 | Val MSE 3033.1064 MAE 32.9826
Saved: /s/chopin/e/proj/hyperspec/masfiq/models/resnet18_fusion_geohash_month_koppen_withAttentionLayer_California_North_10_2021.pth
