Tue May 19 19:06:49 2026       
+-----------------------------------------------------------------------------------------+
| NVIDIA-SMI 580.126.18             Driver Version: 580.126.18     CUDA Version: 13.0     |
+-----------------------------------------+------------------------+----------------------+
| GPU  Name                 Persistence-M | Bus-Id          Disp.A | Volatile Uncorr. ECC |
| Fan  Temp   Perf          Pwr:Usage/Cap |           Memory-Usage | GPU-Util  Compute M. |
|                                         |                        |               MIG M. |
|=========================================+========================+======================|
|   0  NVIDIA A100-SXM4-80GB          Off |   00000000:01:00.0 Off |                   On |
| N/A   25C    P0             51W /  500W |     213MiB /  81920MiB |     N/A      Default |
|                                         |                        |              Enabled |
+-----------------------------------------+------------------------+----------------------+

+-----------------------------------------------------------------------------------------+
| MIG devices:                                                                            |
+------------------+----------------------------------+-----------+-----------------------+
| GPU  GI  CI  MIG |              Shared Memory-Usage |        Vol|        Shared         |
|      ID  ID  Dev |                Shared BAR1-Usage | SM     Unc| CE ENC  DEC  OFA  JPG |
|                  |                                  |        ECC|                       |
|==================+==================================+===========+=======================|
|  0    1   0   0  |             107MiB / 40192MiB    | 42      0 |  3   0    2    0    0 |
|                  |               0MiB / 24543MiB    |           |                       |
+------------------+----------------------------------+-----------+-----------------------+

+-----------------------------------------------------------------------------------------+
| Processes:                                                                              |
|  GPU   GI   CI              PID   Type   Process name                        GPU Memory |
|        ID   ID                                                               Usage      |
|=========================================================================================|
|  No running processes found                                                             |
+-----------------------------------------------------------------------------------------+
Device: cuda

[KOPPEN DEBUG] Loading legend from: /s/chopin/e/proj/hyperspec/masfiq/dataset/koppen_geiger_tif/legend.txt
[KOPPEN DEBUG] Legend exists: True
[KOPPEN DEBUG] Parsed legend class count: 30
[KOPPEN DEBUG] First 20 parsed codes: [1, 2, 3, 4, 5, 6, 7, 8, 9, 10, 11, 12, 13, 14, 15, 16, 17, 18, 19, 20]
[KOPPEN DEBUG] First 20 code_to_label: [(1, 'Af'), (2, 'Am'), (3, 'Aw'), (4, 'BWh'), (5, 'BWk'), (6, 'BSh'), (7, 'BSk'), (8, 'Csa'), (9, 'Csb'), (10, 'Csc'), (11, 'Cwa'), (12, 'Cwb'), (13, 'Cwc'), (14, 'Cfa'), (15, 'Cfb'), (16, 'Cfc'), (17, 'Dsa'), (18, 'Dsb'), (19, 'Dsc'), (20, 'Dsd')]
Sample x_img: torch.Size([8, 3, 3]) in_channels= 8
Sample gh_idx: torch.Size([7]) geohash_precision= 7
Sample x_aux: torch.Size([33]) aux_dim= 33
Sample y: 0.9617749452590942
Epoch 001 | Train MSE 4390.1303 MAE 42.4818 | Val MSE 4167.5644 MAE 39.8366
Epoch 002 | Train MSE 4452.2382 MAE 43.3397 | Val MSE 47173.0153 MAE 192.9720
Epoch 003 | Train MSE 5585.8811 MAE 50.0061 | Val MSE 8434.0459 MAE 55.9085
Epoch 004 | Train MSE nan MAE nan | Val MSE 11333.0780 MAE 88.9782
Epoch 005 | Train MSE nan MAE nan | Val MSE 8465.5558 MAE 55.9673
Epoch 006 | Train MSE nan MAE nan | Val MSE 8364.0698 MAE 55.7475
Epoch 007 | Train MSE nan MAE nan | Val MSE 8342.9894 MAE 55.5380
Epoch 008 | Train MSE nan MAE nan | Val MSE 92777.2620 MAE 269.4661
Epoch 009 | Train MSE nan MAE nan | Val MSE 8258.3577 MAE 57.5366
Epoch 010 | Train MSE nan MAE nan | Val MSE 768463.4388 MAE 782.6433
Epoch 011 | Train MSE nan MAE nan | Val MSE 10508058.5506 MAE 2882.3498
Epoch 012 | Train MSE nan MAE nan | Val MSE 8260.3645 MAE 57.9607
Epoch 013 | Train MSE nan MAE nan | Val MSE 14593977.7891 MAE 3394.2542
Epoch 014 | Train MSE nan MAE nan | Val MSE nan MAE nan
Epoch 015 | Train MSE nan MAE nan | Val MSE nan MAE nan
Epoch 016 | Train MSE nan MAE nan | Val MSE nan MAE nan
Epoch 017 | Train MSE nan MAE nan | Val MSE nan MAE nan
Epoch 018 | Train MSE nan MAE nan | Val MSE nan MAE nan
Epoch 019 | Train MSE nan MAE nan | Val MSE nan MAE nan
Epoch 020 | Train MSE nan MAE nan | Val MSE nan MAE nan
Epoch 021 | Train MSE nan MAE nan | Val MSE nan MAE nan
Epoch 022 | Train MSE nan MAE nan | Val MSE nan MAE nan
Epoch 023 | Train MSE nan MAE nan | Val MSE nan MAE nan
Epoch 024 | Train MSE nan MAE nan | Val MSE nan MAE nan
Epoch 025 | Train MSE nan MAE nan | Val MSE nan MAE nan
Epoch 026 | Train MSE nan MAE nan | Val MSE nan MAE nan
Epoch 027 | Train MSE nan MAE nan | Val MSE nan MAE nan
Epoch 028 | Train MSE nan MAE nan | Val MSE nan MAE nan
Epoch 029 | Train MSE nan MAE nan | Val MSE nan MAE nan
Epoch 030 | Train MSE nan MAE nan | Val MSE nan MAE nan
Epoch 031 | Train MSE nan MAE nan | Val MSE nan MAE nan
Epoch 032 | Train MSE nan MAE nan | Val MSE nan MAE nan
Epoch 033 | Train MSE nan MAE nan | Val MSE nan MAE nan
Epoch 034 | Train MSE nan MAE nan | Val MSE nan MAE nan
Epoch 035 | Train MSE nan MAE nan | Val MSE nan MAE nan
Epoch 036 | Train MSE nan MAE nan | Val MSE nan MAE nan
Epoch 037 | Train MSE nan MAE nan | Val MSE nan MAE nan
Epoch 038 | Train MSE nan MAE nan | Val MSE nan MAE nan
Epoch 039 | Train MSE nan MAE nan | Val MSE nan MAE nan
Epoch 040 | Train MSE nan MAE nan | Val MSE nan MAE nan
Epoch 041 | Train MSE nan MAE nan | Val MSE nan MAE nan
Epoch 042 | Train MSE nan MAE nan | Val MSE nan MAE nan
Epoch 043 | Train MSE nan MAE nan | Val MSE nan MAE nan
Epoch 044 | Train MSE nan MAE nan | Val MSE nan MAE nan
Epoch 045 | Train MSE nan MAE nan | Val MSE nan MAE nan
Epoch 046 | Train MSE nan MAE nan | Val MSE nan MAE nan
Epoch 047 | Train MSE nan MAE nan | Val MSE nan MAE nan
Epoch 048 | Train MSE nan MAE nan | Val MSE nan MAE nan
Epoch 049 | Train MSE nan MAE nan | Val MSE nan MAE nan
Epoch 050 | Train MSE nan MAE nan | Val MSE nan MAE nan
Epoch 051 | Train MSE nan MAE nan | Val MSE nan MAE nan
Epoch 052 | Train MSE nan MAE nan | Val MSE nan MAE nan
Epoch 053 | Train MSE nan MAE nan | Val MSE nan MAE nan
Epoch 054 | Train MSE nan MAE nan | Val MSE nan MAE nan
Epoch 055 | Train MSE nan MAE nan | Val MSE nan MAE nan
Epoch 056 | Train MSE nan MAE nan | Val MSE nan MAE nan
Epoch 057 | Train MSE nan MAE nan | Val MSE nan MAE nan
Epoch 058 | Train MSE nan MAE nan | Val MSE nan MAE nan
Epoch 059 | Train MSE nan MAE nan | Val MSE nan MAE nan
Epoch 060 | Train MSE nan MAE nan | Val MSE nan MAE nan
Saved: /s/chopin/e/proj/hyperspec/masfiq/models/resnet18_version_5_fusion_geohash_month_koppen_withAttentionLayer_California_North_10_2021.pth
