Device: cuda
Sample x_img: torch.Size([12, 3, 3]) in_channels= 12
Sample gh_idx: torch.Size([7]) geohash_precision= 7
Sample x_aux: torch.Size([3]) aux_dim= 3
Sample y: 7.456587791442871
Epoch 001 | Train MSE 1032.1136 MAE 20.1164 | Val MSE 928.2788 MAE 18.8965
Epoch 002 | Train MSE 968.7389 MAE 19.2917 | Val MSE 1022.0285 MAE 18.3243
Epoch 003 | Train MSE 949.1940 MAE 18.9890 | Val MSE 900.8842 MAE 18.7290
Epoch 004 | Train MSE 934.7957 MAE 18.8226 | Val MSE 924.9675 MAE 19.4989
Epoch 005 | Train MSE 924.9172 MAE 18.6699 | Val MSE 873.3182 MAE 18.0214
Epoch 006 | Train MSE 912.4510 MAE 18.5019 | Val MSE 871.1784 MAE 17.8248
Epoch 007 | Train MSE 903.7350 MAE 18.3940 | Val MSE 865.3784 MAE 17.6364
Epoch 008 | Train MSE 894.0925 MAE 18.2849 | Val MSE 1261.7846 MAE 25.2490
Epoch 009 | Train MSE 887.8205 MAE 18.1641 | Val MSE 860.5724 MAE 18.0912
Epoch 010 | Train MSE 884.2760 MAE 18.1283 | Val MSE 851.4160 MAE 18.0881
Epoch 011 | Train MSE 878.6094 MAE 18.0307 | Val MSE 918.9516 MAE 20.2990
Epoch 012 | Train MSE 874.1748 MAE 17.9683 | Val MSE 1029.0467 MAE 22.3271
Epoch 013 | Train MSE 871.1013 MAE 17.9422 | Val MSE 858.7947 MAE 18.9015
Epoch 014 | Train MSE 869.2255 MAE 17.9077 | Val MSE 852.8885 MAE 17.1777
Epoch 015 | Train MSE 864.5180 MAE 17.8590 | Val MSE 858.7159 MAE 18.5859
Epoch 016 | Train MSE 862.9333 MAE 17.8350 | Val MSE 845.7348 MAE 17.7365
Epoch 017 | Train MSE 859.0474 MAE 17.7974 | Val MSE 855.5974 MAE 17.0499
Epoch 018 | Train MSE 854.6770 MAE 17.7383 | Val MSE 890.2825 MAE 17.4720
Epoch 019 | Train MSE 851.3975 MAE 17.7105 | Val MSE 882.3059 MAE 17.4679
Epoch 020 | Train MSE 850.1511 MAE 17.7002 | Val MSE 827.7575 MAE 17.5531
Epoch 021 | Train MSE 846.7557 MAE 17.6365 | Val MSE 999.6248 MAE 21.4848
Epoch 022 | Train MSE 844.6020 MAE 17.6084 | Val MSE 835.4101 MAE 18.3259
Epoch 023 | Train MSE 842.2407 MAE 17.6015 | Val MSE 873.7953 MAE 17.4617
Epoch 024 | Train MSE 841.0239 MAE 17.5874 | Val MSE 868.5857 MAE 17.3256
Epoch 025 | Train MSE 838.5619 MAE 17.5513 | Val MSE 955.0953 MAE 20.4056
Epoch 026 | Train MSE 834.5053 MAE 17.5047 | Val MSE 828.5320 MAE 17.8414
Epoch 027 | Train MSE 832.3789 MAE 17.4732 | Val MSE 1282.1901 MAE 20.6833
Epoch 028 | Train MSE 830.1873 MAE 17.4298 | Val MSE 824.8667 MAE 18.2208
Epoch 029 | Train MSE 825.8760 MAE 17.4043 | Val MSE 989.7459 MAE 18.7720
Epoch 030 | Train MSE 823.9235 MAE 17.3736 | Val MSE 841.2446 MAE 18.8639
Epoch 031 | Train MSE 822.1880 MAE 17.3538 | Val MSE 823.5169 MAE 18.4991
Epoch 032 | Train MSE 820.6593 MAE 17.3341 | Val MSE 908.6462 MAE 17.2641
Epoch 033 | Train MSE 818.8532 MAE 17.3188 | Val MSE 840.2041 MAE 18.6081
Epoch 034 | Train MSE 816.1957 MAE 17.2823 | Val MSE 1169.4614 MAE 20.4166
Epoch 035 | Train MSE 814.7887 MAE 17.2537 | Val MSE 839.5689 MAE 18.4413
Epoch 036 | Train MSE 810.1678 MAE 17.2336 | Val MSE 819.4011 MAE 17.9378
Epoch 037 | Train MSE 810.1147 MAE 17.2170 | Val MSE 840.8287 MAE 18.2988
Epoch 038 | Train MSE 806.3184 MAE 17.1754 | Val MSE 808.8008 MAE 17.7659
Epoch 039 | Train MSE 807.0906 MAE 17.1760 | Val MSE 877.0118 MAE 19.3940
Epoch 040 | Train MSE 807.6829 MAE 17.1671 | Val MSE 805.3790 MAE 17.6807
Epoch 041 | Train MSE 804.5949 MAE 17.1437 | Val MSE 808.2362 MAE 17.5829
Epoch 042 | Train MSE 804.6510 MAE 17.1456 | Val MSE 798.2862 MAE 17.6028
Epoch 043 | Train MSE 800.0274 MAE 17.0873 | Val MSE 807.0237 MAE 17.7729
Epoch 044 | Train MSE 798.2841 MAE 17.0826 | Val MSE 818.4849 MAE 18.3000
Epoch 045 | Train MSE 797.6173 MAE 17.0668 | Val MSE 996.3885 MAE 18.2304
Epoch 046 | Train MSE 795.0314 MAE 17.0371 | Val MSE 859.6180 MAE 19.3302
Epoch 047 | Train MSE 793.5108 MAE 17.0254 | Val MSE 803.9130 MAE 17.6576
Epoch 048 | Train MSE 792.5149 MAE 17.0333 | Val MSE 830.5588 MAE 18.8449
Epoch 049 | Train MSE 790.9019 MAE 17.0078 | Val MSE 810.1732 MAE 17.0459
Epoch 050 | Train MSE 789.6675 MAE 16.9935 | Val MSE 791.6475 MAE 17.2324
Epoch 051 | Train MSE 789.7767 MAE 16.9841 | Val MSE 805.3845 MAE 18.0132
Epoch 052 | Train MSE 787.3581 MAE 16.9628 | Val MSE 1374.6785 MAE 22.1568
Epoch 053 | Train MSE 787.1295 MAE 16.9672 | Val MSE 792.4214 MAE 17.4895
Epoch 054 | Train MSE 782.1239 MAE 16.9108 | Val MSE 817.4658 MAE 17.9027
Epoch 055 | Train MSE 784.1681 MAE 16.9246 | Val MSE 905.1889 MAE 20.1296
Epoch 056 | Train MSE 782.5915 MAE 16.9182 | Val MSE 855.5902 MAE 19.3084
Epoch 057 | Train MSE 779.9356 MAE 16.9097 | Val MSE 806.1654 MAE 17.7965
Epoch 058 | Train MSE 778.0542 MAE 16.8743 | Val MSE 831.5590 MAE 18.6616
Epoch 059 | Train MSE 779.8068 MAE 16.9037 | Val MSE 845.1840 MAE 17.0797
Epoch 060 | Train MSE 777.8318 MAE 16.8574 | Val MSE 802.2173 MAE 17.6779
Saved: /s/chopin/e/proj/hyperspec/masfiq/models/resnet18_fusion_geohash_month_koppen_California_North_12.pth
