Using SCRATCH_DIR=/tmp
-rwx------ 1 C837214995 grad 12M Mar 12 15:35 /tmp/koppen.tif
Thu Mar 12 15:35:44 2026       
+-----------------------------------------------------------------------------------------+
| NVIDIA-SMI 580.126.18             Driver Version: 580.126.18     CUDA Version: 13.0     |
+-----------------------------------------+------------------------+----------------------+
| GPU  Name                 Persistence-M | Bus-Id          Disp.A | Volatile Uncorr. ECC |
| Fan  Temp   Perf          Pwr:Usage/Cap |           Memory-Usage | GPU-Util  Compute M. |
|                                         |                        |               MIG M. |
|=========================================+========================+======================|
|   0  NVIDIA A100-SXM4-80GB          Off |   00000000:01:00.0 Off |                   On |
| N/A   46C    P0             59W /  500W |     213MiB /  81920MiB |     N/A      Default |
|                                         |                        |              Enabled |
+-----------------------------------------+------------------------+----------------------+

+-----------------------------------------------------------------------------------------+
| MIG devices:                                                                            |
+------------------+----------------------------------+-----------+-----------------------+
| GPU  GI  CI  MIG |              Shared Memory-Usage |        Vol|        Shared         |
|      ID  ID  Dev |                Shared BAR1-Usage | SM     Unc| CE ENC  DEC  OFA  JPG |
|                  |                                  |        ECC|                       |
|==================+==================================+===========+=======================|
|  0    1   0   0  |             107MiB / 40192MiB    | 42      0 |  3   0    2    0    0 |
|                  |               0MiB / 24543MiB    |           |                       |
+------------------+----------------------------------+-----------+-----------------------+

+-----------------------------------------------------------------------------------------+
| Processes:                                                                              |
|  GPU   GI   CI              PID   Type   Process name                        GPU Memory |
|        ID   ID                                                               Usage      |
|=========================================================================================|
|  No running processes found                                                             |
+-----------------------------------------------------------------------------------------+
Using device: cuda
in_channels = 12 | aux_dim = 3 | geohash_len = 7
target_col  = agbd_center
Loaded checkpoint: /s/chopin/e/proj/hyperspec/masfiq/models/resnet18_fusion_geohash_month_koppen_California_North_12.pth
MAE=17.2813  RMSE=27.6908
Saved: /s/chopin/e/proj/hyperspec/masfiq/dataset/csv_files/gedi_with_predictions_fusion_California_North_12.csv
         lat         lon  ... agbd_center   agbd_pred
0  41.645396 -121.659789  ...    7.456588   27.654961
1  41.643598 -121.656456  ...   17.949905   37.485851
2  41.625938 -121.623665  ...   16.131597   43.737640
3  41.625636 -121.623110  ...   23.987176   80.353767
4  41.620518 -121.613654  ...   11.401598   48.605556
5  41.620216 -121.613097  ...   48.726010  102.276558
6  41.619309 -121.611425  ...   34.405911   73.355637
7  41.619006 -121.610868  ...   36.634840   76.429329
8  41.617793 -121.608640  ...   44.797231   91.091545
9  41.613588 -121.600840  ...   43.496253  117.107231

[10 rows x 7 columns]
