Thu Jul 16 10:00:57 2026       
+-----------------------------------------------------------------------------------------+
| NVIDIA-SMI 580.126.18             Driver Version: 580.126.18     CUDA Version: 13.0     |
+-----------------------------------------+------------------------+----------------------+
| GPU  Name                 Persistence-M | Bus-Id          Disp.A | Volatile Uncorr. ECC |
| Fan  Temp   Perf          Pwr:Usage/Cap |           Memory-Usage | GPU-Util  Compute M. |
|                                         |                        |               MIG M. |
|=========================================+========================+======================|
|   0  NVIDIA A100-SXM4-80GB          Off |   00000000:01:00.0 Off |                   On |
| N/A   43C    P0             70W /  500W |     718MiB /  81920MiB |     N/A      Default |
|                                         |                        |              Enabled |
+-----------------------------------------+------------------------+----------------------+

+-----------------------------------------------------------------------------------------+
| MIG devices:                                                                            |
+------------------+----------------------------------+-----------+-----------------------+
| GPU  GI  CI  MIG |              Shared Memory-Usage |        Vol|        Shared         |
|      ID  ID  Dev |                Shared BAR1-Usage | SM     Unc| CE ENC  DEC  OFA  JPG |
|                  |                                  |        ECC|                       |
|==================+==================================+===========+=======================|
|  0    2   0   0  |             107MiB / 40192MiB    | 42      0 |  3   0    2    0    0 |
|                  |               0MiB / 24543MiB    |           |                       |
+------------------+----------------------------------+-----------+-----------------------+

+-----------------------------------------------------------------------------------------+
| Processes:                                                                              |
|  GPU   GI   CI              PID   Type   Process name                        GPU Memory |
|        ID   ID                                                               Usage      |
|=========================================================================================|
|  No running processes found                                                             |
+-----------------------------------------------------------------------------------------+
Device: cuda

[KOPPEN DEBUG] Loading legend from: /s/chopin/e/proj/hyperspec/masfiq/dataset/koppen_geiger_tif/legend.txt
[KOPPEN DEBUG] Legend exists: True
[KOPPEN DEBUG] Parsed legend class count: 30
[KOPPEN DEBUG] First 20 parsed codes: [1, 2, 3, 4, 5, 6, 7, 8, 9, 10, 11, 12, 13, 14, 15, 16, 17, 18, 19, 20]
[KOPPEN DEBUG] First 20 code_to_label: [(1, 'Af'), (2, 'Am'), (3, 'Aw'), (4, 'BWh'), (5, 'BWk'), (6, 'BSh'), (7, 'BSk'), (8, 'Csa'), (9, 'Csb'), (10, 'Csc'), (11, 'Cwa'), (12, 'Cwb'), (13, 'Cwc'), (14, 'Cfa'), (15, 'Cfb'), (16, 'Cfc'), (17, 'Dsa'), (18, 'Dsb'), (19, 'Dsc'), (20, 'Dsd')]

[KOPPEN DEBUG] KoppenGeigerLookup initialized
[KOPPEN DEBUG] koppen_tif_path: /tmp/koppen.tif
[KOPPEN DEBUG] tif exists: True
[KOPPEN DEBUG] legend_path: /s/chopin/e/proj/hyperspec/masfiq/dataset/koppen_geiger_tif/legend.txt
[KOPPEN DEBUG] legend exists: True
[KOPPEN DEBUG] real class count: 30
[KOPPEN DEBUG] unknown_index: 30
[KOPPEN DEBUG] num_classes: 31
Sample x_img: torch.Size([12, 3, 3]) in_channels= 12
Sample gh_idx: torch.Size([7]) geohash_precision= 7
Sample x_aux: torch.Size([33]) aux_dim= 33
Sample y: 3.3321456909179688
Epoch 001 | Train MSE 1.3549 MAE 0.9250 | Val MSE 0.9034 MAE 0.7727
Epoch 002 | Train MSE 0.9432 MAE 0.7851 | Val MSE 0.8108 MAE 0.7232
Epoch 003 | Train MSE 0.8785 MAE 0.7568 | Val MSE 0.7841 MAE 0.7105
Epoch 004 | Train MSE 0.8559 MAE 0.7473 | Val MSE 0.7483 MAE 0.6932
Epoch 005 | Train MSE 0.8361 MAE 0.7371 | Val MSE 0.7781 MAE 0.6973
Epoch 006 | Train MSE 0.8266 MAE 0.7324 | Val MSE 0.7389 MAE 0.6890
Epoch 007 | Train MSE 0.8177 MAE 0.7292 | Val MSE 0.7345 MAE 0.6789
Epoch 008 | Train MSE 0.8101 MAE 0.7243 | Val MSE 0.7347 MAE 0.6888
Epoch 009 | Train MSE 0.7998 MAE 0.7196 | Val MSE 0.7171 MAE 0.6779
Epoch 010 | Train MSE 0.7926 MAE 0.7153 | Val MSE 0.7068 MAE 0.6729
Epoch 011 | Train MSE 0.7844 MAE 0.7119 | Val MSE 0.7171 MAE 0.6753
Epoch 012 | Train MSE 0.7814 MAE 0.7099 | Val MSE 0.7272 MAE 0.6754
Epoch 013 | Train MSE 0.7731 MAE 0.7058 | Val MSE 0.7083 MAE 0.6630
Epoch 014 | Train MSE 0.7679 MAE 0.7025 | Val MSE 0.7013 MAE 0.6624
Epoch 015 | Train MSE 0.7643 MAE 0.7000 | Val MSE 0.6954 MAE 0.6555
Epoch 016 | Train MSE 0.7556 MAE 0.6966 | Val MSE 0.6945 MAE 0.6585
Epoch 017 | Train MSE 0.7512 MAE 0.6935 | Val MSE 0.6802 MAE 0.6529
Epoch 018 | Train MSE 0.7485 MAE 0.6917 | Val MSE 0.6894 MAE 0.6538
Epoch 019 | Train MSE 0.7445 MAE 0.6894 | Val MSE 0.6856 MAE 0.6586
Epoch 020 | Train MSE 0.7391 MAE 0.6871 | Val MSE 0.6803 MAE 0.6488
Epoch 021 | Train MSE 0.7351 MAE 0.6850 | Val MSE 0.6684 MAE 0.6480
Epoch 022 | Train MSE 0.7333 MAE 0.6839 | Val MSE 0.6786 MAE 0.6467
Epoch 023 | Train MSE 0.7272 MAE 0.6806 | Val MSE 0.6946 MAE 0.6569
Epoch 024 | Train MSE 0.7233 MAE 0.6783 | Val MSE 0.6608 MAE 0.6410
Epoch 025 | Train MSE 0.7197 MAE 0.6760 | Val MSE 0.6647 MAE 0.6398
Epoch 026 | Train MSE 0.7141 MAE 0.6737 | Val MSE 0.6525 MAE 0.6349
Epoch 027 | Train MSE 0.7107 MAE 0.6714 | Val MSE 0.6644 MAE 0.6377
Epoch 028 | Train MSE 0.7090 MAE 0.6704 | Val MSE 0.6495 MAE 0.6332
Epoch 029 | Train MSE 0.7047 MAE 0.6687 | Val MSE 0.6501 MAE 0.6387
Epoch 030 | Train MSE 0.6997 MAE 0.6660 | Val MSE 0.6587 MAE 0.6352
Epoch 031 | Train MSE 0.6981 MAE 0.6645 | Val MSE 0.6427 MAE 0.6352
Epoch 032 | Train MSE 0.6969 MAE 0.6641 | Val MSE 0.6458 MAE 0.6324
Epoch 033 | Train MSE 0.6932 MAE 0.6622 | Val MSE 0.6366 MAE 0.6299
Epoch 034 | Train MSE 0.6909 MAE 0.6610 | Val MSE 0.6497 MAE 0.6376
Epoch 035 | Train MSE 0.6882 MAE 0.6600 | Val MSE 0.6396 MAE 0.6301
Epoch 036 | Train MSE 0.6857 MAE 0.6577 | Val MSE 0.6428 MAE 0.6283
Epoch 037 | Train MSE 0.6825 MAE 0.6563 | Val MSE 0.6317 MAE 0.6275
Epoch 038 | Train MSE 0.6812 MAE 0.6549 | Val MSE 0.6497 MAE 0.6341
Epoch 039 | Train MSE 0.6784 MAE 0.6543 | Val MSE 0.6351 MAE 0.6233
Epoch 040 | Train MSE 0.6763 MAE 0.6528 | Val MSE 0.6324 MAE 0.6224
Epoch 041 | Train MSE 0.6730 MAE 0.6510 | Val MSE 0.6297 MAE 0.6221
Epoch 042 | Train MSE 0.6715 MAE 0.6497 | Val MSE 0.6271 MAE 0.6222
Epoch 043 | Train MSE 0.6702 MAE 0.6490 | Val MSE 0.6293 MAE 0.6217
Epoch 044 | Train MSE 0.6682 MAE 0.6479 | Val MSE 0.6243 MAE 0.6194
Epoch 045 | Train MSE 0.6647 MAE 0.6459 | Val MSE 0.6211 MAE 0.6176
Epoch 046 | Train MSE 0.6642 MAE 0.6458 | Val MSE 0.6236 MAE 0.6204
Epoch 047 | Train MSE 0.6620 MAE 0.6450 | Val MSE 0.6322 MAE 0.6257
Epoch 048 | Train MSE 0.6616 MAE 0.6440 | Val MSE 0.6310 MAE 0.6246
Epoch 049 | Train MSE 0.6600 MAE 0.6427 | Val MSE 0.6227 MAE 0.6184
Epoch 050 | Train MSE 0.6585 MAE 0.6421 | Val MSE 0.6218 MAE 0.6193
Epoch 051 | Train MSE 0.6567 MAE 0.6415 | Val MSE 0.6115 MAE 0.6158
Epoch 052 | Train MSE 0.6540 MAE 0.6393 | Val MSE 0.6153 MAE 0.6160
Epoch 053 | Train MSE 0.6511 MAE 0.6381 | Val MSE 0.6267 MAE 0.6213
Epoch 054 | Train MSE 0.6526 MAE 0.6383 | Val MSE 0.6206 MAE 0.6191
Epoch 055 | Train MSE 0.6498 MAE 0.6374 | Val MSE 0.6201 MAE 0.6151
Epoch 056 | Train MSE 0.6463 MAE 0.6355 | Val MSE 0.6179 MAE 0.6153
Epoch 057 | Train MSE 0.6466 MAE 0.6358 | Val MSE 0.6226 MAE 0.6204
Epoch 058 | Train MSE 0.6455 MAE 0.6345 | Val MSE 0.6094 MAE 0.6165
Epoch 059 | Train MSE 0.6434 MAE 0.6342 | Val MSE 0.6289 MAE 0.6209
Epoch 060 | Train MSE 0.6423 MAE 0.6330 | Val MSE 0.6080 MAE 0.6118
Epoch 061 | Train MSE 0.6408 MAE 0.6323 | Val MSE 0.6073 MAE 0.6115
Epoch 062 | Train MSE 0.6394 MAE 0.6313 | Val MSE 0.6173 MAE 0.6141
Epoch 063 | Train MSE 0.6388 MAE 0.6302 | Val MSE 0.6033 MAE 0.6077
Epoch 064 | Train MSE 0.6390 MAE 0.6309 | Val MSE 0.6125 MAE 0.6173
Epoch 065 | Train MSE 0.6356 MAE 0.6289 | Val MSE 0.6135 MAE 0.6106
Epoch 066 | Train MSE 0.6343 MAE 0.6283 | Val MSE 0.6068 MAE 0.6117
Epoch 067 | Train MSE 0.6342 MAE 0.6280 | Val MSE 0.6052 MAE 0.6118
Epoch 068 | Train MSE 0.6323 MAE 0.6269 | Val MSE 0.6104 MAE 0.6134
Epoch 069 | Train MSE 0.6327 MAE 0.6266 | Val MSE 0.6045 MAE 0.6068
Epoch 070 | Train MSE 0.6311 MAE 0.6265 | Val MSE 0.6085 MAE 0.6156
Epoch 071 | Train MSE 0.6292 MAE 0.6255 | Val MSE 0.6001 MAE 0.6062
Epoch 072 | Train MSE 0.6291 MAE 0.6247 | Val MSE 0.6170 MAE 0.6142
Epoch 073 | Train MSE 0.6271 MAE 0.6241 | Val MSE 0.6002 MAE 0.6057
Epoch 074 | Train MSE 0.6272 MAE 0.6238 | Val MSE 0.6081 MAE 0.6109
Epoch 075 | Train MSE 0.6251 MAE 0.6223 | Val MSE 0.6029 MAE 0.6120
Epoch 076 | Train MSE 0.6242 MAE 0.6222 | Val MSE 0.5994 MAE 0.6082
Epoch 077 | Train MSE 0.6245 MAE 0.6224 | Val MSE 0.5980 MAE 0.6078
Epoch 078 | Train MSE 0.6226 MAE 0.6214 | Val MSE 0.6011 MAE 0.6062
Epoch 079 | Train MSE 0.6234 MAE 0.6214 | Val MSE 0.5984 MAE 0.6043
Epoch 080 | Train MSE 0.6214 MAE 0.6198 | Val MSE 0.6007 MAE 0.6085
Epoch 081 | Train MSE 0.6208 MAE 0.6205 | Val MSE 0.6275 MAE 0.6223
Epoch 082 | Train MSE 0.6190 MAE 0.6191 | Val MSE 0.5974 MAE 0.6060
Epoch 083 | Train MSE 0.6182 MAE 0.6191 | Val MSE 0.5966 MAE 0.6057
Epoch 084 | Train MSE 0.6163 MAE 0.6175 | Val MSE 0.6021 MAE 0.6119
Epoch 085 | Train MSE 0.6170 MAE 0.6185 | Val MSE 0.5933 MAE 0.6039
Epoch 086 | Train MSE 0.6150 MAE 0.6166 | Val MSE 0.5957 MAE 0.6020
Epoch 087 | Train MSE 0.6153 MAE 0.6173 | Val MSE 0.6015 MAE 0.6044
Epoch 088 | Train MSE 0.6141 MAE 0.6162 | Val MSE 0.5995 MAE 0.6050
Epoch 089 | Train MSE 0.6147 MAE 0.6168 | Val MSE 0.5987 MAE 0.6037
Epoch 090 | Train MSE 0.6136 MAE 0.6159 | Val MSE 0.5964 MAE 0.6076
Epoch 091 | Train MSE 0.6114 MAE 0.6146 | Val MSE 0.5930 MAE 0.6045
Epoch 092 | Train MSE 0.6102 MAE 0.6142 | Val MSE 0.5908 MAE 0.5998
Epoch 093 | Train MSE 0.6107 MAE 0.6143 | Val MSE 0.5947 MAE 0.6028
Epoch 094 | Train MSE 0.6094 MAE 0.6141 | Val MSE 0.5984 MAE 0.6065
Epoch 095 | Train MSE 0.6088 MAE 0.6133 | Val MSE 0.5922 MAE 0.5998
Epoch 096 | Train MSE 0.6095 MAE 0.6135 | Val MSE 0.5926 MAE 0.6030
Epoch 097 | Train MSE 0.6065 MAE 0.6119 | Val MSE 0.5948 MAE 0.6048
Epoch 098 | Train MSE 0.6082 MAE 0.6128 | Val MSE 0.5958 MAE 0.6056
Epoch 099 | Train MSE 0.6073 MAE 0.6122 | Val MSE 0.5912 MAE 0.6025
Epoch 100 | Train MSE 0.6047 MAE 0.6109 | Val MSE 0.5898 MAE 0.6005
Saved: /s/chopin/e/proj/hyperspec/masfiq/models/tinyPixelViT_fusion_geohash_month_koppen_version_3_California_North_10_2021.pth
