Mon Sep 28 14:00:00 2026       
+-----------------------------------------------------------------------------------------+
| NVIDIA-SMI 580.126.18             Driver Version: 580.126.18     CUDA Version: 13.0     |
+-----------------------------------------+------------------------+----------------------+
| GPU  Name                 Persistence-M | Bus-Id          Disp.A | Volatile Uncorr. ECC |
| Fan  Temp   Perf          Pwr:Usage/Cap |           Memory-Usage | GPU-Util  Compute M. |
|                                         |                        |               MIG M. |
|=========================================+========================+======================|
|   0  NVIDIA A100-SXM4-80GB          Off |   00000000:C1:00.0 Off |                    0 |
| N/A   25C    P0             58W /  500W |      14MiB /  81920MiB |      0%      Default |
|                                         |                        |             Disabled |
+-----------------------------------------+------------------------+----------------------+

+-----------------------------------------------------------------------------------------+
| Processes:                                                                              |
|  GPU   GI   CI              PID   Type   Process name                        GPU Memory |
|        ID   ID                                                               Usage      |
|=========================================================================================|
|    0   N/A  N/A            6137      G   /usr/libexec/Xorg                         4MiB |
+-----------------------------------------------------------------------------------------+
Device: cuda
[MEM] startup: use=0.4G peak=0.4G limit=n/a anon=0.4G file=0.0G slab=0.0G

[KOPPEN DEBUG] Loading legend from: /s/chopin/e/proj/hyperspec/masfiq/dataset/koppen_geiger_tif/legend.txt
[KOPPEN DEBUG] Legend exists: True
[KOPPEN DEBUG] Parsed legend class count: 30
[KOPPEN DEBUG] First 20 parsed codes: [1, 2, 3, 4, 5, 6, 7, 8, 9, 10, 11, 12, 13, 14, 15, 16, 17, 18, 19, 20]
[KOPPEN DEBUG] First 20 code_to_label: [(1, 'Af'), (2, 'Am'), (3, 'Aw'), (4, 'BWh'), (5, 'BWk'), (6, 'BSh'), (7, 'BSk'), (8, 'Csa'), (9, 'Csb'), (10, 'Csc'), (11, 'Cwa'), (12, 'Cwb'), (13, 'Cwc'), (14, 'Cfa'), (15, 'Cfb'), (16, 'Cfc'), (17, 'Dsa'), (18, 'Dsb'), (19, 'Dsc'), (20, 'Dsd')]
Gridmet dir added 

[GRIDMET] loaded subset cube (6, 365, 36, 125) (39.4 MB) lat 41.025..42.483 lon -124.683..-119.517
DEM path added

[WINSOR] p99.5 of agbd_sqrt over 122,972 training rows = 20.7214 (= 429.4 Mg/ha); 615 training shots clipped (0.50%)
[WINSOR] validation labels are NOT clipped
[LOADER] train workers=6 val workers=3 persistent=False prefetch=2
Sample x_img: torch.Size([13, 5, 5]) in_channels= 13
Sample gh_idx: torch.Size([7]) geohash_precision= 7
Sample x_aux: torch.Size([60]) aux_dim= 60
Sample y: 2.800732374191284
[MEM] end epoch 001: use=1.6G peak=3.1G limit=n/a anon=1.3G file=0.3G slab=0.0G
Epoch 001 | Train Huber 4.1339 MAE 2.6107 | Val Huber 3.5210 MAE 2.3164 | LR 1.00e-04
  New best model (epoch 001, Val Huber 3.5210), saved to /s/chopin/e/proj/hyperspec/masfiq/models/tinyUnet_version_15_fusion_geohash_month_koppen_withAttentionLayer_SARlog_DEM_sqrt_NLCDfrac_delta2p5_winsor995_version_8_California_North_10_2021_best.pth
[MEM] end epoch 002: use=1.6G peak=3.2G limit=n/a anon=1.3G file=0.3G slab=0.0G
Epoch 002 | Train Huber 3.4909 MAE 2.3229 | Val Huber 3.3795 MAE 2.2754 | LR 1.00e-04
  New best model (epoch 002, Val Huber 3.3795), saved to /s/chopin/e/proj/hyperspec/masfiq/models/tinyUnet_version_15_fusion_geohash_month_koppen_withAttentionLayer_SARlog_DEM_sqrt_NLCDfrac_delta2p5_winsor995_version_8_California_North_10_2021_best.pth
[MEM] end epoch 003: use=1.6G peak=3.2G limit=n/a anon=1.3G file=0.3G slab=0.0G
Epoch 003 | Train Huber 3.4467 MAE 2.2996 | Val Huber 3.3404 MAE 2.2470 | LR 1.00e-04
  New best model (epoch 003, Val Huber 3.3404), saved to /s/chopin/e/proj/hyperspec/masfiq/models/tinyUnet_version_15_fusion_geohash_month_koppen_withAttentionLayer_SARlog_DEM_sqrt_NLCDfrac_delta2p5_winsor995_version_8_California_North_10_2021_best.pth
[MEM] end epoch 004: use=1.6G peak=3.2G limit=n/a anon=1.3G file=0.3G slab=0.0G
Epoch 004 | Train Huber 3.4004 MAE 2.2755 | Val Huber 3.2974 MAE 2.2287 | LR 1.00e-04
  New best model (epoch 004, Val Huber 3.2974), saved to /s/chopin/e/proj/hyperspec/masfiq/models/tinyUnet_version_15_fusion_geohash_month_koppen_withAttentionLayer_SARlog_DEM_sqrt_NLCDfrac_delta2p5_winsor995_version_8_California_North_10_2021_best.pth
[MEM] end epoch 005: use=1.6G peak=3.2G limit=n/a anon=1.3G file=0.3G slab=0.0G
Epoch 005 | Train Huber 3.3683 MAE 2.2591 | Val Huber 3.2849 MAE 2.2163 | LR 1.00e-04
  New best model (epoch 005, Val Huber 3.2849), saved to /s/chopin/e/proj/hyperspec/masfiq/models/tinyUnet_version_15_fusion_geohash_month_koppen_withAttentionLayer_SARlog_DEM_sqrt_NLCDfrac_delta2p5_winsor995_version_8_California_North_10_2021_best.pth
[MEM] end epoch 006: use=1.6G peak=3.2G limit=n/a anon=1.3G file=0.3G slab=0.0G
Epoch 006 | Train Huber 3.3319 MAE 2.2418 | Val Huber 3.3571 MAE 2.2311 | LR 1.00e-04
[MEM] end epoch 007: use=1.6G peak=3.3G limit=n/a anon=1.3G file=0.3G slab=0.0G
Epoch 007 | Train Huber 3.3139 MAE 2.2331 | Val Huber 3.2143 MAE 2.1942 | LR 1.00e-04
  New best model (epoch 007, Val Huber 3.2143), saved to /s/chopin/e/proj/hyperspec/masfiq/models/tinyUnet_version_15_fusion_geohash_month_koppen_withAttentionLayer_SARlog_DEM_sqrt_NLCDfrac_delta2p5_winsor995_version_8_California_North_10_2021_best.pth
[MEM] end epoch 008: use=1.6G peak=3.3G limit=n/a anon=1.3G file=0.3G slab=0.0G
Epoch 008 | Train Huber 3.2810 MAE 2.2174 | Val Huber 3.2216 MAE 2.1975 | LR 1.00e-04
[MEM] end epoch 009: use=1.6G peak=3.3G limit=n/a anon=1.3G file=0.3G slab=0.0G
Epoch 009 | Train Huber 3.2614 MAE 2.2078 | Val Huber 3.2177 MAE 2.1809 | LR 1.00e-04
[MEM] end epoch 010: use=1.6G peak=3.3G limit=n/a anon=1.3G file=0.3G slab=0.0G
Epoch 010 | Train Huber 3.2486 MAE 2.2007 | Val Huber 3.1891 MAE 2.1647 | LR 1.00e-04
  New best model (epoch 010, Val Huber 3.1891), saved to /s/chopin/e/proj/hyperspec/masfiq/models/tinyUnet_version_15_fusion_geohash_month_koppen_withAttentionLayer_SARlog_DEM_sqrt_NLCDfrac_delta2p5_winsor995_version_8_California_North_10_2021_best.pth
[MEM] end epoch 011: use=1.6G peak=3.3G limit=n/a anon=1.3G file=0.3G slab=0.0G
Epoch 011 | Train Huber 3.2252 MAE 2.1891 | Val Huber 3.1693 MAE 2.1583 | LR 1.00e-04
  New best model (epoch 011, Val Huber 3.1693), saved to /s/chopin/e/proj/hyperspec/masfiq/models/tinyUnet_version_15_fusion_geohash_month_koppen_withAttentionLayer_SARlog_DEM_sqrt_NLCDfrac_delta2p5_winsor995_version_8_California_North_10_2021_best.pth
[MEM] end epoch 012: use=1.6G peak=3.3G limit=n/a anon=1.3G file=0.3G slab=0.0G
Epoch 012 | Train Huber 3.2117 MAE 2.1837 | Val Huber 3.1533 MAE 2.1589 | LR 1.00e-04
  New best model (epoch 012, Val Huber 3.1533), saved to /s/chopin/e/proj/hyperspec/masfiq/models/tinyUnet_version_15_fusion_geohash_month_koppen_withAttentionLayer_SARlog_DEM_sqrt_NLCDfrac_delta2p5_winsor995_version_8_California_North_10_2021_best.pth
[MEM] end epoch 013: use=1.6G peak=3.3G limit=n/a anon=1.3G file=0.3G slab=0.0G
Epoch 013 | Train Huber 3.1931 MAE 2.1738 | Val Huber 3.1577 MAE 2.1604 | LR 1.00e-04
[MEM] end epoch 014: use=1.6G peak=3.3G limit=n/a anon=1.3G file=0.3G slab=0.0G
Epoch 014 | Train Huber 3.1783 MAE 2.1667 | Val Huber 3.1406 MAE 2.1424 | LR 1.00e-04
  New best model (epoch 014, Val Huber 3.1406), saved to /s/chopin/e/proj/hyperspec/masfiq/models/tinyUnet_version_15_fusion_geohash_month_koppen_withAttentionLayer_SARlog_DEM_sqrt_NLCDfrac_delta2p5_winsor995_version_8_California_North_10_2021_best.pth
