Mon Sep 28 12:08:39 2026       
+-----------------------------------------------------------------------------------------+
| NVIDIA-SMI 580.126.18             Driver Version: 580.126.18     CUDA Version: 13.0     |
+-----------------------------------------+------------------------+----------------------+
| GPU  Name                 Persistence-M | Bus-Id          Disp.A | Volatile Uncorr. ECC |
| Fan  Temp   Perf          Pwr:Usage/Cap |           Memory-Usage | GPU-Util  Compute M. |
|                                         |                        |               MIG M. |
|=========================================+========================+======================|
|   0  NVIDIA A100-SXM4-80GB          Off |   00000000:41:00.0 Off |                    0 |
| N/A   23C    P0             54W /  500W |      14MiB /  81920MiB |      0%      Default |
|                                         |                        |             Disabled |
+-----------------------------------------+------------------------+----------------------+

+-----------------------------------------------------------------------------------------+
| Processes:                                                                              |
|  GPU   GI   CI              PID   Type   Process name                        GPU Memory |
|        ID   ID                                                               Usage      |
|=========================================================================================|
|    0   N/A  N/A          126757      G   /usr/libexec/Xorg                         4MiB |
+-----------------------------------------------------------------------------------------+
Device: cuda
[MEM] startup: use=0.4G peak=0.4G limit=n/a anon=0.4G file=0.1G slab=0.0G

[KOPPEN DEBUG] Loading legend from: /s/chopin/e/proj/hyperspec/masfiq/dataset/koppen_geiger_tif/legend.txt
[KOPPEN DEBUG] Legend exists: True
[KOPPEN DEBUG] Parsed legend class count: 30
[KOPPEN DEBUG] First 20 parsed codes: [1, 2, 3, 4, 5, 6, 7, 8, 9, 10, 11, 12, 13, 14, 15, 16, 17, 18, 19, 20]
[KOPPEN DEBUG] First 20 code_to_label: [(1, 'Af'), (2, 'Am'), (3, 'Aw'), (4, 'BWh'), (5, 'BWk'), (6, 'BSh'), (7, 'BSk'), (8, 'Csa'), (9, 'Csb'), (10, 'Csc'), (11, 'Cwa'), (12, 'Cwb'), (13, 'Cwc'), (14, 'Cfa'), (15, 'Cfb'), (16, 'Cfc'), (17, 'Dsa'), (18, 'Dsb'), (19, 'Dsc'), (20, 'Dsd')]
Gridmet dir added 

[GRIDMET] loaded subset cube (6, 365, 36, 125) (39.4 MB) lat 41.025..42.483 lon -124.683..-119.517
DEM path added

[LOADER] train workers=4 val workers=2 persistent=False prefetch=2
Sample x_img: torch.Size([13, 5, 5]) in_channels= 13
Sample gh_idx: torch.Size([7]) geohash_precision= 7
Sample x_aux: torch.Size([60]) aux_dim= 60
Sample y: 2.800732374191284
[MEM] end epoch 001: use=2.3G peak=3.2G limit=n/a anon=1.3G file=1.0G slab=0.0G
Epoch 001 | Train Huber 4.1549 MAE 2.6189 | Val Huber 3.4331 MAE 2.2928 | LR 1.00e-04
  New best model (epoch 001, Val Huber 3.4331), saved to /s/chopin/e/proj/hyperspec/masfiq/models/tinyUnet_version_13_fusion_geohash_month_koppen_withAttentionLayer_SAR_DEM_sqrt_NLCDfrac_delta2p5_version_8_California_North_10_2021_best.pth
[MEM] end epoch 002: use=2.4G peak=3.5G limit=n/a anon=1.4G file=1.0G slab=0.0G
Epoch 002 | Train Huber 3.5100 MAE 2.3306 | Val Huber 3.3939 MAE 2.2665 | LR 1.00e-04
  New best model (epoch 002, Val Huber 3.3939), saved to /s/chopin/e/proj/hyperspec/masfiq/models/tinyUnet_version_13_fusion_geohash_month_koppen_withAttentionLayer_SAR_DEM_sqrt_NLCDfrac_delta2p5_version_8_California_North_10_2021_best.pth
[MEM] end epoch 003: use=2.4G peak=3.5G limit=n/a anon=1.4G file=1.0G slab=0.0G
Epoch 003 | Train Huber 3.4586 MAE 2.3029 | Val Huber 3.3514 MAE 2.2703 | LR 1.00e-04
  New best model (epoch 003, Val Huber 3.3514), saved to /s/chopin/e/proj/hyperspec/masfiq/models/tinyUnet_version_13_fusion_geohash_month_koppen_withAttentionLayer_SAR_DEM_sqrt_NLCDfrac_delta2p5_version_8_California_North_10_2021_best.pth
[MEM] end epoch 004: use=2.4G peak=3.5G limit=n/a anon=1.4G file=1.0G slab=0.0G
Epoch 004 | Train Huber 3.4175 MAE 2.2833 | Val Huber 3.3158 MAE 2.2464 | LR 1.00e-04
  New best model (epoch 004, Val Huber 3.3158), saved to /s/chopin/e/proj/hyperspec/masfiq/models/tinyUnet_version_13_fusion_geohash_month_koppen_withAttentionLayer_SAR_DEM_sqrt_NLCDfrac_delta2p5_version_8_California_North_10_2021_best.pth
