Mon Sep 21 13:20:24 2026       
+-----------------------------------------------------------------------------------------+
| NVIDIA-SMI 580.126.18             Driver Version: 580.126.18     CUDA Version: 13.0     |
+-----------------------------------------+------------------------+----------------------+
| GPU  Name                 Persistence-M | Bus-Id          Disp.A | Volatile Uncorr. ECC |
| Fan  Temp   Perf          Pwr:Usage/Cap |           Memory-Usage | GPU-Util  Compute M. |
|                                         |                        |               MIG M. |
|=========================================+========================+======================|
|   0  NVIDIA A100-SXM4-80GB          Off |   00000000:01:00.0 Off |                   On |
| N/A   26C    P0             60W /  500W |     500MiB /  81920MiB |     N/A      Default |
|                                         |                        |              Enabled |
+-----------------------------------------+------------------------+----------------------+

+-----------------------------------------------------------------------------------------+
| MIG devices:                                                                            |
+------------------+----------------------------------+-----------+-----------------------+
| GPU  GI  CI  MIG |              Shared Memory-Usage |        Vol|        Shared         |
|      ID  ID  Dev |                Shared BAR1-Usage | SM     Unc| CE ENC  DEC  OFA  JPG |
|                  |                                  |        ECC|                       |
|==================+==================================+===========+=======================|
|  0    2   0   0  |             107MiB / 40192MiB    | 42      0 |  3   0    2    0    0 |
|                  |               0MiB / 24543MiB    |           |                       |
+------------------+----------------------------------+-----------+-----------------------+

+-----------------------------------------------------------------------------------------+
| Processes:                                                                              |
|  GPU   GI   CI              PID   Type   Process name                        GPU Memory |
|        ID   ID                                                               Usage      |
|=========================================================================================|
|  No running processes found                                                             |
+-----------------------------------------------------------------------------------------+
Device: cuda
[MEM] startup: use=0.4G peak=0.4G limit=n/a anon=0.4G file=0.0G slab=0.0G

[KOPPEN DEBUG] Loading legend from: /s/chopin/e/proj/hyperspec/masfiq/dataset/koppen_geiger_tif/legend.txt
[KOPPEN DEBUG] Legend exists: True
[KOPPEN DEBUG] Parsed legend class count: 30
[KOPPEN DEBUG] First 20 parsed codes: [1, 2, 3, 4, 5, 6, 7, 8, 9, 10, 11, 12, 13, 14, 15, 16, 17, 18, 19, 20]
[KOPPEN DEBUG] First 20 code_to_label: [(1, 'Af'), (2, 'Am'), (3, 'Aw'), (4, 'BWh'), (5, 'BWk'), (6, 'BSh'), (7, 'BSk'), (8, 'Csa'), (9, 'Csb'), (10, 'Csc'), (11, 'Cwa'), (12, 'Cwb'), (13, 'Cwc'), (14, 'Cfa'), (15, 'Cfb'), (16, 'Cfc'), (17, 'Dsa'), (18, 'Dsb'), (19, 'Dsc'), (20, 'Dsd')]
Gridmet dir added 

[GRIDMET] loaded subset cube (6, 365, 36, 125) (39.4 MB) lat 41.025..42.483 lon -124.683..-119.517
DEM path added

[LOADER] train workers=4 val workers=2 persistent=False prefetch=2
Sample x_img: torch.Size([28, 5, 5]) in_channels= 28
Sample gh_idx: torch.Size([7]) geohash_precision= 7
Sample x_aux: torch.Size([43]) aux_dim= 43
Sample y: 2.800732374191284
[MEM] end epoch 001: use=1.5G peak=2.5G limit=n/a anon=1.3G file=0.2G slab=0.0G
Epoch 001 | Train Huber 5.5148 MAE 2.5956 | Val Huber 4.3773 MAE 2.2815 | LR 1.00e-04
  New best model (epoch 001, Val Huber 4.3773), saved to /s/chopin/e/proj/hyperspec/masfiq/models/tinyUnet_version_10_fusion_geohash_month_koppen_withAttentionLayer_noSAR_DEM_sqrt_NLCDonehot_version_8_California_North_10_2021_best.pth
[MEM] end epoch 002: use=1.5G peak=2.6G limit=n/a anon=1.3G file=0.2G slab=0.0G
Epoch 002 | Train Huber 4.4878 MAE 2.3094 | Val Huber 4.2708 MAE 2.2313 | LR 1.00e-04
  New best model (epoch 002, Val Huber 4.2708), saved to /s/chopin/e/proj/hyperspec/masfiq/models/tinyUnet_version_10_fusion_geohash_month_koppen_withAttentionLayer_noSAR_DEM_sqrt_NLCDonehot_version_8_California_North_10_2021_best.pth
[MEM] end epoch 003: use=1.5G peak=2.6G limit=n/a anon=1.3G file=0.2G slab=0.0G
Epoch 003 | Train Huber 4.4058 MAE 2.2795 | Val Huber 4.2205 MAE 2.2133 | LR 1.00e-04
  New best model (epoch 003, Val Huber 4.2205), saved to /s/chopin/e/proj/hyperspec/masfiq/models/tinyUnet_version_10_fusion_geohash_month_koppen_withAttentionLayer_noSAR_DEM_sqrt_NLCDonehot_version_8_California_North_10_2021_best.pth
[MEM] end epoch 004: use=1.5G peak=2.6G limit=n/a anon=1.3G file=0.2G slab=0.0G
Epoch 004 | Train Huber 4.3482 MAE 2.2575 | Val Huber 4.1927 MAE 2.2012 | LR 1.00e-04
  New best model (epoch 004, Val Huber 4.1927), saved to /s/chopin/e/proj/hyperspec/masfiq/models/tinyUnet_version_10_fusion_geohash_month_koppen_withAttentionLayer_noSAR_DEM_sqrt_NLCDonehot_version_8_California_North_10_2021_best.pth
[MEM] end epoch 005: use=1.5G peak=2.6G limit=n/a anon=1.3G file=0.2G slab=0.0G
Epoch 005 | Train Huber 4.3125 MAE 2.2436 | Val Huber 4.1692 MAE 2.2312 | LR 1.00e-04
  New best model (epoch 005, Val Huber 4.1692), saved to /s/chopin/e/proj/hyperspec/masfiq/models/tinyUnet_version_10_fusion_geohash_month_koppen_withAttentionLayer_noSAR_DEM_sqrt_NLCDonehot_version_8_California_North_10_2021_best.pth
[MEM] end epoch 006: use=1.5G peak=2.6G limit=n/a anon=1.3G file=0.2G slab=0.0G
Epoch 006 | Train Huber 4.2751 MAE 2.2330 | Val Huber 4.1449 MAE 2.2050 | LR 1.00e-04
  New best model (epoch 006, Val Huber 4.1449), saved to /s/chopin/e/proj/hyperspec/masfiq/models/tinyUnet_version_10_fusion_geohash_month_koppen_withAttentionLayer_noSAR_DEM_sqrt_NLCDonehot_version_8_California_North_10_2021_best.pth
[MEM] end epoch 007: use=1.5G peak=2.6G limit=n/a anon=1.3G file=0.2G slab=0.0G
Epoch 007 | Train Huber 4.2459 MAE 2.2226 | Val Huber 4.1467 MAE 2.1733 | LR 1.00e-04
[MEM] end epoch 008: use=1.5G peak=2.6G limit=n/a anon=1.3G file=0.2G slab=0.0G
Epoch 008 | Train Huber 4.2075 MAE 2.2077 | Val Huber 4.1305 MAE 2.2168 | LR 1.00e-04
  New best model (epoch 008, Val Huber 4.1305), saved to /s/chopin/e/proj/hyperspec/masfiq/models/tinyUnet_version_10_fusion_geohash_month_koppen_withAttentionLayer_noSAR_DEM_sqrt_NLCDonehot_version_8_California_North_10_2021_best.pth
[MEM] end epoch 009: use=1.5G peak=2.6G limit=n/a anon=1.3G file=0.2G slab=0.0G
Epoch 009 | Train Huber 4.1867 MAE 2.2020 | Val Huber 4.1137 MAE 2.1922 | LR 1.00e-04
  New best model (epoch 009, Val Huber 4.1137), saved to /s/chopin/e/proj/hyperspec/masfiq/models/tinyUnet_version_10_fusion_geohash_month_koppen_withAttentionLayer_noSAR_DEM_sqrt_NLCDonehot_version_8_California_North_10_2021_best.pth
[MEM] end epoch 010: use=1.5G peak=2.6G limit=n/a anon=1.3G file=0.2G slab=0.0G
Epoch 010 | Train Huber 4.1546 MAE 2.1912 | Val Huber 4.0811 MAE 2.1563 | LR 1.00e-04
  New best model (epoch 010, Val Huber 4.0811), saved to /s/chopin/e/proj/hyperspec/masfiq/models/tinyUnet_version_10_fusion_geohash_month_koppen_withAttentionLayer_noSAR_DEM_sqrt_NLCDonehot_version_8_California_North_10_2021_best.pth
[MEM] end epoch 011: use=1.5G peak=2.6G limit=n/a anon=1.3G file=0.2G slab=0.0G
Epoch 011 | Train Huber 4.1246 MAE 2.1817 | Val Huber 4.0588 MAE 2.1821 | LR 1.00e-04
  New best model (epoch 011, Val Huber 4.0588), saved to /s/chopin/e/proj/hyperspec/masfiq/models/tinyUnet_version_10_fusion_geohash_month_koppen_withAttentionLayer_noSAR_DEM_sqrt_NLCDonehot_version_8_California_North_10_2021_best.pth
[MEM] end epoch 012: use=1.5G peak=2.6G limit=n/a anon=1.3G file=0.2G slab=0.0G
Epoch 012 | Train Huber 4.1061 MAE 2.1741 | Val Huber 4.0692 MAE 2.2063 | LR 1.00e-04
[MEM] end epoch 013: use=1.5G peak=2.6G limit=n/a anon=1.3G file=0.2G slab=0.0G
Epoch 013 | Train Huber 4.0814 MAE 2.1668 | Val Huber 4.0573 MAE 2.1368 | LR 1.00e-04
  New best model (epoch 013, Val Huber 4.0573), saved to /s/chopin/e/proj/hyperspec/masfiq/models/tinyUnet_version_10_fusion_geohash_month_koppen_withAttentionLayer_noSAR_DEM_sqrt_NLCDonehot_version_8_California_North_10_2021_best.pth
[MEM] end epoch 014: use=1.5G peak=2.6G limit=n/a anon=1.3G file=0.2G slab=0.0G
Epoch 014 | Train Huber 4.0533 MAE 2.1578 | Val Huber 4.0283 MAE 2.1724 | LR 1.00e-04
  New best model (epoch 014, Val Huber 4.0283), saved to /s/chopin/e/proj/hyperspec/masfiq/models/tinyUnet_version_10_fusion_geohash_month_koppen_withAttentionLayer_noSAR_DEM_sqrt_NLCDonehot_version_8_California_North_10_2021_best.pth
[MEM] end epoch 015: use=1.5G peak=2.6G limit=n/a anon=1.3G file=0.2G slab=0.0G
Epoch 015 | Train Huber 4.0308 MAE 2.1512 | Val Huber 3.9862 MAE 2.1589 | LR 1.00e-04
  New best model (epoch 015, Val Huber 3.9862), saved to /s/chopin/e/proj/hyperspec/masfiq/models/tinyUnet_version_10_fusion_geohash_month_koppen_withAttentionLayer_noSAR_DEM_sqrt_NLCDonehot_version_8_California_North_10_2021_best.pth
[MEM] end epoch 016: use=1.5G peak=2.6G limit=n/a anon=1.3G file=0.2G slab=0.0G
Epoch 016 | Train Huber 4.0014 MAE 2.1418 | Val Huber 3.9867 MAE 2.1612 | LR 1.00e-04
[MEM] end epoch 017: use=1.5G peak=2.6G limit=n/a anon=1.3G file=0.2G slab=0.0G
Epoch 017 | Train Huber 3.9805 MAE 2.1350 | Val Huber 3.9806 MAE 2.1313 | LR 1.00e-04
  New best model (epoch 017, Val Huber 3.9806), saved to /s/chopin/e/proj/hyperspec/masfiq/models/tinyUnet_version_10_fusion_geohash_month_koppen_withAttentionLayer_noSAR_DEM_sqrt_NLCDonehot_version_8_California_North_10_2021_best.pth
[MEM] end epoch 018: use=1.5G peak=2.7G limit=n/a anon=1.3G file=0.2G slab=0.0G
Epoch 018 | Train Huber 3.9637 MAE 2.1292 | Val Huber 3.9777 MAE 2.1221 | LR 1.00e-04
  New best model (epoch 018, Val Huber 3.9777), saved to /s/chopin/e/proj/hyperspec/masfiq/models/tinyUnet_version_10_fusion_geohash_month_koppen_withAttentionLayer_noSAR_DEM_sqrt_NLCDonehot_version_8_California_North_10_2021_best.pth
[MEM] end epoch 019: use=1.5G peak=2.7G limit=n/a anon=1.3G file=0.2G slab=0.0G
Epoch 019 | Train Huber 3.9455 MAE 2.1228 | Val Huber 3.9436 MAE 2.1178 | LR 1.00e-04
  New best model (epoch 019, Val Huber 3.9436), saved to /s/chopin/e/proj/hyperspec/masfiq/models/tinyUnet_version_10_fusion_geohash_month_koppen_withAttentionLayer_noSAR_DEM_sqrt_NLCDonehot_version_8_California_North_10_2021_best.pth
[MEM] end epoch 020: use=1.5G peak=2.7G limit=n/a anon=1.3G file=0.2G slab=0.0G
Epoch 020 | Train Huber 3.9227 MAE 2.1147 | Val Huber 3.9694 MAE 2.1242 | LR 1.00e-04
[MEM] end epoch 021: use=1.5G peak=2.7G limit=n/a anon=1.3G file=0.2G slab=0.0G
Epoch 021 | Train Huber 3.8813 MAE 2.1026 | Val Huber 4.0419 MAE 2.1340 | LR 1.00e-04
[MEM] end epoch 022: use=1.5G peak=2.7G limit=n/a anon=1.3G file=0.2G slab=0.0G
Epoch 022 | Train Huber 3.8690 MAE 2.0996 | Val Huber 3.9440 MAE 2.1181 | LR 1.00e-04
[MEM] end epoch 023: use=1.5G peak=2.7G limit=n/a anon=1.3G file=0.2G slab=0.0G
Epoch 023 | Train Huber 3.8375 MAE 2.0884 | Val Huber 3.9446 MAE 2.1159 | LR 1.00e-04
[MEM] end epoch 024: use=1.5G peak=2.7G limit=n/a anon=1.3G file=0.2G slab=0.0G
Epoch 024 | Train Huber 3.8217 MAE 2.0823 | Val Huber 3.9300 MAE 2.1235 | LR 1.00e-04
  New best model (epoch 024, Val Huber 3.9300), saved to /s/chopin/e/proj/hyperspec/masfiq/models/tinyUnet_version_10_fusion_geohash_month_koppen_withAttentionLayer_noSAR_DEM_sqrt_NLCDonehot_version_8_California_North_10_2021_best.pth
[MEM] end epoch 025: use=1.5G peak=2.7G limit=n/a anon=1.3G file=0.2G slab=0.0G
Epoch 025 | Train Huber 3.7940 MAE 2.0734 | Val Huber 3.9525 MAE 2.1164 | LR 1.00e-04
[MEM] end epoch 026: use=1.5G peak=2.7G limit=n/a anon=1.3G file=0.2G slab=0.0G
Epoch 026 | Train Huber 3.7648 MAE 2.0647 | Val Huber 3.9634 MAE 2.1288 | LR 1.00e-04
[MEM] end epoch 027: use=1.5G peak=2.7G limit=n/a anon=1.3G file=0.2G slab=0.0G
Epoch 027 | Train Huber 3.7392 MAE 2.0546 | Val Huber 3.9789 MAE 2.1245 | LR 1.00e-04
[MEM] end epoch 028: use=1.5G peak=2.7G limit=n/a anon=1.3G file=0.2G slab=0.0G
Epoch 028 | Train Huber 3.7070 MAE 2.0450 | Val Huber 3.9560 MAE 2.1243 | LR 1.00e-04
[MEM] end epoch 029: use=1.5G peak=2.7G limit=n/a anon=1.3G file=0.2G slab=0.0G
Epoch 029 | Train Huber 3.6734 MAE 2.0344 | Val Huber 4.0900 MAE 2.2026 | LR 1.00e-04
[MEM] end epoch 030: use=1.5G peak=2.7G limit=n/a anon=1.3G file=0.2G slab=0.0G
Epoch 030 | Train Huber 3.6589 MAE 2.0296 | Val Huber 3.9525 MAE 2.1141 | LR 5.00e-05
[MEM] end epoch 031: use=1.5G peak=2.7G limit=n/a anon=1.3G file=0.2G slab=0.0G
Epoch 031 | Train Huber 3.5506 MAE 1.9915 | Val Huber 3.9481 MAE 2.1301 | LR 5.00e-05
[MEM] end epoch 032: use=1.5G peak=2.7G limit=n/a anon=1.3G file=0.2G slab=0.0G
Epoch 032 | Train Huber 3.5118 MAE 1.9769 | Val Huber 4.0220 MAE 2.1467 | LR 5.00e-05
[MEM] end epoch 033: use=1.5G peak=2.7G limit=n/a anon=1.3G file=0.2G slab=0.0G
Epoch 033 | Train Huber 3.4833 MAE 1.9687 | Val Huber 3.9922 MAE 2.1307 | LR 5.00e-05
[MEM] end epoch 034: use=1.5G peak=2.7G limit=n/a anon=1.3G file=0.2G slab=0.0G
Epoch 034 | Train Huber 3.4614 MAE 1.9628 | Val Huber 3.9593 MAE 2.1148 | LR 5.00e-05
[MEM] end epoch 035: use=1.5G peak=2.7G limit=n/a anon=1.3G file=0.2G slab=0.0G
Epoch 035 | Train Huber 3.4377 MAE 1.9533 | Val Huber 4.0059 MAE 2.1234 | LR 5.00e-05
[MEM] end epoch 036: use=1.5G peak=2.7G limit=n/a anon=1.3G file=0.2G slab=0.0G
Epoch 036 | Train Huber 3.4162 MAE 1.9466 | Val Huber 4.0298 MAE 2.1279 | LR 2.50e-05
[MEM] end epoch 037: use=1.5G peak=2.7G limit=n/a anon=1.3G file=0.2G slab=0.0G
Epoch 037 | Train Huber 3.3382 MAE 1.9164 | Val Huber 4.0200 MAE 2.1424 | LR 2.50e-05
[MEM] end epoch 038: use=1.5G peak=2.7G limit=n/a anon=1.3G file=0.2G slab=0.0G
Epoch 038 | Train Huber 3.3109 MAE 1.9076 | Val Huber 4.0330 MAE 2.1422 | LR 2.50e-05
[MEM] end epoch 039: use=1.5G peak=2.7G limit=n/a anon=1.3G file=0.2G slab=0.0G
Epoch 039 | Train Huber 3.3107 MAE 1.9071 | Val Huber 4.0045 MAE 2.1369 | LR 2.50e-05
[MEM] end epoch 040: use=1.5G peak=2.7G limit=n/a anon=1.3G file=0.2G slab=0.0G
Epoch 040 | Train Huber 3.2846 MAE 1.8985 | Val Huber 4.0649 MAE 2.1511 | LR 2.50e-05
[MEM] end epoch 041: use=1.5G peak=2.7G limit=n/a anon=1.3G file=0.2G slab=0.0G
Epoch 041 | Train Huber 3.2600 MAE 1.8895 | Val Huber 4.0565 MAE 2.1395 | LR 2.50e-05
[MEM] end epoch 042: use=1.5G peak=2.7G limit=n/a anon=1.3G file=0.2G slab=0.0G
Epoch 042 | Train Huber 3.2615 MAE 1.8911 | Val Huber 4.0423 MAE 2.1504 | LR 1.25e-05
[MEM] end epoch 043: use=1.5G peak=2.7G limit=n/a anon=1.3G file=0.2G slab=0.0G
Epoch 043 | Train Huber 3.2099 MAE 1.8701 | Val Huber 4.0901 MAE 2.1612 | LR 1.25e-05
[MEM] end epoch 044: use=1.5G peak=2.7G limit=n/a anon=1.3G file=0.2G slab=0.0G
Epoch 044 | Train Huber 3.2039 MAE 1.8667 | Val Huber 4.0808 MAE 2.1539 | LR 1.25e-05
[MEM] end epoch 045: use=1.5G peak=2.7G limit=n/a anon=1.3G file=0.2G slab=0.0G
Epoch 045 | Train Huber 3.1894 MAE 1.8633 | Val Huber 4.0771 MAE 2.1483 | LR 1.25e-05
[MEM] end epoch 046: use=1.5G peak=2.7G limit=n/a anon=1.3G file=0.2G slab=0.0G
Epoch 046 | Train Huber 3.1838 MAE 1.8607 | Val Huber 4.0772 MAE 2.1532 | LR 1.25e-05
[MEM] end epoch 047: use=1.5G peak=2.7G limit=n/a anon=1.3G file=0.2G slab=0.0G
Epoch 047 | Train Huber 3.1655 MAE 1.8531 | Val Huber 4.0916 MAE 2.1547 | LR 1.25e-05
[MEM] end epoch 048: use=1.5G peak=2.7G limit=n/a anon=1.3G file=0.2G slab=0.0G
Epoch 048 | Train Huber 3.1724 MAE 1.8561 | Val Huber 4.1132 MAE 2.1635 | LR 6.25e-06
[MEM] end epoch 049: use=1.5G peak=2.7G limit=n/a anon=1.3G file=0.2G slab=0.0G
Epoch 049 | Train Huber 3.1470 MAE 1.8458 | Val Huber 4.1155 MAE 2.1621 | LR 6.25e-06
[MEM] end epoch 050: use=1.5G peak=2.7G limit=n/a anon=1.3G file=0.2G slab=0.0G
Epoch 050 | Train Huber 3.1349 MAE 1.8418 | Val Huber 4.1078 MAE 2.1617 | LR 6.25e-06
[MEM] end epoch 051: use=1.5G peak=2.7G limit=n/a anon=1.3G file=0.2G slab=0.0G
Epoch 051 | Train Huber 3.1313 MAE 1.8402 | Val Huber 4.1053 MAE 2.1574 | LR 6.25e-06
[MEM] end epoch 052: use=1.5G peak=2.7G limit=n/a anon=1.3G file=0.2G slab=0.0G
Epoch 052 | Train Huber 3.1385 MAE 1.8425 | Val Huber 4.1187 MAE 2.1582 | LR 6.25e-06
[MEM] end epoch 053: use=1.5G peak=2.7G limit=n/a anon=1.3G file=0.2G slab=0.0G
Epoch 053 | Train Huber 3.1197 MAE 1.8357 | Val Huber 4.1033 MAE 2.1552 | LR 6.25e-06
[MEM] end epoch 054: use=1.5G peak=2.7G limit=n/a anon=1.3G file=0.2G slab=0.0G
Epoch 054 | Train Huber 3.1225 MAE 1.8356 | Val Huber 4.1084 MAE 2.1618 | LR 3.13e-06
[MEM] end epoch 055: use=1.5G peak=2.7G limit=n/a anon=1.3G file=0.2G slab=0.0G
Epoch 055 | Train Huber 3.0974 MAE 1.8275 | Val Huber 4.1355 MAE 2.1730 | LR 3.13e-06
[MEM] end epoch 056: use=1.5G peak=2.7G limit=n/a anon=1.3G file=0.2G slab=0.0G
Epoch 056 | Train Huber 3.1013 MAE 1.8278 | Val Huber 4.1203 MAE 2.1623 | LR 3.13e-06
[MEM] end epoch 057: use=1.5G peak=2.7G limit=n/a anon=1.3G file=0.2G slab=0.0G
Epoch 057 | Train Huber 3.0969 MAE 1.8265 | Val Huber 4.1338 MAE 2.1695 | LR 3.13e-06
[MEM] end epoch 058: use=1.5G peak=2.7G limit=n/a anon=1.3G file=0.2G slab=0.0G
Epoch 058 | Train Huber 3.0904 MAE 1.8248 | Val Huber 4.1374 MAE 2.1672 | LR 3.13e-06
[MEM] end epoch 059: use=1.5G peak=2.7G limit=n/a anon=1.3G file=0.2G slab=0.0G
Epoch 059 | Train Huber 3.0881 MAE 1.8232 | Val Huber 4.1314 MAE 2.1679 | LR 3.13e-06
[MEM] end epoch 060: use=1.5G peak=2.7G limit=n/a anon=1.3G file=0.2G slab=0.0G
Epoch 060 | Train Huber 3.0919 MAE 1.8247 | Val Huber 4.1378 MAE 2.1666 | LR 1.56e-06
[MEM] end epoch 061: use=1.5G peak=2.7G limit=n/a anon=1.3G file=0.2G slab=0.0G
Epoch 061 | Train Huber 3.0852 MAE 1.8212 | Val Huber 4.1456 MAE 2.1729 | LR 1.56e-06
[MEM] end epoch 062: use=1.5G peak=2.7G limit=n/a anon=1.3G file=0.2G slab=0.0G
Epoch 062 | Train Huber 3.0794 MAE 1.8208 | Val Huber 4.1381 MAE 2.1698 | LR 1.56e-06
[MEM] end epoch 063: use=1.5G peak=2.7G limit=n/a anon=1.3G file=0.2G slab=0.0G
Epoch 063 | Train Huber 3.0818 MAE 1.8221 | Val Huber 4.1428 MAE 2.1713 | LR 1.56e-06
[MEM] end epoch 064: use=1.5G peak=2.7G limit=n/a anon=1.3G file=0.2G slab=0.0G
Epoch 064 | Train Huber 3.0824 MAE 1.8219 | Val Huber 4.1405 MAE 2.1662 | LR 1.56e-06
[MEM] end epoch 065: use=1.5G peak=2.7G limit=n/a anon=1.3G file=0.2G slab=0.0G
Epoch 065 | Train Huber 3.0832 MAE 1.8211 | Val Huber 4.1431 MAE 2.1672 | LR 1.56e-06
[MEM] end epoch 066: use=1.5G peak=2.7G limit=n/a anon=1.3G file=0.2G slab=0.0G
Epoch 066 | Train Huber 3.0731 MAE 1.8179 | Val Huber 4.1423 MAE 2.1678 | LR 7.81e-07
[MEM] end epoch 067: use=1.5G peak=2.7G limit=n/a anon=1.3G file=0.2G slab=0.0G
Epoch 067 | Train Huber 3.0772 MAE 1.8187 | Val Huber 4.1417 MAE 2.1703 | LR 7.81e-07
[MEM] end epoch 068: use=1.5G peak=2.7G limit=n/a anon=1.3G file=0.2G slab=0.0G
Epoch 068 | Train Huber 3.0725 MAE 1.8169 | Val Huber 4.1411 MAE 2.1687 | LR 7.81e-07
[MEM] end epoch 069: use=1.5G peak=2.7G limit=n/a anon=1.3G file=0.2G slab=0.0G
Epoch 069 | Train Huber 3.0727 MAE 1.8168 | Val Huber 4.1431 MAE 2.1690 | LR 7.81e-07
[MEM] end epoch 070: use=1.5G peak=2.7G limit=n/a anon=1.3G file=0.2G slab=0.0G
Epoch 070 | Train Huber 3.0709 MAE 1.8171 | Val Huber 4.1442 MAE 2.1696 | LR 7.81e-07
[MEM] end epoch 071: use=1.5G peak=2.7G limit=n/a anon=1.3G file=0.2G slab=0.0G
Epoch 071 | Train Huber 3.0735 MAE 1.8173 | Val Huber 4.1510 MAE 2.1733 | LR 7.81e-07
[MEM] end epoch 072: use=1.5G peak=2.7G limit=n/a anon=1.3G file=0.2G slab=0.0G
Epoch 072 | Train Huber 3.0696 MAE 1.8154 | Val Huber 4.1491 MAE 2.1722 | LR 3.91e-07
[MEM] end epoch 073: use=1.5G peak=2.7G limit=n/a anon=1.3G file=0.2G slab=0.0G
Epoch 073 | Train Huber 3.0655 MAE 1.8150 | Val Huber 4.1506 MAE 2.1721 | LR 3.91e-07
[MEM] end epoch 074: use=1.5G peak=2.7G limit=n/a anon=1.3G file=0.2G slab=0.0G
Epoch 074 | Train Huber 3.0660 MAE 1.8159 | Val Huber 4.1470 MAE 2.1704 | LR 3.91e-07
[MEM] end epoch 075: use=1.5G peak=2.7G limit=n/a anon=1.3G file=0.2G slab=0.0G
Epoch 075 | Train Huber 3.0767 MAE 1.8180 | Val Huber 4.1437 MAE 2.1697 | LR 3.91e-07
[MEM] end epoch 076: use=1.5G peak=2.7G limit=n/a anon=1.3G file=0.2G slab=0.0G
Epoch 076 | Train Huber 3.0748 MAE 1.8181 | Val Huber 4.1473 MAE 2.1702 | LR 3.91e-07
[MEM] end epoch 077: use=1.5G peak=2.7G limit=n/a anon=1.3G file=0.2G slab=0.0G
Epoch 077 | Train Huber 3.0726 MAE 1.8169 | Val Huber 4.1455 MAE 2.1698 | LR 3.91e-07
[MEM] end epoch 078: use=1.5G peak=2.7G limit=n/a anon=1.3G file=0.2G slab=0.0G
Epoch 078 | Train Huber 3.0671 MAE 1.8138 | Val Huber 4.1466 MAE 2.1704 | LR 1.95e-07
[MEM] end epoch 079: use=1.5G peak=2.7G limit=n/a anon=1.3G file=0.2G slab=0.0G
Epoch 079 | Train Huber 3.0636 MAE 1.8137 | Val Huber 4.1504 MAE 2.1722 | LR 1.95e-07
[MEM] end epoch 080: use=1.5G peak=2.7G limit=n/a anon=1.3G file=0.2G slab=0.0G
Epoch 080 | Train Huber 3.0581 MAE 1.8129 | Val Huber 4.1489 MAE 2.1714 | LR 1.95e-07
[MEM] end epoch 081: use=1.5G peak=2.7G limit=n/a anon=1.3G file=0.2G slab=0.0G
Epoch 081 | Train Huber 3.0636 MAE 1.8135 | Val Huber 4.1488 MAE 2.1708 | LR 1.95e-07
[MEM] end epoch 082: use=1.5G peak=2.7G limit=n/a anon=1.3G file=0.2G slab=0.0G
Epoch 082 | Train Huber 3.0635 MAE 1.8142 | Val Huber 4.1476 MAE 2.1708 | LR 1.95e-07
[MEM] end epoch 083: use=1.5G peak=2.7G limit=n/a anon=1.3G file=0.2G slab=0.0G
Epoch 083 | Train Huber 3.0594 MAE 1.8128 | Val Huber 4.1494 MAE 2.1716 | LR 1.95e-07
[MEM] end epoch 084: use=1.5G peak=2.7G limit=n/a anon=1.3G file=0.2G slab=0.0G
Epoch 084 | Train Huber 3.0624 MAE 1.8140 | Val Huber 4.1499 MAE 2.1716 | LR 9.77e-08
[MEM] end epoch 085: use=1.5G peak=2.7G limit=n/a anon=1.3G file=0.2G slab=0.0G
Epoch 085 | Train Huber 3.0690 MAE 1.8150 | Val Huber 4.1493 MAE 2.1713 | LR 9.77e-08
[MEM] end epoch 086: use=1.5G peak=2.7G limit=n/a anon=1.3G file=0.2G slab=0.0G
Epoch 086 | Train Huber 3.0647 MAE 1.8132 | Val Huber 4.1502 MAE 2.1719 | LR 9.77e-08
[MEM] end epoch 087: use=1.5G peak=2.7G limit=n/a anon=1.3G file=0.2G slab=0.0G
Epoch 087 | Train Huber 3.0713 MAE 1.8154 | Val Huber 4.1496 MAE 2.1712 | LR 9.77e-08
[MEM] end epoch 088: use=1.5G peak=2.7G limit=n/a anon=1.3G file=0.2G slab=0.0G
Epoch 088 | Train Huber 3.0626 MAE 1.8132 | Val Huber 4.1479 MAE 2.1705 | LR 9.77e-08
[MEM] end epoch 089: use=1.5G peak=2.7G limit=n/a anon=1.3G file=0.2G slab=0.0G
Epoch 089 | Train Huber 3.0672 MAE 1.8126 | Val Huber 4.1497 MAE 2.1716 | LR 9.77e-08
[MEM] end epoch 090: use=1.5G peak=2.7G limit=n/a anon=1.3G file=0.2G slab=0.0G
Epoch 090 | Train Huber 3.0656 MAE 1.8153 | Val Huber 4.1486 MAE 2.1712 | LR 4.88e-08
[MEM] end epoch 091: use=1.5G peak=2.7G limit=n/a anon=1.3G file=0.2G slab=0.0G
Epoch 091 | Train Huber 3.0688 MAE 1.8162 | Val Huber 4.1496 MAE 2.1716 | LR 4.88e-08
[MEM] end epoch 092: use=1.5G peak=2.7G limit=n/a anon=1.3G file=0.2G slab=0.0G
Epoch 092 | Train Huber 3.0596 MAE 1.8127 | Val Huber 4.1492 MAE 2.1714 | LR 4.88e-08
[MEM] end epoch 093: use=1.5G peak=2.7G limit=n/a anon=1.3G file=0.2G slab=0.0G
Epoch 093 | Train Huber 3.0673 MAE 1.8157 | Val Huber 4.1495 MAE 2.1714 | LR 4.88e-08
[MEM] end epoch 094: use=1.5G peak=2.7G limit=n/a anon=1.3G file=0.2G slab=0.0G
Epoch 094 | Train Huber 3.0588 MAE 1.8123 | Val Huber 4.1495 MAE 2.1714 | LR 4.88e-08
[MEM] end epoch 095: use=1.5G peak=2.7G limit=n/a anon=1.3G file=0.2G slab=0.0G
Epoch 095 | Train Huber 3.0705 MAE 1.8146 | Val Huber 4.1495 MAE 2.1713 | LR 4.88e-08
[MEM] end epoch 096: use=1.5G peak=2.7G limit=n/a anon=1.3G file=0.2G slab=0.0G
Epoch 096 | Train Huber 3.0598 MAE 1.8129 | Val Huber 4.1491 MAE 2.1711 | LR 2.44e-08
[MEM] end epoch 097: use=1.5G peak=2.7G limit=n/a anon=1.3G file=0.2G slab=0.0G
Epoch 097 | Train Huber 3.0644 MAE 1.8140 | Val Huber 4.1494 MAE 2.1713 | LR 2.44e-08
[MEM] end epoch 098: use=1.5G peak=2.7G limit=n/a anon=1.3G file=0.2G slab=0.0G
Epoch 098 | Train Huber 3.0611 MAE 1.8122 | Val Huber 4.1494 MAE 2.1713 | LR 2.44e-08
[MEM] end epoch 099: use=1.5G peak=2.7G limit=n/a anon=1.3G file=0.2G slab=0.0G
Epoch 099 | Train Huber 3.0683 MAE 1.8146 | Val Huber 4.1495 MAE 2.1713 | LR 2.44e-08
[MEM] end epoch 100: use=1.5G peak=2.7G limit=n/a anon=1.3G file=0.2G slab=0.0G
Epoch 100 | Train Huber 3.0704 MAE 1.8163 | Val Huber 4.1493 MAE 2.1713 | LR 2.44e-08
Best epoch: 024 (Val Huber 3.9300) -> /s/chopin/e/proj/hyperspec/masfiq/models/tinyUnet_version_10_fusion_geohash_month_koppen_withAttentionLayer_noSAR_DEM_sqrt_NLCDonehot_version_8_California_North_10_2021_best.pth
Saved: /s/chopin/e/proj/hyperspec/masfiq/models/tinyUnet_version_10_fusion_geohash_month_koppen_withAttentionLayer_noSAR_DEM_sqrt_NLCDonehot_version_8_California_North_10_2021.pth
